Archive member included to satisfy reference by file (symbol)

build/cooja/mtype167.a(simEnvChange.o)
                              build/cooja/mtype167.o (simDontFallAsleep)
build/cooja/mtype167.a(cooja_mt.o)
                              build/cooja/mtype167.o (cooja_mt_start)
build/cooja/mtype167.a(cooja_mtarch.o)
                              build/cooja/mtype167.a(cooja_mt.o) (cooja_mtarch_start)
build/cooja/mtype167.a(rtimer-arch.o)
                              build/cooja/mtype167.o (rtimer_arch_check)
build/cooja/mtype167.a(beep.o)
                              build/cooja/mtype167.o (beep_interface)
build/cooja/mtype167.a(leds-arch.o)
                              build/cooja/mtype167.o (leds_interface)
build/cooja/mtype167.a(moteid.o)
                              build/cooja/mtype167.o (moteid_interface)
build/cooja/mtype167.a(pir-sensor.o)
                              build/cooja/mtype167.o (pir_interface)
build/cooja/mtype167.a(rs232.o)
                              build/cooja/mtype167.o (rs232_interface)
build/cooja/mtype167.a(vib-sensor.o)
                              build/cooja/mtype167.o (vib_interface)
build/cooja/mtype167.a(clock.o)
                              build/cooja/mtype167.o (clock_interface)
build/cooja/mtype167.a(cooja-log.o)
                              build/cooja/mtype167.o (simlog_interface)
build/cooja/mtype167.a(cfs-cooja.o)
                              build/cooja/mtype167.o (cfs_interface)
build/cooja/mtype167.a(cooja-radio.o)
                              build/cooja/mtype167.o (radio_interface)
build/cooja/mtype167.a(eeprom.o)
                              build/cooja/mtype167.o (eeprom_interface)
build/cooja/mtype167.a(random.o)
                              build/cooja/mtype167.a(moteid.o) (random_init)
build/cooja/mtype167.a(sensors.o)
                              build/cooja/mtype167.a(pir-sensor.o) (sensors_changed)
build/cooja/mtype167.a(leds.o)
                              mqtt-client.o (leds_on)
build/cooja/mtype167.a(gpio-hal-arch.o)
                              build/cooja/mtype167.a(leds-arch.o) (gpio_hal_arch_register_pin_callback)
build/cooja/mtype167.a(buttons.o)
                              build/cooja/mtype167.o (button_interface)
build/cooja/mtype167.a(mqtt.o)
                              mqtt-client.o (mqtt_register)
build/cooja/mtype167.a(contiki-main.o)
                              build/cooja/mtype167.o (main)
build/cooja/mtype167.a(autostart.o)
                              build/cooja/mtype167.a(contiki-main.o) (autostart_start)
build/cooja/mtype167.a(ctimer.o)
                              build/cooja/mtype167.a(contiki-main.o) (ctimer_init)
build/cooja/mtype167.a(log.o)
                              build/cooja/mtype167.a(contiki-main.o) (curr_log_level_main)
build/cooja/mtype167.a(energest.o)
                              build/cooja/mtype167.a(contiki-main.o) (energest_init)
build/cooja/mtype167.a(etimer.o)
                              build/cooja/mtype167.a(contiki-main.o) (etimer_process)
build/cooja/mtype167.a(node-id.o)
                              mqtt-client.o (node_id)
build/cooja/mtype167.a(rtimer.o)
                              build/cooja/mtype167.a(contiki-main.o) (rtimer_init)
build/cooja/mtype167.a(process.o)
                              build/cooja/mtype167.a(mqtt.o) (process_current)
build/cooja/mtype167.a(timer.o)
                              build/cooja/mtype167.a(mqtt.o) (timer_set)
build/cooja/mtype167.a(list.o)
                              build/cooja/mtype167.a(mqtt.o) (list_init)
build/cooja/mtype167.a(button-hal.o)
                              build/cooja/mtype167.o (button_hal_init)
build/cooja/mtype167.a(serial-line.o)
                              build/cooja/mtype167.a(rs232.o) (serial_line_input_byte)
build/cooja/mtype167.a(gpio-hal.o)
                              build/cooja/mtype167.a(button-hal.o) (gpio_hal_register_handler)
build/cooja/mtype167.a(queuebuf.o)
                              build/cooja/mtype167.a(contiki-main.o) (queuebuf_init)
build/cooja/mtype167.a(packetbuf.o)
                              build/cooja/mtype167.a(cooja-radio.o) (packetbuf_clear)
build/cooja/mtype167.a(netstack.o)
                              build/cooja/mtype167.a(contiki-main.o) (netstack_init)
build/cooja/mtype167.a(linkaddr.o)
                              mqtt-client.o (linkaddr_node_addr)
build/cooja/mtype167.a(csma.o)
                              build/cooja/mtype167.a(cooja-radio.o) (csma_driver)
build/cooja/mtype167.a(csma-output.o)
                              build/cooja/mtype167.a(csma.o) (csma_output_packet)
build/cooja/mtype167.a(uip-ds6.o)
                              build/cooja/mtype167.a(contiki-main.o) (uip_ds6_get_link_local)
build/cooja/mtype167.a(tcp-socket.o)
                              build/cooja/mtype167.a(mqtt.o) (tcp_socket_register)
build/cooja/mtype167.a(uip-ds6-route.o)
                              build/cooja/mtype167.a(uip-ds6.o) (uip_ds6_route_init)
[...]
Memory Configuration

Name             Origin             Length             Attributes
*default*        0x0000000000000000 0xffffffffffffffff

Linker script and memory map

LOAD /usr/lib/gcc/i686-linux-gnu/7/../../../i386-linux-gnu/crti.o
LOAD /usr/lib/gcc/i686-linux-gnu/7/crtbeginS.o
LOAD mqtt-client.o
LOAD build/cooja/mtype167.o
LOAD build/cooja/mtype167.a
LOAD /usr/lib/gcc/i686-linux-gnu/7/libgcc.a
LOAD /usr/lib/gcc/i686-linux-gnu/7/libgcc_s.so
START GROUP
LOAD /usr/lib/gcc/i686-linux-gnu/7/libgcc_s.so.1
LOAD /usr/lib/gcc/i686-linux-gnu/7/libgcc.a
END GROUP
LOAD /usr/lib/gcc/i686-linux-gnu/7/../../../i386-linux-gnu/libc.so
START GROUP
LOAD /lib/i386-linux-gnu/libc.so.6
LOAD /usr/lib/i386-linux-gnu/libc_nonshared.a
LOAD /lib/i386-linux-gnu/ld-linux.so.2
END GROUP
LOAD /usr/lib/gcc/i686-linux-gnu/7/libgcc.a
LOAD /usr/lib/gcc/i686-linux-gnu/7/libgcc_s.so
START GROUP
LOAD /usr/lib/gcc/i686-linux-gnu/7/libgcc_s.so.1
LOAD /usr/lib/gcc/i686-linux-gnu/7/libgcc.a
END GROUP
LOAD /usr/lib/gcc/i686-linux-gnu/7/crtendS.o
LOAD /usr/lib/gcc/i686-linux-gnu/7/../../../i386-linux-gnu/crtn.o
                0x0000000000000114                . = (SEGMENT_START ("text-segment", 0x0) + SIZEOF_HEADERS)

.note.gnu.build-id
                0x0000000000000114       0x24
 *(.note.gnu.build-id)
 .note.gnu.build-id
                0x0000000000000114       0x24 /usr/lib/gcc/i686-linux-gnu/7/../../../i386-linux-gnu/crti.o

.hash
 *(.hash)

.gnu.hash       0x0000000000000138     0x14b8
 *(.gnu.hash)
 .gnu.hash      0x0000000000000138     0x14b8 /usr/lib/gcc/i686-linux-gnu/7/../../../i386-linux-gnu/crti.o

.dynsym         0x00000000000015f0     0x2b60
 *(.dynsym)
 .dynsym        0x00000000000015f0     0x2b60 /usr/lib/gcc/i686-linux-gnu/7/../../../i386-linux-gnu/crti.o

.dynstr         0x0000000000004150     0x30b9
 *(.dynstr)
 .dynstr        0x0000000000004150     0x30b9 /usr/lib/gcc/i686-linux-gnu/7/../../../i386-linux-gnu/crti.o

.gnu.version    0x000000000000720a      0x56c
 *(.gnu.version)
 .gnu.version   0x000000000000720a      0x56c /usr/lib/gcc/i686-linux-gnu/7/../../../i386-linux-gnu/crti.o

.gnu.version_d  0x0000000000007778        0x0
 *(.gnu.version_d)
 .gnu.version_d
                0x0000000000007778        0x0 /usr/lib/gcc/i686-linux-gnu/7/../../../i386-linux-gnu/crti.o

.gnu.version_r  0x0000000000007778       0x40
 *(.gnu.version_r)
 .gnu.version_r
                0x0000000000007778       0x40 /usr/lib/gcc/i686-linux-gnu/7/../../../i386-linux-gnu/crti.o

.rel.dyn        0x00000000000077b8      0xea0
 *(.rel.init)
 .rel.init      0x00000000000077b8        0x0 /usr/lib/gcc/i686-linux-gnu/7/../../../i386-linux-gnu/crti.o
 *(.rel.text .rel.text.* .rel.gnu.linkonce.t.*)
 .rel.text      0x00000000000077b8      0x588 /usr/lib/gcc/i686-linux-gnu/7/../../../i386-linux-gnu/crti.o
 *(.rel.fini)
 .rel.fini      0x0000000000007d40        0x0 /usr/lib/gcc/i686-linux-gnu/7/../../../i386-linux-gnu/crti.o
 *(.rel.rodata .rel.rodata.* .rel.gnu.linkonce.r.*)
 *(.rel.data.rel.ro .rel.data.rel.ro.* .rel.gnu.linkonce.d.rel.ro.*)
 .rel.data.rel.ro.local
                0x0000000000007d40      0x208 /usr/lib/gcc/i686-linux-gnu/7/../../../i386-linux-gnu/crti.o
 .rel.data.rel.ro
                0x0000000000007f48       0xb0 /usr/lib/gcc/i686-linux-gnu/7/../../../i386-linux-gnu/crti.o
 *(.rel.data .rel.data.* .rel.gnu.linkonce.d.*)
 .rel.data.rel.local
                0x0000000000007ff8      0x318 /usr/lib/gcc/i686-linux-gnu/7/../../../i386-linux-gnu/crti.o
 .rel.data.rel  0x0000000000008310       0x78 /usr/lib/gcc/i686-linux-gnu/7/../../../i386-linux-gnu/crti.o
 *(.rel.tdata .rel.tdata.* .rel.gnu.linkonce.td.*)
 *(.rel.tbss .rel.tbss.* .rel.gnu.linkonce.tb.*)
 *(.rel.ctors)
 *(.rel.dtors)
 *(.rel.got)
 .rel.got       0x0000000000008388      0x2c0 /usr/lib/gcc/i686-linux-gnu/7/../../../i386-linux-gnu/crti.o
 *(.rel.bss .rel.bss.* .rel.gnu.linkonce.b.*)
 *(.rel.ifunc)
 .rel.ifunc     0x0000000000008648        0x0 /usr/lib/gcc/i686-linux-gnu/7/../../../i386-linux-gnu/crti.o
 .rel.fini_array
                0x0000000000008648        0x8 /usr/lib/gcc/i686-linux-gnu/7/../../../i386-linux-gnu/crti.o
 .rel.init_array
                0x0000000000008650        0x8 /usr/lib/gcc/i686-linux-gnu/7/../../../i386-linux-gnu/crti.o

.rel.plt        0x0000000000008658      0xa00
 *(.rel.plt)
 .rel.plt       0x0000000000008658      0xa00 /usr/lib/gcc/i686-linux-gnu/7/../../../i386-linux-gnu/crti.o
 *(.rel.iplt)

.init           0x0000000000009058       0x23
 *(SORT_NONE(.init))
 .init          0x0000000000009058       0x1e /usr/lib/gcc/i686-linux-gnu/7/../../../i386-linux-gnu/crti.o
                0x0000000000009058                _init
 .init          0x0000000000009076        0x5 /usr/lib/gcc/i686-linux-gnu/7/../../../i386-linux-gnu/crtn.o

.plt            0x0000000000009080     0x1410
 *(.plt)
 .plt           0x0000000000009080     0x1410 /usr/lib/gcc/i686-linux-gnu/7/../../../i386-linux-gnu/crti.o
 *(.iplt)

.plt.got        0x000000000000a490       0x18
 *(.plt.got)
 .plt.got       0x000000000000a490       0x18 /usr/lib/gcc/i686-linux-gnu/7/../../../i386-linux-gnu/crti.o

.plt.sec
 *(.plt.sec)

.text           0x000000000000a4b0    0x1e914
 *(.text.unlikely .text.*_unlikely .text.unlikely.*)
 *(.text.exit .text.exit.*)
 *(.text.startup .text.startup.*)
 *(.text.hot .text.hot.*)
 *(.text .stub .text.* .gnu.linkonce.t.*)
 .text          0x000000000000a4b0        0x0 /usr/lib/gcc/i686-linux-gnu/7/../../../i386-linux-gnu/crti.o
 .gnu.linkonce.t.__x86.get_pc_thunk.bx
                0x000000000000a4b0        0x4 /usr/lib/gcc/i686-linux-gnu/7/../../../i386-linux-gnu/crti.o
                0x000000000000a4b0                __x86.get_pc_thunk.bx
 *fill*         0x000000000000a4b4        0xc 
 .text          0x000000000000a4c0       0xe9 /usr/lib/gcc/i686-linux-gnu/7/crtbeginS.o
 .text.__x86.get_pc_thunk.dx
                0x000000000000a5a9        0x4 /usr/lib/gcc/i686-linux-gnu/7/crtbeginS.o
                0x000000000000a5a9                __x86.get_pc_thunk.dx
 .text          0x000000000000a5ad      0x962 mqtt-client.o
 .text          0x000000000000af0f      0x36b build/cooja/mtype167.o
                0x000000000000afc1                platform_init_stage_one
                0x000000000000afe4                platform_init_stage_two
                0x000000000000b007                platform_init_stage_three
                0x000000000000b02a                platform_main_loop
                0x000000000000b0d0                Java_org_contikios_cooja_corecomm_Lib17_init
                0x000000000000b11e                Java_org_contikios_cooja_corecomm_Lib17_getMemory
                0x000000000000b15e                Java_org_contikios_cooja_corecomm_Lib17_setMemory
                0x000000000000b1cf                Java_org_contikios_cooja_corecomm_Lib17_tick
                0x000000000000b259                Java_org_contikios_cooja_corecomm_Lib17_setReferenceAddress
 .text.__x86.get_pc_thunk.ax
                0x000000000000b27a        0x4 build/cooja/mtype167.o
                0x000000000000b27a                __x86.get_pc_thunk.ax
 .text          0x000000000000b27e       0x8d build/cooja/mtype167.a(simEnvChange.o)
                0x000000000000b27e                doActionsBeforeTick
                0x000000000000b2c4                doActionsAfterTick
 .text          0x000000000000b30b       0xb6 build/cooja/mtype167.a(cooja_mt.o)
                0x000000000000b30b                cooja_mt_start
                0x000000000000b345                cooja_mt_exec
                0x000000000000b38c                cooja_mt_yield
 .text          0x000000000000b3c1       0xf2 build/cooja/mtype167.a(cooja_mtarch.o)
                0x000000000000b3c1                cooja_mtarch_start
                0x000000000000b445                cooja_sw
                0x000000000000b473                cooja_mtarch_exec
                0x000000000000b49e                cooja_mtarch_yield
 .text          0x000000000000b4b3      0x127 build/cooja/mtype167.a(rtimer-arch.o)
                0x000000000000b4b3                rtimer_arch_init
                0x000000000000b4e2                rtimer_arch_schedule
                0x000000000000b524                rtimer_arch_next
                0x000000000000b53e                rtimer_arch_pending
                0x000000000000b555                rtimer_arch_check
                0x000000000000b5c0                rtimer_arch_now
 .text.__x86.get_pc_thunk.cx
                0x000000000000b5da        0x4 build/cooja/mtype167.a(rtimer-arch.o)
                0x000000000000b5da                __x86.get_pc_thunk.cx
 .text          0x000000000000b5de      0x101 build/cooja/mtype167.a(beep.o)
                0x000000000000b5de                beep_alarm
                0x000000000000b5f7                beep_beep
                0x000000000000b610                beep
                0x000000000000b629                beep_down
                0x000000000000b642                beep_on
                0x000000000000b65b                beep_off
                0x000000000000b674                beep_spinup
                0x000000000000b68d                beep_quick
                0x000000000000b6a6                beep_long
 .text          0x000000000000b6df       0x9f build/cooja/mtype167.a(leds-arch.o)
                0x000000000000b703                leds_arch_init
 .text          0x000000000000b77e       0x56 build/cooja/mtype167.a(moteid.o)
 .text          0x000000000000b7d4      0x101 build/cooja/mtype167.a(pir-sensor.o)
 .text          0x000000000000b8d5      0x1cc build/cooja/mtype167.a(rs232.o)
                0x000000000000b8d5                rs232_init
                0x000000000000b8e5                rs232_set_speed
                0x000000000000b8fe                rs232_set_input
                0x000000000000b917                rs232_send
                0x000000000000b94d                rs232_print
                0x000000000000b97b                slip_arch_writeb
 .text          0x000000000000baa1      0x101 build/cooja/mtype167.a(vib-sensor.o)
 .text          0x000000000000bba2       0x7a build/cooja/mtype167.a(clock.o)
                0x000000000000bba2                clock_init
                0x000000000000bbb2                clock_time
                0x000000000000bbc9                clock_seconds
                0x000000000000bbec                clock_delay
 .text          0x000000000000bc1c      0x2b5 build/cooja/mtype167.a(cooja-log.o)
                0x000000000000bc1c                simlog_char
                0x000000000000bc80                simlog
                0x000000000000bd1a                log_message
                0x000000000000bd69                log_set_putchar_with_slip
                0x000000000000bd82                log_putchar
                0x000000000000be0d                log_puts
                0x000000000000be3f                log_printf
 .text          0x000000000000bed1      0x36c build/cooja/mtype167.a(cfs-cooja.o)
                0x000000000000bed1                cfs_open
                0x000000000000bf49                cfs_close
                0x000000000000bf60                cfs_read
                0x000000000000c014                cfs_write
                0x000000000000c112                cfs_seek
                0x000000000000c1af                cfs_remove
                0x000000000000c1e5                cfs_opendir
                0x000000000000c1f9                cfs_readdir
                0x000000000000c20d                cfs_closedir
 .text          0x000000000000c23d      0x78b build/cooja/mtype167.a(cooja-radio.o)
                0x000000000000c2ab                radio_set_channel
                0x000000000000c2c4                radio_set_txpower
                0x000000000000c2e7                radio_signal_strength_last
                0x000000000000c2fc                radio_signal_strength_current
                0x000000000000c311                radio_LQI
 .text          0x000000000000c9c8      0x130 build/cooja/mtype167.a(eeprom.o)
                0x000000000000c9c8                eeprom_init
                0x000000000000c9d8                eeprom_read
                0x000000000000ca58                eeprom_write
 .text          0x000000000000caf8       0x4e build/cooja/mtype167.a(random.o)
                0x000000000000caf8                random_init
                0x000000000000cb28                random_rand
 .text          0x000000000000cb46      0x332 build/cooja/mtype167.a(sensors.o)
                0x000000000000cb8d                sensors_first
                0x000000000000cba4                sensors_next
                0x000000000000cbcf                sensors_changed
                0x000000000000cc1c                sensors_find
 .text          0x000000000000ce78      0x3fc build/cooja/mtype167.a(leds.o)
                0x000000000000ce78                leds_init
                0x000000000000ced0                leds_single_on
                0x000000000000cf48                leds_single_off
                0x000000000000cfc0                leds_single_toggle
                0x000000000000d004                leds_on
                0x000000000000d09c                leds_off
                0x000000000000d134                leds_toggle
                0x000000000000d19a                leds_set
                0x000000000000d1d0                leds_get
 .text          0x000000000000d274      0x401 build/cooja/mtype167.a(gpio-hal-arch.o)
                0x000000000000d274                gpio_hal_arch_register_pin_callback
                0x000000000000d2f5                gpio_hal_arch_init
                0x000000000000d34f                gpio_hal_arch_no_port_interrupt_enable
                0x000000000000d389                gpio_hal_arch_no_port_interrupt_disable
                0x000000000000d3c3                gpio_hal_arch_no_port_pin_cfg_set
                0x000000000000d3f2                gpio_hal_arch_no_port_pin_cfg_get
                0x000000000000d422                gpio_hal_arch_no_port_pin_set_input
                0x000000000000d43e                gpio_hal_arch_no_port_pin_set_output
                0x000000000000d45a                gpio_hal_arch_no_port_set_pin
                0x000000000000d485                gpio_hal_arch_no_port_clear_pin
                0x000000000000d4b0                gpio_hal_arch_no_port_read_pin
                0x000000000000d4e2                gpio_hal_arch_no_port_write_pin
                0x000000000000d516                gpio_hal_arch_no_port_set_pins
                0x000000000000d567                gpio_hal_arch_no_port_clear_pins
                0x000000000000d5b8                gpio_hal_arch_no_port_read_pins
                0x000000000000d60b                gpio_hal_arch_no_port_write_pins
 .text          0x000000000000d675       0xc6 build/cooja/mtype167.a(buttons.o)
 .text          0x000000000000d73b     0x3c24 build/cooja/mtype167.a(mqtt.o)
                0x000000000000db66                mqtt_decode_var_byte_int
                0x000000000000dc59                mqtt_encode_var_byte_int
                0x0000000000010c7c                mqtt_init
                0x0000000000010d67                mqtt_register
                0x0000000000010e14                mqtt_connect
                0x0000000000010f58                mqtt_disconnect
                0x0000000000010fa8                mqtt_subscribe
                0x000000000001108c                mqtt_unsubscribe
                0x0000000000011164                mqtt_publish
                0x000000000001126c                mqtt_set_username_password
                0x0000000000011301                mqtt_set_last_will
 .text          0x000000000001135f      0x3c1 build/cooja/mtype167.a(contiki-main.o)
                0x000000000001135f                main
 .text          0x0000000000011720       0xb0 build/cooja/mtype167.a(autostart.o)
                0x0000000000011720                autostart_start
                0x0000000000011779                autostart_exit
 .text          0x00000000000117d0      0x400 build/cooja/mtype167.a(ctimer.o)
                0x0000000000011913                ctimer_init
                0x0000000000011958                ctimer_set
                0x000000000001198b                ctimer_set_with_process
                0x0000000000011a22                ctimer_reset
                0x0000000000011a90                ctimer_restart
                0x0000000000011afe                ctimer_stop
                0x0000000000011b5e                ctimer_expired
 .text          0x0000000000011bd0      0x4a3 build/cooja/mtype167.a(log.o)
                0x0000000000011bd0                log_6addr
                0x0000000000011c34                log_6addr_compact_snprint
                0x0000000000011cf4                log_6addr_compact
                0x0000000000011d58                log_lladdr
                0x0000000000011ddf                log_lladdr_compact
                0x0000000000011e5c                log_bytes
                0x0000000000011eb0                log_set_level
                0x0000000000011f8e                log_get_level
                0x000000000001201f                log_level_to_str
 .text          0x0000000000012073       0x39 build/cooja/mtype167.a(energest.o)
                0x0000000000012073                energest_init
                0x0000000000012083                energest_flush
                0x0000000000012093                energest_get_total_time
 .text          0x00000000000120ac      0x527 build/cooja/mtype167.a(etimer.o)
                0x0000000000012301                etimer_request_poll
                0x00000000000123b2                etimer_set
                0x00000000000123eb                etimer_reset_with_new_interval
                0x000000000001242a                etimer_reset
                0x0000000000012460                etimer_restart
                0x0000000000012496                etimer_adjust
                0x00000000000124bd                etimer_expired
                0x00000000000124da                etimer_expiration_time
                0x00000000000124f6                etimer_start_time
                0x000000000001250a                etimer_pending
                0x0000000000012527                etimer_next_expiration_time
                0x000000000001254f                etimer_stop
 .text          0x00000000000125d3       0x36 build/cooja/mtype167.a(node-id.o)
                0x00000000000125d3                node_id_init
 .text          0x0000000000012609      0x122 build/cooja/mtype167.a(rtimer.o)
                0x0000000000012609                rtimer_init
                0x0000000000012628                rtimer_set
                0x00000000000126b6                rtimer_run_next
 .text          0x000000000001272b      0x5cb build/cooja/mtype167.a(process.o)
                0x000000000001272b                process_alloc_event
                0x000000000001274c                process_start
                0x0000000000012951                process_exit
                0x0000000000012979                process_init
                0x0000000000012b41                process_run
                0x0000000000012b84                process_nevents
                0x0000000000012ba9                process_post
                0x0000000000012c56                process_post_synch
                0x0000000000012c9c                process_poll
                0x0000000000012cd8                process_is_running
 .text.__x86.get_pc_thunk.si
                0x0000000000012cf6        0x4 build/cooja/mtype167.a(process.o)
                0x0000000000012cf6                __x86.get_pc_thunk.si
 .text          0x0000000000012cfa       0xf6 build/cooja/mtype167.a(timer.o)
                0x0000000000012cfa                timer_set
                0x0000000000012d29                timer_reset
                0x0000000000012d60                timer_restart
                0x0000000000012d86                timer_expired
                0x0000000000012dc4                timer_remaining
 .text          0x0000000000012df0      0x311 build/cooja/mtype167.a(list.o)
                0x0000000000012df0                list_init
                0x0000000000012e09                list_head
                0x0000000000012e1d                list_copy
                0x0000000000012e37                list_tail
                0x0000000000012e77                list_add
                0x0000000000012ecd                list_push
                0x0000000000012f03                list_chop
                0x0000000000012f77                list_pop
                0x0000000000012fa9                list_remove
                0x000000000001301b                list_length
                0x0000000000013053                list_insert
                0x00000000000130a2                list_item_next
                0x00000000000130c3                list_contains
 .text          0x0000000000013101      0x566 build/cooja/mtype167.a(button-hal.o)
                0x00000000000132f5                button_hal_get_by_id
                0x000000000001333f                button_hal_get_by_index
                0x0000000000013379                button_hal_get_state
                0x00000000000133db                button_hal_init
 .text          0x0000000000013667      0x242 build/cooja/mtype167.a(serial-line.o)
                0x0000000000013667                serial_line_input_byte
                0x000000000001385f                serial_line_init
 .text          0x00000000000138a9      0x1d6 build/cooja/mtype167.a(gpio-hal.o)
                0x00000000000138a9                gpio_hal_register_handler
                0x00000000000138d7                gpio_hal_event_handler
                0x0000000000013944                gpio_hal_init
                0x0000000000013973                gpio_hal_arch_port_toggle_pin
                0x00000000000139be                gpio_hal_arch_port_toggle_pins
                0x00000000000139fb                gpio_hal_arch_no_port_toggle_pin
                0x0000000000013a48                gpio_hal_arch_no_port_toggle_pins
 .text          0x0000000000013a7f      0x3a9 build/cooja/mtype167.a(queuebuf.o)
                0x0000000000013a93                queuebuf_init
                0x0000000000013acf                queuebuf_numfree
                0x0000000000013af9                queuebuf_new_from_packetbuf
                0x0000000000013bad                queuebuf_update_attr_from_packetbuf
                0x0000000000013bf1                queuebuf_update_from_packetbuf
                0x0000000000013c50                queuebuf_free
                0x0000000000013cae                queuebuf_to_packetbuf
                0x0000000000013d2b                queuebuf_dataptr
                0x0000000000013d77                queuebuf_datalen
                0x0000000000013da4                queuebuf_addr
                0x0000000000013de3                queuebuf_attr
                0x0000000000013e18                queuebuf_debug_print
 .text          0x0000000000013e28      0x4dd build/cooja/mtype167.a(packetbuf.o)
                0x0000000000013e28                packetbuf_clear
                0x0000000000013e5e                packetbuf_copyfrom
                0x0000000000013ebe                packetbuf_copyto
                0x0000000000013f5c                packetbuf_hdralloc
                0x0000000000013fec                packetbuf_hdrreduce
                0x000000000001403e                packetbuf_set_datalen
                0x0000000000014063                packetbuf_dataptr
                0x000000000001408a                packetbuf_hdrptr
                0x000000000001409f                packetbuf_datalen
                0x00000000000140b5                packetbuf_hdrlen
                0x00000000000140d4                packetbuf_totlen
                0x00000000000140f4                packetbuf_remaininglen
                0x0000000000014111                packetbuf_attr_clear
                0x0000000000014177                packetbuf_attr_copyto
                0x00000000000141bd                packetbuf_attr_copyfrom
                0x0000000000014203                packetbuf_set_attr
                0x0000000000014239                packetbuf_attr
                0x000000000001425f                packetbuf_set_addr
                0x00000000000142a7                packetbuf_addr
                0x00000000000142d1                packetbuf_holds_broadcast
 .text          0x0000000000014305      0x13c build/cooja/mtype167.a(netstack.o)
                0x0000000000014305                netstack_process_ip_callback
                0x00000000000143a6                netstack_ip_packet_processor_add
                0x00000000000143da                uip_ds6_ip_packet_processor_rm
                0x0000000000014408                netstack_init
 .text          0x0000000000014441       0x75 build/cooja/mtype167.a(linkaddr.o)
                0x0000000000014441                linkaddr_copy
                0x0000000000014461                linkaddr_cmp
                0x0000000000014494                linkaddr_set_node_addr
 .text          0x00000000000144b6      0x2ae build/cooja/mtype167.a(csma.o)
 .text          0x0000000000014764      0xa6f build/cooja/mtype167.a(csma-output.o)
                0x0000000000014ed6                csma_output_packet
                0x0000000000015185                csma_output_init
 .text          0x00000000000151d3      0xe47 build/cooja/mtype167.a(uip-ds6.o)
                0x00000000000151d3                uip_ds6_default_prefix
                0x00000000000151e8                uip_ds6_set_default_prefix
                0x000000000001521e                uip_ds6_init
                0x00000000000154b9                uip_ds6_periodic
                0x0000000000015561                uip_ds6_list_loop
                0x0000000000015630                uip_ds6_prefix_add
                0x00000000000156f7                uip_ds6_prefix_rm
                0x0000000000015714                uip_ds6_prefix_lookup
                0x0000000000015767                uip_ds6_is_addr_onlink
                0x00000000000157f4                uip_ds6_addr_add
                0x0000000000015936                uip_ds6_addr_rm
                0x00000000000159f5                uip_ds6_addr_lookup
                0x0000000000015a45                uip_ds6_get_link_local
                0x0000000000015ae3                uip_ds6_get_global
                0x0000000000015b81                uip_ds6_maddr_add
                0x0000000000015bfd                uip_ds6_maddr_rm
                0x0000000000015c1a                uip_ds6_maddr_lookup
                0x0000000000015c6d                uip_ds6_aaddr_add
                0x0000000000015ce6                uip_ds6_aaddr_rm
                0x0000000000015d03                uip_ds6_aaddr_lookup
                0x0000000000015d53                uip_ds6_select_src
                0x0000000000015ec1                uip_ds6_set_addr_iid
                0x0000000000015ef6                uip_ds6_set_lladdr_from_iid
                0x0000000000015f29                get_match_length
                0x0000000000015fc4                uip_ds6_compute_reachable_time
 .text          0x000000000001601a      0xb4d build/cooja/mtype167.a(tcp-socket.o)
                0x0000000000016731                tcp_socket_register
                0x00000000000167d2                tcp_socket_connect
                0x0000000000016885                tcp_socket_listen
                0x0000000000016915                tcp_socket_unlisten
                0x00000000000169a2                tcp_socket_send
                0x0000000000016a52                tcp_socket_send_str
                0x0000000000016a8a                tcp_socket_close
                0x0000000000016abd                tcp_socket_unregister
                0x0000000000016b27                tcp_socket_max_sendlen
                0x0000000000016b4e                tcp_socket_queuelen
 .text          0x0000000000016b67      0x453 build/cooja/mtype167.a(uip-ds6-route.o)
                0x0000000000016bc9                uip_ds6_route_init
                0x0000000000016c05                uip_ds6_route_count_nexthop_neighbors
                0x0000000000016c19                uip_ds6_route_nexthop
                0x0000000000016c2d                uip_ds6_route_head
                0x0000000000016c41                uip_ds6_route_next
                0x0000000000016c55                uip_ds6_route_is_nexthop
                0x0000000000016c69                uip_ds6_route_num_routes
                0x0000000000016c7d                uip_ds6_route_lookup
                0x0000000000016c91                uip_ds6_route_add
                0x0000000000016cae                uip_ds6_route_rm
                0x0000000000016cbe                uip_ds6_route_rm_by_nexthop
                0x0000000000016cce                uip_ds6_defrt_head
                0x0000000000016cf8                uip_ds6_defrt_add
                0x0000000000016db8                uip_ds6_defrt_rm
                0x0000000000016e31                uip_ds6_defrt_lookup
                0x0000000000016ea8                uip_ds6_defrt_choose
                0x0000000000016f2e                uip_ds6_defrt_periodic
 .text          0x0000000000016fba      0xc55 build/cooja/mtype167.a(tcpip.o)
                0x0000000000016fe0                tcpip_output
                0x000000000001710b                tcp_connect
                0x0000000000017173                tcp_unlisten
                0x00000000000171e8                tcp_listen
                0x000000000001725a                tcp_attach
                0x000000000001727c                udp_attach
                0x000000000001729e                udp_new
                0x00000000000172f8                udp_broadcast_new
                0x00000000000175ca                tcpip_input
                0x00000000000177c0                tcpip_ipv6_output
                0x00000000000179fc                tcpip_poll_udp
                0x0000000000017a2c                tcpip_poll_tcp
                0x0000000000017a5c                tcpip_uipcall
 .text          0x0000000000017c0f     0x33b5 build/cooja/mtype167.a(uip6.o)
                0x0000000000017c0f                uip_add32
                0x0000000000017dfa                uip_chksum
                0x0000000000017ef2                uip_icmp6chksum
                0x0000000000017f11                uip_tcpchksum
                0x0000000000017f30                uip_udpchksum
                0x0000000000017f4f                uip_init
                0x0000000000017ffd                uip_connect
                0x000000000001819a                uip_remove_ext_hdr
                0x0000000000018295                uip_udp_new
                0x00000000000183da                uip_unlisten
                0x000000000001842a                uip_listen
                0x000000000001873a                uip_process
                0x000000000001ae54                uip_htons
                0x000000000001ae80                uip_htonl
                0x000000000001aeca                uip_send
 .text          0x000000000001afc4      0x43e build/cooja/mtype167.a(uip-ds6-nbr.o)
                0x000000000001afc4                uip_ds6_neighbors_init
                0x000000000001affa                uip_ds6_nbr_add
                0x000000000001b094                uip_ds6_nbr_rm
                0x000000000001b0f3                uip_ds6_nbr_update_ll
                0x000000000001b1f0                uip_ds6_nbr_get_ipaddr
                0x000000000001b20f                uip_ds6_nbr_get_ll
                0x000000000001b23c                uip_ds6_nbr_num
                0x000000000001b296                uip_ds6_nbr_head
                0x000000000001b2c0                uip_ds6_nbr_next
                0x000000000001b2ed                uip_ds6_nbr_lookup
                0x000000000001b354                uip_ds6_nbr_ll_lookup
                0x000000000001b381                uip_ds6_nbr_ipaddr_from_lladdr
                0x000000000001b3b4                uip_ds6_nbr_lladdr_from_ipaddr
                0x000000000001b3f2                uip_ds6_link_callback
 .text          0x000000000001b402      0x810 build/cooja/mtype167.a(uip-nd6.o)
                0x000000000001bbe7                uip_nd6_init
 .text          0x000000000001bc12     0x33b0 build/cooja/mtype167.a(sicslowpan.o)
                0x000000000001c310                netstack_sniffer_add
                0x000000000001c329                netstack_sniffer_remove
                0x000000000001ef81                sicslowpan_init
                0x000000000001efad                sicslowpan_get_last_rssi
 .text          0x000000000001efc2      0x51a build/cooja/mtype167.a(uiplib.o)
                0x000000000001efc2                uiplib_ip6addrconv
                0x000000000001f188                uiplib_ip4addrconv
                0x000000000001f255                uiplib_ipaddr_print
                0x000000000001f2b9                uiplib_ipaddr_snprint
 .text          0x000000000001f4dc      0x610 build/cooja/mtype167.a(rpl.o)
                0x000000000001f4dc                rpl_lollipop_greater_than
                0x000000000001f53f                rpl_get_global_address
                0x000000000001f675                rpl_link_callback
                0x000000000001f6d8                rpl_has_joined
                0x000000000001f70e                rpl_is_reachable
                0x000000000001f7b1                rpl_reset_prefix
                0x000000000001f82d                rpl_set_prefix_from_addr
                0x000000000001f93f                rpl_set_prefix
                0x000000000001fab3                rpl_set_leaf_only
                0x000000000001fad6                rpl_get_leaf_only
 .text          0x000000000001faec     0x1491 build/cooja/mtype167.a(rpl-icmp6.o)
                0x000000000001fc49                rpl_icmp6_update_nbr_table
                0x000000000001fcfb                rpl_icmp6_dis_output
                0x0000000000020310                rpl_icmp6_dio_output
                0x0000000000020b69                rpl_icmp6_dao_output
                0x0000000000020e96                rpl_icmp6_dao_ack_output
                0x0000000000020f1d                rpl_icmp6_init
 .text          0x0000000000020f7d      0x2e4 build/cooja/mtype167.a(rpl-dag-root.o)
                0x0000000000020f7d                rpl_dag_root_print_links
                0x00000000000210d6                rpl_dag_root_set_prefix
                0x0000000000021111                rpl_dag_root_start
                0x000000000002121f                rpl_dag_root_is_root
 .text          0x0000000000021261       0x6b build/cooja/mtype167.a(watchdog.o)
                0x0000000000021261                watchdog_init
                0x0000000000021271                watchdog_start
                0x0000000000021281                watchdog_periodic
                0x00000000000212ac                watchdog_stop
                0x00000000000212bc                watchdog_reboot
 .text          0x00000000000212cc       0x75 build/cooja/mtype167.a(int-master.o)
                0x00000000000212cc                int_master_enable
                0x00000000000212e6                int_master_read_and_disable
                0x000000000002130e                int_master_status_set
                0x0000000000021327                int_master_is_enabled
 .text          0x0000000000021341      0x11d build/cooja/mtype167.a(stimer.o)
                0x0000000000021341                stimer_set
                0x0000000000021370                stimer_reset
                0x00000000000213a7                stimer_restart
                0x00000000000213cd                stimer_expired
                0x0000000000021409                stimer_remaining
                0x0000000000021435                stimer_elapsed
 .text          0x000000000002145e      0x188 build/cooja/mtype167.a(ringbuf.o)
                0x000000000002145e                ringbuf_init
                0x000000000002149a                ringbuf_put
                0x0000000000021522                ringbuf_get
                0x0000000000021599                ringbuf_size
                0x00000000000215b5                ringbuf_elements
 .text          0x00000000000215e6      0x1ec build/cooja/mtype167.a(memb.o)
                0x00000000000215e6                memb_init
                0x000000000002164a                memb_alloc
                0x00000000000216b7                memb_free
                0x0000000000021738                memb_inmemb
                0x0000000000021781                memb_numfree
 .text          0x00000000000217d2       0x31 build/cooja/mtype167.a(assert.o)
                0x00000000000217d2                _xassert
 .text          0x0000000000021803      0xb68 build/cooja/mtype167.a(nbr-table.o)
                0x0000000000021ba5                nbr_table_count_entries
                0x0000000000021c52                nbr_table_gc_get_worst
                0x0000000000021c92                nbr_table_can_accept_new
                0x0000000000021e1b                nbr_table_entry_is_allowed
                0x0000000000021ebb                nbr_table_register
                0x0000000000021f39                nbr_table_is_registered
                0x0000000000021f7e                nbr_table_head
                0x0000000000021feb                nbr_table_next
                0x000000000002205d                nbr_table_add_lladdr
                0x00000000000221ac                nbr_table_get_from_lladdr
                0x0000000000022209                nbr_table_remove
                0x0000000000022254                nbr_table_lock
                0x000000000002227a                nbr_table_unlock
                0x00000000000222a0                nbr_table_get_lladdr
                0x00000000000222d6                nbr_table_clear
                0x000000000002231b                nbr_table_key_head
                0x0000000000022345                nbr_table_key_next
 .text          0x000000000002236b      0x450 build/cooja/mtype167.a(link-stats.o)
                0x000000000002236b                link_stats_from_lladdr
                0x0000000000022398                link_stats_get_lladdr
                0x00000000000223c5                link_stats_is_fresh
                0x0000000000022412                guess_etx_from_rssi
                0x0000000000022498                link_stats_packet_sent
                0x00000000000225dc                link_stats_input_callback
                0x0000000000022710                link_stats_reset
                0x0000000000022772                link_stats_init
 .text          0x00000000000227bb      0x1a8 build/cooja/mtype167.a(mac-sequence.o)
                0x00000000000227bb                mac_sequence_is_duplicate
                0x000000000002287b                mac_sequence_register_seqno
 .text          0x0000000000022963       0x2d build/cooja/mtype167.a(mac.o)
                0x0000000000022963                mac_call_sent_callback
 .text          0x0000000000022990      0x477 build/cooja/mtype167.a(framer-802154.o)
                0x0000000000022b33                framer_802154_setup_params
 .text          0x0000000000022e07      0xc1a build/cooja/mtype167.a(frame802154.o)
                0x0000000000022e42                frame802154_get_pan_id
                0x0000000000022e58                frame802154_set_pan_id
                0x0000000000022e7d                frame802154_has_panid
                0x0000000000023036                frame802154_check_dest_panid
                0x00000000000230c8                frame802154_is_broadcast_addr
                0x000000000002311f                frame802154_extract_linkaddr
                0x00000000000233a8                frame802154_hdrlen
                0x0000000000023425                frame802154_create_fcf
                0x00000000000234e7                frame802154_create
                0x0000000000023672                frame802154_parse_fcf
                0x000000000002375e                frame802154_parse
 .text          0x0000000000023a21       0x4e build/cooja/mtype167.a(csma-security.o)
                0x0000000000023a21                csma_security_create_frame
                0x0000000000023a52                csma_security_parse_frame
 .text          0x0000000000023a6f      0x5d3 build/cooja/mtype167.a(uipbuf.o)
                0x0000000000023a6f                uipbuf_clear
                0x0000000000023aa6                uipbuf_add_ext_hdr
                0x0000000000023b41                uipbuf_set_len
                0x0000000000023b7b                uipbuf_set_len_field
                0x0000000000023bb1                uipbuf_get_len_field
                0x0000000000023bdb                uipbuf_get_next_header
                0x0000000000023d2c                uipbuf_get_last_header
                0x0000000000023daf                uipbuf_search_header
                0x0000000000023e73                uipbuf_get_attr
                0x0000000000023ea4                uipbuf_set_attr
                0x0000000000023ee5                uipbuf_set_default_attr
                0x0000000000023f26                uipbuf_clear_attr
                0x0000000000023f66                uipbuf_set_attr_flag
                0x0000000000023f92                uipbuf_clr_attr_flag
                0x0000000000023fc4                uipbuf_is_attr_flag
                0x0000000000023ff2                uipbuf_init
 .text          0x0000000000024042      0x8b7 build/cooja/mtype167.a(uip-icmp6.o)
                0x00000000000240c7                uip_icmp6_input
                0x0000000000024128                uip_icmp6_register_input_handler
                0x00000000000242dc                uip_icmp6_error_output
                0x000000000002461e                uip_icmp6_send
                0x000000000002484c                uip_icmp6_echo_reply_callback_add
                0x000000000002488f                uip_icmp6_echo_reply_callback_rm
                0x00000000000248bd                uip_icmp6_init
 .text          0x00000000000248f9      0x772 build/cooja/mtype167.a(uip-sr.o)
                0x00000000000248f9                uip_sr_num_nodes
                0x00000000000249a5                uip_sr_get_node
                0x0000000000024a0c                uip_sr_is_addr_reachable
                0x0000000000024ac9                uip_sr_expire_parent
                0x0000000000024b1c                uip_sr_update_node
                0x0000000000024c60                uip_sr_init
                0x0000000000024ca6                uip_sr_node_head
                0x0000000000024cd0                uip_sr_node_next
                0x0000000000024cf6                uip_sr_periodic
                0x0000000000024e12                uip_sr_free_all
                0x0000000000024e97                uip_sr_link_snprint
 .text          0x000000000002506b      0x1a5 build/cooja/mtype167.a(uip-packetqueue)
                0x00000000000250ab                uip_packetqueue_new
                0x00000000000250c4                uip_packetqueue_alloc
                0x0000000000025133                uip_packetqueue_free
                0x000000000002518b                uip_packetqueue_buf
                0x00000000000251b2                uip_packetqueue_buflen
                0x00000000000251dd                uip_packetqueue_set_buflen
 .text          0x0000000000025210       0x8d build/cooja/mtype167.a(rpl-nbr-policy.)
                0x000000000002525c                rpl_nbr_gc_get_worst
 .text          0x000000000002529d      0xaad build/cooja/mtype167.a(rpl-neighbor.o)
                0x0000000000025339                rpl_neighbor_snprint
                0x0000000000025621                rpl_neighbor_print_list
                0x00000000000256f4                rpl_neighbor_count
                0x00000000000257d7                rpl_neighbor_get_from_lladdr
                0x0000000000025804                rpl_neighbor_is_acceptable_parent
                0x000000000002584a                rpl_neighbor_get_link_metric
                0x0000000000025890                rpl_neighbor_rank_via_nbr
                0x00000000000258d6                rpl_neighbor_get_lladdr
                0x0000000000025903                rpl_neighbor_get_ipaddr
                0x0000000000025939                rpl_neighbor_get_link_stats
                0x000000000002596f                rpl_neighbor_is_fresh
                0x00000000000259a5                rpl_neighbor_is_parent
                0x00000000000259dc                rpl_neighbor_set_preferred_parent
                0x0000000000025a96                rpl_neighbor_remove_all
                0x0000000000025b03                rpl_neighbor_get_from_ipaddr
                0x0000000000025c3d                rpl_neighbor_select_best
                0x0000000000025d18                rpl_neighbor_init
 .text          0x0000000000025d4a     0x11f4 build/cooja/mtype167.a(rpl-dag.o)
                0x0000000000025d4a                rpl_dag_state_to_str
                0x0000000000025d98                rpl_dag_get_root_ipaddr
                0x0000000000025de8                rpl_dag_leave
                0x0000000000025e9e                rpl_dag_poison_and_leave
                0x0000000000025eca                rpl_dag_periodic
                0x0000000000025f8f                rpl_is_addr_in_our_dag
                0x0000000000025fee                rpl_get_default_instance
                0x0000000000026018                rpl_get_any_dag
                0x000000000002608e                rpl_refresh_routes
                0x00000000000260f1                rpl_global_repair
                0x00000000000261c2                rpl_local_repair
                0x0000000000026227                rpl_dag_ready_to_advertise
                0x0000000000026280                rpl_dag_update_state
                0x0000000000026afc                rpl_process_dio
                0x0000000000026b97                rpl_process_dis
                0x0000000000026bed                rpl_process_dao
                0x0000000000026c8e                rpl_process_dao_ack
                0x0000000000026d4a                rpl_process_hbh
                0x0000000000026daa                rpl_dag_init_root
                0x0000000000026f0c                rpl_dag_init
 .text          0x0000000000026f3e      0xd8d build/cooja/mtype167.a(rpl-timers.o)
                0x0000000000026f3e                rpl_timers_schedule_periodic_dis
                0x00000000000270e8                rpl_timers_dio_reset
                0x0000000000027260                rpl_timers_schedule_unicast_dio
                0x0000000000027433                rpl_timers_schedule_dao
                0x0000000000027539                rpl_timers_schedule_dao_ack
                0x0000000000027608                rpl_timers_notify_dao_ack
                0x000000000002768e                get_probing_delay
                0x00000000000276d3                get_probing_target
                0x0000000000027908                rpl_schedule_probing
                0x0000000000027954                rpl_schedule_probing_now
                0x00000000000279ee                rpl_timers_unschedule_leaving
                0x0000000000027a48                rpl_timers_schedule_leaving
                0x0000000000027aad                rpl_timers_init
                0x0000000000027b6f                rpl_timers_stop_dag_timers
                0x0000000000027c2c                rpl_timers_unschedule_state_update
                0x0000000000027c68                rpl_timers_schedule_state_update
 .text          0x0000000000027ccb      0xd42 build/cooja/mtype167.a(rpl-ext-header.)
                0x0000000000027ccb                rpl_ext_header_srh_get_next_hop
                0x0000000000027dd6                rpl_ext_header_srh_update
                0x0000000000028408                rpl_ext_header_hbh_update
                0x0000000000028787                rpl_ext_header_update
                0x0000000000028836                rpl_ext_header_remove
 .text          0x0000000000028a0d      0x39b build/cooja/mtype167.a(rpl-mrhof.o)
 *fill*         0x0000000000028da8        0x8 
 .text          0x0000000000028db0       0x14 /usr/lib/i386-linux-gnu/libc_nonshared.a(stack_chk_fail_local.oS)
                0x0000000000028db0                __stack_chk_fail_local
 .text          0x0000000000028dc4        0x0 /usr/lib/gcc/i686-linux-gnu/7/crtendS.o
 .text          0x0000000000028dc4        0x0 /usr/lib/gcc/i686-linux-gnu/7/../../../i386-linux-gnu/crtn.o
 *(.gnu.warning)

.fini           0x0000000000028dc4       0x14
 *(SORT_NONE(.fini))
 .fini          0x0000000000028dc4        0xf /usr/lib/gcc/i686-linux-gnu/7/../../../i386-linux-gnu/crti.o
                0x0000000000028dc4                _fini
 .fini          0x0000000000028dd3        0x5 /usr/lib/gcc/i686-linux-gnu/7/../../../i386-linux-gnu/crtn.o
                [!provide]                        PROVIDE (__etext = .)
                [!provide]                        PROVIDE (_etext = .)
                [!provide]                        PROVIDE (etext = .)

.rodata         0x0000000000028dd8      0x8e3
 *(.rodata .rodata.* .gnu.linkonce.r.*)
 .rodata        0x0000000000028dd8      0x317 mqtt-client.o
 *fill*         0x00000000000290ef        0x1 
 .rodata        0x00000000000290f0        0x6 build/cooja/mtype167.a(leds-arch.o)
                0x00000000000290f0                leds_arch_leds
 .rodata        0x00000000000290f6        0x4 build/cooja/mtype167.a(pir-sensor.o)
 .rodata        0x00000000000290fa        0x6 build/cooja/mtype167.a(rs232.o)
 .rodata        0x0000000000029100        0xa build/cooja/mtype167.a(vib-sensor.o)
 *fill*         0x000000000002910a        0x2 
 .rodata        0x000000000002910c       0x27 build/cooja/mtype167.a(cfs-cooja.o)
 *fill*         0x0000000000029133        0x1 
 .rodata        0x0000000000029134       0x68 build/cooja/mtype167.a(cooja-radio.o)
 .rodata        0x000000000002919c        0x8 build/cooja/mtype167.a(sensors.o)
 .rodata        0x00000000000291a4       0x14 build/cooja/mtype167.a(buttons.o)
                0x00000000000291b0                button_hal_button_count
 .rodata        0x00000000000291b8       0x14 build/cooja/mtype167.a(mqtt.o)
 .rodata        0x00000000000291cc       0xfc build/cooja/mtype167.a(contiki-main.o)
 .rodata        0x00000000000292c8        0xf build/cooja/mtype167.a(ctimer.o)
 *fill*         0x00000000000292d7        0x1 
 .rodata        0x00000000000292d8       0xc4 build/cooja/mtype167.a(log.o)
 .rodata        0x000000000002939c        0xc build/cooja/mtype167.a(etimer.o)
 .rodata        0x00000000000293a8       0x13 build/cooja/mtype167.a(button-hal.o)
 .rodata        0x00000000000293bb        0xe build/cooja/mtype167.a(serial-line.o)
 *fill*         0x00000000000293c9        0x3 
 .rodata        0x00000000000293cc        0x8 build/cooja/mtype167.a(linkaddr.o)
                0x00000000000293cc                linkaddr_null
 .rodata        0x00000000000293d4        0x5 build/cooja/mtype167.a(csma.o)
 *fill*         0x00000000000293d9        0x3 
 .rodata        0x00000000000293dc       0x27 build/cooja/mtype167.a(csma-output.o)
 .rodata        0x0000000000029403       0x13 build/cooja/mtype167.a(tcp-socket.o)
 *fill*         0x0000000000029416        0x2 
 .rodata        0x0000000000029418       0x4d build/cooja/mtype167.a(uip-ds6-route.o)
 .rodata        0x0000000000029465        0xd build/cooja/mtype167.a(tcpip.o)
 *fill*         0x0000000000029472        0x2 
 .rodata        0x0000000000029474       0x48 build/cooja/mtype167.a(uip6.o)
 .rodata        0x00000000000294bc       0x1f build/cooja/mtype167.a(sicslowpan.o)
                0x00000000000294bc                unc_llconf
                0x00000000000294c0                unc_ctxconf
                0x00000000000294c4                unc_mxconf
                0x00000000000294c8                llprefix
 .rodata        0x00000000000294db       0x2d build/cooja/mtype167.a(uiplib.o)
 .rodata        0x0000000000029508        0x9 build/cooja/mtype167.a(rpl.o)
 *fill*         0x0000000000029511        0x3 
 .rodata        0x0000000000029514       0x25 build/cooja/mtype167.a(assert.o)
 .rodata        0x0000000000029539       0x44 build/cooja/mtype167.a(uip-sr.o)
 *fill*         0x000000000002957d        0x3 
 .rodata        0x0000000000029580       0x58 build/cooja/mtype167.a(rpl-neighbor.o)
 .rodata        0x00000000000295d8       0xd7 build/cooja/mtype167.a(rpl-dag.o)
 .rodata        0x00000000000296af        0xc build/cooja/mtype167.a(rpl-timers.o)

.rodata1
 *(.rodata1)

.eh_frame_hdr   0x00000000000296bc     0x187c
 *(.eh_frame_hdr)
 .eh_frame_hdr  0x00000000000296bc     0x187c mqtt-client.o
                0x00000000000296bc                __GNU_EH_FRAME_HDR
 *(.eh_frame_entry .eh_frame_entry.*)

.eh_frame       0x000000000002af38     0x69dc
 *(.eh_frame)
 .eh_frame      0x000000000002af38       0x3c /usr/lib/gcc/i686-linux-gnu/7/../../../i386-linux-gnu/crti.o
                                         0x40 (size before relaxing)
 .eh_frame      0x000000000002af74       0x14 /usr/lib/gcc/i686-linux-gnu/7/../../../i386-linux-gnu/crti.o
                                         0x2c (size before relaxing)
 .eh_frame      0x000000000002af88       0xcc mqtt-client.o
                                         0xf8 (size before relaxing)
 .eh_frame      0x000000000002b054      0x1ac build/cooja/mtype167.o
                                        0x1ec (size before relaxing)
 .eh_frame      0x000000000002b200       0x48 build/cooja/mtype167.a(simEnvChange.o)
                                         0x74 (size before relaxing)
 .eh_frame      0x000000000002b248       0x6c build/cooja/mtype167.a(cooja_mt.o)
                                         0x98 (size before relaxing)
 .eh_frame      0x000000000002b2b4       0x88 build/cooja/mtype167.a(cooja_mtarch.o)
                                         0xc8 (size before relaxing)
 .eh_frame      0x000000000002b33c       0xe4 build/cooja/mtype167.a(rtimer-arch.o)
                                        0x110 (size before relaxing)
 .eh_frame      0x000000000002b420      0x160 build/cooja/mtype167.a(beep.o)
                                        0x18c (size before relaxing)
 .eh_frame      0x000000000002b580       0x88 build/cooja/mtype167.a(leds-arch.o)
                                         0xc8 (size before relaxing)
 .eh_frame      0x000000000002b608       0x44 build/cooja/mtype167.a(moteid.o)
                                         0x70 (size before relaxing)
 .eh_frame      0x000000000002b64c       0xa4 build/cooja/mtype167.a(pir-sensor.o)
                                         0xe4 (size before relaxing)
 .eh_frame      0x000000000002b6f0      0x110 build/cooja/mtype167.a(rs232.o)
                                        0x150 (size before relaxing)
 .eh_frame      0x000000000002b800       0xa4 build/cooja/mtype167.a(vib-sensor.o)
                                         0xe4 (size before relaxing)
 .eh_frame      0x000000000002b8a4       0xc0 build/cooja/mtype167.a(clock.o)
                                         0xec (size before relaxing)
 .eh_frame      0x000000000002b964      0x130 build/cooja/mtype167.a(cooja-log.o)
                                        0x170 (size before relaxing)
 .eh_frame      0x000000000002ba94      0x16c build/cooja/mtype167.a(cfs-cooja.o)
                                        0x1ac (size before relaxing)
 .eh_frame      0x000000000002bc00      0x374 build/cooja/mtype167.a(cooja-radio.o)
                                        0x3b4 (size before relaxing)
 .eh_frame      0x000000000002bf74       0xa8 build/cooja/mtype167.a(eeprom.o)
                                         0xe8 (size before relaxing)
 .eh_frame      0x000000000002c01c       0x48 build/cooja/mtype167.a(random.o)
                                         0x74 (size before relaxing)
 .eh_frame      0x000000000002c064       0xd0 build/cooja/mtype167.a(sensors.o)
                                        0x110 (size before relaxing)
 .eh_frame      0x000000000002c134      0x140 build/cooja/mtype167.a(leds.o)
                                        0x180 (size before relaxing)
 .eh_frame      0x000000000002c274      0x228 build/cooja/mtype167.a(gpio-hal-arch.o)
                                        0x27c (size before relaxing)
 .eh_frame      0x000000000002c49c       0xa4 build/cooja/mtype167.a(buttons.o)
                                         0xe4 (size before relaxing)
 .eh_frame      0x000000000002c540      0x560 build/cooja/mtype167.a(mqtt.o)
                                        0x5b4 (size before relaxing)
 .eh_frame      0x000000000002caa0       0x38 build/cooja/mtype167.a(contiki-main.o)
                                         0x64 (size before relaxing)
 .eh_frame      0x000000000002cad8       0x48 build/cooja/mtype167.a(autostart.o)
                                         0x74 (size before relaxing)
 .eh_frame      0x000000000002cb20      0x11c build/cooja/mtype167.a(ctimer.o)
                                        0x15c (size before relaxing)
 .eh_frame      0x000000000002cc3c      0x144 build/cooja/mtype167.a(log.o)
                                        0x184 (size before relaxing)
 .eh_frame      0x000000000002cd80       0x60 build/cooja/mtype167.a(energest.o)
                                         0x8c (size before relaxing)
 .eh_frame      0x000000000002cde0      0x204 build/cooja/mtype167.a(etimer.o)
                                        0x244 (size before relaxing)
 .eh_frame      0x000000000002cfe4       0x20 build/cooja/mtype167.a(node-id.o)
                                         0x4c (size before relaxing)
 .eh_frame      0x000000000002d004       0x6c build/cooja/mtype167.a(rtimer.o)
                                         0xc0 (size before relaxing)
 .eh_frame      0x000000000002d070      0x1ec build/cooja/mtype167.a(process.o)
                                        0x22c (size before relaxing)
 .eh_frame      0x000000000002d25c       0xb4 build/cooja/mtype167.a(timer.o)
                                         0xe0 (size before relaxing)
 .eh_frame      0x000000000002d310      0x1a0 build/cooja/mtype167.a(list.o)
                                        0x1cc (size before relaxing)
 .eh_frame      0x000000000002d4b0      0x188 build/cooja/mtype167.a(button-hal.o)
                                        0x1c8 (size before relaxing)
 .eh_frame      0x000000000002d638       0x6c build/cooja/mtype167.a(serial-line.o)
                                         0x98 (size before relaxing)
 .eh_frame      0x000000000002d6a4       0xfc build/cooja/mtype167.a(gpio-hal.o)
                                        0x13c (size before relaxing)
 .eh_frame      0x000000000002d7a0      0x1c0 build/cooja/mtype167.a(queuebuf.o)
                                        0x200 (size before relaxing)
 .eh_frame      0x000000000002d960      0x2b0 build/cooja/mtype167.a(packetbuf.o)
                                        0x2f0 (size before relaxing)
 .eh_frame      0x000000000002dc10       0x90 build/cooja/mtype167.a(netstack.o)
                                         0xd0 (size before relaxing)
 .eh_frame      0x000000000002dca0       0x64 build/cooja/mtype167.a(linkaddr.o)
                                         0x90 (size before relaxing)
 .eh_frame      0x000000000002dd04       0xf0 build/cooja/mtype167.a(csma.o)
                                        0x130 (size before relaxing)
 .eh_frame      0x000000000002ddf4      0x1f8 build/cooja/mtype167.a(csma-output.o)
                                        0x238 (size before relaxing)
 .eh_frame      0x000000000002dfec      0x364 build/cooja/mtype167.a(uip-ds6.o)
                                        0x3a4 (size before relaxing)
 .eh_frame      0x000000000002e350      0x280 build/cooja/mtype167.a(tcp-socket.o)
                                        0x2c0 (size before relaxing)
 .eh_frame      0x000000000002e5d0      0x260 build/cooja/mtype167.a(uip-ds6-route.o)
                                        0x2a0 (size before relaxing)
 .eh_frame      0x000000000002e830      0x34c build/cooja/mtype167.a(tcpip.o)
                                        0x38c (size before relaxing)
 .eh_frame      0x000000000002eb7c      0x2e8 build/cooja/mtype167.a(uip6.o)
                                        0x33c (size before relaxing)
 .eh_frame      0x000000000002ee64      0x1e8 build/cooja/mtype167.a(uip-ds6-nbr.o)
                                        0x228 (size before relaxing)
 .eh_frame      0x000000000002f04c       0x8c build/cooja/mtype167.a(uip-nd6.o)
                                         0xe0 (size before relaxing)
 .eh_frame      0x000000000002f0d8      0x354 build/cooja/mtype167.a(sicslowpan.o)
                                        0x3a8 (size before relaxing)
 .eh_frame      0x000000000002f42c       0x9c build/cooja/mtype167.a(uiplib.o)
                                         0xdc (size before relaxing)
 .eh_frame      0x000000000002f4c8      0x1fc build/cooja/mtype167.a(rpl.o)
                                        0x23c (size before relaxing)
 .eh_frame      0x000000000002f6c4      0x1f0 build/cooja/mtype167.a(rpl-icmp6.o)
                                        0x230 (size before relaxing)
 .eh_frame      0x000000000002f8b4       0xb0 build/cooja/mtype167.a(rpl-dag-root.o)
                                         0xf0 (size before relaxing)
 .eh_frame      0x000000000002f964       0xa4 build/cooja/mtype167.a(watchdog.o)
                                         0xd0 (size before relaxing)
 .eh_frame      0x000000000002fa08       0x80 build/cooja/mtype167.a(int-master.o)
                                         0xac (size before relaxing)
 .eh_frame      0x000000000002fa88       0xd8 build/cooja/mtype167.a(stimer.o)
                                        0x104 (size before relaxing)
 .eh_frame      0x000000000002fb60       0xa0 build/cooja/mtype167.a(ringbuf.o)
                                         0xcc (size before relaxing)
 .eh_frame      0x000000000002fc00       0xa4 build/cooja/mtype167.a(memb.o)
                                         0xe4 (size before relaxing)
 .eh_frame      0x000000000002fca4       0x24 build/cooja/mtype167.a(assert.o)
                                         0x50 (size before relaxing)
 .eh_frame      0x000000000002fcc8      0x428 build/cooja/mtype167.a(nbr-table.o)
                                        0x468 (size before relaxing)
 .eh_frame      0x00000000000300f0      0x140 build/cooja/mtype167.a(link-stats.o)
                                        0x180 (size before relaxing)
 .eh_frame      0x0000000000030230       0x50 build/cooja/mtype167.a(mac-sequence.o)
                                         0x7c (size before relaxing)
 .eh_frame      0x0000000000030280       0x20 build/cooja/mtype167.a(mac.o)
                                         0x4c (size before relaxing)
 .eh_frame      0x00000000000302a0       0xb4 build/cooja/mtype167.a(framer-802154.o)
                                         0xf4 (size before relaxing)
 .eh_frame      0x0000000000030354      0x1b0 build/cooja/mtype167.a(frame802154.o)
                                        0x1f0 (size before relaxing)
 .eh_frame      0x0000000000030504       0x44 build/cooja/mtype167.a(csma-security.o)
                                         0x84 (size before relaxing)
 .eh_frame      0x0000000000030548      0x204 build/cooja/mtype167.a(uipbuf.o)
                                        0x230 (size before relaxing)
 .eh_frame      0x000000000003074c      0x170 build/cooja/mtype167.a(uip-icmp6.o)
                                        0x1b0 (size before relaxing)
 .eh_frame      0x00000000000308bc      0x1ac build/cooja/mtype167.a(uip-sr.o)
                                        0x1ec (size before relaxing)
 .eh_frame      0x0000000000030a68       0xec build/cooja/mtype167.a(uip-packetqueue)
                                        0x12c (size before relaxing)
 .eh_frame      0x0000000000030b54       0x48 build/cooja/mtype167.a(rpl-nbr-policy.)
                                         0x88 (size before relaxing)
 .eh_frame      0x0000000000030b9c      0x2ec build/cooja/mtype167.a(rpl-neighbor.o)
                                        0x340 (size before relaxing)
 .eh_frame      0x0000000000030e88      0x3c0 build/cooja/mtype167.a(rpl-dag.o)
                                        0x414 (size before relaxing)
 .eh_frame      0x0000000000031248      0x418 build/cooja/mtype167.a(rpl-timers.o)
                                        0x458 (size before relaxing)
 .eh_frame      0x0000000000031660      0x144 build/cooja/mtype167.a(rpl-ext-header.)
                                        0x184 (size before relaxing)
 .eh_frame      0x00000000000317a4      0x150 build/cooja/mtype167.a(rpl-mrhof.o)
                                        0x190 (size before relaxing)
 .eh_frame      0x00000000000318f4       0x1c /usr/lib/i386-linux-gnu/libc_nonshared.a(stack_chk_fail_local.oS)
                                         0x48 (size before relaxing)
 .eh_frame      0x0000000000031910        0x4 /usr/lib/gcc/i686-linux-gnu/7/crtendS.o
 *(.eh_frame.*)

.gcc_except_table
 *(.gcc_except_table .gcc_except_table.*)

.gnu_extab
 *(.gnu_extab*)

.exception_ranges
 *(.exception_ranges .exception_ranges*)
                0x0000000000032bf8                . = DATA_SEGMENT_ALIGN (CONSTANT (MAXPAGESIZE), CONSTANT (COMMONPAGESIZE))

.eh_frame
 *(.eh_frame)
 *(.eh_frame.*)

.gnu_extab
 *(.gnu_extab)

.gcc_except_table
 *(.gcc_except_table .gcc_except_table.*)

.exception_ranges
 *(.exception_ranges .exception_ranges*)

.tdata
 *(.tdata .tdata.* .gnu.linkonce.td.*)

.tbss
 *(.tbss .tbss.* .gnu.linkonce.tb.*)
 *(.tcommon)

.preinit_array
 *(.preinit_array)

.init_array     0x0000000000032bf8        0x4
 *(SORT_BY_INIT_PRIORITY(.init_array.*) SORT_BY_INIT_PRIORITY(.ctors.*))
 *(.init_array EXCLUDE_FILE(*crtend?.o *crtend.o *crtbegin?.o *crtbegin.o) .ctors)
 .init_array    0x0000000000032bf8        0x4 /usr/lib/gcc/i686-linux-gnu/7/crtbeginS.o

.fini_array     0x0000000000032bfc        0x4
 *(SORT_BY_INIT_PRIORITY(.fini_array.*) SORT_BY_INIT_PRIORITY(.dtors.*))
 *(.fini_array EXCLUDE_FILE(*crtend?.o *crtend.o *crtbegin?.o *crtbegin.o) .dtors)
 .fini_array    0x0000000000032bfc        0x4 /usr/lib/gcc/i686-linux-gnu/7/crtbeginS.o

.ctors
 *crtbegin.o(.ctors)
 *crtbegin?.o(.ctors)
 *(EXCLUDE_FILE(*crtend?.o *crtend.o) .ctors)
 *(SORT_BY_NAME(.ctors.*))
 *(.ctors)

.dtors
 *crtbegin.o(.dtors)
 *crtbegin?.o(.dtors)
 *(EXCLUDE_FILE(*crtend?.o *crtend.o) .dtors)
 *(SORT_BY_NAME(.dtors.*))
 *(.dtors)

.jcr
 *(.jcr)

.data.rel.ro    0x0000000000032c00      0x198
 *(.data.rel.ro.local* .gnu.linkonce.d.rel.ro.local.*)
 .data.rel.ro.local
                0x0000000000032c00        0x8 mqtt-client.o
                0x0000000000032c00                autostart_processes
 .data.rel.ro.local
                0x0000000000032c08        0x8 build/cooja/mtype167.a(beep.o)
                0x0000000000032c08                beep_interface
 .data.rel.ro.local
                0x0000000000032c10        0x8 build/cooja/mtype167.a(leds-arch.o)
                0x0000000000032c10                leds_interface
 .data.rel.ro.local
                0x0000000000032c18        0x8 build/cooja/mtype167.a(moteid.o)
                0x0000000000032c18                moteid_interface
 .data.rel.ro.local
                0x0000000000032c20       0x18 build/cooja/mtype167.a(pir-sensor.o)
                0x0000000000032c20                pir_interface
                0x0000000000032c28                pir_sensor
 .data.rel.ro.local
                0x0000000000032c38        0x8 build/cooja/mtype167.a(rs232.o)
                0x0000000000032c38                rs232_interface
 .data.rel.ro.local
                0x0000000000032c40       0x18 build/cooja/mtype167.a(vib-sensor.o)
                0x0000000000032c40                vib_interface
                0x0000000000032c48                vib_sensor
 .data.rel.ro.local
                0x0000000000032c58        0x8 build/cooja/mtype167.a(clock.o)
                0x0000000000032c58                clock_interface
 .data.rel.ro.local
                0x0000000000032c60        0x8 build/cooja/mtype167.a(cooja-log.o)
                0x0000000000032c60                simlog_interface
 .data.rel.ro.local
                0x0000000000032c68        0x8 build/cooja/mtype167.a(cfs-cooja.o)
                0x0000000000032c68                cfs_interface
 *fill*         0x0000000000032c70       0x10 
 .data.rel.ro.local
                0x0000000000032c80       0x58 build/cooja/mtype167.a(cooja-radio.o)
                0x0000000000032c80                radio_interface
                0x0000000000032ca0                cooja_radio_driver
 .data.rel.ro.local
                0x0000000000032cd8        0x8 build/cooja/mtype167.a(eeprom.o)
                0x0000000000032cd8                eeprom_interface
 .data.rel.ro.local
                0x0000000000032ce0       0x18 build/cooja/mtype167.a(buttons.o)
                0x0000000000032ce0                button_interface
                0x0000000000032ce8                button_sensor
 .data.rel.ro.local
                0x0000000000032cf8       0x1c build/cooja/mtype167.a(csma.o)
                0x0000000000032cf8                csma_driver
 .data.rel.ro.local
                0x0000000000032d14       0x10 build/cooja/mtype167.a(sicslowpan.o)
                0x0000000000032d14                sicslowpan_driver
 .data.rel.ro.local
                0x0000000000032d24        0xc build/cooja/mtype167.a(framer-802154.o)
                0x0000000000032d24                framer_802154
 *(.data.rel.ro .data.rel.ro.* .gnu.linkonce.d.rel.ro.*)
 .data.rel.ro   0x0000000000032d30        0x0 /usr/lib/gcc/i686-linux-gnu/7/../../../i386-linux-gnu/crti.o
 *fill*         0x0000000000032d30       0x10 
 .data.rel.ro   0x0000000000032d40       0x54 build/cooja/mtype167.a(rpl.o)
                0x0000000000032d40                rpl_lite_driver
 .data.rel.ro   0x0000000000032d94        0x4 build/cooja/mtype167.a(rpl-dag.o)

.dynamic        0x0000000000032d98       0xf0
 *(.dynamic)
 .dynamic       0x0000000000032d98       0xf0 /usr/lib/gcc/i686-linux-gnu/7/../../../i386-linux-gnu/crti.o
                0x0000000000032d98                _DYNAMIC

.got            0x0000000000032e88      0x160
 *(.got)
 .got           0x0000000000032e88      0x160 /usr/lib/gcc/i686-linux-gnu/7/../../../i386-linux-gnu/crti.o
 *(.igot)
                0x0000000000032ff4                . = DATA_SEGMENT_RELRO_END (., (SIZEOF (.got.plt) >= 0xc)?0xc:0x0)

.got.plt        0x0000000000033000      0x50c
 *(.got.plt)
 .got.plt       0x0000000000033000      0x50c /usr/lib/gcc/i686-linux-gnu/7/../../../i386-linux-gnu/crti.o
                0x0000000000033000                _GLOBAL_OFFSET_TABLE_
 *(.igot.plt)

.data           0x0000000000033520      0x3c4
 *(.data .data.* .gnu.linkonce.d.*)
 .data          0x0000000000033520        0x0 /usr/lib/gcc/i686-linux-gnu/7/../../../i386-linux-gnu/crti.o
 .data          0x0000000000033520        0x0 /usr/lib/gcc/i686-linux-gnu/7/crtbeginS.o
 .data.rel.local
                0x0000000000033520        0x4 /usr/lib/gcc/i686-linux-gnu/7/crtbeginS.o
                0x0000000000033520                __dso_handle
 .data          0x0000000000033524        0xc mqtt-client.o
 .data.rel.local
                0x0000000000033530       0x14 mqtt-client.o
                0x0000000000033534                mqtt_client_process
 .data          0x0000000000033544        0x0 build/cooja/mtype167.o
 *fill*         0x0000000000033544       0x1c 
 .data.rel      0x0000000000033560       0x44 build/cooja/mtype167.o
                0x0000000000033560                simInterfaces
                0x0000000000033594                sensors
 .data          0x00000000000335a4        0x0 build/cooja/mtype167.a(simEnvChange.o)
 .data          0x00000000000335a4        0x0 build/cooja/mtype167.a(cooja_mt.o)
 .data          0x00000000000335a4        0x0 build/cooja/mtype167.a(cooja_mtarch.o)
 .data          0x00000000000335a4        0x0 build/cooja/mtype167.a(rtimer-arch.o)
 .data          0x00000000000335a4        0x0 build/cooja/mtype167.a(beep.o)
 .data          0x00000000000335a4        0x0 build/cooja/mtype167.a(leds-arch.o)
 .data          0x00000000000335a4        0x0 build/cooja/mtype167.a(moteid.o)
 .data          0x00000000000335a4        0x0 build/cooja/mtype167.a(pir-sensor.o)
 .data          0x00000000000335a4        0x0 build/cooja/mtype167.a(rs232.o)
 .data          0x00000000000335a4        0x0 build/cooja/mtype167.a(vib-sensor.o)
 .data          0x00000000000335a4        0x0 build/cooja/mtype167.a(clock.o)
 .data          0x00000000000335a4        0x0 build/cooja/mtype167.a(cooja-log.o)
 .data          0x00000000000335a4        0x0 build/cooja/mtype167.a(cfs-cooja.o)
 .data          0x00000000000335a4       0x20 build/cooja/mtype167.a(cooja-radio.o)
                0x00000000000335a4                simRadioHWOn
                0x00000000000335a8                simSignalStrength
                0x00000000000335ac                simLastSignalStrength
                0x00000000000335b0                simPower
                0x00000000000335b4                simRadioChannel
                0x00000000000335b8                simLQI
                0x00000000000335bc                simLastLQI
 .data.rel.local
                0x00000000000335c4       0x10 build/cooja/mtype167.a(cooja-radio.o)
                0x00000000000335c4                cooja_radio_process
 .data          0x00000000000335d4        0x0 build/cooja/mtype167.a(eeprom.o)
 .data          0x00000000000335d4        0x0 build/cooja/mtype167.a(random.o)
 .data          0x00000000000335d4        0x0 build/cooja/mtype167.a(sensors.o)
 .data.rel.local
                0x00000000000335d4       0x10 build/cooja/mtype167.a(sensors.o)
                0x00000000000335d4                sensors_process
 .data          0x00000000000335e4        0x0 build/cooja/mtype167.a(leds.o)
 .data          0x00000000000335e4        0x0 build/cooja/mtype167.a(gpio-hal-arch.o)
 .data          0x00000000000335e4        0x1 build/cooja/mtype167.a(buttons.o)
                0x00000000000335e4                simButtonIsActive
 *fill*         0x00000000000335e5       0x1b 
 .data.rel.local
                0x0000000000033600       0x58 build/cooja/mtype167.a(buttons.o)
                0x0000000000033650                button_hal_buttons
 .data          0x0000000000033658        0x0 build/cooja/mtype167.a(mqtt.o)
 .data.rel.local
                0x0000000000033658       0x14 build/cooja/mtype167.a(mqtt.o)
                0x000000000003365c                mqtt_process
 .data          0x000000000003366c        0x0 build/cooja/mtype167.a(contiki-main.o)
 .data          0x000000000003366c        0x0 build/cooja/mtype167.a(autostart.o)
 .data          0x000000000003366c        0x0 build/cooja/mtype167.a(ctimer.o)
 .data.rel.local
                0x000000000003366c       0x14 build/cooja/mtype167.a(ctimer.o)
                0x0000000000033670                ctimer_process
 .data          0x0000000000033680        0x4 build/cooja/mtype167.a(log.o)
                0x0000000000033680                curr_log_level_main
 *fill*         0x0000000000033684       0x1c 
 .data.rel.local
                0x00000000000336a0       0x9c build/cooja/mtype167.a(log.o)
                0x00000000000336a0                all_modules
 .data          0x000000000003373c        0x0 build/cooja/mtype167.a(energest.o)
 .data          0x000000000003373c        0x0 build/cooja/mtype167.a(etimer.o)
 .data.rel.local
                0x000000000003373c       0x10 build/cooja/mtype167.a(etimer.o)
                0x000000000003373c                etimer_process
 .data          0x000000000003374c        0x0 build/cooja/mtype167.a(node-id.o)
 .data          0x000000000003374c        0x0 build/cooja/mtype167.a(rtimer.o)
 .data          0x000000000003374c        0x0 build/cooja/mtype167.a(process.o)
 .data          0x000000000003374c        0x0 build/cooja/mtype167.a(timer.o)
 .data          0x000000000003374c        0x0 build/cooja/mtype167.a(list.o)
 .data          0x000000000003374c        0x0 build/cooja/mtype167.a(button-hal.o)
 .data.rel.local
                0x000000000003374c       0x10 build/cooja/mtype167.a(button-hal.o)
                0x000000000003374c                button_hal_process
 .data          0x000000000003375c        0x0 build/cooja/mtype167.a(serial-line.o)
 .data.rel.local
                0x000000000003375c       0x10 build/cooja/mtype167.a(serial-line.o)
                0x000000000003375c                serial_line_process
 .data          0x000000000003376c        0x0 build/cooja/mtype167.a(gpio-hal.o)
 .data.rel.local
                0x000000000003376c        0x4 build/cooja/mtype167.a(gpio-hal.o)
 .data          0x0000000000033770        0x0 build/cooja/mtype167.a(queuebuf.o)
 .data.rel.local
                0x0000000000033770       0x18 build/cooja/mtype167.a(queuebuf.o)
 .data          0x0000000000033788        0x0 build/cooja/mtype167.a(packetbuf.o)
 .data.rel.local
                0x0000000000033788        0x4 build/cooja/mtype167.a(packetbuf.o)
 .data          0x000000000003378c        0x0 build/cooja/mtype167.a(netstack.o)
 .data.rel.local
                0x000000000003378c        0x4 build/cooja/mtype167.a(netstack.o)
 .data          0x0000000000033790        0x0 build/cooja/mtype167.a(linkaddr.o)
 .data          0x0000000000033790        0x0 build/cooja/mtype167.a(csma.o)
 .data          0x0000000000033790        0x0 build/cooja/mtype167.a(csma-output.o)
 .data.rel.local
                0x0000000000033790       0x28 build/cooja/mtype167.a(csma-output.o)
 .data          0x00000000000337b8        0x0 build/cooja/mtype167.a(uip-ds6.o)
 .data          0x00000000000337b8        0x0 build/cooja/mtype167.a(tcp-socket.o)
 .data.rel.local
                0x00000000000337b8       0x14 build/cooja/mtype167.a(tcp-socket.o)
                0x00000000000337bc                tcp_socket_process
 .data          0x00000000000337cc        0x0 build/cooja/mtype167.a(uip-ds6-route.o)
 .data.rel.local
                0x00000000000337cc       0x10 build/cooja/mtype167.a(uip-ds6-route.o)
 .data          0x00000000000337dc        0x0 build/cooja/mtype167.a(tcpip.o)
 .data.rel.local
                0x00000000000337dc       0x10 build/cooja/mtype167.a(tcpip.o)
                0x00000000000337dc                tcpip_process
 .data          0x00000000000337ec        0x0 build/cooja/mtype167.a(uip6.o)
 .data          0x00000000000337ec        0x0 build/cooja/mtype167.a(uip-ds6-nbr.o)
 .data.rel.local
                0x00000000000337ec       0x14 build/cooja/mtype167.a(uip-ds6-nbr.o)
 .data          0x0000000000033800        0x0 build/cooja/mtype167.a(uip-nd6.o)
 .data.rel.local
                0x0000000000033800        0xc build/cooja/mtype167.a(uip-nd6.o)
 .data          0x000000000003380c        0x0 build/cooja/mtype167.a(sicslowpan.o)
 .data          0x000000000003380c        0x0 build/cooja/mtype167.a(uiplib.o)
 .data          0x000000000003380c        0x0 build/cooja/mtype167.a(rpl.o)
 .data          0x000000000003380c        0x0 build/cooja/mtype167.a(rpl-icmp6.o)
 .data.rel.local
                0x000000000003380c       0x30 build/cooja/mtype167.a(rpl-icmp6.o)
 .data          0x000000000003383c        0x0 build/cooja/mtype167.a(rpl-dag-root.o)
 .data          0x000000000003383c        0x0 build/cooja/mtype167.a(watchdog.o)
 .data          0x000000000003383c        0x0 build/cooja/mtype167.a(int-master.o)
 .data          0x000000000003383c        0x0 build/cooja/mtype167.a(stimer.o)
 .data          0x000000000003383c        0x0 build/cooja/mtype167.a(ringbuf.o)
 .data          0x000000000003383c        0x0 build/cooja/mtype167.a(memb.o)
 .data          0x000000000003383c        0x0 build/cooja/mtype167.a(assert.o)
 .data          0x000000000003383c        0x0 build/cooja/mtype167.a(nbr-table.o)
 .data.rel.local
                0x000000000003383c       0x10 build/cooja/mtype167.a(nbr-table.o)
 .data          0x000000000003384c        0x0 build/cooja/mtype167.a(link-stats.o)
 .data.rel.local
                0x000000000003384c       0x14 build/cooja/mtype167.a(link-stats.o)
 .data          0x0000000000033860        0x0 build/cooja/mtype167.a(mac-sequence.o)
 .data          0x0000000000033860        0x0 build/cooja/mtype167.a(mac.o)
 .data          0x0000000000033860        0x0 build/cooja/mtype167.a(framer-802154.o)
 .data          0x0000000000033860        0x2 build/cooja/mtype167.a(frame802154.o)
 .data          0x0000000000033862        0x0 build/cooja/mtype167.a(csma-security.o)
 .data          0x0000000000033862        0x0 build/cooja/mtype167.a(uipbuf.o)
 .data          0x0000000000033862        0x0 build/cooja/mtype167.a(uip-icmp6.o)
 *fill*         0x0000000000033862        0x2 
 .data.rel.local
                0x0000000000033864       0x20 build/cooja/mtype167.a(uip-icmp6.o)
 .data          0x0000000000033884        0x0 build/cooja/mtype167.a(uip-sr.o)
 .data.rel.local
                0x0000000000033884       0x10 build/cooja/mtype167.a(uip-sr.o)
 .data          0x0000000000033894        0x0 build/cooja/mtype167.a(uip-packetqueue)
 .data.rel.local
                0x0000000000033894        0xc build/cooja/mtype167.a(uip-packetqueue)
 .data          0x00000000000338a0        0x0 build/cooja/mtype167.a(rpl-nbr-policy.)
 .data          0x00000000000338a0        0x0 build/cooja/mtype167.a(rpl-neighbor.o)
 .data.rel.local
                0x00000000000338a0       0x14 build/cooja/mtype167.a(rpl-neighbor.o)
                0x00000000000338b0                rpl_neighbors
 .data          0x00000000000338b4        0x0 build/cooja/mtype167.a(rpl-dag.o)
 .data          0x00000000000338b4        0x0 build/cooja/mtype167.a(rpl-timers.o)
 .data          0x00000000000338b4        0x0 build/cooja/mtype167.a(rpl-ext-header.)
 .data          0x00000000000338b4        0x0 build/cooja/mtype167.a(rpl-mrhof.o)
 *fill*         0x00000000000338b4        0xc 
 .data.rel.local
                0x00000000000338c0       0x24 build/cooja/mtype167.a(rpl-mrhof.o)
                0x00000000000338c0                rpl_mrhof
 .data          0x00000000000338e4        0x0 /usr/lib/i386-linux-gnu/libc_nonshared.a(stack_chk_fail_local.oS)
 .data          0x00000000000338e4        0x0 /usr/lib/gcc/i686-linux-gnu/7/crtendS.o
 .data          0x00000000000338e4        0x0 /usr/lib/gcc/i686-linux-gnu/7/../../../i386-linux-gnu/crtn.o

.tm_clone_table
                0x00000000000338e4        0x0
 .tm_clone_table
                0x00000000000338e4        0x0 /usr/lib/gcc/i686-linux-gnu/7/crtbeginS.o
 .tm_clone_table
                0x00000000000338e4        0x0 /usr/lib/gcc/i686-linux-gnu/7/crtendS.o

.data1
 *(.data1)
                0x00000000000338e4                _edata = .
                [!provide]                        PROVIDE (edata = .)
                0x00000000000338e4                . = .
                0x00000000000338e4                __bss_start = .

.bss            0x0000000000033900    0x14524
 *(.dynbss)
 .dynbss        0x0000000000033900        0x0 /usr/lib/gcc/i686-linux-gnu/7/../../../i386-linux-gnu/crti.o
 *(.bss .bss.* .gnu.linkonce.b.*)
 .bss           0x0000000000033900        0x0 /usr/lib/gcc/i686-linux-gnu/7/../../../i386-linux-gnu/crti.o
 .bss           0x0000000000033900        0x1 /usr/lib/gcc/i686-linux-gnu/7/crtbeginS.o
 *fill*         0x0000000000033901       0x1f 
 .bss           0x0000000000033920      0xa91 mqtt-client.o
 *fill*         0x00000000000343b1        0xf 
 .bss           0x00000000000343c0     0x2040 build/cooja/mtype167.o
 .bss           0x0000000000036400        0x1 build/cooja/mtype167.a(simEnvChange.o)
                0x0000000000036400                simDontFallAsleep
 *fill*         0x0000000000036401        0x3 
 .bss           0x0000000000036404        0x4 build/cooja/mtype167.a(cooja_mt.o)
 .bss           0x0000000000036408        0x4 build/cooja/mtype167.a(cooja_mtarch.o)
 .bss           0x000000000003640c        0x0 build/cooja/mtype167.a(rtimer-arch.o)
 .bss           0x000000000003640c        0x0 build/cooja/mtype167.a(beep.o)
 .bss           0x000000000003640c        0x1 build/cooja/mtype167.a(leds-arch.o)
                0x000000000003640c                simLedsValue
 .bss           0x000000000003640d        0x0 build/cooja/mtype167.a(moteid.o)
 .bss           0x000000000003640d        0x1 build/cooja/mtype167.a(pir-sensor.o)
                0x000000000003640d                simPirValue
 *fill*         0x000000000003640e        0x2 
 .bss           0x0000000000036410        0x4 build/cooja/mtype167.a(rs232.o)
 .bss           0x0000000000036414        0x1 build/cooja/mtype167.a(vib-sensor.o)
                0x0000000000036414                simVibValue
 .bss           0x0000000000036415        0x0 build/cooja/mtype167.a(clock.o)
 *fill*         0x0000000000036415        0xb 
 .bss           0x0000000000036420     0x2020 build/cooja/mtype167.a(cooja-log.o)
 .bss           0x0000000000038440      0xfc0 build/cooja/mtype167.a(cfs-cooja.o)
                0x0000000000038440                simCFSData
                0x00000000000393e0                simCFSSize
                0x00000000000393e4                simCFSChanged
                0x00000000000393e8                simCFSRead
                0x00000000000393ec                simCFSWritten
 .bss           0x0000000000039400       0x24 build/cooja/mtype167.a(cooja-radio.o)
                0x0000000000039400                simReceiving
                0x0000000000039404                simInSize
                0x0000000000039408                simLastPacketTimestamp
                0x0000000000039410                simOutSize
 .bss           0x0000000000039424        0xc build/cooja/mtype167.a(eeprom.o)
                0x0000000000039424                simEEPROMChanged
                0x0000000000039428                simEEPROMRead
                0x000000000003942c                simEEPROMWritten
 .bss           0x0000000000039430        0x0 build/cooja/mtype167.a(random.o)
 .bss           0x0000000000039430        0xc build/cooja/mtype167.a(sensors.o)
 .bss           0x000000000003943c        0x0 build/cooja/mtype167.a(leds.o)
 .bss           0x000000000003943c       0x24 build/cooja/mtype167.a(gpio-hal-arch.o)
 .bss           0x0000000000039460        0x0 build/cooja/mtype167.a(buttons.o)
 .bss           0x0000000000039460       0x15 build/cooja/mtype167.a(mqtt.o)
 .bss           0x0000000000039475        0x0 build/cooja/mtype167.a(contiki-main.o)
 .bss           0x0000000000039475        0x0 build/cooja/mtype167.a(autostart.o)
 *fill*         0x0000000000039475        0x3 
 .bss           0x0000000000039478        0x5 build/cooja/mtype167.a(ctimer.o)
 *fill*         0x000000000003947d        0x3 
 .bss           0x0000000000039480       0x2c build/cooja/mtype167.a(log.o)
                0x0000000000039480                curr_log_level_rpl
                0x0000000000039484                curr_log_level_tcpip
                0x0000000000039488                curr_log_level_ipv6
                0x000000000003948c                curr_log_level_6lowpan
                0x0000000000039490                curr_log_level_nullnet
                0x0000000000039494                curr_log_level_mac
                0x0000000000039498                curr_log_level_framer
                0x000000000003949c                curr_log_level_6top
                0x00000000000394a0                curr_log_level_coap
                0x00000000000394a4                curr_log_level_snmp
                0x00000000000394a8                curr_log_level_lwm2m
 .bss           0x00000000000394ac        0x0 build/cooja/mtype167.a(energest.o)
 .bss           0x00000000000394ac        0x8 build/cooja/mtype167.a(etimer.o)
 .bss           0x00000000000394b4        0x2 build/cooja/mtype167.a(node-id.o)
                0x00000000000394b4                node_id
 *fill*         0x00000000000394b6        0x2 
 .bss           0x00000000000394b8        0x4 build/cooja/mtype167.a(rtimer.o)
 *fill*         0x00000000000394bc        0x4 
 .bss           0x00000000000394c0      0x1a1 build/cooja/mtype167.a(process.o)
                0x00000000000394c0                process_list
                0x00000000000394c4                process_current
 .bss           0x0000000000039661        0x0 build/cooja/mtype167.a(timer.o)
 .bss           0x0000000000039661        0x0 build/cooja/mtype167.a(list.o)
 *fill*         0x0000000000039661        0x3 
 .bss           0x0000000000039664       0x10 build/cooja/mtype167.a(button-hal.o)
 *fill*         0x0000000000039674        0xc 
 .bss           0x0000000000039680      0x140 build/cooja/mtype167.a(serial-line.o)
 .bss           0x00000000000397c0        0x4 build/cooja/mtype167.a(gpio-hal.o)
 *fill*         0x00000000000397c4       0x1c 
 .bss           0x00000000000397e0     0x2c80 build/cooja/mtype167.a(queuebuf.o)
 .bss           0x000000000003c460       0xa0 build/cooja/mtype167.a(packetbuf.o)
 .bss           0x000000000003c500        0x4 build/cooja/mtype167.a(netstack.o)
 .bss           0x000000000003c504        0x0 build/cooja/mtype167.a(linkaddr.o)
 .bss           0x000000000003c504        0x0 build/cooja/mtype167.a(csma.o)
 *fill*         0x000000000003c504       0x1c 
 .bss           0x000000000003c520      0x726 build/cooja/mtype167.a(csma-output.o)
 *fill*         0x000000000003cc46        0x2 
 .bss           0x000000000003cc48       0x30 build/cooja/mtype167.a(uip-ds6.o)
 .bss           0x000000000003cc78        0x5 build/cooja/mtype167.a(tcp-socket.o)
 *fill*         0x000000000003cc7d        0x3 
 .bss           0x000000000003cc80       0x60 build/cooja/mtype167.a(uip-ds6-route.o)
 .bss           0x000000000003cce0       0xc4 build/cooja/mtype167.a(tcpip.o)
 .bss           0x000000000003cda4        0xc build/cooja/mtype167.a(uip6.o)
                0x000000000003cda4                uip_ext_bitmap
                0x000000000003cda6                uip_ext_len
                0x000000000003cda8                uip_last_proto
 *fill*         0x000000000003cdb0       0x10 
 .bss           0x000000000003cdc0     0x1c20 build/cooja/mtype167.a(uip-ds6-nbr.o)
 .bss           0x000000000003e9e0       0x10 build/cooja/mtype167.a(uip-nd6.o)
 *fill*         0x000000000003e9f0       0x10 
 .bss           0x000000000003ea00      0x724 build/cooja/mtype167.a(sicslowpan.o)
 .bss           0x000000000003f124        0x0 build/cooja/mtype167.a(uiplib.o)
 .bss           0x000000000003f124        0x1 build/cooja/mtype167.a(rpl.o)
 .bss           0x000000000003f125        0x0 build/cooja/mtype167.a(rpl-icmp6.o)
 *fill*         0x000000000003f125        0x3 
 .bss           0x000000000003f128       0x11 build/cooja/mtype167.a(rpl-dag-root.o)
 .bss           0x000000000003f139        0x0 build/cooja/mtype167.a(watchdog.o)
 *fill*         0x000000000003f139        0x3 
 .bss           0x000000000003f13c        0x4 build/cooja/mtype167.a(int-master.o)
 .bss           0x000000000003f140        0x0 build/cooja/mtype167.a(stimer.o)
 .bss           0x000000000003f140        0x0 build/cooja/mtype167.a(ringbuf.o)
 .bss           0x000000000003f140        0x0 build/cooja/mtype167.a(memb.o)
 .bss           0x000000000003f140        0x0 build/cooja/mtype167.a(assert.o)
 .bss           0x000000000003f140     0x1214 build/cooja/mtype167.a(nbr-table.o)
 *fill*         0x0000000000040354        0xc 
 .bss           0x0000000000040360      0xe10 build/cooja/mtype167.a(link-stats.o)
 *fill*         0x0000000000041170       0x10 
 .bss           0x0000000000041180      0x100 build/cooja/mtype167.a(mac-sequence.o)
 .bss           0x0000000000041280        0x0 build/cooja/mtype167.a(mac.o)
 .bss           0x0000000000041280        0x2 build/cooja/mtype167.a(framer-802154.o)
 .bss           0x0000000000041282        0x0 build/cooja/mtype167.a(frame802154.o)
 .bss           0x0000000000041282        0x0 build/cooja/mtype167.a(csma-security.o)
 *fill*         0x0000000000041282        0x2 
 .bss           0x0000000000041284       0x20 build/cooja/mtype167.a(uipbuf.o)
 .bss           0x00000000000412a4       0x18 build/cooja/mtype167.a(uip-icmp6.o)
 *fill*         0x00000000000412bc        0x4 
 .bss           0x00000000000412c0     0x1d80 build/cooja/mtype167.a(uip-sr.o)
 .bss           0x0000000000043040      0xa78 build/cooja/mtype167.a(uip-packetqueue)
 .bss           0x0000000000043ab8        0x0 build/cooja/mtype167.a(rpl-nbr-policy.)
 *fill*         0x0000000000043ab8        0x8 
 .bss           0x0000000000043ac0      0x960 build/cooja/mtype167.a(rpl-neighbor.o)
 .bss           0x0000000000044420        0x0 build/cooja/mtype167.a(rpl-dag.o)
 .bss           0x0000000000044420       0x40 build/cooja/mtype167.a(rpl-timers.o)
 .bss           0x0000000000044460        0x0 build/cooja/mtype167.a(rpl-ext-header.)
 .bss           0x0000000000044460        0x0 build/cooja/mtype167.a(rpl-mrhof.o)
 .bss           0x0000000000044460        0x0 /usr/lib/i386-linux-gnu/libc_nonshared.a(stack_chk_fail_local.oS)
 .bss           0x0000000000044460        0x0 /usr/lib/gcc/i686-linux-gnu/7/crtendS.o
 .bss           0x0000000000044460        0x0 /usr/lib/gcc/i686-linux-gnu/7/../../../i386-linux-gnu/crtn.o
 *(COMMON)
 COMMON         0x0000000000044460       0x60 mqtt-client.o
                0x0000000000044460                status
                0x0000000000044480                broker_address
 COMMON         0x00000000000444c0        0x8 build/cooja/mtype167.o
                0x00000000000444c0                referenceVar
                0x00000000000444c4                sensors_flags
 COMMON         0x00000000000444c8        0xc build/cooja/mtype167.a(simEnvChange.o)
                0x00000000000444c8                simEtimerPending
                0x00000000000444cc                simProcessRunValue
                0x00000000000444d0                simEtimerNextExpirationTime
 *fill*         0x00000000000444d4        0x4 