Archive member included to satisfy reference by file (symbol)

build/cooja/mtype604.a(simEnvChange.o)
                              build/cooja/mtype604.o (simDontFallAsleep)
build/cooja/mtype604.a(cooja_mt.o)
                              build/cooja/mtype604.o (cooja_mt_start)
build/cooja/mtype604.a(cooja_mtarch.o)
                              build/cooja/mtype604.a(cooja_mt.o) (cooja_mtarch_start)
build/cooja/mtype604.a(rtimer-arch.o)
                              build/cooja/mtype604.o (rtimer_arch_check)
build/cooja/mtype604.a(beep.o)
                              build/cooja/mtype604.o (beep_interface)
build/cooja/mtype604.a(leds-arch.o)
                              build/cooja/mtype604.o (leds_interface)
build/cooja/mtype604.a(moteid.o)
                              build/cooja/mtype604.o (moteid_interface)
build/cooja/mtype604.a(pir-sensor.o)
                              build/cooja/mtype604.o (pir_interface)
build/cooja/mtype604.a(rs232.o)
                              build/cooja/mtype604.o (rs232_interface)
build/cooja/mtype604.a(vib-sensor.o)
                              build/cooja/mtype604.o (vib_interface)
build/cooja/mtype604.a(clock.o)
                              build/cooja/mtype604.o (clock_interface)
build/cooja/mtype604.a(cooja-log.o)
                              build/cooja/mtype604.o (simlog_interface)
build/cooja/mtype604.a(cfs-cooja.o)
                              build/cooja/mtype604.o (cfs_interface)
build/cooja/mtype604.a(cooja-radio.o)
                              build/cooja/mtype604.o (radio_interface)
build/cooja/mtype604.a(eeprom.o)
                              build/cooja/mtype604.o (eeprom_interface)
build/cooja/mtype604.a(random.o)
                              build/cooja/mtype604.a(moteid.o) (random_init)
build/cooja/mtype604.a(sensors.o)
                              build/cooja/mtype604.a(pir-sensor.o) (sensors_changed)
build/cooja/mtype604.a(leds.o)
                              glucose-server.o (leds_set)
build/cooja/mtype604.a(gpio-hal-arch.o)
                              build/cooja/mtype604.a(leds-arch.o) (gpio_hal_arch_register_pin_callback)
build/cooja/mtype604.a(buttons.o)
                              build/cooja/mtype604.o (button_interface)
build/cooja/mtype604.a(res-alarm.o)
                              glucose-server.o (res_alarm)
build/cooja/mtype604.a(res-glucose.o)
                              glucose-server.o (res_glucose)
build/cooja/mtype604.a(coap-blocking-a)
                              glucose-server.o (coap_blocking_request)
build/cooja/mtype604.a(coap-engine.o)
                              glucose-server.o (coap_activate_resource)
build/cooja/mtype604.a(coap-res-well-k)
                              build/cooja/mtype604.a(coap-engine.o) (res_well_known_core)
build/cooja/mtype604.a(coap-observe.o)
                              build/cooja/mtype604.a(coap-engine.o) (coap_remove_observer_by_mid)
build/cooja/mtype604.a(coap-uip.o)
                              build/cooja/mtype604.a(coap-observe.o) (coap_endpoint_copy)
build/cooja/mtype604.a(coap-timer.o)
                              build/cooja/mtype604.a(coap-engine.o) (coap_timer_set)
build/cooja/mtype604.a(coap-transactio)
                              build/cooja/mtype604.a(coap-blocking-a) (coap_send_transaction)
build/cooja/mtype604.a(coap.o)
                              build/cooja/mtype604.a(coap-engine.o) (coap_status_code)
build/cooja/mtype604.a(contiki-main.o)
                              build/cooja/mtype604.o (main)
build/cooja/mtype604.a(autostart.o)
                              build/cooja/mtype604.a(contiki-main.o) (autostart_start)
build/cooja/mtype604.a(ctimer.o)
                              build/cooja/mtype604.a(contiki-main.o) (ctimer_init)
build/cooja/mtype604.a(log.o)
                              build/cooja/mtype604.a(contiki-main.o) (curr_log_level_main)
build/cooja/mtype604.a(energest.o)
                              build/cooja/mtype604.a(contiki-main.o) (energest_init)
build/cooja/mtype604.a(etimer.o)
                              build/cooja/mtype604.a(contiki-main.o) (etimer_process)
build/cooja/mtype604.a(node-id.o)
                              build/cooja/mtype604.a(res-glucose.o) (node_id)
build/cooja/mtype604.a(rtimer.o)
                              build/cooja/mtype604.a(contiki-main.o) (rtimer_init)
build/cooja/mtype604.a(process.o)
                              build/cooja/mtype604.a(coap-blocking-a) (process_current)
build/cooja/mtype604.a(timer.o)
                              build/cooja/mtype604.a(etimer.o) (timer_set)
build/cooja/mtype604.a(list.o)
                              build/cooja/mtype604.a(coap-engine.o) (list_init)
build/cooja/mtype604.a(memb.o)
                              build/cooja/mtype604.a(coap-observe.o) (memb_alloc)
build/cooja/mtype604.a(button-hal.o)
                              build/cooja/mtype604.o (button_hal_init)
build/cooja/mtype604.a(serial-line.o)
[...]
Memory Configuration

Name             Origin             Length             Attributes
*default*        0x0000000000000000 0xffffffffffffffff

Linker script and memory map

LOAD /usr/lib/gcc/i686-linux-gnu/7/../../../i386-linux-gnu/crti.o
LOAD /usr/lib/gcc/i686-linux-gnu/7/crtbeginS.o
LOAD glucose-server.o
LOAD build/cooja/mtype604.o
LOAD build/cooja/mtype604.a
LOAD /usr/lib/gcc/i686-linux-gnu/7/libgcc.a
LOAD /usr/lib/gcc/i686-linux-gnu/7/libgcc_s.so
START GROUP
LOAD /usr/lib/gcc/i686-linux-gnu/7/libgcc_s.so.1
LOAD /usr/lib/gcc/i686-linux-gnu/7/libgcc.a
END GROUP
LOAD /usr/lib/gcc/i686-linux-gnu/7/../../../i386-linux-gnu/libc.so
START GROUP
LOAD /lib/i386-linux-gnu/libc.so.6
LOAD /usr/lib/i386-linux-gnu/libc_nonshared.a
LOAD /lib/i386-linux-gnu/ld-linux.so.2
END GROUP
LOAD /usr/lib/gcc/i686-linux-gnu/7/libgcc.a
LOAD /usr/lib/gcc/i686-linux-gnu/7/libgcc_s.so
START GROUP
LOAD /usr/lib/gcc/i686-linux-gnu/7/libgcc_s.so.1
LOAD /usr/lib/gcc/i686-linux-gnu/7/libgcc.a
END GROUP
LOAD /usr/lib/gcc/i686-linux-gnu/7/crtendS.o
LOAD /usr/lib/gcc/i686-linux-gnu/7/../../../i386-linux-gnu/crtn.o
                0x0000000000000114                . = (SEGMENT_START ("text-segment", 0x0) + SIZEOF_HEADERS)

.note.gnu.build-id
                0x0000000000000114       0x24
 *(.note.gnu.build-id)
 .note.gnu.build-id
                0x0000000000000114       0x24 /usr/lib/gcc/i686-linux-gnu/7/../../../i386-linux-gnu/crti.o

.hash
 *(.hash)

.gnu.hash       0x0000000000000138     0x15b0
 *(.gnu.hash)
 .gnu.hash      0x0000000000000138     0x15b0 /usr/lib/gcc/i686-linux-gnu/7/../../../i386-linux-gnu/crti.o

.dynsym         0x00000000000016e8     0x2f90
 *(.dynsym)
 .dynsym        0x00000000000016e8     0x2f90 /usr/lib/gcc/i686-linux-gnu/7/../../../i386-linux-gnu/crti.o

.dynstr         0x0000000000004678     0x370f
 *(.dynstr)
 .dynstr        0x0000000000004678     0x370f /usr/lib/gcc/i686-linux-gnu/7/../../../i386-linux-gnu/crti.o

.gnu.version    0x0000000000007d88      0x5f2
 *(.gnu.version)
 .gnu.version   0x0000000000007d88      0x5f2 /usr/lib/gcc/i686-linux-gnu/7/../../../i386-linux-gnu/crti.o

.gnu.version_d  0x000000000000837c        0x0
 *(.gnu.version_d)
 .gnu.version_d
                0x000000000000837c        0x0 /usr/lib/gcc/i686-linux-gnu/7/../../../i386-linux-gnu/crti.o

.gnu.version_r  0x000000000000837c       0x40
 *(.gnu.version_r)
 .gnu.version_r
                0x000000000000837c       0x40 /usr/lib/gcc/i686-linux-gnu/7/../../../i386-linux-gnu/crti.o

.rel.dyn        0x00000000000083bc      0xf28
 *(.rel.init)
 .rel.init      0x00000000000083bc        0x0 /usr/lib/gcc/i686-linux-gnu/7/../../../i386-linux-gnu/crti.o
 *(.rel.text .rel.text.* .rel.gnu.linkonce.t.*)
 .rel.text      0x00000000000083bc      0x570 /usr/lib/gcc/i686-linux-gnu/7/../../../i386-linux-gnu/crti.o
 *(.rel.fini)
 .rel.fini      0x000000000000892c        0x0 /usr/lib/gcc/i686-linux-gnu/7/../../../i386-linux-gnu/crti.o
 *(.rel.rodata .rel.rodata.* .rel.gnu.linkonce.r.*)
 *(.rel.data.rel.ro .rel.data.rel.ro.* .rel.gnu.linkonce.d.rel.ro.*)
 .rel.data.rel.ro.local
                0x000000000000892c      0x220 /usr/lib/gcc/i686-linux-gnu/7/../../../i386-linux-gnu/crti.o
 .rel.data.rel.ro
                0x0000000000008b4c       0xb0 /usr/lib/gcc/i686-linux-gnu/7/../../../i386-linux-gnu/crti.o
 *(.rel.data .rel.data.* .rel.gnu.linkonce.d.*)
 .rel.data.rel.local
                0x0000000000008bfc      0x3a0 /usr/lib/gcc/i686-linux-gnu/7/../../../i386-linux-gnu/crti.o
 .rel.data.rel  0x0000000000008f9c       0x78 /usr/lib/gcc/i686-linux-gnu/7/../../../i386-linux-gnu/crti.o
 *(.rel.tdata .rel.tdata.* .rel.gnu.linkonce.td.*)
 *(.rel.tbss .rel.tbss.* .rel.gnu.linkonce.tb.*)
 *(.rel.ctors)
 *(.rel.dtors)
 *(.rel.got)
 .rel.got       0x0000000000009014      0x2c0 /usr/lib/gcc/i686-linux-gnu/7/../../../i386-linux-gnu/crti.o
 *(.rel.bss .rel.bss.* .rel.gnu.linkonce.b.*)
 *(.rel.ifunc)
 .rel.ifunc     0x00000000000092d4        0x0 /usr/lib/gcc/i686-linux-gnu/7/../../../i386-linux-gnu/crti.o
 .rel.fini_array
                0x00000000000092d4        0x8 /usr/lib/gcc/i686-linux-gnu/7/../../../i386-linux-gnu/crti.o
 .rel.init_array
                0x00000000000092dc        0x8 /usr/lib/gcc/i686-linux-gnu/7/../../../i386-linux-gnu/crti.o

.rel.plt        0x00000000000092e4      0xb00
 *(.rel.plt)
 .rel.plt       0x00000000000092e4      0xb00 /usr/lib/gcc/i686-linux-gnu/7/../../../i386-linux-gnu/crti.o
 *(.rel.iplt)

.init           0x0000000000009de4       0x23
 *(SORT_NONE(.init))
 .init          0x0000000000009de4       0x1e /usr/lib/gcc/i686-linux-gnu/7/../../../i386-linux-gnu/crti.o
                0x0000000000009de4                _init
 .init          0x0000000000009e02        0x5 /usr/lib/gcc/i686-linux-gnu/7/../../../i386-linux-gnu/crtn.o

.plt            0x0000000000009e10     0x1610
 *(.plt)
 .plt           0x0000000000009e10     0x1610 /usr/lib/gcc/i686-linux-gnu/7/../../../i386-linux-gnu/crti.o
 *(.iplt)

.plt.got        0x000000000000b420       0x18
 *(.plt.got)
 .plt.got       0x000000000000b420       0x18 /usr/lib/gcc/i686-linux-gnu/7/../../../i386-linux-gnu/crti.o

.plt.sec
 *(.plt.sec)

.text           0x000000000000b440    0x1d154
 *(.text.unlikely .text.*_unlikely .text.unlikely.*)
 *(.text.exit .text.exit.*)
 *(.text.startup .text.startup.*)
 *(.text.hot .text.hot.*)
 *(.text .stub .text.* .gnu.linkonce.t.*)
 .text          0x000000000000b440        0x0 /usr/lib/gcc/i686-linux-gnu/7/../../../i386-linux-gnu/crti.o
 .gnu.linkonce.t.__x86.get_pc_thunk.bx
                0x000000000000b440        0x4 /usr/lib/gcc/i686-linux-gnu/7/../../../i386-linux-gnu/crti.o
                0x000000000000b440                __x86.get_pc_thunk.bx
 *fill*         0x000000000000b444        0xc 
 .text          0x000000000000b450       0xe9 /usr/lib/gcc/i686-linux-gnu/7/crtbeginS.o
 .text.__x86.get_pc_thunk.dx
                0x000000000000b539        0x4 /usr/lib/gcc/i686-linux-gnu/7/crtbeginS.o
                0x000000000000b539                __x86.get_pc_thunk.dx
 .text          0x000000000000b53d      0x447 glucose-server.o
                0x000000000000b5f0                client_chunk_handler
 .text          0x000000000000b984      0x36b build/cooja/mtype604.o
                0x000000000000ba36                platform_init_stage_one
                0x000000000000ba59                platform_init_stage_two
                0x000000000000ba7c                platform_init_stage_three
                0x000000000000ba9f                platform_main_loop
                0x000000000000bb45                Java_org_contikios_cooja_corecomm_Lib38_init
                0x000000000000bb93                Java_org_contikios_cooja_corecomm_Lib38_getMemory
                0x000000000000bbd3                Java_org_contikios_cooja_corecomm_Lib38_setMemory
                0x000000000000bc44                Java_org_contikios_cooja_corecomm_Lib38_tick
                0x000000000000bcce                Java_org_contikios_cooja_corecomm_Lib38_setReferenceAddress
 .text.__x86.get_pc_thunk.ax
                0x000000000000bcef        0x4 build/cooja/mtype604.o
                0x000000000000bcef                __x86.get_pc_thunk.ax
 .text          0x000000000000bcf3       0x8d build/cooja/mtype604.a(simEnvChange.o)
                0x000000000000bcf3                doActionsBeforeTick
                0x000000000000bd39                doActionsAfterTick
 .text          0x000000000000bd80       0xb6 build/cooja/mtype604.a(cooja_mt.o)
                0x000000000000bd80                cooja_mt_start
                0x000000000000bdba                cooja_mt_exec
                0x000000000000be01                cooja_mt_yield
 .text          0x000000000000be36       0xf2 build/cooja/mtype604.a(cooja_mtarch.o)
                0x000000000000be36                cooja_mtarch_start
                0x000000000000beba                cooja_sw
                0x000000000000bee8                cooja_mtarch_exec
                0x000000000000bf13                cooja_mtarch_yield
 .text          0x000000000000bf28      0x127 build/cooja/mtype604.a(rtimer-arch.o)
                0x000000000000bf28                rtimer_arch_init
                0x000000000000bf57                rtimer_arch_schedule
                0x000000000000bf99                rtimer_arch_next
                0x000000000000bfb3                rtimer_arch_pending
                0x000000000000bfca                rtimer_arch_check
                0x000000000000c035                rtimer_arch_now
 .text.__x86.get_pc_thunk.cx
                0x000000000000c04f        0x4 build/cooja/mtype604.a(rtimer-arch.o)
                0x000000000000c04f                __x86.get_pc_thunk.cx
 .text          0x000000000000c053      0x101 build/cooja/mtype604.a(beep.o)
                0x000000000000c053                beep_alarm
                0x000000000000c06c                beep_beep
                0x000000000000c085                beep
                0x000000000000c09e                beep_down
                0x000000000000c0b7                beep_on
                0x000000000000c0d0                beep_off
                0x000000000000c0e9                beep_spinup
                0x000000000000c102                beep_quick
                0x000000000000c11b                beep_long
 .text          0x000000000000c154       0x9f build/cooja/mtype604.a(leds-arch.o)
                0x000000000000c178                leds_arch_init
 .text          0x000000000000c1f3       0x56 build/cooja/mtype604.a(moteid.o)
 .text          0x000000000000c249      0x101 build/cooja/mtype604.a(pir-sensor.o)
 .text          0x000000000000c34a      0x1cc build/cooja/mtype604.a(rs232.o)
                0x000000000000c34a                rs232_init
                0x000000000000c35a                rs232_set_speed
                0x000000000000c373                rs232_set_input
                0x000000000000c38c                rs232_send
                0x000000000000c3c2                rs232_print
                0x000000000000c3f0                slip_arch_writeb
 .text          0x000000000000c516      0x101 build/cooja/mtype604.a(vib-sensor.o)
 .text          0x000000000000c617       0x7a build/cooja/mtype604.a(clock.o)
                0x000000000000c617                clock_init
                0x000000000000c627                clock_time
                0x000000000000c63e                clock_seconds
                0x000000000000c661                clock_delay
 .text          0x000000000000c691      0x2b5 build/cooja/mtype604.a(cooja-log.o)
                0x000000000000c691                simlog_char
                0x000000000000c6f5                simlog
                0x000000000000c78f                log_message
                0x000000000000c7de                log_set_putchar_with_slip
                0x000000000000c7f7                log_putchar
                0x000000000000c882                log_puts
                0x000000000000c8b4                log_printf
 .text          0x000000000000c946      0x36c build/cooja/mtype604.a(cfs-cooja.o)
                0x000000000000c946                cfs_open
                0x000000000000c9be                cfs_close
                0x000000000000c9d5                cfs_read
                0x000000000000ca89                cfs_write
                0x000000000000cb87                cfs_seek
                0x000000000000cc24                cfs_remove
                0x000000000000cc5a                cfs_opendir
                0x000000000000cc6e                cfs_readdir
                0x000000000000cc82                cfs_closedir
 .text          0x000000000000ccb2      0x78b build/cooja/mtype604.a(cooja-radio.o)
                0x000000000000cd20                radio_set_channel
                0x000000000000cd39                radio_set_txpower
                0x000000000000cd5c                radio_signal_strength_last
                0x000000000000cd71                radio_signal_strength_current
                0x000000000000cd86                radio_LQI
 .text          0x000000000000d43d      0x130 build/cooja/mtype604.a(eeprom.o)
                0x000000000000d43d                eeprom_init
                0x000000000000d44d                eeprom_read
                0x000000000000d4cd                eeprom_write
 .text          0x000000000000d56d       0x4e build/cooja/mtype604.a(random.o)
                0x000000000000d56d                random_init
                0x000000000000d59d                random_rand
 .text          0x000000000000d5bb      0x332 build/cooja/mtype604.a(sensors.o)
                0x000000000000d602                sensors_first
                0x000000000000d619                sensors_next
                0x000000000000d644                sensors_changed
                0x000000000000d691                sensors_find
 .text          0x000000000000d8ed      0x3fc build/cooja/mtype604.a(leds.o)
                0x000000000000d8ed                leds_init
                0x000000000000d945                leds_single_on
                0x000000000000d9bd                leds_single_off
                0x000000000000da35                leds_single_toggle
                0x000000000000da79                leds_on
                0x000000000000db11                leds_off
                0x000000000000dba9                leds_toggle
                0x000000000000dc0f                leds_set
                0x000000000000dc45                leds_get
 .text          0x000000000000dce9      0x401 build/cooja/mtype604.a(gpio-hal-arch.o)
                0x000000000000dce9                gpio_hal_arch_register_pin_callback
                0x000000000000dd6a                gpio_hal_arch_init
                0x000000000000ddc4                gpio_hal_arch_no_port_interrupt_enable
                0x000000000000ddfe                gpio_hal_arch_no_port_interrupt_disable
                0x000000000000de38                gpio_hal_arch_no_port_pin_cfg_set
                0x000000000000de67                gpio_hal_arch_no_port_pin_cfg_get
                0x000000000000de97                gpio_hal_arch_no_port_pin_set_input
                0x000000000000deb3                gpio_hal_arch_no_port_pin_set_output
                0x000000000000decf                gpio_hal_arch_no_port_set_pin
                0x000000000000defa                gpio_hal_arch_no_port_clear_pin
                0x000000000000df25                gpio_hal_arch_no_port_read_pin
                0x000000000000df57                gpio_hal_arch_no_port_write_pin
                0x000000000000df8b                gpio_hal_arch_no_port_set_pins
                0x000000000000dfdc                gpio_hal_arch_no_port_clear_pins
                0x000000000000e02d                gpio_hal_arch_no_port_read_pins
                0x000000000000e080                gpio_hal_arch_no_port_write_pins
 .text          0x000000000000e0ea       0xc6 build/cooja/mtype604.a(buttons.o)
 .text          0x000000000000e1b0      0x1f0 build/cooja/mtype604.a(res-alarm.o)
 .text          0x000000000000e3a0      0x473 build/cooja/mtype604.a(res-glucose.o)
 .text          0x000000000000e813      0x29c build/cooja/mtype604.a(coap-blocking-a)
                0x000000000000e813                coap_blocking_request_callback
                0x000000000000e84d                coap_blocking_request
 .text          0x000000000000eaaf      0xd4f build/cooja/mtype604.a(coap-engine.o)
                0x000000000000eb80                coap_add_handler
                0x000000000000ebae                coap_remove_handler
                0x000000000000ebdc                coap_call_handlers
                0x000000000000ed03                coap_receive
                0x000000000000f37d                coap_engine_init
                0x000000000000f3f0                coap_activate_resource
                0x000000000000f4ad                coap_get_first_resource
                0x000000000000f4d7                coap_get_next_resource
 .text          0x000000000000f7fe      0x2ed build/cooja/mtype604.a(coap-res-well-k)
 .text          0x000000000000faeb      0xa13 build/cooja/mtype604.a(coap-observe.o)
                0x000000000000fc26                coap_remove_observer
                0x000000000000fc68                coap_remove_observer_by_client
                0x000000000000fce0                coap_remove_observer_by_token
                0x000000000000fd83                coap_remove_observer_by_uri
                0x000000000000fe3a                coap_remove_observer_by_mid
                0x000000000000fec6                coap_notify_observers
                0x000000000000fee9                coap_notify_observers_sub
                0x000000000001035a                coap_observe_handler
                0x0000000000010485                coap_has_observers
 .text          0x00000000000104fe      0x84c build/cooja/mtype604.a(coap-uip.o)
                0x00000000000104fe                coap_endpoint_log
                0x000000000001059b                coap_endpoint_print
                0x0000000000010638                coap_endpoint_snprint
                0x0000000000010781                coap_endpoint_copy
                0x00000000000107c8                coap_endpoint_cmp
                0x00000000000108f9                coap_endpoint_parse
                0x0000000000010b0a                coap_endpoint_is_secure
                0x0000000000010b23                coap_endpoint_is_connected
                0x0000000000010b67                coap_endpoint_connect
                0x0000000000010b8d                coap_endpoint_disconnect
                0x0000000000010b9d                coap_databuf
                0x0000000000010bb4                coap_transport_init
                0x0000000000010c2a                coap_sendto
 .text          0x0000000000010d4a      0x3ad build/cooja/mtype604.a(coap-timer.o)
                0x0000000000010e6f                coap_timer_stop
                0x0000000000010eaa                coap_timer_set
                0x0000000000010ef7                coap_timer_reset
                0x0000000000010f44                coap_timer_time_to_next_expiration
                0x0000000000010fc1                coap_timer_run
                0x00000000000110a3                coap_timer_init
 .text          0x00000000000110f7      0x334 build/cooja/mtype604.a(coap-transactio)
                0x0000000000011185                coap_new_transaction
                0x00000000000111fd                coap_send_transaction
                0x000000000001136f                coap_clear_transaction
                0x00000000000113c9                coap_get_transaction_by_mid
 .text          0x000000000001142b     0x1f9f build/cooja/mtype604.a(coap.o)
                0x0000000000011a26                coap_init_connection
                0x0000000000011a4b                coap_get_mid
                0x0000000000011a72                coap_init_message
                0x0000000000011acb                coap_serialize_message
                0x0000000000012162                coap_parse_message
                0x000000000001287e                coap_get_query_variable
                0x00000000000128ca                coap_get_post_variable
                0x0000000000012918                coap_set_status_code
                0x0000000000012947                coap_set_token
                0x000000000001299e                coap_get_header_content_format
                0x00000000000129d9                coap_set_header_content_format
                0x0000000000012a06                coap_get_header_accept
                0x0000000000012a41                coap_set_header_accept
                0x0000000000012a6e                coap_get_header_max_age
                0x0000000000012aa9                coap_set_header_max_age
                0x0000000000012ad3                coap_get_header_etag
                0x0000000000012b0f                coap_set_header_etag
                0x0000000000012b76                coap_get_header_if_match
                0x0000000000012bb2                coap_set_header_if_match
                0x0000000000012c19                coap_get_header_if_none_match
                0x0000000000012c3d                coap_set_header_if_none_match
                0x0000000000012c5e                coap_get_header_proxy_uri
                0x0000000000012c96                coap_set_header_proxy_uri
                0x0000000000012ce3                coap_get_header_uri_host
                0x0000000000012d1b                coap_set_header_uri_host
                0x0000000000012d68                coap_get_header_uri_path
                0x0000000000012da0                coap_set_header_uri_path
                0x0000000000012dfe                coap_get_header_uri_query
                0x0000000000012e3c                coap_set_header_uri_query
                0x0000000000012ea3                coap_get_header_location_path
                0x0000000000012edb                coap_set_header_location_path
                0x0000000000012f83                coap_get_header_location_query
                0x0000000000012fbb                coap_set_header_location_query
                0x0000000000013019                coap_get_header_observe
                0x0000000000013052                coap_set_header_observe
                0x000000000001307c                coap_get_header_block2
                0x00000000000130f2                coap_set_header_block2
                0x0000000000013173                coap_get_header_block1
                0x00000000000131f2                coap_set_header_block1
                0x0000000000013277                coap_get_header_size2
                0x00000000000132b1                coap_set_header_size2
                0x00000000000132de                coap_get_header_size1
                0x0000000000013318                coap_set_header_size1
                0x0000000000013345                coap_get_payload
                0x0000000000013389                coap_set_payload
 .text          0x00000000000133ca      0x3c6 build/cooja/mtype604.a(contiki-main.o)
                0x00000000000133ca                main
 .text          0x0000000000013790       0xb0 build/cooja/mtype604.a(autostart.o)
                0x0000000000013790                autostart_start
                0x00000000000137e9                autostart_exit
 .text          0x0000000000013840      0x400 build/cooja/mtype604.a(ctimer.o)
                0x0000000000013983                ctimer_init
                0x00000000000139c8                ctimer_set
                0x00000000000139fb                ctimer_set_with_process
                0x0000000000013a92                ctimer_reset
                0x0000000000013b00                ctimer_restart
                0x0000000000013b6e                ctimer_stop
                0x0000000000013bce                ctimer_expired
 .text          0x0000000000013c40      0x4a3 build/cooja/mtype604.a(log.o)
                0x0000000000013c40                log_6addr
                0x0000000000013ca4                log_6addr_compact_snprint
                0x0000000000013d64                log_6addr_compact
                0x0000000000013dc8                log_lladdr
                0x0000000000013e4f                log_lladdr_compact
                0x0000000000013ecc                log_bytes
                0x0000000000013f20                log_set_level
                0x0000000000013ffe                log_get_level
                0x000000000001408f                log_level_to_str
 .text          0x00000000000140e3       0x39 build/cooja/mtype604.a(energest.o)
                0x00000000000140e3                energest_init
                0x00000000000140f3                energest_flush
                0x0000000000014103                energest_get_total_time
 .text          0x000000000001411c      0x527 build/cooja/mtype604.a(etimer.o)
                0x0000000000014371                etimer_request_poll
                0x0000000000014422                etimer_set
                0x000000000001445b                etimer_reset_with_new_interval
                0x000000000001449a                etimer_reset
                0x00000000000144d0                etimer_restart
                0x0000000000014506                etimer_adjust
                0x000000000001452d                etimer_expired
                0x000000000001454a                etimer_expiration_time
                0x0000000000014566                etimer_start_time
                0x000000000001457a                etimer_pending
                0x0000000000014597                etimer_next_expiration_time
                0x00000000000145bf                etimer_stop
 .text          0x0000000000014643       0x36 build/cooja/mtype604.a(node-id.o)
                0x0000000000014643                node_id_init
 .text          0x0000000000014679      0x122 build/cooja/mtype604.a(rtimer.o)
                0x0000000000014679                rtimer_init
                0x0000000000014698                rtimer_set
                0x0000000000014726                rtimer_run_next
 .text          0x000000000001479b      0x5cb build/cooja/mtype604.a(process.o)
                0x000000000001479b                process_alloc_event
                0x00000000000147bc                process_start
                0x00000000000149c1                process_exit
                0x00000000000149e9                process_init
                0x0000000000014bb1                process_run
                0x0000000000014bf4                process_nevents
                0x0000000000014c19                process_post
                0x0000000000014cc6                process_post_synch
                0x0000000000014d0c                process_poll
                0x0000000000014d48                process_is_running
 .text.__x86.get_pc_thunk.si
                0x0000000000014d66        0x4 build/cooja/mtype604.a(process.o)
                0x0000000000014d66                __x86.get_pc_thunk.si
 .text          0x0000000000014d6a       0xf6 build/cooja/mtype604.a(timer.o)
                0x0000000000014d6a                timer_set
                0x0000000000014d99                timer_reset
                0x0000000000014dd0                timer_restart
                0x0000000000014df6                timer_expired
                0x0000000000014e34                timer_remaining
 .text          0x0000000000014e60      0x311 build/cooja/mtype604.a(list.o)
                0x0000000000014e60                list_init
                0x0000000000014e79                list_head
                0x0000000000014e8d                list_copy
                0x0000000000014ea7                list_tail
                0x0000000000014ee7                list_add
                0x0000000000014f3d                list_push
                0x0000000000014f73                list_chop
                0x0000000000014fe7                list_pop
                0x0000000000015019                list_remove
                0x000000000001508b                list_length
                0x00000000000150c3                list_insert
                0x0000000000015112                list_item_next
                0x0000000000015133                list_contains
 .text          0x0000000000015171      0x1ec build/cooja/mtype604.a(memb.o)
                0x0000000000015171                memb_init
                0x00000000000151d5                memb_alloc
                0x0000000000015242                memb_free
                0x00000000000152c3                memb_inmemb
                0x000000000001530c                memb_numfree
 .text          0x000000000001535d      0x566 build/cooja/mtype604.a(button-hal.o)
                0x0000000000015551                button_hal_get_by_id
                0x000000000001559b                button_hal_get_by_index
                0x00000000000155d5                button_hal_get_state
                0x0000000000015637                button_hal_init
 .text          0x00000000000158c3      0x242 build/cooja/mtype604.a(serial-line.o)
                0x00000000000158c3                serial_line_input_byte
                0x0000000000015abb                serial_line_init
 .text          0x0000000000015b05      0x1d6 build/cooja/mtype604.a(gpio-hal.o)
                0x0000000000015b05                gpio_hal_register_handler
                0x0000000000015b33                gpio_hal_event_handler
                0x0000000000015ba0                gpio_hal_init
                0x0000000000015bcf                gpio_hal_arch_port_toggle_pin
                0x0000000000015c1a                gpio_hal_arch_port_toggle_pins
                0x0000000000015c57                gpio_hal_arch_no_port_toggle_pin
                0x0000000000015ca4                gpio_hal_arch_no_port_toggle_pins
 .text          0x0000000000015cdb      0x3a9 build/cooja/mtype604.a(queuebuf.o)
                0x0000000000015cef                queuebuf_init
                0x0000000000015d2b                queuebuf_numfree
                0x0000000000015d55                queuebuf_new_from_packetbuf
                0x0000000000015e09                queuebuf_update_attr_from_packetbuf
                0x0000000000015e4d                queuebuf_update_from_packetbuf
                0x0000000000015eac                queuebuf_free
                0x0000000000015f0a                queuebuf_to_packetbuf
                0x0000000000015f87                queuebuf_dataptr
                0x0000000000015fd3                queuebuf_datalen
                0x0000000000016000                queuebuf_addr
                0x000000000001603f                queuebuf_attr
                0x0000000000016074                queuebuf_debug_print
 .text          0x0000000000016084      0x4dd build/cooja/mtype604.a(packetbuf.o)
                0x0000000000016084                packetbuf_clear
                0x00000000000160ba                packetbuf_copyfrom
                0x000000000001611a                packetbuf_copyto
                0x00000000000161b8                packetbuf_hdralloc
                0x0000000000016248                packetbuf_hdrreduce
                0x000000000001629a                packetbuf_set_datalen
                0x00000000000162bf                packetbuf_dataptr
                0x00000000000162e6                packetbuf_hdrptr
                0x00000000000162fb                packetbuf_datalen
                0x0000000000016311                packetbuf_hdrlen
                0x0000000000016330                packetbuf_totlen
                0x0000000000016350                packetbuf_remaininglen
                0x000000000001636d                packetbuf_attr_clear
                0x00000000000163d3                packetbuf_attr_copyto
                0x0000000000016419                packetbuf_attr_copyfrom
                0x000000000001645f                packetbuf_set_attr
                0x0000000000016495                packetbuf_attr
                0x00000000000164bb                packetbuf_set_addr
                0x0000000000016503                packetbuf_addr
                0x000000000001652d                packetbuf_holds_broadcast
 .text          0x0000000000016561      0x13c build/cooja/mtype604.a(netstack.o)
                0x0000000000016561                netstack_process_ip_callback
                0x0000000000016602                netstack_ip_packet_processor_add
                0x0000000000016636                uip_ds6_ip_packet_processor_rm
                0x0000000000016664                netstack_init
 .text          0x000000000001669d       0x75 build/cooja/mtype604.a(linkaddr.o)
                0x000000000001669d                linkaddr_copy
                0x00000000000166bd                linkaddr_cmp
                0x00000000000166f0                linkaddr_set_node_addr
 .text          0x0000000000016712      0x2ae build/cooja/mtype604.a(csma.o)
 .text          0x00000000000169c0      0xa6f build/cooja/mtype604.a(csma-output.o)
                0x0000000000017132                csma_output_packet
                0x00000000000173e1                csma_output_init
 .text          0x000000000001742f      0xe47 build/cooja/mtype604.a(uip-ds6.o)
                0x000000000001742f                uip_ds6_default_prefix
                0x0000000000017444                uip_ds6_set_default_prefix
                0x000000000001747a                uip_ds6_init
                0x0000000000017715                uip_ds6_periodic
                0x00000000000177bd                uip_ds6_list_loop
                0x000000000001788c                uip_ds6_prefix_add
                0x0000000000017953                uip_ds6_prefix_rm
                0x0000000000017970                uip_ds6_prefix_lookup
                0x00000000000179c3                uip_ds6_is_addr_onlink
                0x0000000000017a50                uip_ds6_addr_add
                0x0000000000017b92                uip_ds6_addr_rm
                0x0000000000017c51                uip_ds6_addr_lookup
                0x0000000000017ca1                uip_ds6_get_link_local
                0x0000000000017d3f                uip_ds6_get_global
                0x0000000000017ddd                uip_ds6_maddr_add
                0x0000000000017e59                uip_ds6_maddr_rm
                0x0000000000017e76                uip_ds6_maddr_lookup
                0x0000000000017ec9                uip_ds6_aaddr_add
                0x0000000000017f42                uip_ds6_aaddr_rm
                0x0000000000017f5f                uip_ds6_aaddr_lookup
                0x0000000000017faf                uip_ds6_select_src
                0x000000000001811d                uip_ds6_set_addr_iid
                0x0000000000018152                uip_ds6_set_lladdr_from_iid
                0x0000000000018185                get_match_length
                0x0000000000018220                uip_ds6_compute_reachable_time
 .text          0x0000000000018276      0x152 build/cooja/mtype604.a(uip-udp-packet.)
                0x0000000000018276                uip_udp_packet_send
                0x00000000000182ef                uip_udp_packet_sendto
 .text          0x00000000000183c8      0x453 build/cooja/mtype604.a(uip-ds6-route.o)
                0x000000000001842a                uip_ds6_route_init
                0x0000000000018466                uip_ds6_route_count_nexthop_neighbors
                0x000000000001847a                uip_ds6_route_nexthop
                0x000000000001848e                uip_ds6_route_head
                0x00000000000184a2                uip_ds6_route_next
                0x00000000000184b6                uip_ds6_route_is_nexthop
                0x00000000000184ca                uip_ds6_route_num_routes
                0x00000000000184de                uip_ds6_route_lookup
                0x00000000000184f2                uip_ds6_route_add
                0x000000000001850f                uip_ds6_route_rm
                0x000000000001851f                uip_ds6_route_rm_by_nexthop
                0x000000000001852f                uip_ds6_defrt_head
                0x0000000000018559                uip_ds6_defrt_add
                0x0000000000018619                uip_ds6_defrt_rm
                0x0000000000018692                uip_ds6_defrt_lookup
                0x0000000000018709                uip_ds6_defrt_choose
                0x000000000001878f                uip_ds6_defrt_periodic
 .text          0x000000000001881b      0x870 build/cooja/mtype604.a(tcpip.o)
                0x0000000000018841                tcpip_output
                0x00000000000188f0                udp_attach
                0x0000000000018912                udp_new
                0x000000000001896c                udp_broadcast_new
                0x0000000000018b0c                tcpip_input
                0x0000000000018d02                tcpip_ipv6_output
                0x0000000000018f3e                tcpip_poll_udp
                0x0000000000018f6e                tcpip_uipcall
 .text          0x000000000001908b     0x1520 build/cooja/mtype604.a(uip6.o)
                0x0000000000019144                uip_chksum
                0x000000000001923c                uip_icmp6chksum
                0x000000000001925b                uip_udpchksum
                0x000000000001927a                uip_init
                0x00000000000192d9                uip_remove_ext_hdr
                0x00000000000193d4                uip_udp_new
                0x000000000001974d                uip_process
                0x000000000001a43b                uip_htons
                0x000000000001a467                uip_htonl
                0x000000000001a4b1                uip_send
 .text          0x000000000001a5ab      0x43e build/cooja/mtype604.a(uip-ds6-nbr.o)
                0x000000000001a5ab                uip_ds6_neighbors_init
                0x000000000001a5e1                uip_ds6_nbr_add
                0x000000000001a67b                uip_ds6_nbr_rm
                0x000000000001a6da                uip_ds6_nbr_update_ll
                0x000000000001a7d7                uip_ds6_nbr_get_ipaddr
                0x000000000001a7f6                uip_ds6_nbr_get_ll
                0x000000000001a823                uip_ds6_nbr_num
                0x000000000001a87d                uip_ds6_nbr_head
                0x000000000001a8a7                uip_ds6_nbr_next
                0x000000000001a8d4                uip_ds6_nbr_lookup
                0x000000000001a93b                uip_ds6_nbr_ll_lookup
                0x000000000001a968                uip_ds6_nbr_ipaddr_from_lladdr
                0x000000000001a99b                uip_ds6_nbr_lladdr_from_ipaddr
                0x000000000001a9d9                uip_ds6_link_callback
 .text          0x000000000001a9e9      0x810 build/cooja/mtype604.a(uip-nd6.o)
                0x000000000001b1ce                uip_nd6_init
 .text          0x000000000001b1f9     0x33b0 build/cooja/mtype604.a(sicslowpan.o)
                0x000000000001b8f7                netstack_sniffer_add
                0x000000000001b910                netstack_sniffer_remove
                0x000000000001e568                sicslowpan_init
                0x000000000001e594                sicslowpan_get_last_rssi
 .text          0x000000000001e5a9      0x51a build/cooja/mtype604.a(uiplib.o)
                0x000000000001e5a9                uiplib_ip6addrconv
                0x000000000001e76f                uiplib_ip4addrconv
                0x000000000001e83c                uiplib_ipaddr_print
                0x000000000001e8a0                uiplib_ipaddr_snprint
 .text          0x000000000001eac3      0x610 build/cooja/mtype604.a(rpl.o)
                0x000000000001eac3                rpl_lollipop_greater_than
                0x000000000001eb26                rpl_get_global_address
                0x000000000001ec5c                rpl_link_callback
                0x000000000001ecbf                rpl_has_joined
                0x000000000001ecf5                rpl_is_reachable
                0x000000000001ed98                rpl_reset_prefix
                0x000000000001ee14                rpl_set_prefix_from_addr
                0x000000000001ef26                rpl_set_prefix
                0x000000000001f09a                rpl_set_leaf_only
                0x000000000001f0bd                rpl_get_leaf_only
 .text          0x000000000001f0d3     0x1491 build/cooja/mtype604.a(rpl-icmp6.o)
                0x000000000001f230                rpl_icmp6_update_nbr_table
                0x000000000001f2e2                rpl_icmp6_dis_output
                0x000000000001f8f7                rpl_icmp6_dio_output
                0x0000000000020150                rpl_icmp6_dao_output
                0x000000000002047d                rpl_icmp6_dao_ack_output
                0x0000000000020504                rpl_icmp6_init
 .text          0x0000000000020564      0x2e4 build/cooja/mtype604.a(rpl-dag-root.o)
                0x0000000000020564                rpl_dag_root_print_links
                0x00000000000206bd                rpl_dag_root_set_prefix
                0x00000000000206f8                rpl_dag_root_start
                0x0000000000020806                rpl_dag_root_is_root
 .text          0x0000000000020848       0x6b build/cooja/mtype604.a(watchdog.o)
                0x0000000000020848                watchdog_init
                0x0000000000020858                watchdog_start
                0x0000000000020868                watchdog_periodic
                0x0000000000020893                watchdog_stop
                0x00000000000208a3                watchdog_reboot
 .text          0x00000000000208b3       0x75 build/cooja/mtype604.a(int-master.o)
                0x00000000000208b3                int_master_enable
                0x00000000000208cd                int_master_read_and_disable
                0x00000000000208f5                int_master_status_set
                0x000000000002090e                int_master_is_enabled
 .text          0x0000000000020928      0x2bc build/cooja/mtype604.a(coap-timer-defa)
 .text          0x0000000000020be4      0x11d build/cooja/mtype604.a(stimer.o)
                0x0000000000020be4                stimer_set
                0x0000000000020c13                stimer_reset
                0x0000000000020c4a                stimer_restart
                0x0000000000020c70                stimer_expired
                0x0000000000020cac                stimer_remaining
                0x0000000000020cd8                stimer_elapsed
 .text          0x0000000000020d01      0x188 build/cooja/mtype604.a(ringbuf.o)
                0x0000000000020d01                ringbuf_init
                0x0000000000020d3d                ringbuf_put
                0x0000000000020dc5                ringbuf_get
                0x0000000000020e3c                ringbuf_size
                0x0000000000020e58                ringbuf_elements
 .text          0x0000000000020e89       0x31 build/cooja/mtype604.a(assert.o)
                0x0000000000020e89                _xassert
 .text          0x0000000000020eba      0xb68 build/cooja/mtype604.a(nbr-table.o)
                0x000000000002125c                nbr_table_count_entries
                0x0000000000021309                nbr_table_gc_get_worst
                0x0000000000021349                nbr_table_can_accept_new
                0x00000000000214d2                nbr_table_entry_is_allowed
                0x0000000000021572                nbr_table_register
                0x00000000000215f0                nbr_table_is_registered
                0x0000000000021635                nbr_table_head
                0x00000000000216a2                nbr_table_next
                0x0000000000021714                nbr_table_add_lladdr
                0x0000000000021863                nbr_table_get_from_lladdr
                0x00000000000218c0                nbr_table_remove
                0x000000000002190b                nbr_table_lock
                0x0000000000021931                nbr_table_unlock
                0x0000000000021957                nbr_table_get_lladdr
                0x000000000002198d                nbr_table_clear
                0x00000000000219d2                nbr_table_key_head
                0x00000000000219fc                nbr_table_key_next
 .text          0x0000000000021a22      0x450 build/cooja/mtype604.a(link-stats.o)
                0x0000000000021a22                link_stats_from_lladdr
                0x0000000000021a4f                link_stats_get_lladdr
                0x0000000000021a7c                link_stats_is_fresh
                0x0000000000021ac9                guess_etx_from_rssi
                0x0000000000021b4f                link_stats_packet_sent
                0x0000000000021c93                link_stats_input_callback
                0x0000000000021dc7                link_stats_reset
                0x0000000000021e29                link_stats_init
 .text          0x0000000000021e72      0x1a8 build/cooja/mtype604.a(mac-sequence.o)
                0x0000000000021e72                mac_sequence_is_duplicate
                0x0000000000021f32                mac_sequence_register_seqno
 .text          0x000000000002201a       0x2d build/cooja/mtype604.a(mac.o)
                0x000000000002201a                mac_call_sent_callback
 .text          0x0000000000022047      0x477 build/cooja/mtype604.a(framer-802154.o)
                0x00000000000221ea                framer_802154_setup_params
 .text          0x00000000000224be      0xc1a build/cooja/mtype604.a(frame802154.o)
                0x00000000000224f9                frame802154_get_pan_id
                0x000000000002250f                frame802154_set_pan_id
                0x0000000000022534                frame802154_has_panid
                0x00000000000226ed                frame802154_check_dest_panid
                0x000000000002277f                frame802154_is_broadcast_addr
                0x00000000000227d6                frame802154_extract_linkaddr
                0x0000000000022a5f                frame802154_hdrlen
                0x0000000000022adc                frame802154_create_fcf
                0x0000000000022b9e                frame802154_create
                0x0000000000022d29                frame802154_parse_fcf
                0x0000000000022e15                frame802154_parse
 .text          0x00000000000230d8       0x4e build/cooja/mtype604.a(csma-security.o)
                0x00000000000230d8                csma_security_create_frame
                0x0000000000023109                csma_security_parse_frame
 .text          0x0000000000023126      0x5d3 build/cooja/mtype604.a(uipbuf.o)
                0x0000000000023126                uipbuf_clear
                0x000000000002315d                uipbuf_add_ext_hdr
                0x00000000000231f8                uipbuf_set_len
                0x0000000000023232                uipbuf_set_len_field
                0x0000000000023268                uipbuf_get_len_field
                0x0000000000023292                uipbuf_get_next_header
                0x00000000000233e3                uipbuf_get_last_header
                0x0000000000023466                uipbuf_search_header
                0x000000000002352a                uipbuf_get_attr
                0x000000000002355b                uipbuf_set_attr
                0x000000000002359c                uipbuf_set_default_attr
                0x00000000000235dd                uipbuf_clear_attr
                0x000000000002361d                uipbuf_set_attr_flag
                0x0000000000023649                uipbuf_clr_attr_flag
                0x000000000002367b                uipbuf_is_attr_flag
                0x00000000000236a9                uipbuf_init
 .text          0x00000000000236f9      0x8b7 build/cooja/mtype604.a(uip-icmp6.o)
                0x000000000002377e                uip_icmp6_input
                0x00000000000237df                uip_icmp6_register_input_handler
                0x0000000000023993                uip_icmp6_error_output
                0x0000000000023cd5                uip_icmp6_send
                0x0000000000023f03                uip_icmp6_echo_reply_callback_add
                0x0000000000023f46                uip_icmp6_echo_reply_callback_rm
                0x0000000000023f74                uip_icmp6_init
 .text          0x0000000000023fb0      0x772 build/cooja/mtype604.a(uip-sr.o)
                0x0000000000023fb0                uip_sr_num_nodes
                0x000000000002405c                uip_sr_get_node
                0x00000000000240c3                uip_sr_is_addr_reachable
                0x0000000000024180                uip_sr_expire_parent
                0x00000000000241d3                uip_sr_update_node
                0x0000000000024317                uip_sr_init
                0x000000000002435d                uip_sr_node_head
                0x0000000000024387                uip_sr_node_next
                0x00000000000243ad                uip_sr_periodic
                0x00000000000244c9                uip_sr_free_all
                0x000000000002454e                uip_sr_link_snprint
 .text          0x0000000000024722      0x1a5 build/cooja/mtype604.a(uip-packetqueue)
                0x0000000000024762                uip_packetqueue_new
                0x000000000002477b                uip_packetqueue_alloc
                0x00000000000247ea                uip_packetqueue_free
                0x0000000000024842                uip_packetqueue_buf
                0x0000000000024869                uip_packetqueue_buflen
                0x0000000000024894                uip_packetqueue_set_buflen
 .text          0x00000000000248c7       0x8d build/cooja/mtype604.a(rpl-nbr-policy.)
                0x0000000000024913                rpl_nbr_gc_get_worst
 .text          0x0000000000024954      0xaad build/cooja/mtype604.a(rpl-neighbor.o)
                0x00000000000249f0                rpl_neighbor_snprint
                0x0000000000024cd8                rpl_neighbor_print_list
                0x0000000000024dab                rpl_neighbor_count
                0x0000000000024e8e                rpl_neighbor_get_from_lladdr
                0x0000000000024ebb                rpl_neighbor_is_acceptable_parent
                0x0000000000024f01                rpl_neighbor_get_link_metric
                0x0000000000024f47                rpl_neighbor_rank_via_nbr
                0x0000000000024f8d                rpl_neighbor_get_lladdr
                0x0000000000024fba                rpl_neighbor_get_ipaddr
                0x0000000000024ff0                rpl_neighbor_get_link_stats
                0x0000000000025026                rpl_neighbor_is_fresh
                0x000000000002505c                rpl_neighbor_is_parent
                0x0000000000025093                rpl_neighbor_set_preferred_parent
                0x000000000002514d                rpl_neighbor_remove_all
                0x00000000000251ba                rpl_neighbor_get_from_ipaddr
                0x00000000000252f4                rpl_neighbor_select_best
                0x00000000000253cf                rpl_neighbor_init
 .text          0x0000000000025401     0x11f4 build/cooja/mtype604.a(rpl-dag.o)
                0x0000000000025401                rpl_dag_state_to_str
                0x000000000002544f                rpl_dag_get_root_ipaddr
                0x000000000002549f                rpl_dag_leave
                0x0000000000025555                rpl_dag_poison_and_leave
                0x0000000000025581                rpl_dag_periodic
                0x0000000000025646                rpl_is_addr_in_our_dag
                0x00000000000256a5                rpl_get_default_instance
                0x00000000000256cf                rpl_get_any_dag
                0x0000000000025745                rpl_refresh_routes
                0x00000000000257a8                rpl_global_repair
                0x0000000000025879                rpl_local_repair
                0x00000000000258de                rpl_dag_ready_to_advertise
                0x0000000000025937                rpl_dag_update_state
                0x00000000000261b3                rpl_process_dio
                0x000000000002624e                rpl_process_dis
                0x00000000000262a4                rpl_process_dao
                0x0000000000026345                rpl_process_dao_ack
                0x0000000000026401                rpl_process_hbh
                0x0000000000026461                rpl_dag_init_root
                0x00000000000265c3                rpl_dag_init
 .text          0x00000000000265f5      0xd8d build/cooja/mtype604.a(rpl-timers.o)
                0x00000000000265f5                rpl_timers_schedule_periodic_dis
                0x000000000002679f                rpl_timers_dio_reset
                0x0000000000026917                rpl_timers_schedule_unicast_dio
                0x0000000000026aea                rpl_timers_schedule_dao
                0x0000000000026bf0                rpl_timers_schedule_dao_ack
                0x0000000000026cbf                rpl_timers_notify_dao_ack
                0x0000000000026d45                get_probing_delay
                0x0000000000026d8a                get_probing_target
                0x0000000000026fbf                rpl_schedule_probing
                0x000000000002700b                rpl_schedule_probing_now
                0x00000000000270a5                rpl_timers_unschedule_leaving
                0x00000000000270ff                rpl_timers_schedule_leaving
                0x0000000000027164                rpl_timers_init
                0x0000000000027226                rpl_timers_stop_dag_timers
                0x00000000000272e3                rpl_timers_unschedule_state_update
                0x000000000002731f                rpl_timers_schedule_state_update
 .text          0x0000000000027382      0xd42 build/cooja/mtype604.a(rpl-ext-header.)
                0x0000000000027382                rpl_ext_header_srh_get_next_hop
                0x000000000002748d                rpl_ext_header_srh_update
                0x0000000000027abf                rpl_ext_header_hbh_update
                0x0000000000027e3e                rpl_ext_header_update
                0x0000000000027eed                rpl_ext_header_remove
 .text          0x00000000000280c4      0x39b build/cooja/mtype604.a(rpl-mrhof.o)
 *fill*         0x000000000002845f        0x1 
 .text          0x0000000000028460      0x116 /usr/lib/gcc/i686-linux-gnu/7/libgcc.a(_udivdi3.o)
                0x0000000000028460                __udivdi3
 *fill*         0x0000000000028576        0xa 
 .text          0x0000000000028580       0x14 /usr/lib/i386-linux-gnu/libc_nonshared.a(stack_chk_fail_local.oS)
                0x0000000000028580                __stack_chk_fail_local
 .text          0x0000000000028594        0x0 /usr/lib/gcc/i686-linux-gnu/7/crtendS.o
 .text          0x0000000000028594        0x0 /usr/lib/gcc/i686-linux-gnu/7/../../../i386-linux-gnu/crtn.o
 *(.gnu.warning)

.fini           0x0000000000028594       0x14
 *(SORT_NONE(.fini))
 .fini          0x0000000000028594        0xf /usr/lib/gcc/i686-linux-gnu/7/../../../i386-linux-gnu/crti.o
                0x0000000000028594                _fini
 .fini          0x00000000000285a3        0x5 /usr/lib/gcc/i686-linux-gnu/7/../../../i386-linux-gnu/crtn.o
                [!provide]                        PROVIDE (__etext = .)
                [!provide]                        PROVIDE (_etext = .)
                [!provide]                        PROVIDE (etext = .)

.rodata         0x00000000000285a8      0xa1f
 *(.rodata .rodata.* .gnu.linkonce.r.*)
 .rodata        0x00000000000285a8      0x10e glucose-server.o
 *fill*         0x00000000000286b6        0x2 
 .rodata        0x00000000000286b8        0x6 build/cooja/mtype604.a(leds-arch.o)
                0x00000000000286b8                leds_arch_leds
 .rodata        0x00000000000286be        0x4 build/cooja/mtype604.a(pir-sensor.o)
 .rodata        0x00000000000286c2        0x6 build/cooja/mtype604.a(rs232.o)
 .rodata        0x00000000000286c8        0xa build/cooja/mtype604.a(vib-sensor.o)
 *fill*         0x00000000000286d2        0x2 
 .rodata        0x00000000000286d4       0x27 build/cooja/mtype604.a(cfs-cooja.o)
 *fill*         0x00000000000286fb        0x1 
 .rodata        0x00000000000286fc       0x68 build/cooja/mtype604.a(cooja-radio.o)
 .rodata        0x0000000000028764        0x8 build/cooja/mtype604.a(sensors.o)
 .rodata        0x000000000002876c       0x14 build/cooja/mtype604.a(buttons.o)
                0x0000000000028778                button_hal_button_count
 .rodata        0x0000000000028780       0x56 build/cooja/mtype604.a(res-alarm.o)
 *fill*         0x00000000000287d6        0x2 
 .rodata        0x00000000000287d8       0xfb build/cooja/mtype604.a(res-glucose.o)
 .rodata        0x00000000000288d3       0x41 build/cooja/mtype604.a(coap-engine.o)
 .rodata        0x0000000000028914       0x19 build/cooja/mtype604.a(coap-res-well-k)
 .rodata        0x000000000002892d       0x11 build/cooja/mtype604.a(coap-observe.o)
 .rodata        0x000000000002893e       0x35 build/cooja/mtype604.a(coap-uip.o)
 *fill*         0x0000000000028973        0x1 
 .rodata        0x0000000000028974      0x1ac build/cooja/mtype604.a(coap.o)
 .rodata        0x0000000000028b20       0xfc build/cooja/mtype604.a(contiki-main.o)
 .rodata        0x0000000000028c1c        0xf build/cooja/mtype604.a(ctimer.o)
 *fill*         0x0000000000028c2b        0x1 
 .rodata        0x0000000000028c2c       0xc4 build/cooja/mtype604.a(log.o)
 .rodata        0x0000000000028cf0        0xc build/cooja/mtype604.a(etimer.o)
 .rodata        0x0000000000028cfc       0x13 build/cooja/mtype604.a(button-hal.o)
 .rodata        0x0000000000028d0f        0xe build/cooja/mtype604.a(serial-line.o)
 *fill*         0x0000000000028d1d        0x3 
 .rodata        0x0000000000028d20        0x8 build/cooja/mtype604.a(linkaddr.o)
                0x0000000000028d20                linkaddr_null
 .rodata        0x0000000000028d28        0x5 build/cooja/mtype604.a(csma.o)
 *fill*         0x0000000000028d2d        0x3 
 .rodata        0x0000000000028d30       0x2a build/cooja/mtype604.a(csma-output.o)
 *fill*         0x0000000000028d5a        0x2 
 .rodata        0x0000000000028d5c       0x4d build/cooja/mtype604.a(uip-ds6-route.o)
 .rodata        0x0000000000028da9        0xd build/cooja/mtype604.a(tcpip.o)
 *fill*         0x0000000000028db6        0x2 
 .rodata        0x0000000000028db8       0x1f build/cooja/mtype604.a(sicslowpan.o)
                0x0000000000028db8                unc_llconf
                0x0000000000028dbc                unc_ctxconf
                0x0000000000028dc0                unc_mxconf
                0x0000000000028dc4                llprefix
 .rodata        0x0000000000028dd7       0x2d build/cooja/mtype604.a(uiplib.o)
 .rodata        0x0000000000028e04        0x9 build/cooja/mtype604.a(rpl.o)
 .rodata        0x0000000000028e0d       0x13 build/cooja/mtype604.a(coap-timer-defa)
 .rodata        0x0000000000028e20       0x25 build/cooja/mtype604.a(assert.o)
 .rodata        0x0000000000028e45       0x44 build/cooja/mtype604.a(uip-sr.o)
 *fill*         0x0000000000028e89        0x3 
 .rodata        0x0000000000028e8c       0x58 build/cooja/mtype604.a(rpl-neighbor.o)
 .rodata        0x0000000000028ee4       0xd7 build/cooja/mtype604.a(rpl-dag.o)
 .rodata        0x0000000000028fbb        0xc build/cooja/mtype604.a(rpl-timers.o)

.rodata1
 *(.rodata1)

.eh_frame_hdr   0x0000000000028fc8     0x1a6c
 *(.eh_frame_hdr)
 .eh_frame_hdr  0x0000000000028fc8     0x1a6c glucose-server.o
                0x0000000000028fc8                __GNU_EH_FRAME_HDR
 *(.eh_frame_entry .eh_frame_entry.*)

.eh_frame       0x000000000002aa34     0x7250
 *(.eh_frame)
 .eh_frame      0x000000000002aa34       0x3c /usr/lib/gcc/i686-linux-gnu/7/../../../i386-linux-gnu/crti.o
                                         0x40 (size before relaxing)
 .eh_frame      0x000000000002aa70       0x14 /usr/lib/gcc/i686-linux-gnu/7/../../../i386-linux-gnu/crti.o
                                         0x2c (size before relaxing)
 .eh_frame      0x000000000002aa84       0x6c glucose-server.o
                                         0x98 (size before relaxing)
 .eh_frame      0x000000000002aaf0      0x1ac build/cooja/mtype604.o
                                        0x1ec (size before relaxing)
 .eh_frame      0x000000000002ac9c       0x48 build/cooja/mtype604.a(simEnvChange.o)
                                         0x74 (size before relaxing)
 .eh_frame      0x000000000002ace4       0x6c build/cooja/mtype604.a(cooja_mt.o)
                                         0x98 (size before relaxing)
 .eh_frame      0x000000000002ad50       0x88 build/cooja/mtype604.a(cooja_mtarch.o)
                                         0xc8 (size before relaxing)
 .eh_frame      0x000000000002add8       0xe4 build/cooja/mtype604.a(rtimer-arch.o)
                                        0x110 (size before relaxing)
 .eh_frame      0x000000000002aebc      0x160 build/cooja/mtype604.a(beep.o)
                                        0x18c (size before relaxing)
 .eh_frame      0x000000000002b01c       0x88 build/cooja/mtype604.a(leds-arch.o)
                                         0xc8 (size before relaxing)
 .eh_frame      0x000000000002b0a4       0x44 build/cooja/mtype604.a(moteid.o)
                                         0x70 (size before relaxing)
 .eh_frame      0x000000000002b0e8       0xa4 build/cooja/mtype604.a(pir-sensor.o)
                                         0xe4 (size before relaxing)
 .eh_frame      0x000000000002b18c      0x110 build/cooja/mtype604.a(rs232.o)
                                        0x150 (size before relaxing)
 .eh_frame      0x000000000002b29c       0xa4 build/cooja/mtype604.a(vib-sensor.o)
                                         0xe4 (size before relaxing)
 .eh_frame      0x000000000002b340       0xc0 build/cooja/mtype604.a(clock.o)
                                         0xec (size before relaxing)
 .eh_frame      0x000000000002b400      0x130 build/cooja/mtype604.a(cooja-log.o)
                                        0x170 (size before relaxing)
 .eh_frame      0x000000000002b530      0x16c build/cooja/mtype604.a(cfs-cooja.o)
                                        0x1ac (size before relaxing)
 .eh_frame      0x000000000002b69c      0x374 build/cooja/mtype604.a(cooja-radio.o)
                                        0x3b4 (size before relaxing)
 .eh_frame      0x000000000002ba10       0xa8 build/cooja/mtype604.a(eeprom.o)
                                         0xe8 (size before relaxing)
 .eh_frame      0x000000000002bab8       0x48 build/cooja/mtype604.a(random.o)
                                         0x74 (size before relaxing)
 .eh_frame      0x000000000002bb00       0xd0 build/cooja/mtype604.a(sensors.o)
                                        0x110 (size before relaxing)
 .eh_frame      0x000000000002bbd0      0x140 build/cooja/mtype604.a(leds.o)
                                        0x180 (size before relaxing)
 .eh_frame      0x000000000002bd10      0x228 build/cooja/mtype604.a(gpio-hal-arch.o)
                                        0x27c (size before relaxing)
 .eh_frame      0x000000000002bf38       0xa4 build/cooja/mtype604.a(buttons.o)
                                         0xe4 (size before relaxing)
 .eh_frame      0x000000000002bfdc       0x24 build/cooja/mtype604.a(res-alarm.o)
                                         0x50 (size before relaxing)
 .eh_frame      0x000000000002c000       0x6c build/cooja/mtype604.a(res-glucose.o)
                                         0x98 (size before relaxing)
 .eh_frame      0x000000000002c06c       0x48 build/cooja/mtype604.a(coap-blocking-a)
                                         0x88 (size before relaxing)
 .eh_frame      0x000000000002c0b4      0x24c build/cooja/mtype604.a(coap-engine.o)
                                        0x28c (size before relaxing)
 .eh_frame      0x000000000002c300       0x2c build/cooja/mtype604.a(coap-res-well-k)
                                         0x58 (size before relaxing)
 .eh_frame      0x000000000002c32c      0x1b4 build/cooja/mtype604.a(coap-observe.o)
                                        0x1f4 (size before relaxing)
 .eh_frame      0x000000000002c4e0      0x278 build/cooja/mtype604.a(coap-uip.o)
                                        0x2b8 (size before relaxing)
 .eh_frame      0x000000000002c758      0x128 build/cooja/mtype604.a(coap-timer.o)
                                        0x168 (size before relaxing)
 .eh_frame      0x000000000002c880      0x110 build/cooja/mtype604.a(coap-transactio)
                                        0x150 (size before relaxing)
 .eh_frame      0x000000000002c990      0x72c build/cooja/mtype604.a(coap.o)
                                        0x76c (size before relaxing)
 .eh_frame      0x000000000002d0bc       0x38 build/cooja/mtype604.a(contiki-main.o)
                                         0x64 (size before relaxing)
 .eh_frame      0x000000000002d0f4       0x48 build/cooja/mtype604.a(autostart.o)
                                         0x74 (size before relaxing)
 .eh_frame      0x000000000002d13c      0x11c build/cooja/mtype604.a(ctimer.o)
                                        0x15c (size before relaxing)
 .eh_frame      0x000000000002d258      0x144 build/cooja/mtype604.a(log.o)
                                        0x184 (size before relaxing)
 .eh_frame      0x000000000002d39c       0x60 build/cooja/mtype604.a(energest.o)
                                         0x8c (size before relaxing)
 .eh_frame      0x000000000002d3fc      0x204 build/cooja/mtype604.a(etimer.o)
                                        0x244 (size before relaxing)
 .eh_frame      0x000000000002d600       0x20 build/cooja/mtype604.a(node-id.o)
                                         0x4c (size before relaxing)
 .eh_frame      0x000000000002d620       0x6c build/cooja/mtype604.a(rtimer.o)
                                         0xc0 (size before relaxing)
 .eh_frame      0x000000000002d68c      0x1ec build/cooja/mtype604.a(process.o)
                                        0x22c (size before relaxing)
 .eh_frame      0x000000000002d878       0xb4 build/cooja/mtype604.a(timer.o)
                                         0xe0 (size before relaxing)
 .eh_frame      0x000000000002d92c      0x1a0 build/cooja/mtype604.a(list.o)
                                        0x1cc (size before relaxing)
 .eh_frame      0x000000000002dacc       0xa4 build/cooja/mtype604.a(memb.o)
                                         0xe4 (size before relaxing)
 .eh_frame      0x000000000002db70      0x188 build/cooja/mtype604.a(button-hal.o)
                                        0x1c8 (size before relaxing)
 .eh_frame      0x000000000002dcf8       0x6c build/cooja/mtype604.a(serial-line.o)
                                         0x98 (size before relaxing)
 .eh_frame      0x000000000002dd64       0xfc build/cooja/mtype604.a(gpio-hal.o)
                                        0x13c (size before relaxing)
 .eh_frame      0x000000000002de60      0x1c0 build/cooja/mtype604.a(queuebuf.o)
                                        0x200 (size before relaxing)
 .eh_frame      0x000000000002e020      0x2b0 build/cooja/mtype604.a(packetbuf.o)
                                        0x2f0 (size before relaxing)
 .eh_frame      0x000000000002e2d0       0x90 build/cooja/mtype604.a(netstack.o)
                                         0xd0 (size before relaxing)
 .eh_frame      0x000000000002e360       0x64 build/cooja/mtype604.a(linkaddr.o)
                                         0x90 (size before relaxing)
 .eh_frame      0x000000000002e3c4       0xf0 build/cooja/mtype604.a(csma.o)
                                        0x130 (size before relaxing)
 .eh_frame      0x000000000002e4b4      0x1f8 build/cooja/mtype604.a(csma-output.o)
                                        0x238 (size before relaxing)
 .eh_frame      0x000000000002e6ac      0x364 build/cooja/mtype604.a(uip-ds6.o)
                                        0x3a4 (size before relaxing)
 .eh_frame      0x000000000002ea10       0x44 build/cooja/mtype604.a(uip-udp-packet.)
                                         0x84 (size before relaxing)
 .eh_frame      0x000000000002ea54      0x260 build/cooja/mtype604.a(uip-ds6-route.o)
                                        0x2a0 (size before relaxing)
 .eh_frame      0x000000000002ecb4      0x270 build/cooja/mtype604.a(tcpip.o)
                                        0x2b0 (size before relaxing)
 .eh_frame      0x000000000002ef24      0x20c build/cooja/mtype604.a(uip6.o)
                                        0x24c (size before relaxing)
 .eh_frame      0x000000000002f130      0x1e8 build/cooja/mtype604.a(uip-ds6-nbr.o)
                                        0x228 (size before relaxing)
 .eh_frame      0x000000000002f318       0x8c build/cooja/mtype604.a(uip-nd6.o)
                                         0xe0 (size before relaxing)
 .eh_frame      0x000000000002f3a4      0x354 build/cooja/mtype604.a(sicslowpan.o)
                                        0x3a8 (size before relaxing)
 .eh_frame      0x000000000002f6f8       0x9c build/cooja/mtype604.a(uiplib.o)
                                         0xdc (size before relaxing)
 .eh_frame      0x000000000002f794      0x1fc build/cooja/mtype604.a(rpl.o)
                                        0x23c (size before relaxing)
 .eh_frame      0x000000000002f990      0x1f0 build/cooja/mtype604.a(rpl-icmp6.o)
                                        0x230 (size before relaxing)
 .eh_frame      0x000000000002fb80       0xb0 build/cooja/mtype604.a(rpl-dag-root.o)
                                         0xf0 (size before relaxing)
 .eh_frame      0x000000000002fc30       0xa4 build/cooja/mtype604.a(watchdog.o)
                                         0xd0 (size before relaxing)
 .eh_frame      0x000000000002fcd4       0x80 build/cooja/mtype604.a(int-master.o)
                                         0xac (size before relaxing)
 .eh_frame      0x000000000002fd54       0xc4 build/cooja/mtype604.a(coap-timer-defa)
                                        0x104 (size before relaxing)
 .eh_frame      0x000000000002fe18       0xd8 build/cooja/mtype604.a(stimer.o)
                                        0x104 (size before relaxing)
 .eh_frame      0x000000000002fef0       0xa0 build/cooja/mtype604.a(ringbuf.o)
                                         0xcc (size before relaxing)
 .eh_frame      0x000000000002ff90       0x24 build/cooja/mtype604.a(assert.o)
                                         0x50 (size before relaxing)
 .eh_frame      0x000000000002ffb4      0x428 build/cooja/mtype604.a(nbr-table.o)
                                        0x468 (size before relaxing)
 .eh_frame      0x00000000000303dc      0x140 build/cooja/mtype604.a(link-stats.o)
                                        0x180 (size before relaxing)
 .eh_frame      0x000000000003051c       0x50 build/cooja/mtype604.a(mac-sequence.o)
                                         0x7c (size before relaxing)
 .eh_frame      0x000000000003056c       0x20 build/cooja/mtype604.a(mac.o)
                                         0x4c (size before relaxing)
 .eh_frame      0x000000000003058c       0xb4 build/cooja/mtype604.a(framer-802154.o)
                                         0xf4 (size before relaxing)
 .eh_frame      0x0000000000030640      0x1b0 build/cooja/mtype604.a(frame802154.o)
                                        0x1f0 (size before relaxing)
 .eh_frame      0x00000000000307f0       0x44 build/cooja/mtype604.a(csma-security.o)
                                         0x84 (size before relaxing)
 .eh_frame      0x0000000000030834      0x204 build/cooja/mtype604.a(uipbuf.o)
                                        0x230 (size before relaxing)
 .eh_frame      0x0000000000030a38      0x170 build/cooja/mtype604.a(uip-icmp6.o)
                                        0x1b0 (size before relaxing)
 .eh_frame      0x0000000000030ba8      0x1ac build/cooja/mtype604.a(uip-sr.o)
                                        0x1ec (size before relaxing)
 .eh_frame      0x0000000000030d54       0xec build/cooja/mtype604.a(uip-packetqueue)
                                        0x12c (size before relaxing)
 .eh_frame      0x0000000000030e40       0x48 build/cooja/mtype604.a(rpl-nbr-policy.)
                                         0x88 (size before relaxing)
 .eh_frame      0x0000000000030e88      0x2ec build/cooja/mtype604.a(rpl-neighbor.o)
                                        0x340 (size before relaxing)
 .eh_frame      0x0000000000031174      0x3c0 build/cooja/mtype604.a(rpl-dag.o)
                                        0x414 (size before relaxing)
 .eh_frame      0x0000000000031534      0x418 build/cooja/mtype604.a(rpl-timers.o)
                                        0x458 (size before relaxing)
 .eh_frame      0x000000000003194c      0x144 build/cooja/mtype604.a(rpl-ext-header.)
                                        0x184 (size before relaxing)
 .eh_frame      0x0000000000031a90      0x150 build/cooja/mtype604.a(rpl-mrhof.o)
                                        0x190 (size before relaxing)
 .eh_frame      0x0000000000031be0       0x84 /usr/lib/gcc/i686-linux-gnu/7/libgcc.a(_udivdi3.o)
                                         0x9c (size before relaxing)
 .eh_frame      0x0000000000031c64       0x1c /usr/lib/i386-linux-gnu/libc_nonshared.a(stack_chk_fail_local.oS)
                                         0x48 (size before relaxing)
 .eh_frame      0x0000000000031c80        0x4 /usr/lib/gcc/i686-linux-gnu/7/crtendS.o
 *(.eh_frame.*)

.gcc_except_table
 *(.gcc_except_table .gcc_except_table.*)

.gnu_extab
 *(.gnu_extab*)

.exception_ranges
 *(.exception_ranges .exception_ranges*)
                0x0000000000033bf8                . = DATA_SEGMENT_ALIGN (CONSTANT (MAXPAGESIZE), CONSTANT (COMMONPAGESIZE))

.eh_frame
 *(.eh_frame)
 *(.eh_frame.*)

.gnu_extab
 *(.gnu_extab)

.gcc_except_table
 *(.gcc_except_table .gcc_except_table.*)

.exception_ranges
 *(.exception_ranges .exception_ranges*)

.tdata
 *(.tdata .tdata.* .gnu.linkonce.td.*)

.tbss
 *(.tbss .tbss.* .gnu.linkonce.tb.*)
 *(.tcommon)

.preinit_array
 *(.preinit_array)

.init_array     0x0000000000033bf8        0x4
 *(SORT_BY_INIT_PRIORITY(.init_array.*) SORT_BY_INIT_PRIORITY(.ctors.*))
 *(.init_array EXCLUDE_FILE(*crtend?.o *crtend.o *crtbegin?.o *crtbegin.o) .ctors)
 .init_array    0x0000000000033bf8        0x4 /usr/lib/gcc/i686-linux-gnu/7/crtbeginS.o

.fini_array     0x0000000000033bfc        0x4
 *(SORT_BY_INIT_PRIORITY(.fini_array.*) SORT_BY_INIT_PRIORITY(.dtors.*))
 *(.fini_array EXCLUDE_FILE(*crtend?.o *crtend.o *crtbegin?.o *crtbegin.o) .dtors)
 .fini_array    0x0000000000033bfc        0x4 /usr/lib/gcc/i686-linux-gnu/7/crtbeginS.o

.ctors
 *crtbegin.o(.ctors)
 *crtbegin?.o(.ctors)
 *(EXCLUDE_FILE(*crtend?.o *crtend.o) .ctors)
 *(SORT_BY_NAME(.ctors.*))
 *(.ctors)

.dtors
 *crtbegin.o(.dtors)
 *crtbegin?.o(.dtors)
 *(EXCLUDE_FILE(*crtend?.o *crtend.o) .dtors)
 *(SORT_BY_NAME(.dtors.*))
 *(.dtors)

.jcr
 *(.jcr)

.data.rel.ro    0x0000000000033c00      0x198
 *(.data.rel.ro.local* .gnu.linkonce.d.rel.ro.local.*)
 .data.rel.ro.local
                0x0000000000033c00        0x8 glucose-server.o
                0x0000000000033c00                autostart_processes
 .data.rel.ro.local
                0x0000000000033c08        0x8 build/cooja/mtype604.a(beep.o)
                0x0000000000033c08                beep_interface
 .data.rel.ro.local
                0x0000000000033c10        0x8 build/cooja/mtype604.a(leds-arch.o)
                0x0000000000033c10                leds_interface
 .data.rel.ro.local
                0x0000000000033c18        0x8 build/cooja/mtype604.a(moteid.o)
                0x0000000000033c18                moteid_interface
 .data.rel.ro.local
                0x0000000000033c20       0x18 build/cooja/mtype604.a(pir-sensor.o)
                0x0000000000033c20                pir_interface
                0x0000000000033c28                pir_sensor
 .data.rel.ro.local
                0x0000000000033c38        0x8 build/cooja/mtype604.a(rs232.o)
                0x0000000000033c38                rs232_interface
 .data.rel.ro.local
                0x0000000000033c40       0x18 build/cooja/mtype604.a(vib-sensor.o)
                0x0000000000033c40                vib_interface
                0x0000000000033c48                vib_sensor
 .data.rel.ro.local
                0x0000000000033c58        0x8 build/cooja/mtype604.a(clock.o)
                0x0000000000033c58                clock_interface
 .data.rel.ro.local
                0x0000000000033c60        0x8 build/cooja/mtype604.a(cooja-log.o)
                0x0000000000033c60                simlog_interface
 .data.rel.ro.local
                0x0000000000033c68        0x8 build/cooja/mtype604.a(cfs-cooja.o)
                0x0000000000033c68                cfs_interface
 *fill*         0x0000000000033c70       0x10 
 .data.rel.ro.local
                0x0000000000033c80       0x58 build/cooja/mtype604.a(cooja-radio.o)
                0x0000000000033c80                radio_interface
                0x0000000000033ca0                cooja_radio_driver
 .data.rel.ro.local
                0x0000000000033cd8        0x8 build/cooja/mtype604.a(eeprom.o)
                0x0000000000033cd8                eeprom_interface
 .data.rel.ro.local
                0x0000000000033ce0       0x18 build/cooja/mtype604.a(buttons.o)
                0x0000000000033ce0                button_interface
                0x0000000000033ce8                button_sensor
 .data.rel.ro.local
                0x0000000000033cf8       0x1c build/cooja/mtype604.a(csma.o)
                0x0000000000033cf8                csma_driver
 .data.rel.ro.local
                0x0000000000033d14       0x10 build/cooja/mtype604.a(sicslowpan.o)
                0x0000000000033d14                sicslowpan_driver
 .data.rel.ro.local
                0x0000000000033d24        0xc build/cooja/mtype604.a(coap-timer-defa)
                0x0000000000033d24                coap_timer_default_driver
 .data.rel.ro.local
                0x0000000000033d30        0xc build/cooja/mtype604.a(framer-802154.o)
                0x0000000000033d30                framer_802154
 *(.data.rel.ro .data.rel.ro.* .gnu.linkonce.d.rel.ro.*)
 .data.rel.ro   0x0000000000033d3c        0x0 /usr/lib/gcc/i686-linux-gnu/7/../../../i386-linux-gnu/crti.o
 *fill*         0x0000000000033d3c        0x4 
 .data.rel.ro   0x0000000000033d40       0x54 build/cooja/mtype604.a(rpl.o)
                0x0000000000033d40                rpl_lite_driver
 .data.rel.ro   0x0000000000033d94        0x4 build/cooja/mtype604.a(rpl-dag.o)

.dynamic        0x0000000000033d98       0xf0
 *(.dynamic)
 .dynamic       0x0000000000033d98       0xf0 /usr/lib/gcc/i686-linux-gnu/7/../../../i386-linux-gnu/crti.o
                0x0000000000033d98                _DYNAMIC

.got            0x0000000000033e88      0x160
 *(.got)
 .got           0x0000000000033e88      0x160 /usr/lib/gcc/i686-linux-gnu/7/../../../i386-linux-gnu/crti.o
 *(.igot)
                0x0000000000033ff4                . = DATA_SEGMENT_RELRO_END (., (SIZEOF (.got.plt) >= 0xc)?0xc:0x0)

.got.plt        0x0000000000034000      0x58c
 *(.got.plt)
 .got.plt       0x0000000000034000      0x58c /usr/lib/gcc/i686-linux-gnu/7/../../../i386-linux-gnu/crti.o
                0x0000000000034000                _GLOBAL_OFFSET_TABLE_
 *(.igot.plt)

.data           0x00000000000345a0      0x464
 *(.data .data.* .gnu.linkonce.d.*)
 .data          0x00000000000345a0        0x0 /usr/lib/gcc/i686-linux-gnu/7/../../../i386-linux-gnu/crti.o
 .data          0x00000000000345a0        0x0 /usr/lib/gcc/i686-linux-gnu/7/crtbeginS.o
 .data.rel.local
                0x00000000000345a0        0x4 /usr/lib/gcc/i686-linux-gnu/7/crtbeginS.o
                0x00000000000345a0                __dso_handle
 .data          0x00000000000345a4        0x0 glucose-server.o
 .data.rel.local
                0x00000000000345a4       0x14 glucose-server.o
                0x00000000000345a4                glucose_server
                0x00000000000345b4                service_url
 .data          0x00000000000345b8        0x0 build/cooja/mtype604.o
 *fill*         0x00000000000345b8        0x8 
 .data.rel      0x00000000000345c0       0x44 build/cooja/mtype604.o
                0x00000000000345c0                simInterfaces
                0x00000000000345f4                sensors
 .data          0x0000000000034604        0x0 build/cooja/mtype604.a(simEnvChange.o)
 .data          0x0000000000034604        0x0 build/cooja/mtype604.a(cooja_mt.o)
 .data          0x0000000000034604        0x0 build/cooja/mtype604.a(cooja_mtarch.o)
 .data          0x0000000000034604        0x0 build/cooja/mtype604.a(rtimer-arch.o)
 .data          0x0000000000034604        0x0 build/cooja/mtype604.a(beep.o)
 .data          0x0000000000034604        0x0 build/cooja/mtype604.a(leds-arch.o)
 .data          0x0000000000034604        0x0 build/cooja/mtype604.a(moteid.o)
 .data          0x0000000000034604        0x0 build/cooja/mtype604.a(pir-sensor.o)
 .data          0x0000000000034604        0x0 build/cooja/mtype604.a(rs232.o)
 .data          0x0000000000034604        0x0 build/cooja/mtype604.a(vib-sensor.o)
 .data          0x0000000000034604        0x0 build/cooja/mtype604.a(clock.o)
 .data          0x0000000000034604        0x0 build/cooja/mtype604.a(cooja-log.o)
 .data          0x0000000000034604        0x0 build/cooja/mtype604.a(cfs-cooja.o)
 .data          0x0000000000034604       0x20 build/cooja/mtype604.a(cooja-radio.o)
                0x0000000000034604                simRadioHWOn
                0x0000000000034608                simSignalStrength
                0x000000000003460c                simLastSignalStrength
                0x0000000000034610                simPower
                0x0000000000034614                simRadioChannel
                0x0000000000034618                simLQI
                0x000000000003461c                simLastLQI
 .data.rel.local
                0x0000000000034624       0x10 build/cooja/mtype604.a(cooja-radio.o)
                0x0000000000034624                cooja_radio_process
 .data          0x0000000000034634        0x0 build/cooja/mtype604.a(eeprom.o)
 .data          0x0000000000034634        0x0 build/cooja/mtype604.a(random.o)
 .data          0x0000000000034634        0x0 build/cooja/mtype604.a(sensors.o)
 .data.rel.local
                0x0000000000034634       0x10 build/cooja/mtype604.a(sensors.o)
                0x0000000000034634                sensors_process
 .data          0x0000000000034644        0x0 build/cooja/mtype604.a(leds.o)
 .data          0x0000000000034644        0x0 build/cooja/mtype604.a(gpio-hal-arch.o)
 .data          0x0000000000034644        0x1 build/cooja/mtype604.a(buttons.o)
                0x0000000000034644                simButtonIsActive
 *fill*         0x0000000000034645       0x1b 
 .data.rel.local
                0x0000000000034660       0x58 build/cooja/mtype604.a(buttons.o)
                0x00000000000346b0                button_hal_buttons
 .data          0x00000000000346b8        0x0 build/cooja/mtype604.a(res-alarm.o)
 *fill*         0x00000000000346b8        0x8 
 .data.rel.local
                0x00000000000346c0       0x24 build/cooja/mtype604.a(res-alarm.o)
                0x00000000000346c0                res_alarm
 .data          0x00000000000346e4        0xc build/cooja/mtype604.a(res-glucose.o)
                0x00000000000346e8                LOWER_BOUND_GLU
                0x00000000000346ec                UPPER_BOUND_GLU
 *fill*         0x00000000000346f0       0x10 
 .data.rel.local
                0x0000000000034700       0x24 build/cooja/mtype604.a(res-glucose.o)
                0x0000000000034700                res_glucose
 .data          0x0000000000034724        0x0 build/cooja/mtype604.a(coap-blocking-a)
 .data          0x0000000000034724        0x0 build/cooja/mtype604.a(coap-engine.o)
 .data.rel.local
                0x0000000000034724        0x8 build/cooja/mtype604.a(coap-engine.o)
 .data          0x000000000003472c        0x0 build/cooja/mtype604.a(coap-res-well-k)
 *fill*         0x000000000003472c       0x14 
 .data.rel.local
                0x0000000000034740       0x24 build/cooja/mtype604.a(coap-res-well-k)
                0x0000000000034740                res_well_known_core
 .data          0x0000000000034764        0x0 build/cooja/mtype604.a(coap-observe.o)
 .data.rel.local
                0x0000000000034764       0x10 build/cooja/mtype604.a(coap-observe.o)
 .data          0x0000000000034774        0x0 build/cooja/mtype604.a(coap-uip.o)
 .data.rel.local
                0x0000000000034774       0x10 build/cooja/mtype604.a(coap-uip.o)
                0x0000000000034774                coap_engine
 .data          0x0000000000034784        0x0 build/cooja/mtype604.a(coap-timer.o)
 .data.rel.local
                0x0000000000034784        0x4 build/cooja/mtype604.a(coap-timer.o)
 .data          0x0000000000034788        0x0 build/cooja/mtype604.a(coap-transactio)
 .data.rel.local
                0x0000000000034788       0x10 build/cooja/mtype604.a(coap-transactio)
 .data          0x0000000000034798        0x0 build/cooja/mtype604.a(coap.o)
 .data.rel.local
                0x0000000000034798        0x4 build/cooja/mtype604.a(coap.o)
                0x0000000000034798                coap_error_message
 .data          0x000000000003479c        0x0 build/cooja/mtype604.a(contiki-main.o)
 .data          0x000000000003479c        0x0 build/cooja/mtype604.a(autostart.o)
 .data          0x000000000003479c        0x0 build/cooja/mtype604.a(ctimer.o)
 .data.rel.local
                0x000000000003479c       0x14 build/cooja/mtype604.a(ctimer.o)
                0x00000000000347a0                ctimer_process
 .data          0x00000000000347b0        0x4 build/cooja/mtype604.a(log.o)
                0x00000000000347b0                curr_log_level_main
 *fill*         0x00000000000347b4        0xc 
 .data.rel.local
                0x00000000000347c0       0x9c build/cooja/mtype604.a(log.o)
                0x00000000000347c0                all_modules
 .data          0x000000000003485c        0x0 build/cooja/mtype604.a(energest.o)
 .data          0x000000000003485c        0x0 build/cooja/mtype604.a(etimer.o)
 .data.rel.local
                0x000000000003485c       0x10 build/cooja/mtype604.a(etimer.o)
                0x000000000003485c                etimer_process
 .data          0x000000000003486c        0x0 build/cooja/mtype604.a(node-id.o)
 .data          0x000000000003486c        0x0 build/cooja/mtype604.a(rtimer.o)
 .data          0x000000000003486c        0x0 build/cooja/mtype604.a(process.o)
 .data          0x000000000003486c        0x0 build/cooja/mtype604.a(timer.o)
 .data          0x000000000003486c        0x0 build/cooja/mtype604.a(list.o)
 .data          0x000000000003486c        0x0 build/cooja/mtype604.a(memb.o)
 .data          0x000000000003486c        0x0 build/cooja/mtype604.a(button-hal.o)
 .data.rel.local
                0x000000000003486c       0x10 build/cooja/mtype604.a(button-hal.o)
                0x000000000003486c                button_hal_process
 .data          0x000000000003487c        0x0 build/cooja/mtype604.a(serial-line.o)
 .data.rel.local
                0x000000000003487c       0x10 build/cooja/mtype604.a(serial-line.o)
                0x000000000003487c                serial_line_process
 .data          0x000000000003488c        0x0 build/cooja/mtype604.a(gpio-hal.o)
 .data.rel.local
                0x000000000003488c        0x4 build/cooja/mtype604.a(gpio-hal.o)
 .data          0x0000000000034890        0x0 build/cooja/mtype604.a(queuebuf.o)
 .data.rel.local
                0x0000000000034890       0x18 build/cooja/mtype604.a(queuebuf.o)
 .data          0x00000000000348a8        0x0 build/cooja/mtype604.a(packetbuf.o)
 .data.rel.local
                0x00000000000348a8        0x4 build/cooja/mtype604.a(packetbuf.o)
 .data          0x00000000000348ac        0x0 build/cooja/mtype604.a(netstack.o)
 .data.rel.local
                0x00000000000348ac        0x4 build/cooja/mtype604.a(netstack.o)
 .data          0x00000000000348b0        0x0 build/cooja/mtype604.a(linkaddr.o)
 .data          0x00000000000348b0        0x0 build/cooja/mtype604.a(csma.o)
 .data          0x00000000000348b0        0x0 build/cooja/mtype604.a(csma-output.o)
 .data.rel.local
                0x00000000000348b0       0x28 build/cooja/mtype604.a(csma-output.o)
 .data          0x00000000000348d8        0x0 build/cooja/mtype604.a(uip-ds6.o)
 .data          0x00000000000348d8        0x0 build/cooja/mtype604.a(uip-udp-packet.)
 .data          0x00000000000348d8        0x0 build/cooja/mtype604.a(uip-ds6-route.o)
 .data.rel.local
                0x00000000000348d8       0x10 build/cooja/mtype604.a(uip-ds6-route.o)
 .data          0x00000000000348e8        0x0 build/cooja/mtype604.a(tcpip.o)
 .data.rel.local
                0x00000000000348e8       0x10 build/cooja/mtype604.a(tcpip.o)
                0x00000000000348e8                tcpip_process
 .data          0x00000000000348f8        0x0 build/cooja/mtype604.a(uip6.o)
 .data          0x00000000000348f8        0x0 build/cooja/mtype604.a(uip-ds6-nbr.o)
 .data.rel.local
                0x00000000000348f8       0x14 build/cooja/mtype604.a(uip-ds6-nbr.o)
 .data          0x000000000003490c        0x0 build/cooja/mtype604.a(uip-nd6.o)
 .data.rel.local
                0x000000000003490c        0xc build/cooja/mtype604.a(uip-nd6.o)
 .data          0x0000000000034918        0x0 build/cooja/mtype604.a(sicslowpan.o)
 .data          0x0000000000034918        0x0 build/cooja/mtype604.a(uiplib.o)
 .data          0x0000000000034918        0x0 build/cooja/mtype604.a(rpl.o)
 .data          0x0000000000034918        0x0 build/cooja/mtype604.a(rpl-icmp6.o)
 .data.rel.local
                0x0000000000034918       0x30 build/cooja/mtype604.a(rpl-icmp6.o)
 .data          0x0000000000034948        0x0 build/cooja/mtype604.a(rpl-dag-root.o)
 .data          0x0000000000034948        0x0 build/cooja/mtype604.a(watchdog.o)
 .data          0x0000000000034948        0x0 build/cooja/mtype604.a(int-master.o)
 .data          0x0000000000034948        0x0 build/cooja/mtype604.a(coap-timer-defa)
 .data.rel.local
                0x0000000000034948       0x10 build/cooja/mtype604.a(coap-timer-defa)
                0x0000000000034948                coap_timer_process
 .data          0x0000000000034958        0x0 build/cooja/mtype604.a(stimer.o)
 .data          0x0000000000034958        0x0 build/cooja/mtype604.a(ringbuf.o)
 .data          0x0000000000034958        0x0 build/cooja/mtype604.a(assert.o)
 .data          0x0000000000034958        0x0 build/cooja/mtype604.a(nbr-table.o)
 .data.rel.local
                0x0000000000034958       0x10 build/cooja/mtype604.a(nbr-table.o)
 .data          0x0000000000034968        0x0 build/cooja/mtype604.a(link-stats.o)
 .data.rel.local
                0x0000000000034968       0x14 build/cooja/mtype604.a(link-stats.o)
 .data          0x000000000003497c        0x0 build/cooja/mtype604.a(mac-sequence.o)
 .data          0x000000000003497c        0x0 build/cooja/mtype604.a(mac.o)
 .data          0x000000000003497c        0x0 build/cooja/mtype604.a(framer-802154.o)
 .data          0x000000000003497c        0x2 build/cooja/mtype604.a(frame802154.o)
 .data          0x000000000003497e        0x0 build/cooja/mtype604.a(csma-security.o)
 .data          0x000000000003497e        0x0 build/cooja/mtype604.a(uipbuf.o)
 .data          0x000000000003497e        0x0 build/cooja/mtype604.a(uip-icmp6.o)
 *fill*         0x000000000003497e        0x2 
 .data.rel.local
                0x0000000000034980       0x20 build/cooja/mtype604.a(uip-icmp6.o)
 .data          0x00000000000349a0        0x0 build/cooja/mtype604.a(uip-sr.o)
 .data.rel.local
                0x00000000000349a0       0x10 build/cooja/mtype604.a(uip-sr.o)
 .data          0x00000000000349b0        0x0 build/cooja/mtype604.a(uip-packetqueue)
 .data.rel.local
                0x00000000000349b0        0xc build/cooja/mtype604.a(uip-packetqueue)
 .data          0x00000000000349bc        0x0 build/cooja/mtype604.a(rpl-nbr-policy.)
 .data          0x00000000000349bc        0x0 build/cooja/mtype604.a(rpl-neighbor.o)
 .data.rel.local
                0x00000000000349bc       0x14 build/cooja/mtype604.a(rpl-neighbor.o)
                0x00000000000349cc                rpl_neighbors
 .data          0x00000000000349d0        0x0 build/cooja/mtype604.a(rpl-dag.o)
 .data          0x00000000000349d0        0x0 build/cooja/mtype604.a(rpl-timers.o)
 .data          0x00000000000349d0        0x0 build/cooja/mtype604.a(rpl-ext-header.)
 .data          0x00000000000349d0        0x0 build/cooja/mtype604.a(rpl-mrhof.o)
 *fill*         0x00000000000349d0       0x10 
 .data.rel.local
                0x00000000000349e0       0x24 build/cooja/mtype604.a(rpl-mrhof.o)
                0x00000000000349e0                rpl_mrhof
 .data          0x0000000000034a04        0x0 /usr/lib/gcc/i686-linux-gnu/7/libgcc.a(_udivdi3.o)
 .data          0x0000000000034a04        0x0 /usr/lib/i386-linux-gnu/libc_nonshared.a(stack_chk_fail_local.oS)
 .data          0x0000000000034a04        0x0 /usr/lib/gcc/i686-linux-gnu/7/crtendS.o
 .data          0x0000000000034a04        0x0 /usr/lib/gcc/i686-linux-gnu/7/../../../i386-linux-gnu/crtn.o

.tm_clone_table
                0x0000000000034a04        0x0
 .tm_clone_table
                0x0000000000034a04        0x0 /usr/lib/gcc/i686-linux-gnu/7/crtbeginS.o
 .tm_clone_table
                0x0000000000034a04        0x0 /usr/lib/gcc/i686-linux-gnu/7/crtendS.o

.data1
 *(.data1)
                0x0000000000034a04                _edata = .
                [!provide]                        PROVIDE (edata = .)
                0x0000000000034a04                . = .
                0x0000000000034a04                __bss_start = .

.bss            0x0000000000034a20    0x13f24
 *(.dynbss)
 .dynbss        0x0000000000034a20        0x0 /usr/lib/gcc/i686-linux-gnu/7/../../../i386-linux-gnu/crti.o
 *(.bss .bss.* .gnu.linkonce.b.*)
 .bss           0x0000000000034a20        0x0 /usr/lib/gcc/i686-linux-gnu/7/../../../i386-linux-gnu/crti.o
 .bss           0x0000000000034a20        0x1 /usr/lib/gcc/i686-linux-gnu/7/crtbeginS.o
 *fill*         0x0000000000034a21       0x1f 
 .bss           0x0000000000034a40      0x14c glucose-server.o
 *fill*         0x0000000000034b8c       0x14 
 .bss           0x0000000000034ba0     0x2040 build/cooja/mtype604.o
 .bss           0x0000000000036be0        0x1 build/cooja/mtype604.a(simEnvChange.o)
                0x0000000000036be0                simDontFallAsleep
 *fill*         0x0000000000036be1        0x3 