Archive member included to satisfy reference by file (symbol)

build/cooja/mtype131.a(simEnvChange.o)
                              build/cooja/mtype131.o (simDontFallAsleep)
build/cooja/mtype131.a(cooja_mt.o)
                              build/cooja/mtype131.o (cooja_mt_start)
build/cooja/mtype131.a(cooja_mtarch.o)
                              build/cooja/mtype131.a(cooja_mt.o) (cooja_mtarch_start)
build/cooja/mtype131.a(rtimer-arch.o)
                              build/cooja/mtype131.o (rtimer_arch_check)
build/cooja/mtype131.a(beep.o)
                              build/cooja/mtype131.o (beep_interface)
build/cooja/mtype131.a(leds-arch.o)
                              build/cooja/mtype131.o (leds_interface)
build/cooja/mtype131.a(moteid.o)
                              build/cooja/mtype131.o (moteid_interface)
build/cooja/mtype131.a(pir-sensor.o)
                              build/cooja/mtype131.o (pir_interface)
build/cooja/mtype131.a(rs232.o)
                              build/cooja/mtype131.o (rs232_interface)
build/cooja/mtype131.a(vib-sensor.o)
                              build/cooja/mtype131.o (vib_interface)
build/cooja/mtype131.a(clock.o)
                              build/cooja/mtype131.o (clock_interface)
build/cooja/mtype131.a(cooja-log.o)
                              build/cooja/mtype131.o (simlog_interface)
build/cooja/mtype131.a(cfs-cooja.o)
                              build/cooja/mtype131.o (cfs_interface)
build/cooja/mtype131.a(cooja-radio.o)
                              build/cooja/mtype131.o (radio_interface)
build/cooja/mtype131.a(eeprom.o)
                              build/cooja/mtype131.o (eeprom_interface)
build/cooja/mtype131.a(random.o)
                              build/cooja/mtype131.a(moteid.o) (random_init)
build/cooja/mtype131.a(sensors.o)
                              build/cooja/mtype131.a(pir-sensor.o) (sensors_changed)
build/cooja/mtype131.a(leds.o)
                              glucose-server.o (leds_set)
build/cooja/mtype131.a(gpio-hal-arch.o)
                              build/cooja/mtype131.a(leds-arch.o) (gpio_hal_arch_register_pin_callback)
build/cooja/mtype131.a(buttons.o)
                              build/cooja/mtype131.o (button_interface)
build/cooja/mtype131.a(res-alarm.o)
                              glucose-server.o (res_alarm)
build/cooja/mtype131.a(res-glucose.o)
                              glucose-server.o (res_glucose)
build/cooja/mtype131.a(coap-blocking-a)
                              glucose-server.o (coap_blocking_request)
build/cooja/mtype131.a(coap-engine.o)
                              glucose-server.o (coap_activate_resource)
build/cooja/mtype131.a(coap-res-well-k)
                              build/cooja/mtype131.a(coap-engine.o) (res_well_known_core)
build/cooja/mtype131.a(coap-observe.o)
                              build/cooja/mtype131.a(coap-engine.o) (coap_remove_observer_by_mid)
build/cooja/mtype131.a(coap-uip.o)
                              build/cooja/mtype131.a(coap-observe.o) (coap_endpoint_copy)
build/cooja/mtype131.a(coap-timer.o)
                              build/cooja/mtype131.a(coap-engine.o) (coap_timer_set)
build/cooja/mtype131.a(coap-transactio)
                              build/cooja/mtype131.a(coap-blocking-a) (coap_send_transaction)
build/cooja/mtype131.a(coap.o)
                              build/cooja/mtype131.a(coap-engine.o) (coap_status_code)
build/cooja/mtype131.a(contiki-main.o)
                              build/cooja/mtype131.o (main)
build/cooja/mtype131.a(autostart.o)
                              build/cooja/mtype131.a(contiki-main.o) (autostart_start)
build/cooja/mtype131.a(ctimer.o)
                              build/cooja/mtype131.a(contiki-main.o) (ctimer_init)
build/cooja/mtype131.a(log.o)
                              build/cooja/mtype131.a(contiki-main.o) (curr_log_level_main)
build/cooja/mtype131.a(energest.o)
                              build/cooja/mtype131.a(contiki-main.o) (energest_init)
build/cooja/mtype131.a(etimer.o)
                              build/cooja/mtype131.a(contiki-main.o) (etimer_process)
build/cooja/mtype131.a(node-id.o)
                              build/cooja/mtype131.a(res-glucose.o) (node_id)
build/cooja/mtype131.a(rtimer.o)
                              build/cooja/mtype131.a(contiki-main.o) (rtimer_init)
build/cooja/mtype131.a(process.o)
                              build/cooja/mtype131.a(coap-blocking-a) (process_current)
build/cooja/mtype131.a(timer.o)
                              build/cooja/mtype131.a(etimer.o) (timer_set)
build/cooja/mtype131.a(list.o)
                              build/cooja/mtype131.a(coap-engine.o) (list_init)
build/cooja/mtype131.a(memb.o)
                              build/cooja/mtype131.a(coap-observe.o) (memb_alloc)
build/cooja/mtype131.a(button-hal.o)
                              build/cooja/mtype131.o (button_hal_init)
build/cooja/mtype131.a(serial-line.o)
[...]
Memory Configuration

Name             Origin             Length             Attributes
*default*        0x0000000000000000 0xffffffffffffffff

Linker script and memory map

LOAD /usr/lib/gcc/i686-linux-gnu/7/../../../i386-linux-gnu/crti.o
LOAD /usr/lib/gcc/i686-linux-gnu/7/crtbeginS.o
LOAD glucose-server.o
LOAD build/cooja/mtype131.o
LOAD build/cooja/mtype131.a
LOAD /usr/lib/gcc/i686-linux-gnu/7/libgcc.a
LOAD /usr/lib/gcc/i686-linux-gnu/7/libgcc_s.so
START GROUP
LOAD /usr/lib/gcc/i686-linux-gnu/7/libgcc_s.so.1
LOAD /usr/lib/gcc/i686-linux-gnu/7/libgcc.a
END GROUP
LOAD /usr/lib/gcc/i686-linux-gnu/7/../../../i386-linux-gnu/libc.so
START GROUP
LOAD /lib/i386-linux-gnu/libc.so.6
LOAD /usr/lib/i386-linux-gnu/libc_nonshared.a
LOAD /lib/i386-linux-gnu/ld-linux.so.2
END GROUP
LOAD /usr/lib/gcc/i686-linux-gnu/7/libgcc.a
LOAD /usr/lib/gcc/i686-linux-gnu/7/libgcc_s.so
START GROUP
LOAD /usr/lib/gcc/i686-linux-gnu/7/libgcc_s.so.1
LOAD /usr/lib/gcc/i686-linux-gnu/7/libgcc.a
END GROUP
LOAD /usr/lib/gcc/i686-linux-gnu/7/crtendS.o
LOAD /usr/lib/gcc/i686-linux-gnu/7/../../../i386-linux-gnu/crtn.o
                0x0000000000000114                . = (SEGMENT_START ("text-segment", 0x0) + SIZEOF_HEADERS)

.note.gnu.build-id
                0x0000000000000114       0x24
 *(.note.gnu.build-id)
 .note.gnu.build-id
                0x0000000000000114       0x24 /usr/lib/gcc/i686-linux-gnu/7/../../../i386-linux-gnu/crti.o

.hash
 *(.hash)

.gnu.hash       0x0000000000000138     0x15a8
 *(.gnu.hash)
 .gnu.hash      0x0000000000000138     0x15a8 /usr/lib/gcc/i686-linux-gnu/7/../../../i386-linux-gnu/crti.o

.dynsym         0x00000000000016e0     0x2f70
 *(.dynsym)
 .dynsym        0x00000000000016e0     0x2f70 /usr/lib/gcc/i686-linux-gnu/7/../../../i386-linux-gnu/crti.o

.dynstr         0x0000000000004650     0x36ea
 *(.dynstr)
 .dynstr        0x0000000000004650     0x36ea /usr/lib/gcc/i686-linux-gnu/7/../../../i386-linux-gnu/crti.o

.gnu.version    0x0000000000007d3a      0x5ee
 *(.gnu.version)
 .gnu.version   0x0000000000007d3a      0x5ee /usr/lib/gcc/i686-linux-gnu/7/../../../i386-linux-gnu/crti.o

.gnu.version_d  0x0000000000008328        0x0
 *(.gnu.version_d)
 .gnu.version_d
                0x0000000000008328        0x0 /usr/lib/gcc/i686-linux-gnu/7/../../../i386-linux-gnu/crti.o

.gnu.version_r  0x0000000000008328       0x40
 *(.gnu.version_r)
 .gnu.version_r
                0x0000000000008328       0x40 /usr/lib/gcc/i686-linux-gnu/7/../../../i386-linux-gnu/crti.o

.rel.dyn        0x0000000000008368      0xf28
 *(.rel.init)
 .rel.init      0x0000000000008368        0x0 /usr/lib/gcc/i686-linux-gnu/7/../../../i386-linux-gnu/crti.o
 *(.rel.text .rel.text.* .rel.gnu.linkonce.t.*)
 .rel.text      0x0000000000008368      0x570 /usr/lib/gcc/i686-linux-gnu/7/../../../i386-linux-gnu/crti.o
 *(.rel.fini)
 .rel.fini      0x00000000000088d8        0x0 /usr/lib/gcc/i686-linux-gnu/7/../../../i386-linux-gnu/crti.o
 *(.rel.rodata .rel.rodata.* .rel.gnu.linkonce.r.*)
 *(.rel.data.rel.ro .rel.data.rel.ro.* .rel.gnu.linkonce.d.rel.ro.*)
 .rel.data.rel.ro.local
                0x00000000000088d8      0x220 /usr/lib/gcc/i686-linux-gnu/7/../../../i386-linux-gnu/crti.o
 .rel.data.rel.ro
                0x0000000000008af8       0xb0 /usr/lib/gcc/i686-linux-gnu/7/../../../i386-linux-gnu/crti.o
 *(.rel.data .rel.data.* .rel.gnu.linkonce.d.*)
 .rel.data.rel.local
                0x0000000000008ba8      0x3a0 /usr/lib/gcc/i686-linux-gnu/7/../../../i386-linux-gnu/crti.o
 .rel.data.rel  0x0000000000008f48       0x78 /usr/lib/gcc/i686-linux-gnu/7/../../../i386-linux-gnu/crti.o
 *(.rel.tdata .rel.tdata.* .rel.gnu.linkonce.td.*)
 *(.rel.tbss .rel.tbss.* .rel.gnu.linkonce.tb.*)
 *(.rel.ctors)
 *(.rel.dtors)
 *(.rel.got)
 .rel.got       0x0000000000008fc0      0x2c0 /usr/lib/gcc/i686-linux-gnu/7/../../../i386-linux-gnu/crti.o
 *(.rel.bss .rel.bss.* .rel.gnu.linkonce.b.*)
 *(.rel.ifunc)
 .rel.ifunc     0x0000000000009280        0x0 /usr/lib/gcc/i686-linux-gnu/7/../../../i386-linux-gnu/crti.o
 .rel.fini_array
                0x0000000000009280        0x8 /usr/lib/gcc/i686-linux-gnu/7/../../../i386-linux-gnu/crti.o
 .rel.init_array
                0x0000000000009288        0x8 /usr/lib/gcc/i686-linux-gnu/7/../../../i386-linux-gnu/crti.o

.rel.plt        0x0000000000009290      0xb08
 *(.rel.plt)
 .rel.plt       0x0000000000009290      0xb08 /usr/lib/gcc/i686-linux-gnu/7/../../../i386-linux-gnu/crti.o
 *(.rel.iplt)

.init           0x0000000000009d98       0x23
 *(SORT_NONE(.init))
 .init          0x0000000000009d98       0x1e /usr/lib/gcc/i686-linux-gnu/7/../../../i386-linux-gnu/crti.o
                0x0000000000009d98                _init
 .init          0x0000000000009db6        0x5 /usr/lib/gcc/i686-linux-gnu/7/../../../i386-linux-gnu/crtn.o

.plt            0x0000000000009dc0     0x1620
 *(.plt)
 .plt           0x0000000000009dc0     0x1620 /usr/lib/gcc/i686-linux-gnu/7/../../../i386-linux-gnu/crti.o
 *(.iplt)

.plt.got        0x000000000000b3e0       0x18
 *(.plt.got)
 .plt.got       0x000000000000b3e0       0x18 /usr/lib/gcc/i686-linux-gnu/7/../../../i386-linux-gnu/crti.o

.plt.sec
 *(.plt.sec)

.text           0x000000000000b400    0x1d1c4
 *(.text.unlikely .text.*_unlikely .text.unlikely.*)
 *(.text.exit .text.exit.*)
 *(.text.startup .text.startup.*)
 *(.text.hot .text.hot.*)
 *(.text .stub .text.* .gnu.linkonce.t.*)
 .text          0x000000000000b400        0x0 /usr/lib/gcc/i686-linux-gnu/7/../../../i386-linux-gnu/crti.o
 .gnu.linkonce.t.__x86.get_pc_thunk.bx
                0x000000000000b400        0x4 /usr/lib/gcc/i686-linux-gnu/7/../../../i386-linux-gnu/crti.o
                0x000000000000b400                __x86.get_pc_thunk.bx
 *fill*         0x000000000000b404        0xc 
 .text          0x000000000000b410       0xe9 /usr/lib/gcc/i686-linux-gnu/7/crtbeginS.o
 .text.__x86.get_pc_thunk.dx
                0x000000000000b4f9        0x4 /usr/lib/gcc/i686-linux-gnu/7/crtbeginS.o
                0x000000000000b4f9                __x86.get_pc_thunk.dx
 .text          0x000000000000b4fd      0x456 glucose-server.o
                0x000000000000b5b0                client_chunk_handler
 .text          0x000000000000b953      0x36b build/cooja/mtype131.o
                0x000000000000ba05                platform_init_stage_one
                0x000000000000ba28                platform_init_stage_two
                0x000000000000ba4b                platform_init_stage_three
                0x000000000000ba6e                platform_main_loop
                0x000000000000bb14                Java_org_contikios_cooja_corecomm_Lib2_init
                0x000000000000bb62                Java_org_contikios_cooja_corecomm_Lib2_getMemory
                0x000000000000bba2                Java_org_contikios_cooja_corecomm_Lib2_setMemory
                0x000000000000bc13                Java_org_contikios_cooja_corecomm_Lib2_tick
                0x000000000000bc9d                Java_org_contikios_cooja_corecomm_Lib2_setReferenceAddress
 .text.__x86.get_pc_thunk.ax
                0x000000000000bcbe        0x4 build/cooja/mtype131.o
                0x000000000000bcbe                __x86.get_pc_thunk.ax
 .text          0x000000000000bcc2       0x8d build/cooja/mtype131.a(simEnvChange.o)
                0x000000000000bcc2                doActionsBeforeTick
                0x000000000000bd08                doActionsAfterTick
 .text          0x000000000000bd4f       0xb6 build/cooja/mtype131.a(cooja_mt.o)
                0x000000000000bd4f                cooja_mt_start
                0x000000000000bd89                cooja_mt_exec
                0x000000000000bdd0                cooja_mt_yield
 .text          0x000000000000be05       0xf2 build/cooja/mtype131.a(cooja_mtarch.o)
                0x000000000000be05                cooja_mtarch_start
                0x000000000000be89                cooja_sw
                0x000000000000beb7                cooja_mtarch_exec
                0x000000000000bee2                cooja_mtarch_yield
 .text          0x000000000000bef7      0x127 build/cooja/mtype131.a(rtimer-arch.o)
                0x000000000000bef7                rtimer_arch_init
                0x000000000000bf26                rtimer_arch_schedule
                0x000000000000bf68                rtimer_arch_next
                0x000000000000bf82                rtimer_arch_pending
                0x000000000000bf99                rtimer_arch_check
                0x000000000000c004                rtimer_arch_now
 .text.__x86.get_pc_thunk.cx
                0x000000000000c01e        0x4 build/cooja/mtype131.a(rtimer-arch.o)
                0x000000000000c01e                __x86.get_pc_thunk.cx
 .text          0x000000000000c022      0x101 build/cooja/mtype131.a(beep.o)
                0x000000000000c022                beep_alarm
                0x000000000000c03b                beep_beep
                0x000000000000c054                beep
                0x000000000000c06d                beep_down
                0x000000000000c086                beep_on
                0x000000000000c09f                beep_off
                0x000000000000c0b8                beep_spinup
                0x000000000000c0d1                beep_quick
                0x000000000000c0ea                beep_long
 .text          0x000000000000c123       0x9f build/cooja/mtype131.a(leds-arch.o)
                0x000000000000c147                leds_arch_init
 .text          0x000000000000c1c2       0x56 build/cooja/mtype131.a(moteid.o)
 .text          0x000000000000c218      0x101 build/cooja/mtype131.a(pir-sensor.o)
 .text          0x000000000000c319      0x1cc build/cooja/mtype131.a(rs232.o)
                0x000000000000c319                rs232_init
                0x000000000000c329                rs232_set_speed
                0x000000000000c342                rs232_set_input
                0x000000000000c35b                rs232_send
                0x000000000000c391                rs232_print
                0x000000000000c3bf                slip_arch_writeb
 .text          0x000000000000c4e5      0x101 build/cooja/mtype131.a(vib-sensor.o)
 .text          0x000000000000c5e6       0x7a build/cooja/mtype131.a(clock.o)
                0x000000000000c5e6                clock_init
                0x000000000000c5f6                clock_time
                0x000000000000c60d                clock_seconds
                0x000000000000c630                clock_delay
 .text          0x000000000000c660      0x2b5 build/cooja/mtype131.a(cooja-log.o)
                0x000000000000c660                simlog_char
                0x000000000000c6c4                simlog
                0x000000000000c75e                log_message
                0x000000000000c7ad                log_set_putchar_with_slip
                0x000000000000c7c6                log_putchar
                0x000000000000c851                log_puts
                0x000000000000c883                log_printf
 .text          0x000000000000c915      0x36c build/cooja/mtype131.a(cfs-cooja.o)
                0x000000000000c915                cfs_open
                0x000000000000c98d                cfs_close
                0x000000000000c9a4                cfs_read
                0x000000000000ca58                cfs_write
                0x000000000000cb56                cfs_seek
                0x000000000000cbf3                cfs_remove
                0x000000000000cc29                cfs_opendir
                0x000000000000cc3d                cfs_readdir
                0x000000000000cc51                cfs_closedir
 .text          0x000000000000cc81      0x78b build/cooja/mtype131.a(cooja-radio.o)
                0x000000000000ccef                radio_set_channel
                0x000000000000cd08                radio_set_txpower
                0x000000000000cd2b                radio_signal_strength_last
                0x000000000000cd40                radio_signal_strength_current
                0x000000000000cd55                radio_LQI
 .text          0x000000000000d40c      0x130 build/cooja/mtype131.a(eeprom.o)
                0x000000000000d40c                eeprom_init
                0x000000000000d41c                eeprom_read
                0x000000000000d49c                eeprom_write
 .text          0x000000000000d53c       0x4e build/cooja/mtype131.a(random.o)
                0x000000000000d53c                random_init
                0x000000000000d56c                random_rand
 .text          0x000000000000d58a      0x332 build/cooja/mtype131.a(sensors.o)
                0x000000000000d5d1                sensors_first
                0x000000000000d5e8                sensors_next
                0x000000000000d613                sensors_changed
                0x000000000000d660                sensors_find
 .text          0x000000000000d8bc      0x3fc build/cooja/mtype131.a(leds.o)
                0x000000000000d8bc                leds_init
                0x000000000000d914                leds_single_on
                0x000000000000d98c                leds_single_off
                0x000000000000da04                leds_single_toggle
                0x000000000000da48                leds_on
                0x000000000000dae0                leds_off
                0x000000000000db78                leds_toggle
                0x000000000000dbde                leds_set
                0x000000000000dc14                leds_get
 .text          0x000000000000dcb8      0x401 build/cooja/mtype131.a(gpio-hal-arch.o)
                0x000000000000dcb8                gpio_hal_arch_register_pin_callback
                0x000000000000dd39                gpio_hal_arch_init
                0x000000000000dd93                gpio_hal_arch_no_port_interrupt_enable
                0x000000000000ddcd                gpio_hal_arch_no_port_interrupt_disable
                0x000000000000de07                gpio_hal_arch_no_port_pin_cfg_set
                0x000000000000de36                gpio_hal_arch_no_port_pin_cfg_get
                0x000000000000de66                gpio_hal_arch_no_port_pin_set_input
                0x000000000000de82                gpio_hal_arch_no_port_pin_set_output
                0x000000000000de9e                gpio_hal_arch_no_port_set_pin
                0x000000000000dec9                gpio_hal_arch_no_port_clear_pin
                0x000000000000def4                gpio_hal_arch_no_port_read_pin
                0x000000000000df26                gpio_hal_arch_no_port_write_pin
                0x000000000000df5a                gpio_hal_arch_no_port_set_pins
                0x000000000000dfab                gpio_hal_arch_no_port_clear_pins
                0x000000000000dffc                gpio_hal_arch_no_port_read_pins
                0x000000000000e04f                gpio_hal_arch_no_port_write_pins
 .text          0x000000000000e0b9       0xc6 build/cooja/mtype131.a(buttons.o)
 .text          0x000000000000e17f      0x23b build/cooja/mtype131.a(res-alarm.o)
 .text          0x000000000000e3ba      0x47e build/cooja/mtype131.a(res-glucose.o)
 .text          0x000000000000e838      0x29c build/cooja/mtype131.a(coap-blocking-a)
                0x000000000000e838                coap_blocking_request_callback
                0x000000000000e872                coap_blocking_request
 .text          0x000000000000ead4      0xd4f build/cooja/mtype131.a(coap-engine.o)
                0x000000000000eba5                coap_add_handler
                0x000000000000ebd3                coap_remove_handler
                0x000000000000ec01                coap_call_handlers
                0x000000000000ed28                coap_receive
                0x000000000000f3a2                coap_engine_init
                0x000000000000f415                coap_activate_resource
                0x000000000000f4d2                coap_get_first_resource
                0x000000000000f4fc                coap_get_next_resource
 .text          0x000000000000f823      0x2ed build/cooja/mtype131.a(coap-res-well-k)
 .text          0x000000000000fb10      0xa13 build/cooja/mtype131.a(coap-observe.o)
                0x000000000000fc4b                coap_remove_observer
                0x000000000000fc8d                coap_remove_observer_by_client
                0x000000000000fd05                coap_remove_observer_by_token
                0x000000000000fda8                coap_remove_observer_by_uri
                0x000000000000fe5f                coap_remove_observer_by_mid
                0x000000000000feeb                coap_notify_observers
                0x000000000000ff0e                coap_notify_observers_sub
                0x000000000001037f                coap_observe_handler
                0x00000000000104aa                coap_has_observers
 .text          0x0000000000010523      0x84c build/cooja/mtype131.a(coap-uip.o)
                0x0000000000010523                coap_endpoint_log
                0x00000000000105c0                coap_endpoint_print
                0x000000000001065d                coap_endpoint_snprint
                0x00000000000107a6                coap_endpoint_copy
                0x00000000000107ed                coap_endpoint_cmp
                0x000000000001091e                coap_endpoint_parse
                0x0000000000010b2f                coap_endpoint_is_secure
                0x0000000000010b48                coap_endpoint_is_connected
                0x0000000000010b8c                coap_endpoint_connect
                0x0000000000010bb2                coap_endpoint_disconnect
                0x0000000000010bc2                coap_databuf
                0x0000000000010bd9                coap_transport_init
                0x0000000000010c4f                coap_sendto
 .text          0x0000000000010d6f      0x3ad build/cooja/mtype131.a(coap-timer.o)
                0x0000000000010e94                coap_timer_stop
                0x0000000000010ecf                coap_timer_set
                0x0000000000010f1c                coap_timer_reset
                0x0000000000010f69                coap_timer_time_to_next_expiration
                0x0000000000010fe6                coap_timer_run
                0x00000000000110c8                coap_timer_init
 .text          0x000000000001111c      0x334 build/cooja/mtype131.a(coap-transactio)
                0x00000000000111aa                coap_new_transaction
                0x0000000000011222                coap_send_transaction
                0x0000000000011394                coap_clear_transaction
                0x00000000000113ee                coap_get_transaction_by_mid
 .text          0x0000000000011450     0x1f9f build/cooja/mtype131.a(coap.o)
                0x0000000000011a4b                coap_init_connection
                0x0000000000011a70                coap_get_mid
                0x0000000000011a97                coap_init_message
                0x0000000000011af0                coap_serialize_message
                0x0000000000012187                coap_parse_message
                0x00000000000128a3                coap_get_query_variable
                0x00000000000128ef                coap_get_post_variable
                0x000000000001293d                coap_set_status_code
                0x000000000001296c                coap_set_token
                0x00000000000129c3                coap_get_header_content_format
                0x00000000000129fe                coap_set_header_content_format
                0x0000000000012a2b                coap_get_header_accept
                0x0000000000012a66                coap_set_header_accept
                0x0000000000012a93                coap_get_header_max_age
                0x0000000000012ace                coap_set_header_max_age
                0x0000000000012af8                coap_get_header_etag
                0x0000000000012b34                coap_set_header_etag
                0x0000000000012b9b                coap_get_header_if_match
                0x0000000000012bd7                coap_set_header_if_match
                0x0000000000012c3e                coap_get_header_if_none_match
                0x0000000000012c62                coap_set_header_if_none_match
                0x0000000000012c83                coap_get_header_proxy_uri
                0x0000000000012cbb                coap_set_header_proxy_uri
                0x0000000000012d08                coap_get_header_uri_host
                0x0000000000012d40                coap_set_header_uri_host
                0x0000000000012d8d                coap_get_header_uri_path
                0x0000000000012dc5                coap_set_header_uri_path
                0x0000000000012e23                coap_get_header_uri_query
                0x0000000000012e61                coap_set_header_uri_query
                0x0000000000012ec8                coap_get_header_location_path
                0x0000000000012f00                coap_set_header_location_path
                0x0000000000012fa8                coap_get_header_location_query
                0x0000000000012fe0                coap_set_header_location_query
                0x000000000001303e                coap_get_header_observe
                0x0000000000013077                coap_set_header_observe
                0x00000000000130a1                coap_get_header_block2
                0x0000000000013117                coap_set_header_block2
                0x0000000000013198                coap_get_header_block1
                0x0000000000013217                coap_set_header_block1
                0x000000000001329c                coap_get_header_size2
                0x00000000000132d6                coap_set_header_size2
                0x0000000000013303                coap_get_header_size1
                0x000000000001333d                coap_set_header_size1
                0x000000000001336a                coap_get_payload
                0x00000000000133ae                coap_set_payload
 .text          0x00000000000133ef      0x3c6 build/cooja/mtype131.a(contiki-main.o)
                0x00000000000133ef                main
 .text          0x00000000000137b5       0xb0 build/cooja/mtype131.a(autostart.o)
                0x00000000000137b5                autostart_start
                0x000000000001380e                autostart_exit
 .text          0x0000000000013865      0x400 build/cooja/mtype131.a(ctimer.o)
                0x00000000000139a8                ctimer_init
                0x00000000000139ed                ctimer_set
                0x0000000000013a20                ctimer_set_with_process
                0x0000000000013ab7                ctimer_reset
                0x0000000000013b25                ctimer_restart
                0x0000000000013b93                ctimer_stop
                0x0000000000013bf3                ctimer_expired
 .text          0x0000000000013c65      0x4a3 build/cooja/mtype131.a(log.o)
                0x0000000000013c65                log_6addr
                0x0000000000013cc9                log_6addr_compact_snprint
                0x0000000000013d89                log_6addr_compact
                0x0000000000013ded                log_lladdr
                0x0000000000013e74                log_lladdr_compact
                0x0000000000013ef1                log_bytes
                0x0000000000013f45                log_set_level
                0x0000000000014023                log_get_level
                0x00000000000140b4                log_level_to_str
 .text          0x0000000000014108       0x39 build/cooja/mtype131.a(energest.o)
                0x0000000000014108                energest_init
                0x0000000000014118                energest_flush
                0x0000000000014128                energest_get_total_time
 .text          0x0000000000014141      0x527 build/cooja/mtype131.a(etimer.o)
                0x0000000000014396                etimer_request_poll
                0x0000000000014447                etimer_set
                0x0000000000014480                etimer_reset_with_new_interval
                0x00000000000144bf                etimer_reset
                0x00000000000144f5                etimer_restart
                0x000000000001452b                etimer_adjust
                0x0000000000014552                etimer_expired
                0x000000000001456f                etimer_expiration_time
                0x000000000001458b                etimer_start_time
                0x000000000001459f                etimer_pending
                0x00000000000145bc                etimer_next_expiration_time
                0x00000000000145e4                etimer_stop
 .text          0x0000000000014668       0x36 build/cooja/mtype131.a(node-id.o)
                0x0000000000014668                node_id_init
 .text          0x000000000001469e      0x122 build/cooja/mtype131.a(rtimer.o)
                0x000000000001469e                rtimer_init
                0x00000000000146bd                rtimer_set
                0x000000000001474b                rtimer_run_next
 .text          0x00000000000147c0      0x5cb build/cooja/mtype131.a(process.o)
                0x00000000000147c0                process_alloc_event
                0x00000000000147e1                process_start
                0x00000000000149e6                process_exit
                0x0000000000014a0e                process_init
                0x0000000000014bd6                process_run
                0x0000000000014c19                process_nevents
                0x0000000000014c3e                process_post
                0x0000000000014ceb                process_post_synch
                0x0000000000014d31                process_poll
                0x0000000000014d6d                process_is_running
 .text.__x86.get_pc_thunk.si
                0x0000000000014d8b        0x4 build/cooja/mtype131.a(process.o)
                0x0000000000014d8b                __x86.get_pc_thunk.si
 .text          0x0000000000014d8f       0xf6 build/cooja/mtype131.a(timer.o)
                0x0000000000014d8f                timer_set
                0x0000000000014dbe                timer_reset
                0x0000000000014df5                timer_restart
                0x0000000000014e1b                timer_expired
                0x0000000000014e59                timer_remaining
 .text          0x0000000000014e85      0x311 build/cooja/mtype131.a(list.o)
                0x0000000000014e85                list_init
                0x0000000000014e9e                list_head
                0x0000000000014eb2                list_copy
                0x0000000000014ecc                list_tail
                0x0000000000014f0c                list_add
                0x0000000000014f62                list_push
                0x0000000000014f98                list_chop
                0x000000000001500c                list_pop
                0x000000000001503e                list_remove
                0x00000000000150b0                list_length
                0x00000000000150e8                list_insert
                0x0000000000015137                list_item_next
                0x0000000000015158                list_contains
 .text          0x0000000000015196      0x1ec build/cooja/mtype131.a(memb.o)
                0x0000000000015196                memb_init
                0x00000000000151fa                memb_alloc
                0x0000000000015267                memb_free
                0x00000000000152e8                memb_inmemb
                0x0000000000015331                memb_numfree
 .text          0x0000000000015382      0x566 build/cooja/mtype131.a(button-hal.o)
                0x0000000000015576                button_hal_get_by_id
                0x00000000000155c0                button_hal_get_by_index
                0x00000000000155fa                button_hal_get_state
                0x000000000001565c                button_hal_init
 .text          0x00000000000158e8      0x242 build/cooja/mtype131.a(serial-line.o)
                0x00000000000158e8                serial_line_input_byte
                0x0000000000015ae0                serial_line_init
 .text          0x0000000000015b2a      0x1d6 build/cooja/mtype131.a(gpio-hal.o)
                0x0000000000015b2a                gpio_hal_register_handler
                0x0000000000015b58                gpio_hal_event_handler
                0x0000000000015bc5                gpio_hal_init
                0x0000000000015bf4                gpio_hal_arch_port_toggle_pin
                0x0000000000015c3f                gpio_hal_arch_port_toggle_pins
                0x0000000000015c7c                gpio_hal_arch_no_port_toggle_pin
                0x0000000000015cc9                gpio_hal_arch_no_port_toggle_pins
 .text          0x0000000000015d00      0x3a9 build/cooja/mtype131.a(queuebuf.o)
                0x0000000000015d14                queuebuf_init
                0x0000000000015d50                queuebuf_numfree
                0x0000000000015d7a                queuebuf_new_from_packetbuf
                0x0000000000015e2e                queuebuf_update_attr_from_packetbuf
                0x0000000000015e72                queuebuf_update_from_packetbuf
                0x0000000000015ed1                queuebuf_free
                0x0000000000015f2f                queuebuf_to_packetbuf
                0x0000000000015fac                queuebuf_dataptr
                0x0000000000015ff8                queuebuf_datalen
                0x0000000000016025                queuebuf_addr
                0x0000000000016064                queuebuf_attr
                0x0000000000016099                queuebuf_debug_print
 .text          0x00000000000160a9      0x4dd build/cooja/mtype131.a(packetbuf.o)
                0x00000000000160a9                packetbuf_clear
                0x00000000000160df                packetbuf_copyfrom
                0x000000000001613f                packetbuf_copyto
                0x00000000000161dd                packetbuf_hdralloc
                0x000000000001626d                packetbuf_hdrreduce
                0x00000000000162bf                packetbuf_set_datalen
                0x00000000000162e4                packetbuf_dataptr
                0x000000000001630b                packetbuf_hdrptr
                0x0000000000016320                packetbuf_datalen
                0x0000000000016336                packetbuf_hdrlen
                0x0000000000016355                packetbuf_totlen
                0x0000000000016375                packetbuf_remaininglen
                0x0000000000016392                packetbuf_attr_clear
                0x00000000000163f8                packetbuf_attr_copyto
                0x000000000001643e                packetbuf_attr_copyfrom
                0x0000000000016484                packetbuf_set_attr
                0x00000000000164ba                packetbuf_attr
                0x00000000000164e0                packetbuf_set_addr
                0x0000000000016528                packetbuf_addr
                0x0000000000016552                packetbuf_holds_broadcast
 .text          0x0000000000016586      0x13c build/cooja/mtype131.a(netstack.o)
                0x0000000000016586                netstack_process_ip_callback
                0x0000000000016627                netstack_ip_packet_processor_add
                0x000000000001665b                uip_ds6_ip_packet_processor_rm
                0x0000000000016689                netstack_init
 .text          0x00000000000166c2       0x75 build/cooja/mtype131.a(linkaddr.o)
                0x00000000000166c2                linkaddr_copy
                0x00000000000166e2                linkaddr_cmp
                0x0000000000016715                linkaddr_set_node_addr
 .text          0x0000000000016737      0x2ae build/cooja/mtype131.a(csma.o)
 .text          0x00000000000169e5      0xa6f build/cooja/mtype131.a(csma-output.o)
                0x0000000000017157                csma_output_packet
                0x0000000000017406                csma_output_init
 .text          0x0000000000017454      0xe47 build/cooja/mtype131.a(uip-ds6.o)
                0x0000000000017454                uip_ds6_default_prefix
                0x0000000000017469                uip_ds6_set_default_prefix
                0x000000000001749f                uip_ds6_init
                0x000000000001773a                uip_ds6_periodic
                0x00000000000177e2                uip_ds6_list_loop
                0x00000000000178b1                uip_ds6_prefix_add
                0x0000000000017978                uip_ds6_prefix_rm
                0x0000000000017995                uip_ds6_prefix_lookup
                0x00000000000179e8                uip_ds6_is_addr_onlink
                0x0000000000017a75                uip_ds6_addr_add
                0x0000000000017bb7                uip_ds6_addr_rm
                0x0000000000017c76                uip_ds6_addr_lookup
                0x0000000000017cc6                uip_ds6_get_link_local
                0x0000000000017d64                uip_ds6_get_global
                0x0000000000017e02                uip_ds6_maddr_add
                0x0000000000017e7e                uip_ds6_maddr_rm
                0x0000000000017e9b                uip_ds6_maddr_lookup
                0x0000000000017eee                uip_ds6_aaddr_add
                0x0000000000017f67                uip_ds6_aaddr_rm
                0x0000000000017f84                uip_ds6_aaddr_lookup
                0x0000000000017fd4                uip_ds6_select_src
                0x0000000000018142                uip_ds6_set_addr_iid
                0x0000000000018177                uip_ds6_set_lladdr_from_iid
                0x00000000000181aa                get_match_length
                0x0000000000018245                uip_ds6_compute_reachable_time
 .text          0x000000000001829b      0x152 build/cooja/mtype131.a(uip-udp-packet.)
                0x000000000001829b                uip_udp_packet_send
                0x0000000000018314                uip_udp_packet_sendto
 .text          0x00000000000183ed      0x453 build/cooja/mtype131.a(uip-ds6-route.o)
                0x000000000001844f                uip_ds6_route_init
                0x000000000001848b                uip_ds6_route_count_nexthop_neighbors
                0x000000000001849f                uip_ds6_route_nexthop
                0x00000000000184b3                uip_ds6_route_head
                0x00000000000184c7                uip_ds6_route_next
                0x00000000000184db                uip_ds6_route_is_nexthop
                0x00000000000184ef                uip_ds6_route_num_routes
                0x0000000000018503                uip_ds6_route_lookup
                0x0000000000018517                uip_ds6_route_add
                0x0000000000018534                uip_ds6_route_rm
                0x0000000000018544                uip_ds6_route_rm_by_nexthop
                0x0000000000018554                uip_ds6_defrt_head
                0x000000000001857e                uip_ds6_defrt_add
                0x000000000001863e                uip_ds6_defrt_rm
                0x00000000000186b7                uip_ds6_defrt_lookup
                0x000000000001872e                uip_ds6_defrt_choose
                0x00000000000187b4                uip_ds6_defrt_periodic
 .text          0x0000000000018840      0x870 build/cooja/mtype131.a(tcpip.o)
                0x0000000000018866                tcpip_output
                0x0000000000018915                udp_attach
                0x0000000000018937                udp_new
                0x0000000000018991                udp_broadcast_new
                0x0000000000018b31                tcpip_input
                0x0000000000018d27                tcpip_ipv6_output
                0x0000000000018f63                tcpip_poll_udp
                0x0000000000018f93                tcpip_uipcall
 .text          0x00000000000190b0     0x1520 build/cooja/mtype131.a(uip6.o)
                0x0000000000019169                uip_chksum
                0x0000000000019261                uip_icmp6chksum
                0x0000000000019280                uip_udpchksum
                0x000000000001929f                uip_init
                0x00000000000192fe                uip_remove_ext_hdr
                0x00000000000193f9                uip_udp_new
                0x0000000000019772                uip_process
                0x000000000001a460                uip_htons
                0x000000000001a48c                uip_htonl
                0x000000000001a4d6                uip_send
 .text          0x000000000001a5d0      0x43e build/cooja/mtype131.a(uip-ds6-nbr.o)
                0x000000000001a5d0                uip_ds6_neighbors_init
                0x000000000001a606                uip_ds6_nbr_add
                0x000000000001a6a0                uip_ds6_nbr_rm
                0x000000000001a6ff                uip_ds6_nbr_update_ll
                0x000000000001a7fc                uip_ds6_nbr_get_ipaddr
                0x000000000001a81b                uip_ds6_nbr_get_ll
                0x000000000001a848                uip_ds6_nbr_num
                0x000000000001a8a2                uip_ds6_nbr_head
                0x000000000001a8cc                uip_ds6_nbr_next
                0x000000000001a8f9                uip_ds6_nbr_lookup
                0x000000000001a960                uip_ds6_nbr_ll_lookup
                0x000000000001a98d                uip_ds6_nbr_ipaddr_from_lladdr
                0x000000000001a9c0                uip_ds6_nbr_lladdr_from_ipaddr
                0x000000000001a9fe                uip_ds6_link_callback
 .text          0x000000000001aa0e      0x810 build/cooja/mtype131.a(uip-nd6.o)
                0x000000000001b1f3                uip_nd6_init
 .text          0x000000000001b21e     0x33b0 build/cooja/mtype131.a(sicslowpan.o)
                0x000000000001b91c                netstack_sniffer_add
                0x000000000001b935                netstack_sniffer_remove
                0x000000000001e58d                sicslowpan_init
                0x000000000001e5b9                sicslowpan_get_last_rssi
 .text          0x000000000001e5ce      0x51a build/cooja/mtype131.a(uiplib.o)
                0x000000000001e5ce                uiplib_ip6addrconv
                0x000000000001e794                uiplib_ip4addrconv
                0x000000000001e861                uiplib_ipaddr_print
                0x000000000001e8c5                uiplib_ipaddr_snprint
 .text          0x000000000001eae8      0x610 build/cooja/mtype131.a(rpl.o)
                0x000000000001eae8                rpl_lollipop_greater_than
                0x000000000001eb4b                rpl_get_global_address
                0x000000000001ec81                rpl_link_callback
                0x000000000001ece4                rpl_has_joined
                0x000000000001ed1a                rpl_is_reachable
                0x000000000001edbd                rpl_reset_prefix
                0x000000000001ee39                rpl_set_prefix_from_addr
                0x000000000001ef4b                rpl_set_prefix
                0x000000000001f0bf                rpl_set_leaf_only
                0x000000000001f0e2                rpl_get_leaf_only
 .text          0x000000000001f0f8     0x1491 build/cooja/mtype131.a(rpl-icmp6.o)
                0x000000000001f255                rpl_icmp6_update_nbr_table
                0x000000000001f307                rpl_icmp6_dis_output
                0x000000000001f91c                rpl_icmp6_dio_output
                0x0000000000020175                rpl_icmp6_dao_output
                0x00000000000204a2                rpl_icmp6_dao_ack_output
                0x0000000000020529                rpl_icmp6_init
 .text          0x0000000000020589      0x2e4 build/cooja/mtype131.a(rpl-dag-root.o)
                0x0000000000020589                rpl_dag_root_print_links
                0x00000000000206e2                rpl_dag_root_set_prefix
                0x000000000002071d                rpl_dag_root_start
                0x000000000002082b                rpl_dag_root_is_root
 .text          0x000000000002086d       0x6b build/cooja/mtype131.a(watchdog.o)
                0x000000000002086d                watchdog_init
                0x000000000002087d                watchdog_start
                0x000000000002088d                watchdog_periodic
                0x00000000000208b8                watchdog_stop
                0x00000000000208c8                watchdog_reboot
 .text          0x00000000000208d8       0x75 build/cooja/mtype131.a(int-master.o)
                0x00000000000208d8                int_master_enable
                0x00000000000208f2                int_master_read_and_disable
                0x000000000002091a                int_master_status_set
                0x0000000000020933                int_master_is_enabled
 .text          0x000000000002094d      0x2bc build/cooja/mtype131.a(coap-timer-defa)
 .text          0x0000000000020c09      0x11d build/cooja/mtype131.a(stimer.o)
                0x0000000000020c09                stimer_set
                0x0000000000020c38                stimer_reset
                0x0000000000020c6f                stimer_restart
                0x0000000000020c95                stimer_expired
                0x0000000000020cd1                stimer_remaining
                0x0000000000020cfd                stimer_elapsed
 .text          0x0000000000020d26      0x188 build/cooja/mtype131.a(ringbuf.o)
                0x0000000000020d26                ringbuf_init
                0x0000000000020d62                ringbuf_put
                0x0000000000020dea                ringbuf_get
                0x0000000000020e61                ringbuf_size
                0x0000000000020e7d                ringbuf_elements
 .text          0x0000000000020eae       0x31 build/cooja/mtype131.a(assert.o)
                0x0000000000020eae                _xassert
 .text          0x0000000000020edf      0xb68 build/cooja/mtype131.a(nbr-table.o)
                0x0000000000021281                nbr_table_count_entries
                0x000000000002132e                nbr_table_gc_get_worst
                0x000000000002136e                nbr_table_can_accept_new
                0x00000000000214f7                nbr_table_entry_is_allowed
                0x0000000000021597                nbr_table_register
                0x0000000000021615                nbr_table_is_registered
                0x000000000002165a                nbr_table_head
                0x00000000000216c7                nbr_table_next
                0x0000000000021739                nbr_table_add_lladdr
                0x0000000000021888                nbr_table_get_from_lladdr
                0x00000000000218e5                nbr_table_remove
                0x0000000000021930                nbr_table_lock
                0x0000000000021956                nbr_table_unlock
                0x000000000002197c                nbr_table_get_lladdr
                0x00000000000219b2                nbr_table_clear
                0x00000000000219f7                nbr_table_key_head
                0x0000000000021a21                nbr_table_key_next
 .text          0x0000000000021a47      0x450 build/cooja/mtype131.a(link-stats.o)
                0x0000000000021a47                link_stats_from_lladdr
                0x0000000000021a74                link_stats_get_lladdr
                0x0000000000021aa1                link_stats_is_fresh
                0x0000000000021aee                guess_etx_from_rssi
                0x0000000000021b74                link_stats_packet_sent
                0x0000000000021cb8                link_stats_input_callback
                0x0000000000021dec                link_stats_reset
                0x0000000000021e4e                link_stats_init
 .text          0x0000000000021e97      0x1a8 build/cooja/mtype131.a(mac-sequence.o)
                0x0000000000021e97                mac_sequence_is_duplicate
                0x0000000000021f57                mac_sequence_register_seqno
 .text          0x000000000002203f       0x2d build/cooja/mtype131.a(mac.o)
                0x000000000002203f                mac_call_sent_callback
 .text          0x000000000002206c      0x477 build/cooja/mtype131.a(framer-802154.o)
                0x000000000002220f                framer_802154_setup_params
 .text          0x00000000000224e3      0xc1a build/cooja/mtype131.a(frame802154.o)
                0x000000000002251e                frame802154_get_pan_id
                0x0000000000022534                frame802154_set_pan_id
                0x0000000000022559                frame802154_has_panid
                0x0000000000022712                frame802154_check_dest_panid
                0x00000000000227a4                frame802154_is_broadcast_addr
                0x00000000000227fb                frame802154_extract_linkaddr
                0x0000000000022a84                frame802154_hdrlen
                0x0000000000022b01                frame802154_create_fcf
                0x0000000000022bc3                frame802154_create
                0x0000000000022d4e                frame802154_parse_fcf
                0x0000000000022e3a                frame802154_parse
 .text          0x00000000000230fd       0x4e build/cooja/mtype131.a(csma-security.o)
                0x00000000000230fd                csma_security_create_frame
                0x000000000002312e                csma_security_parse_frame
 .text          0x000000000002314b      0x5d3 build/cooja/mtype131.a(uipbuf.o)
                0x000000000002314b                uipbuf_clear
                0x0000000000023182                uipbuf_add_ext_hdr
                0x000000000002321d                uipbuf_set_len
                0x0000000000023257                uipbuf_set_len_field
                0x000000000002328d                uipbuf_get_len_field
                0x00000000000232b7                uipbuf_get_next_header
                0x0000000000023408                uipbuf_get_last_header
                0x000000000002348b                uipbuf_search_header
                0x000000000002354f                uipbuf_get_attr
                0x0000000000023580                uipbuf_set_attr
                0x00000000000235c1                uipbuf_set_default_attr
                0x0000000000023602                uipbuf_clear_attr
                0x0000000000023642                uipbuf_set_attr_flag
                0x000000000002366e                uipbuf_clr_attr_flag
                0x00000000000236a0                uipbuf_is_attr_flag
                0x00000000000236ce                uipbuf_init
 .text          0x000000000002371e      0x8b7 build/cooja/mtype131.a(uip-icmp6.o)
                0x00000000000237a3                uip_icmp6_input
                0x0000000000023804                uip_icmp6_register_input_handler
                0x00000000000239b8                uip_icmp6_error_output
                0x0000000000023cfa                uip_icmp6_send
                0x0000000000023f28                uip_icmp6_echo_reply_callback_add
                0x0000000000023f6b                uip_icmp6_echo_reply_callback_rm
                0x0000000000023f99                uip_icmp6_init
 .text          0x0000000000023fd5      0x772 build/cooja/mtype131.a(uip-sr.o)
                0x0000000000023fd5                uip_sr_num_nodes
                0x0000000000024081                uip_sr_get_node
                0x00000000000240e8                uip_sr_is_addr_reachable
                0x00000000000241a5                uip_sr_expire_parent
                0x00000000000241f8                uip_sr_update_node
                0x000000000002433c                uip_sr_init
                0x0000000000024382                uip_sr_node_head
                0x00000000000243ac                uip_sr_node_next
                0x00000000000243d2                uip_sr_periodic
                0x00000000000244ee                uip_sr_free_all
                0x0000000000024573                uip_sr_link_snprint
 .text          0x0000000000024747      0x1a5 build/cooja/mtype131.a(uip-packetqueue)
                0x0000000000024787                uip_packetqueue_new
                0x00000000000247a0                uip_packetqueue_alloc
                0x000000000002480f                uip_packetqueue_free
                0x0000000000024867                uip_packetqueue_buf
                0x000000000002488e                uip_packetqueue_buflen
                0x00000000000248b9                uip_packetqueue_set_buflen
 .text          0x00000000000248ec       0x8d build/cooja/mtype131.a(rpl-nbr-policy.)
                0x0000000000024938                rpl_nbr_gc_get_worst
 .text          0x0000000000024979      0xaad build/cooja/mtype131.a(rpl-neighbor.o)
                0x0000000000024a15                rpl_neighbor_snprint
                0x0000000000024cfd                rpl_neighbor_print_list
                0x0000000000024dd0                rpl_neighbor_count
                0x0000000000024eb3                rpl_neighbor_get_from_lladdr
                0x0000000000024ee0                rpl_neighbor_is_acceptable_parent
                0x0000000000024f26                rpl_neighbor_get_link_metric
                0x0000000000024f6c                rpl_neighbor_rank_via_nbr
                0x0000000000024fb2                rpl_neighbor_get_lladdr
                0x0000000000024fdf                rpl_neighbor_get_ipaddr
                0x0000000000025015                rpl_neighbor_get_link_stats
                0x000000000002504b                rpl_neighbor_is_fresh
                0x0000000000025081                rpl_neighbor_is_parent
                0x00000000000250b8                rpl_neighbor_set_preferred_parent
                0x0000000000025172                rpl_neighbor_remove_all
                0x00000000000251df                rpl_neighbor_get_from_ipaddr
                0x0000000000025319                rpl_neighbor_select_best
                0x00000000000253f4                rpl_neighbor_init
 .text          0x0000000000025426     0x11f4 build/cooja/mtype131.a(rpl-dag.o)
                0x0000000000025426                rpl_dag_state_to_str
                0x0000000000025474                rpl_dag_get_root_ipaddr
                0x00000000000254c4                rpl_dag_leave
                0x000000000002557a                rpl_dag_poison_and_leave
                0x00000000000255a6                rpl_dag_periodic
                0x000000000002566b                rpl_is_addr_in_our_dag
                0x00000000000256ca                rpl_get_default_instance
                0x00000000000256f4                rpl_get_any_dag
                0x000000000002576a                rpl_refresh_routes
                0x00000000000257cd                rpl_global_repair
                0x000000000002589e                rpl_local_repair
                0x0000000000025903                rpl_dag_ready_to_advertise
                0x000000000002595c                rpl_dag_update_state
                0x00000000000261d8                rpl_process_dio
                0x0000000000026273                rpl_process_dis
                0x00000000000262c9                rpl_process_dao
                0x000000000002636a                rpl_process_dao_ack
                0x0000000000026426                rpl_process_hbh
                0x0000000000026486                rpl_dag_init_root
                0x00000000000265e8                rpl_dag_init
 .text          0x000000000002661a      0xd8d build/cooja/mtype131.a(rpl-timers.o)
                0x000000000002661a                rpl_timers_schedule_periodic_dis
                0x00000000000267c4                rpl_timers_dio_reset
                0x000000000002693c                rpl_timers_schedule_unicast_dio
                0x0000000000026b0f                rpl_timers_schedule_dao
                0x0000000000026c15                rpl_timers_schedule_dao_ack
                0x0000000000026ce4                rpl_timers_notify_dao_ack
                0x0000000000026d6a                get_probing_delay
                0x0000000000026daf                get_probing_target
                0x0000000000026fe4                rpl_schedule_probing
                0x0000000000027030                rpl_schedule_probing_now
                0x00000000000270ca                rpl_timers_unschedule_leaving
                0x0000000000027124                rpl_timers_schedule_leaving
                0x0000000000027189                rpl_timers_init
                0x000000000002724b                rpl_timers_stop_dag_timers
                0x0000000000027308                rpl_timers_unschedule_state_update
                0x0000000000027344                rpl_timers_schedule_state_update
 .text          0x00000000000273a7      0xd42 build/cooja/mtype131.a(rpl-ext-header.)
                0x00000000000273a7                rpl_ext_header_srh_get_next_hop
                0x00000000000274b2                rpl_ext_header_srh_update
                0x0000000000027ae4                rpl_ext_header_hbh_update
                0x0000000000027e63                rpl_ext_header_update
                0x0000000000027f12                rpl_ext_header_remove
 .text          0x00000000000280e9      0x39b build/cooja/mtype131.a(rpl-mrhof.o)
 *fill*         0x0000000000028484        0xc 
 .text          0x0000000000028490      0x116 /usr/lib/gcc/i686-linux-gnu/7/libgcc.a(_udivdi3.o)
                0x0000000000028490                __udivdi3
 *fill*         0x00000000000285a6        0xa 
 .text          0x00000000000285b0       0x14 /usr/lib/i386-linux-gnu/libc_nonshared.a(stack_chk_fail_local.oS)
                0x00000000000285b0                __stack_chk_fail_local
 .text          0x00000000000285c4        0x0 /usr/lib/gcc/i686-linux-gnu/7/crtendS.o
 .text          0x00000000000285c4        0x0 /usr/lib/gcc/i686-linux-gnu/7/../../../i386-linux-gnu/crtn.o
 *(.gnu.warning)

.fini           0x00000000000285c4       0x14
 *(SORT_NONE(.fini))
 .fini          0x00000000000285c4        0xf /usr/lib/gcc/i686-linux-gnu/7/../../../i386-linux-gnu/crti.o
                0x00000000000285c4                _fini
 .fini          0x00000000000285d3        0x5 /usr/lib/gcc/i686-linux-gnu/7/../../../i386-linux-gnu/crtn.o
                [!provide]                        PROVIDE (__etext = .)
                [!provide]                        PROVIDE (_etext = .)
                [!provide]                        PROVIDE (etext = .)

.rodata         0x00000000000285d8      0xa4b
 *(.rodata .rodata.* .gnu.linkonce.r.*)
 .rodata        0x00000000000285d8      0x10c glucose-server.o
 .rodata        0x00000000000286e4        0x6 build/cooja/mtype131.a(leds-arch.o)
                0x00000000000286e4                leds_arch_leds
 .rodata        0x00000000000286ea        0x4 build/cooja/mtype131.a(pir-sensor.o)
 .rodata        0x00000000000286ee        0x6 build/cooja/mtype131.a(rs232.o)
 .rodata        0x00000000000286f4        0xa build/cooja/mtype131.a(vib-sensor.o)
 *fill*         0x00000000000286fe        0x2 
 .rodata        0x0000000000028700       0x27 build/cooja/mtype131.a(cfs-cooja.o)
 *fill*         0x0000000000028727        0x1 
 .rodata        0x0000000000028728       0x68 build/cooja/mtype131.a(cooja-radio.o)
 .rodata        0x0000000000028790        0x8 build/cooja/mtype131.a(sensors.o)
 .rodata        0x0000000000028798       0x14 build/cooja/mtype131.a(buttons.o)
                0x00000000000287a4                button_hal_button_count
 .rodata        0x00000000000287ac       0x87 build/cooja/mtype131.a(res-alarm.o)
 *fill*         0x0000000000028833        0x1 
 .rodata        0x0000000000028834       0xfb build/cooja/mtype131.a(res-glucose.o)
 .rodata        0x000000000002892f       0x41 build/cooja/mtype131.a(coap-engine.o)
 .rodata        0x0000000000028970       0x19 build/cooja/mtype131.a(coap-res-well-k)
 .rodata        0x0000000000028989       0x11 build/cooja/mtype131.a(coap-observe.o)
 .rodata        0x000000000002899a       0x35 build/cooja/mtype131.a(coap-uip.o)
 *fill*         0x00000000000289cf        0x1 
 .rodata        0x00000000000289d0      0x1ac build/cooja/mtype131.a(coap.o)
 .rodata        0x0000000000028b7c       0xfc build/cooja/mtype131.a(contiki-main.o)
 .rodata        0x0000000000028c78        0xf build/cooja/mtype131.a(ctimer.o)
 *fill*         0x0000000000028c87        0x1 
 .rodata        0x0000000000028c88       0xc4 build/cooja/mtype131.a(log.o)
 .rodata        0x0000000000028d4c        0xc build/cooja/mtype131.a(etimer.o)
 .rodata        0x0000000000028d58       0x13 build/cooja/mtype131.a(button-hal.o)
 .rodata        0x0000000000028d6b        0xe build/cooja/mtype131.a(serial-line.o)
 *fill*         0x0000000000028d79        0x3 
 .rodata        0x0000000000028d7c        0x8 build/cooja/mtype131.a(linkaddr.o)
                0x0000000000028d7c                linkaddr_null
 .rodata        0x0000000000028d84        0x5 build/cooja/mtype131.a(csma.o)
 *fill*         0x0000000000028d89        0x3 
 .rodata        0x0000000000028d8c       0x2a build/cooja/mtype131.a(csma-output.o)
 *fill*         0x0000000000028db6        0x2 
 .rodata        0x0000000000028db8       0x4d build/cooja/mtype131.a(uip-ds6-route.o)
 .rodata        0x0000000000028e05        0xd build/cooja/mtype131.a(tcpip.o)
 *fill*         0x0000000000028e12        0x2 
 .rodata        0x0000000000028e14       0x1f build/cooja/mtype131.a(sicslowpan.o)
                0x0000000000028e14                unc_llconf
                0x0000000000028e18                unc_ctxconf
                0x0000000000028e1c                unc_mxconf
                0x0000000000028e20                llprefix
 .rodata        0x0000000000028e33       0x2d build/cooja/mtype131.a(uiplib.o)
 .rodata        0x0000000000028e60        0x9 build/cooja/mtype131.a(rpl.o)
 .rodata        0x0000000000028e69       0x13 build/cooja/mtype131.a(coap-timer-defa)
 .rodata        0x0000000000028e7c       0x25 build/cooja/mtype131.a(assert.o)
 .rodata        0x0000000000028ea1       0x44 build/cooja/mtype131.a(uip-sr.o)
 *fill*         0x0000000000028ee5        0x3 
 .rodata        0x0000000000028ee8       0x58 build/cooja/mtype131.a(rpl-neighbor.o)
 .rodata        0x0000000000028f40       0xd7 build/cooja/mtype131.a(rpl-dag.o)
 .rodata        0x0000000000029017        0xc build/cooja/mtype131.a(rpl-timers.o)

.rodata1
 *(.rodata1)

.eh_frame_hdr   0x0000000000029024     0x1a6c
 *(.eh_frame_hdr)
 .eh_frame_hdr  0x0000000000029024     0x1a6c glucose-server.o
                0x0000000000029024                __GNU_EH_FRAME_HDR
 *(.eh_frame_entry .eh_frame_entry.*)

.eh_frame       0x000000000002aa90     0x7250
 *(.eh_frame)
 .eh_frame      0x000000000002aa90       0x3c /usr/lib/gcc/i686-linux-gnu/7/../../../i386-linux-gnu/crti.o
                                         0x40 (size before relaxing)
 .eh_frame      0x000000000002aacc       0x14 /usr/lib/gcc/i686-linux-gnu/7/../../../i386-linux-gnu/crti.o
                                         0x2c (size before relaxing)
 .eh_frame      0x000000000002aae0       0x6c glucose-server.o
                                         0x98 (size before relaxing)
 .eh_frame      0x000000000002ab4c      0x1ac build/cooja/mtype131.o
                                        0x1ec (size before relaxing)
 .eh_frame      0x000000000002acf8       0x48 build/cooja/mtype131.a(simEnvChange.o)
                                         0x74 (size before relaxing)
 .eh_frame      0x000000000002ad40       0x6c build/cooja/mtype131.a(cooja_mt.o)
                                         0x98 (size before relaxing)
 .eh_frame      0x000000000002adac       0x88 build/cooja/mtype131.a(cooja_mtarch.o)
                                         0xc8 (size before relaxing)
 .eh_frame      0x000000000002ae34       0xe4 build/cooja/mtype131.a(rtimer-arch.o)
                                        0x110 (size before relaxing)
 .eh_frame      0x000000000002af18      0x160 build/cooja/mtype131.a(beep.o)
                                        0x18c (size before relaxing)
 .eh_frame      0x000000000002b078       0x88 build/cooja/mtype131.a(leds-arch.o)
                                         0xc8 (size before relaxing)
 .eh_frame      0x000000000002b100       0x44 build/cooja/mtype131.a(moteid.o)
                                         0x70 (size before relaxing)
 .eh_frame      0x000000000002b144       0xa4 build/cooja/mtype131.a(pir-sensor.o)
                                         0xe4 (size before relaxing)
 .eh_frame      0x000000000002b1e8      0x110 build/cooja/mtype131.a(rs232.o)
                                        0x150 (size before relaxing)
 .eh_frame      0x000000000002b2f8       0xa4 build/cooja/mtype131.a(vib-sensor.o)
                                         0xe4 (size before relaxing)
 .eh_frame      0x000000000002b39c       0xc0 build/cooja/mtype131.a(clock.o)
                                         0xec (size before relaxing)
 .eh_frame      0x000000000002b45c      0x130 build/cooja/mtype131.a(cooja-log.o)
                                        0x170 (size before relaxing)
 .eh_frame      0x000000000002b58c      0x16c build/cooja/mtype131.a(cfs-cooja.o)
                                        0x1ac (size before relaxing)
 .eh_frame      0x000000000002b6f8      0x374 build/cooja/mtype131.a(cooja-radio.o)
                                        0x3b4 (size before relaxing)
 .eh_frame      0x000000000002ba6c       0xa8 build/cooja/mtype131.a(eeprom.o)
                                         0xe8 (size before relaxing)
 .eh_frame      0x000000000002bb14       0x48 build/cooja/mtype131.a(random.o)
                                         0x74 (size before relaxing)
 .eh_frame      0x000000000002bb5c       0xd0 build/cooja/mtype131.a(sensors.o)
                                        0x110 (size before relaxing)
 .eh_frame      0x000000000002bc2c      0x140 build/cooja/mtype131.a(leds.o)
                                        0x180 (size before relaxing)
 .eh_frame      0x000000000002bd6c      0x228 build/cooja/mtype131.a(gpio-hal-arch.o)
                                        0x27c (size before relaxing)
 .eh_frame      0x000000000002bf94       0xa4 build/cooja/mtype131.a(buttons.o)
                                         0xe4 (size before relaxing)
 .eh_frame      0x000000000002c038       0x24 build/cooja/mtype131.a(res-alarm.o)
                                         0x50 (size before relaxing)
 .eh_frame      0x000000000002c05c       0x6c build/cooja/mtype131.a(res-glucose.o)
                                         0x98 (size before relaxing)
 .eh_frame      0x000000000002c0c8       0x48 build/cooja/mtype131.a(coap-blocking-a)
                                         0x88 (size before relaxing)
 .eh_frame      0x000000000002c110      0x24c build/cooja/mtype131.a(coap-engine.o)
                                        0x28c (size before relaxing)
 .eh_frame      0x000000000002c35c       0x2c build/cooja/mtype131.a(coap-res-well-k)
                                         0x58 (size before relaxing)
 .eh_frame      0x000000000002c388      0x1b4 build/cooja/mtype131.a(coap-observe.o)
                                        0x1f4 (size before relaxing)
 .eh_frame      0x000000000002c53c      0x278 build/cooja/mtype131.a(coap-uip.o)
                                        0x2b8 (size before relaxing)
 .eh_frame      0x000000000002c7b4      0x128 build/cooja/mtype131.a(coap-timer.o)
                                        0x168 (size before relaxing)
 .eh_frame      0x000000000002c8dc      0x110 build/cooja/mtype131.a(coap-transactio)
                                        0x150 (size before relaxing)
 .eh_frame      0x000000000002c9ec      0x72c build/cooja/mtype131.a(coap.o)
                                        0x76c (size before relaxing)
 .eh_frame      0x000000000002d118       0x38 build/cooja/mtype131.a(contiki-main.o)
                                         0x64 (size before relaxing)
 .eh_frame      0x000000000002d150       0x48 build/cooja/mtype131.a(autostart.o)
                                         0x74 (size before relaxing)
 .eh_frame      0x000000000002d198      0x11c build/cooja/mtype131.a(ctimer.o)
                                        0x15c (size before relaxing)
 .eh_frame      0x000000000002d2b4      0x144 build/cooja/mtype131.a(log.o)
                                        0x184 (size before relaxing)
 .eh_frame      0x000000000002d3f8       0x60 build/cooja/mtype131.a(energest.o)
                                         0x8c (size before relaxing)
 .eh_frame      0x000000000002d458      0x204 build/cooja/mtype131.a(etimer.o)
                                        0x244 (size before relaxing)
 .eh_frame      0x000000000002d65c       0x20 build/cooja/mtype131.a(node-id.o)
                                         0x4c (size before relaxing)
 .eh_frame      0x000000000002d67c       0x6c build/cooja/mtype131.a(rtimer.o)
                                         0xc0 (size before relaxing)
 .eh_frame      0x000000000002d6e8      0x1ec build/cooja/mtype131.a(process.o)
                                        0x22c (size before relaxing)
 .eh_frame      0x000000000002d8d4       0xb4 build/cooja/mtype131.a(timer.o)
                                         0xe0 (size before relaxing)
 .eh_frame      0x000000000002d988      0x1a0 build/cooja/mtype131.a(list.o)
                                        0x1cc (size before relaxing)
 .eh_frame      0x000000000002db28       0xa4 build/cooja/mtype131.a(memb.o)
                                         0xe4 (size before relaxing)
 .eh_frame      0x000000000002dbcc      0x188 build/cooja/mtype131.a(button-hal.o)
                                        0x1c8 (size before relaxing)
 .eh_frame      0x000000000002dd54       0x6c build/cooja/mtype131.a(serial-line.o)
                                         0x98 (size before relaxing)
 .eh_frame      0x000000000002ddc0       0xfc build/cooja/mtype131.a(gpio-hal.o)
                                        0x13c (size before relaxing)
 .eh_frame      0x000000000002debc      0x1c0 build/cooja/mtype131.a(queuebuf.o)
                                        0x200 (size before relaxing)
 .eh_frame      0x000000000002e07c      0x2b0 build/cooja/mtype131.a(packetbuf.o)
                                        0x2f0 (size before relaxing)
 .eh_frame      0x000000000002e32c       0x90 build/cooja/mtype131.a(netstack.o)
                                         0xd0 (size before relaxing)
 .eh_frame      0x000000000002e3bc       0x64 build/cooja/mtype131.a(linkaddr.o)
                                         0x90 (size before relaxing)
 .eh_frame      0x000000000002e420       0xf0 build/cooja/mtype131.a(csma.o)
                                        0x130 (size before relaxing)
 .eh_frame      0x000000000002e510      0x1f8 build/cooja/mtype131.a(csma-output.o)
                                        0x238 (size before relaxing)
 .eh_frame      0x000000000002e708      0x364 build/cooja/mtype131.a(uip-ds6.o)
                                        0x3a4 (size before relaxing)
 .eh_frame      0x000000000002ea6c       0x44 build/cooja/mtype131.a(uip-udp-packet.)
                                         0x84 (size before relaxing)
 .eh_frame      0x000000000002eab0      0x260 build/cooja/mtype131.a(uip-ds6-route.o)
                                        0x2a0 (size before relaxing)
 .eh_frame      0x000000000002ed10      0x270 build/cooja/mtype131.a(tcpip.o)
                                        0x2b0 (size before relaxing)
 .eh_frame      0x000000000002ef80      0x20c build/cooja/mtype131.a(uip6.o)
                                        0x24c (size before relaxing)
 .eh_frame      0x000000000002f18c      0x1e8 build/cooja/mtype131.a(uip-ds6-nbr.o)
                                        0x228 (size before relaxing)
 .eh_frame      0x000000000002f374       0x8c build/cooja/mtype131.a(uip-nd6.o)
                                         0xe0 (size before relaxing)
 .eh_frame      0x000000000002f400      0x354 build/cooja/mtype131.a(sicslowpan.o)
                                        0x3a8 (size before relaxing)
 .eh_frame      0x000000000002f754       0x9c build/cooja/mtype131.a(uiplib.o)
                                         0xdc (size before relaxing)
 .eh_frame      0x000000000002f7f0      0x1fc build/cooja/mtype131.a(rpl.o)
                                        0x23c (size before relaxing)
 .eh_frame      0x000000000002f9ec      0x1f0 build/cooja/mtype131.a(rpl-icmp6.o)
                                        0x230 (size before relaxing)
 .eh_frame      0x000000000002fbdc       0xb0 build/cooja/mtype131.a(rpl-dag-root.o)
                                         0xf0 (size before relaxing)
 .eh_frame      0x000000000002fc8c       0xa4 build/cooja/mtype131.a(watchdog.o)
                                         0xd0 (size before relaxing)
 .eh_frame      0x000000000002fd30       0x80 build/cooja/mtype131.a(int-master.o)
                                         0xac (size before relaxing)
 .eh_frame      0x000000000002fdb0       0xc4 build/cooja/mtype131.a(coap-timer-defa)
                                        0x104 (size before relaxing)
 .eh_frame      0x000000000002fe74       0xd8 build/cooja/mtype131.a(stimer.o)
                                        0x104 (size before relaxing)
 .eh_frame      0x000000000002ff4c       0xa0 build/cooja/mtype131.a(ringbuf.o)
                                         0xcc (size before relaxing)
 .eh_frame      0x000000000002ffec       0x24 build/cooja/mtype131.a(assert.o)
                                         0x50 (size before relaxing)
 .eh_frame      0x0000000000030010      0x428 build/cooja/mtype131.a(nbr-table.o)
                                        0x468 (size before relaxing)
 .eh_frame      0x0000000000030438      0x140 build/cooja/mtype131.a(link-stats.o)
                                        0x180 (size before relaxing)
 .eh_frame      0x0000000000030578       0x50 build/cooja/mtype131.a(mac-sequence.o)
                                         0x7c (size before relaxing)
 .eh_frame      0x00000000000305c8       0x20 build/cooja/mtype131.a(mac.o)
                                         0x4c (size before relaxing)
 .eh_frame      0x00000000000305e8       0xb4 build/cooja/mtype131.a(framer-802154.o)
                                         0xf4 (size before relaxing)
 .eh_frame      0x000000000003069c      0x1b0 build/cooja/mtype131.a(frame802154.o)
                                        0x1f0 (size before relaxing)
 .eh_frame      0x000000000003084c       0x44 build/cooja/mtype131.a(csma-security.o)
                                         0x84 (size before relaxing)
 .eh_frame      0x0000000000030890      0x204 build/cooja/mtype131.a(uipbuf.o)
                                        0x230 (size before relaxing)
 .eh_frame      0x0000000000030a94      0x170 build/cooja/mtype131.a(uip-icmp6.o)
                                        0x1b0 (size before relaxing)
 .eh_frame      0x0000000000030c04      0x1ac build/cooja/mtype131.a(uip-sr.o)
                                        0x1ec (size before relaxing)
 .eh_frame      0x0000000000030db0       0xec build/cooja/mtype131.a(uip-packetqueue)
                                        0x12c (size before relaxing)
 .eh_frame      0x0000000000030e9c       0x48 build/cooja/mtype131.a(rpl-nbr-policy.)
                                         0x88 (size before relaxing)
 .eh_frame      0x0000000000030ee4      0x2ec build/cooja/mtype131.a(rpl-neighbor.o)
                                        0x340 (size before relaxing)
 .eh_frame      0x00000000000311d0      0x3c0 build/cooja/mtype131.a(rpl-dag.o)
                                        0x414 (size before relaxing)
 .eh_frame      0x0000000000031590      0x418 build/cooja/mtype131.a(rpl-timers.o)
                                        0x458 (size before relaxing)
 .eh_frame      0x00000000000319a8      0x144 build/cooja/mtype131.a(rpl-ext-header.)
                                        0x184 (size before relaxing)
 .eh_frame      0x0000000000031aec      0x150 build/cooja/mtype131.a(rpl-mrhof.o)
                                        0x190 (size before relaxing)
 .eh_frame      0x0000000000031c3c       0x84 /usr/lib/gcc/i686-linux-gnu/7/libgcc.a(_udivdi3.o)
                                         0x9c (size before relaxing)
 .eh_frame      0x0000000000031cc0       0x1c /usr/lib/i386-linux-gnu/libc_nonshared.a(stack_chk_fail_local.oS)
                                         0x48 (size before relaxing)
 .eh_frame      0x0000000000031cdc        0x4 /usr/lib/gcc/i686-linux-gnu/7/crtendS.o
 *(.eh_frame.*)

.gcc_except_table
 *(.gcc_except_table .gcc_except_table.*)

.gnu_extab
 *(.gnu_extab*)

.exception_ranges
 *(.exception_ranges .exception_ranges*)
                0x0000000000033bf8                . = DATA_SEGMENT_ALIGN (CONSTANT (MAXPAGESIZE), CONSTANT (COMMONPAGESIZE))

.eh_frame
 *(.eh_frame)
 *(.eh_frame.*)

.gnu_extab
 *(.gnu_extab)

.gcc_except_table
 *(.gcc_except_table .gcc_except_table.*)

.exception_ranges
 *(.exception_ranges .exception_ranges*)

.tdata
 *(.tdata .tdata.* .gnu.linkonce.td.*)

.tbss
 *(.tbss .tbss.* .gnu.linkonce.tb.*)
 *(.tcommon)

.preinit_array
 *(.preinit_array)

.init_array     0x0000000000033bf8        0x4
 *(SORT_BY_INIT_PRIORITY(.init_array.*) SORT_BY_INIT_PRIORITY(.ctors.*))
 *(.init_array EXCLUDE_FILE(*crtend?.o *crtend.o *crtbegin?.o *crtbegin.o) .ctors)
 .init_array    0x0000000000033bf8        0x4 /usr/lib/gcc/i686-linux-gnu/7/crtbeginS.o

.fini_array     0x0000000000033bfc        0x4
 *(SORT_BY_INIT_PRIORITY(.fini_array.*) SORT_BY_INIT_PRIORITY(.dtors.*))
 *(.fini_array EXCLUDE_FILE(*crtend?.o *crtend.o *crtbegin?.o *crtbegin.o) .dtors)
 .fini_array    0x0000000000033bfc        0x4 /usr/lib/gcc/i686-linux-gnu/7/crtbeginS.o

.ctors
 *crtbegin.o(.ctors)
 *crtbegin?.o(.ctors)
 *(EXCLUDE_FILE(*crtend?.o *crtend.o) .ctors)
 *(SORT_BY_NAME(.ctors.*))
 *(.ctors)

.dtors
 *crtbegin.o(.dtors)
 *crtbegin?.o(.dtors)
 *(EXCLUDE_FILE(*crtend?.o *crtend.o) .dtors)
 *(SORT_BY_NAME(.dtors.*))
 *(.dtors)

.jcr
 *(.jcr)

.data.rel.ro    0x0000000000033c00      0x198
 *(.data.rel.ro.local* .gnu.linkonce.d.rel.ro.local.*)
 .data.rel.ro.local
                0x0000000000033c00        0x8 glucose-server.o
                0x0000000000033c00                autostart_processes
 .data.rel.ro.local
                0x0000000000033c08        0x8 build/cooja/mtype131.a(beep.o)
                0x0000000000033c08                beep_interface
 .data.rel.ro.local
                0x0000000000033c10        0x8 build/cooja/mtype131.a(leds-arch.o)
                0x0000000000033c10                leds_interface
 .data.rel.ro.local
                0x0000000000033c18        0x8 build/cooja/mtype131.a(moteid.o)
                0x0000000000033c18                moteid_interface
 .data.rel.ro.local
                0x0000000000033c20       0x18 build/cooja/mtype131.a(pir-sensor.o)
                0x0000000000033c20                pir_interface
                0x0000000000033c28                pir_sensor
 .data.rel.ro.local
                0x0000000000033c38        0x8 build/cooja/mtype131.a(rs232.o)
                0x0000000000033c38                rs232_interface
 .data.rel.ro.local
                0x0000000000033c40       0x18 build/cooja/mtype131.a(vib-sensor.o)
                0x0000000000033c40                vib_interface
                0x0000000000033c48                vib_sensor
 .data.rel.ro.local
                0x0000000000033c58        0x8 build/cooja/mtype131.a(clock.o)
                0x0000000000033c58                clock_interface
 .data.rel.ro.local
                0x0000000000033c60        0x8 build/cooja/mtype131.a(cooja-log.o)
                0x0000000000033c60                simlog_interface
 .data.rel.ro.local
                0x0000000000033c68        0x8 build/cooja/mtype131.a(cfs-cooja.o)
                0x0000000000033c68                cfs_interface
 *fill*         0x0000000000033c70       0x10 
 .data.rel.ro.local
                0x0000000000033c80       0x58 build/cooja/mtype131.a(cooja-radio.o)
                0x0000000000033c80                radio_interface
                0x0000000000033ca0                cooja_radio_driver
 .data.rel.ro.local
                0x0000000000033cd8        0x8 build/cooja/mtype131.a(eeprom.o)
                0x0000000000033cd8                eeprom_interface
 .data.rel.ro.local
                0x0000000000033ce0       0x18 build/cooja/mtype131.a(buttons.o)
                0x0000000000033ce0                button_interface
                0x0000000000033ce8                button_sensor
 .data.rel.ro.local
                0x0000000000033cf8       0x1c build/cooja/mtype131.a(csma.o)
                0x0000000000033cf8                csma_driver
 .data.rel.ro.local
                0x0000000000033d14       0x10 build/cooja/mtype131.a(sicslowpan.o)
                0x0000000000033d14                sicslowpan_driver
 .data.rel.ro.local
                0x0000000000033d24        0xc build/cooja/mtype131.a(coap-timer-defa)
                0x0000000000033d24                coap_timer_default_driver
 .data.rel.ro.local
                0x0000000000033d30        0xc build/cooja/mtype131.a(framer-802154.o)
                0x0000000000033d30                framer_802154
 *(.data.rel.ro .data.rel.ro.* .gnu.linkonce.d.rel.ro.*)
 .data.rel.ro   0x0000000000033d3c        0x0 /usr/lib/gcc/i686-linux-gnu/7/../../../i386-linux-gnu/crti.o
 *fill*         0x0000000000033d3c        0x4 
 .data.rel.ro   0x0000000000033d40       0x54 build/cooja/mtype131.a(rpl.o)
                0x0000000000033d40                rpl_lite_driver
 .data.rel.ro   0x0000000000033d94        0x4 build/cooja/mtype131.a(rpl-dag.o)

.dynamic        0x0000000000033d98       0xf0
 *(.dynamic)
 .dynamic       0x0000000000033d98       0xf0 /usr/lib/gcc/i686-linux-gnu/7/../../../i386-linux-gnu/crti.o
                0x0000000000033d98                _DYNAMIC

.got            0x0000000000033e88      0x160
 *(.got)
 .got           0x0000000000033e88      0x160 /usr/lib/gcc/i686-linux-gnu/7/../../../i386-linux-gnu/crti.o
 *(.igot)
                0x0000000000033ff4                . = DATA_SEGMENT_RELRO_END (., (SIZEOF (.got.plt) >= 0xc)?0xc:0x0)

.got.plt        0x0000000000034000      0x590
 *(.got.plt)
 .got.plt       0x0000000000034000      0x590 /usr/lib/gcc/i686-linux-gnu/7/../../../i386-linux-gnu/crti.o
                0x0000000000034000                _GLOBAL_OFFSET_TABLE_
 *(.igot.plt)

.data           0x00000000000345a0      0x464
 *(.data .data.* .gnu.linkonce.d.*)
 .data          0x00000000000345a0        0x0 /usr/lib/gcc/i686-linux-gnu/7/../../../i386-linux-gnu/crti.o
 .data          0x00000000000345a0        0x0 /usr/lib/gcc/i686-linux-gnu/7/crtbeginS.o
 .data.rel.local
                0x00000000000345a0        0x4 /usr/lib/gcc/i686-linux-gnu/7/crtbeginS.o
                0x00000000000345a0                __dso_handle
 .data          0x00000000000345a4        0x0 glucose-server.o
 .data.rel.local
                0x00000000000345a4       0x14 glucose-server.o
                0x00000000000345a4                glucose_server
                0x00000000000345b4                service_url
 .data          0x00000000000345b8        0x0 build/cooja/mtype131.o
 *fill*         0x00000000000345b8        0x8 
 .data.rel      0x00000000000345c0       0x44 build/cooja/mtype131.o
                0x00000000000345c0                simInterfaces
                0x00000000000345f4                sensors
 .data          0x0000000000034604        0x0 build/cooja/mtype131.a(simEnvChange.o)
 .data          0x0000000000034604        0x0 build/cooja/mtype131.a(cooja_mt.o)
 .data          0x0000000000034604        0x0 build/cooja/mtype131.a(cooja_mtarch.o)
 .data          0x0000000000034604        0x0 build/cooja/mtype131.a(rtimer-arch.o)
 .data          0x0000000000034604        0x0 build/cooja/mtype131.a(beep.o)
 .data          0x0000000000034604        0x0 build/cooja/mtype131.a(leds-arch.o)
 .data          0x0000000000034604        0x0 build/cooja/mtype131.a(moteid.o)
 .data          0x0000000000034604        0x0 build/cooja/mtype131.a(pir-sensor.o)
 .data          0x0000000000034604        0x0 build/cooja/mtype131.a(rs232.o)
 .data          0x0000000000034604        0x0 build/cooja/mtype131.a(vib-sensor.o)
 .data          0x0000000000034604        0x0 build/cooja/mtype131.a(clock.o)
 .data          0x0000000000034604        0x0 build/cooja/mtype131.a(cooja-log.o)
 .data          0x0000000000034604        0x0 build/cooja/mtype131.a(cfs-cooja.o)
 .data          0x0000000000034604       0x20 build/cooja/mtype131.a(cooja-radio.o)
                0x0000000000034604                simRadioHWOn
                0x0000000000034608                simSignalStrength
                0x000000000003460c                simLastSignalStrength
                0x0000000000034610                simPower
                0x0000000000034614                simRadioChannel
                0x0000000000034618                simLQI
                0x000000000003461c                simLastLQI
 .data.rel.local
                0x0000000000034624       0x10 build/cooja/mtype131.a(cooja-radio.o)
                0x0000000000034624                cooja_radio_process
 .data          0x0000000000034634        0x0 build/cooja/mtype131.a(eeprom.o)
 .data          0x0000000000034634        0x0 build/cooja/mtype131.a(random.o)
 .data          0x0000000000034634        0x0 build/cooja/mtype131.a(sensors.o)
 .data.rel.local
                0x0000000000034634       0x10 build/cooja/mtype131.a(sensors.o)
                0x0000000000034634                sensors_process
 .data          0x0000000000034644        0x0 build/cooja/mtype131.a(leds.o)
 .data          0x0000000000034644        0x0 build/cooja/mtype131.a(gpio-hal-arch.o)
 .data          0x0000000000034644        0x1 build/cooja/mtype131.a(buttons.o)
                0x0000000000034644                simButtonIsActive
 *fill*         0x0000000000034645       0x1b 
 .data.rel.local
                0x0000000000034660       0x58 build/cooja/mtype131.a(buttons.o)
                0x00000000000346b0                button_hal_buttons
 .data          0x00000000000346b8        0x0 build/cooja/mtype131.a(res-alarm.o)
 *fill*         0x00000000000346b8        0x8 
 .data.rel.local
                0x00000000000346c0       0x24 build/cooja/mtype131.a(res-alarm.o)
                0x00000000000346c0                res_alarm
 .data          0x00000000000346e4        0xc build/cooja/mtype131.a(res-glucose.o)
 *fill*         0x00000000000346f0       0x10 
 .data.rel.local
                0x0000000000034700       0x24 build/cooja/mtype131.a(res-glucose.o)
                0x0000000000034700                res_glucose
 .data          0x0000000000034724        0x0 build/cooja/mtype131.a(coap-blocking-a)
 .data          0x0000000000034724        0x0 build/cooja/mtype131.a(coap-engine.o)
 .data.rel.local
                0x0000000000034724        0x8 build/cooja/mtype131.a(coap-engine.o)
 .data          0x000000000003472c        0x0 build/cooja/mtype131.a(coap-res-well-k)
 *fill*         0x000000000003472c       0x14 
 .data.rel.local
                0x0000000000034740       0x24 build/cooja/mtype131.a(coap-res-well-k)
                0x0000000000034740                res_well_known_core
 .data          0x0000000000034764        0x0 build/cooja/mtype131.a(coap-observe.o)
 .data.rel.local
                0x0000000000034764       0x10 build/cooja/mtype131.a(coap-observe.o)
 .data          0x0000000000034774        0x0 build/cooja/mtype131.a(coap-uip.o)
 .data.rel.local
                0x0000000000034774       0x10 build/cooja/mtype131.a(coap-uip.o)
                0x0000000000034774                coap_engine
 .data          0x0000000000034784        0x0 build/cooja/mtype131.a(coap-timer.o)
 .data.rel.local
                0x0000000000034784        0x4 build/cooja/mtype131.a(coap-timer.o)
 .data          0x0000000000034788        0x0 build/cooja/mtype131.a(coap-transactio)
 .data.rel.local
                0x0000000000034788       0x10 build/cooja/mtype131.a(coap-transactio)
 .data          0x0000000000034798        0x0 build/cooja/mtype131.a(coap.o)
 .data.rel.local
                0x0000000000034798        0x4 build/cooja/mtype131.a(coap.o)
                0x0000000000034798                coap_error_message
 .data          0x000000000003479c        0x0 build/cooja/mtype131.a(contiki-main.o)
 .data          0x000000000003479c        0x0 build/cooja/mtype131.a(autostart.o)
 .data          0x000000000003479c        0x0 build/cooja/mtype131.a(ctimer.o)
 .data.rel.local
                0x000000000003479c       0x14 build/cooja/mtype131.a(ctimer.o)
                0x00000000000347a0                ctimer_process
 .data          0x00000000000347b0        0x4 build/cooja/mtype131.a(log.o)
                0x00000000000347b0                curr_log_level_main
 *fill*         0x00000000000347b4        0xc 
 .data.rel.local
                0x00000000000347c0       0x9c build/cooja/mtype131.a(log.o)
                0x00000000000347c0                all_modules
 .data          0x000000000003485c        0x0 build/cooja/mtype131.a(energest.o)
 .data          0x000000000003485c        0x0 build/cooja/mtype131.a(etimer.o)
 .data.rel.local
                0x000000000003485c       0x10 build/cooja/mtype131.a(etimer.o)
                0x000000000003485c                etimer_process
 .data          0x000000000003486c        0x0 build/cooja/mtype131.a(node-id.o)
 .data          0x000000000003486c        0x0 build/cooja/mtype131.a(rtimer.o)
 .data          0x000000000003486c        0x0 build/cooja/mtype131.a(process.o)
 .data          0x000000000003486c        0x0 build/cooja/mtype131.a(timer.o)
 .data          0x000000000003486c        0x0 build/cooja/mtype131.a(list.o)
 .data          0x000000000003486c        0x0 build/cooja/mtype131.a(memb.o)
 .data          0x000000000003486c        0x0 build/cooja/mtype131.a(button-hal.o)
 .data.rel.local
                0x000000000003486c       0x10 build/cooja/mtype131.a(button-hal.o)
                0x000000000003486c                button_hal_process
 .data          0x000000000003487c        0x0 build/cooja/mtype131.a(serial-line.o)
 .data.rel.local
                0x000000000003487c       0x10 build/cooja/mtype131.a(serial-line.o)
                0x000000000003487c                serial_line_process
 .data          0x000000000003488c        0x0 build/cooja/mtype131.a(gpio-hal.o)
 .data.rel.local
                0x000000000003488c        0x4 build/cooja/mtype131.a(gpio-hal.o)
 .data          0x0000000000034890        0x0 build/cooja/mtype131.a(queuebuf.o)
 .data.rel.local
                0x0000000000034890       0x18 build/cooja/mtype131.a(queuebuf.o)
 .data          0x00000000000348a8        0x0 build/cooja/mtype131.a(packetbuf.o)
 .data.rel.local
                0x00000000000348a8        0x4 build/cooja/mtype131.a(packetbuf.o)
 .data          0x00000000000348ac        0x0 build/cooja/mtype131.a(netstack.o)
 .data.rel.local
                0x00000000000348ac        0x4 build/cooja/mtype131.a(netstack.o)
 .data          0x00000000000348b0        0x0 build/cooja/mtype131.a(linkaddr.o)
 .data          0x00000000000348b0        0x0 build/cooja/mtype131.a(csma.o)
 .data          0x00000000000348b0        0x0 build/cooja/mtype131.a(csma-output.o)
 .data.rel.local
                0x00000000000348b0       0x28 build/cooja/mtype131.a(csma-output.o)
 .data          0x00000000000348d8        0x0 build/cooja/mtype131.a(uip-ds6.o)
 .data          0x00000000000348d8        0x0 build/cooja/mtype131.a(uip-udp-packet.)
 .data          0x00000000000348d8        0x0 build/cooja/mtype131.a(uip-ds6-route.o)
 .data.rel.local
                0x00000000000348d8       0x10 build/cooja/mtype131.a(uip-ds6-route.o)
 .data          0x00000000000348e8        0x0 build/cooja/mtype131.a(tcpip.o)
 .data.rel.local
                0x00000000000348e8       0x10 build/cooja/mtype131.a(tcpip.o)
                0x00000000000348e8                tcpip_process
 .data          0x00000000000348f8        0x0 build/cooja/mtype131.a(uip6.o)
 .data          0x00000000000348f8        0x0 build/cooja/mtype131.a(uip-ds6-nbr.o)
 .data.rel.local
                0x00000000000348f8       0x14 build/cooja/mtype131.a(uip-ds6-nbr.o)
 .data          0x000000000003490c        0x0 build/cooja/mtype131.a(uip-nd6.o)
 .data.rel.local
                0x000000000003490c        0xc build/cooja/mtype131.a(uip-nd6.o)
 .data          0x0000000000034918        0x0 build/cooja/mtype131.a(sicslowpan.o)
 .data          0x0000000000034918        0x0 build/cooja/mtype131.a(uiplib.o)
 .data          0x0000000000034918        0x0 build/cooja/mtype131.a(rpl.o)
 .data          0x0000000000034918        0x0 build/cooja/mtype131.a(rpl-icmp6.o)
 .data.rel.local
                0x0000000000034918       0x30 build/cooja/mtype131.a(rpl-icmp6.o)
 .data          0x0000000000034948        0x0 build/cooja/mtype131.a(rpl-dag-root.o)
 .data          0x0000000000034948        0x0 build/cooja/mtype131.a(watchdog.o)
 .data          0x0000000000034948        0x0 build/cooja/mtype131.a(int-master.o)
 .data          0x0000000000034948        0x0 build/cooja/mtype131.a(coap-timer-defa)
 .data.rel.local
                0x0000000000034948       0x10 build/cooja/mtype131.a(coap-timer-defa)
                0x0000000000034948                coap_timer_process
 .data          0x0000000000034958        0x0 build/cooja/mtype131.a(stimer.o)
 .data          0x0000000000034958        0x0 build/cooja/mtype131.a(ringbuf.o)
 .data          0x0000000000034958        0x0 build/cooja/mtype131.a(assert.o)
 .data          0x0000000000034958        0x0 build/cooja/mtype131.a(nbr-table.o)
 .data.rel.local
                0x0000000000034958       0x10 build/cooja/mtype131.a(nbr-table.o)
 .data          0x0000000000034968        0x0 build/cooja/mtype131.a(link-stats.o)
 .data.rel.local
                0x0000000000034968       0x14 build/cooja/mtype131.a(link-stats.o)
 .data          0x000000000003497c        0x0 build/cooja/mtype131.a(mac-sequence.o)
 .data          0x000000000003497c        0x0 build/cooja/mtype131.a(mac.o)
 .data          0x000000000003497c        0x0 build/cooja/mtype131.a(framer-802154.o)
 .data          0x000000000003497c        0x2 build/cooja/mtype131.a(frame802154.o)
 .data          0x000000000003497e        0x0 build/cooja/mtype131.a(csma-security.o)
 .data          0x000000000003497e        0x0 build/cooja/mtype131.a(uipbuf.o)
 .data          0x000000000003497e        0x0 build/cooja/mtype131.a(uip-icmp6.o)
 *fill*         0x000000000003497e        0x2 
 .data.rel.local
                0x0000000000034980       0x20 build/cooja/mtype131.a(uip-icmp6.o)
 .data          0x00000000000349a0        0x0 build/cooja/mtype131.a(uip-sr.o)
 .data.rel.local
                0x00000000000349a0       0x10 build/cooja/mtype131.a(uip-sr.o)
 .data          0x00000000000349b0        0x0 build/cooja/mtype131.a(uip-packetqueue)
 .data.rel.local
                0x00000000000349b0        0xc build/cooja/mtype131.a(uip-packetqueue)
 .data          0x00000000000349bc        0x0 build/cooja/mtype131.a(rpl-nbr-policy.)
 .data          0x00000000000349bc        0x0 build/cooja/mtype131.a(rpl-neighbor.o)
 .data.rel.local
                0x00000000000349bc       0x14 build/cooja/mtype131.a(rpl-neighbor.o)
                0x00000000000349cc                rpl_neighbors
 .data          0x00000000000349d0        0x0 build/cooja/mtype131.a(rpl-dag.o)
 .data          0x00000000000349d0        0x0 build/cooja/mtype131.a(rpl-timers.o)
 .data          0x00000000000349d0        0x0 build/cooja/mtype131.a(rpl-ext-header.)
 .data          0x00000000000349d0        0x0 build/cooja/mtype131.a(rpl-mrhof.o)
 *fill*         0x00000000000349d0       0x10 
 .data.rel.local
                0x00000000000349e0       0x24 build/cooja/mtype131.a(rpl-mrhof.o)
                0x00000000000349e0                rpl_mrhof
 .data          0x0000000000034a04        0x0 /usr/lib/gcc/i686-linux-gnu/7/libgcc.a(_udivdi3.o)
 .data          0x0000000000034a04        0x0 /usr/lib/i386-linux-gnu/libc_nonshared.a(stack_chk_fail_local.oS)
 .data          0x0000000000034a04        0x0 /usr/lib/gcc/i686-linux-gnu/7/crtendS.o
 .data          0x0000000000034a04        0x0 /usr/lib/gcc/i686-linux-gnu/7/../../../i386-linux-gnu/crtn.o

.tm_clone_table
                0x0000000000034a04        0x0
 .tm_clone_table
                0x0000000000034a04        0x0 /usr/lib/gcc/i686-linux-gnu/7/crtbeginS.o
 .tm_clone_table
                0x0000000000034a04        0x0 /usr/lib/gcc/i686-linux-gnu/7/crtendS.o

.data1
 *(.data1)
                0x0000000000034a04                _edata = .
                [!provide]                        PROVIDE (edata = .)
                0x0000000000034a04                . = .
                0x0000000000034a04                __bss_start = .

.bss            0x0000000000034a20    0x13f24
 *(.dynbss)
 .dynbss        0x0000000000034a20        0x0 /usr/lib/gcc/i686-linux-gnu/7/../../../i386-linux-gnu/crti.o
 *(.bss .bss.* .gnu.linkonce.b.*)
 .bss           0x0000000000034a20        0x0 /usr/lib/gcc/i686-linux-gnu/7/../../../i386-linux-gnu/crti.o
 .bss           0x0000000000034a20        0x1 /usr/lib/gcc/i686-linux-gnu/7/crtbeginS.o
 *fill*         0x0000000000034a21       0x1f 
 .bss           0x0000000000034a40      0x14c glucose-server.o
 *fill*         0x0000000000034b8c       0x14 
 .bss           0x0000000000034ba0     0x2040 build/cooja/mtype131.o
 .bss           0x0000000000036be0        0x1 build/cooja/mtype131.a(simEnvChange.o)
                0x0000000000036be0                simDontFallAsleep
 *fill*         0x0000000000036be1        0x3 
 .bss           0x0000000000036be4        0x4 build/cooja/mtype131.a(cooja_mt.o)
 .bss           0x0000000000036be8        0x4 build/cooja/mtype131.a(cooja_mtarch.o)