Archive member included to satisfy reference by file (symbol)

build/cooja/mtype769.a(simEnvChange.o)
                              build/cooja/mtype769.o (simDontFallAsleep)
build/cooja/mtype769.a(cooja_mt.o)
                              build/cooja/mtype769.o (cooja_mt_start)
build/cooja/mtype769.a(cooja_mtarch.o)
                              build/cooja/mtype769.a(cooja_mt.o) (cooja_mtarch_start)
build/cooja/mtype769.a(rtimer-arch.o)
                              build/cooja/mtype769.o (rtimer_arch_check)
build/cooja/mtype769.a(beep.o)
                              build/cooja/mtype769.o (beep_interface)
build/cooja/mtype769.a(leds-arch.o)
                              build/cooja/mtype769.o (leds_interface)
build/cooja/mtype769.a(moteid.o)
                              build/cooja/mtype769.o (moteid_interface)
build/cooja/mtype769.a(pir-sensor.o)
                              build/cooja/mtype769.o (pir_interface)
build/cooja/mtype769.a(rs232.o)
                              build/cooja/mtype769.o (rs232_interface)
build/cooja/mtype769.a(vib-sensor.o)
                              build/cooja/mtype769.o (vib_interface)
build/cooja/mtype769.a(clock.o)
                              build/cooja/mtype769.o (clock_interface)
build/cooja/mtype769.a(cooja-log.o)
                              build/cooja/mtype769.o (simlog_interface)
build/cooja/mtype769.a(cfs-cooja.o)
                              build/cooja/mtype769.o (cfs_interface)
build/cooja/mtype769.a(cooja-radio.o)
                              build/cooja/mtype769.o (radio_interface)
build/cooja/mtype769.a(eeprom.o)
                              build/cooja/mtype769.o (eeprom_interface)
build/cooja/mtype769.a(random.o)
                              build/cooja/mtype769.a(moteid.o) (random_init)
build/cooja/mtype769.a(sensors.o)
                              build/cooja/mtype769.a(pir-sensor.o) (sensors_changed)
build/cooja/mtype769.a(leds.o)
                              glucose-server.o (leds_set)
build/cooja/mtype769.a(gpio-hal-arch.o)
                              build/cooja/mtype769.a(leds-arch.o) (gpio_hal_arch_register_pin_callback)
build/cooja/mtype769.a(buttons.o)
                              build/cooja/mtype769.o (button_interface)
build/cooja/mtype769.a(res-alarm.o)
                              glucose-server.o (res_alarm)
build/cooja/mtype769.a(res-glucose.o)
                              glucose-server.o (res_glucose)
build/cooja/mtype769.a(coap-blocking-a)
                              glucose-server.o (coap_blocking_request)
build/cooja/mtype769.a(coap-engine.o)
                              glucose-server.o (coap_activate_resource)
build/cooja/mtype769.a(coap-res-well-k)
                              build/cooja/mtype769.a(coap-engine.o) (res_well_known_core)
build/cooja/mtype769.a(coap-observe.o)
                              build/cooja/mtype769.a(coap-engine.o) (coap_remove_observer_by_mid)
build/cooja/mtype769.a(coap-uip.o)
                              build/cooja/mtype769.a(coap-observe.o) (coap_endpoint_copy)
build/cooja/mtype769.a(coap-timer.o)
                              build/cooja/mtype769.a(coap-engine.o) (coap_timer_set)
build/cooja/mtype769.a(coap-transactio)
                              build/cooja/mtype769.a(coap-blocking-a) (coap_send_transaction)
build/cooja/mtype769.a(coap.o)
                              build/cooja/mtype769.a(coap-engine.o) (coap_status_code)
build/cooja/mtype769.a(contiki-main.o)
                              build/cooja/mtype769.o (main)
build/cooja/mtype769.a(autostart.o)
                              build/cooja/mtype769.a(contiki-main.o) (autostart_start)
build/cooja/mtype769.a(ctimer.o)
                              build/cooja/mtype769.a(contiki-main.o) (ctimer_init)
build/cooja/mtype769.a(log.o)
                              build/cooja/mtype769.a(contiki-main.o) (curr_log_level_main)
build/cooja/mtype769.a(energest.o)
                              build/cooja/mtype769.a(contiki-main.o) (energest_init)
build/cooja/mtype769.a(etimer.o)
                              build/cooja/mtype769.a(contiki-main.o) (etimer_process)
build/cooja/mtype769.a(node-id.o)
                              build/cooja/mtype769.a(res-glucose.o) (node_id)
build/cooja/mtype769.a(rtimer.o)
                              build/cooja/mtype769.a(contiki-main.o) (rtimer_init)
build/cooja/mtype769.a(process.o)
                              build/cooja/mtype769.a(coap-blocking-a) (process_current)
build/cooja/mtype769.a(timer.o)
                              build/cooja/mtype769.a(etimer.o) (timer_set)
build/cooja/mtype769.a(list.o)
                              build/cooja/mtype769.a(coap-engine.o) (list_init)
build/cooja/mtype769.a(memb.o)
                              build/cooja/mtype769.a(coap-observe.o) (memb_alloc)
build/cooja/mtype769.a(button-hal.o)
                              build/cooja/mtype769.o (button_hal_init)
build/cooja/mtype769.a(serial-line.o)
[...]
Memory Configuration

Name             Origin             Length             Attributes
*default*        0x0000000000000000 0xffffffffffffffff

Linker script and memory map

LOAD /usr/lib/gcc/i686-linux-gnu/7/../../../i386-linux-gnu/crti.o
LOAD /usr/lib/gcc/i686-linux-gnu/7/crtbeginS.o
LOAD glucose-server.o
LOAD build/cooja/mtype769.o
LOAD build/cooja/mtype769.a
LOAD /usr/lib/gcc/i686-linux-gnu/7/libgcc.a
LOAD /usr/lib/gcc/i686-linux-gnu/7/libgcc_s.so
START GROUP
LOAD /usr/lib/gcc/i686-linux-gnu/7/libgcc_s.so.1
LOAD /usr/lib/gcc/i686-linux-gnu/7/libgcc.a
END GROUP
LOAD /usr/lib/gcc/i686-linux-gnu/7/../../../i386-linux-gnu/libc.so
START GROUP
LOAD /lib/i386-linux-gnu/libc.so.6
LOAD /usr/lib/i386-linux-gnu/libc_nonshared.a
LOAD /lib/i386-linux-gnu/ld-linux.so.2
END GROUP
LOAD /usr/lib/gcc/i686-linux-gnu/7/libgcc.a
LOAD /usr/lib/gcc/i686-linux-gnu/7/libgcc_s.so
START GROUP
LOAD /usr/lib/gcc/i686-linux-gnu/7/libgcc_s.so.1
LOAD /usr/lib/gcc/i686-linux-gnu/7/libgcc.a
END GROUP
LOAD /usr/lib/gcc/i686-linux-gnu/7/crtendS.o
LOAD /usr/lib/gcc/i686-linux-gnu/7/../../../i386-linux-gnu/crtn.o
                0x0000000000000114                . = (SEGMENT_START ("text-segment", 0x0) + SIZEOF_HEADERS)

.note.gnu.build-id
                0x0000000000000114       0x24
 *(.note.gnu.build-id)
 .note.gnu.build-id
                0x0000000000000114       0x24 /usr/lib/gcc/i686-linux-gnu/7/../../../i386-linux-gnu/crti.o

.hash
 *(.hash)

.gnu.hash       0x0000000000000138     0x15b0
 *(.gnu.hash)
 .gnu.hash      0x0000000000000138     0x15b0 /usr/lib/gcc/i686-linux-gnu/7/../../../i386-linux-gnu/crti.o

.dynsym         0x00000000000016e8     0x2f90
 *(.dynsym)
 .dynsym        0x00000000000016e8     0x2f90 /usr/lib/gcc/i686-linux-gnu/7/../../../i386-linux-gnu/crti.o

.dynstr         0x0000000000004678     0x370f
 *(.dynstr)
 .dynstr        0x0000000000004678     0x370f /usr/lib/gcc/i686-linux-gnu/7/../../../i386-linux-gnu/crti.o

.gnu.version    0x0000000000007d88      0x5f2
 *(.gnu.version)
 .gnu.version   0x0000000000007d88      0x5f2 /usr/lib/gcc/i686-linux-gnu/7/../../../i386-linux-gnu/crti.o

.gnu.version_d  0x000000000000837c        0x0
 *(.gnu.version_d)
 .gnu.version_d
                0x000000000000837c        0x0 /usr/lib/gcc/i686-linux-gnu/7/../../../i386-linux-gnu/crti.o

.gnu.version_r  0x000000000000837c       0x40
 *(.gnu.version_r)
 .gnu.version_r
                0x000000000000837c       0x40 /usr/lib/gcc/i686-linux-gnu/7/../../../i386-linux-gnu/crti.o

.rel.dyn        0x00000000000083bc      0xf28
 *(.rel.init)
 .rel.init      0x00000000000083bc        0x0 /usr/lib/gcc/i686-linux-gnu/7/../../../i386-linux-gnu/crti.o
 *(.rel.text .rel.text.* .rel.gnu.linkonce.t.*)
 .rel.text      0x00000000000083bc      0x570 /usr/lib/gcc/i686-linux-gnu/7/../../../i386-linux-gnu/crti.o
 *(.rel.fini)
 .rel.fini      0x000000000000892c        0x0 /usr/lib/gcc/i686-linux-gnu/7/../../../i386-linux-gnu/crti.o
 *(.rel.rodata .rel.rodata.* .rel.gnu.linkonce.r.*)
 *(.rel.data.rel.ro .rel.data.rel.ro.* .rel.gnu.linkonce.d.rel.ro.*)
 .rel.data.rel.ro.local
                0x000000000000892c      0x220 /usr/lib/gcc/i686-linux-gnu/7/../../../i386-linux-gnu/crti.o
 .rel.data.rel.ro
                0x0000000000008b4c       0xb0 /usr/lib/gcc/i686-linux-gnu/7/../../../i386-linux-gnu/crti.o
 *(.rel.data .rel.data.* .rel.gnu.linkonce.d.*)
 .rel.data.rel.local
                0x0000000000008bfc      0x3a0 /usr/lib/gcc/i686-linux-gnu/7/../../../i386-linux-gnu/crti.o
 .rel.data.rel  0x0000000000008f9c       0x78 /usr/lib/gcc/i686-linux-gnu/7/../../../i386-linux-gnu/crti.o
 *(.rel.tdata .rel.tdata.* .rel.gnu.linkonce.td.*)
 *(.rel.tbss .rel.tbss.* .rel.gnu.linkonce.tb.*)
 *(.rel.ctors)
 *(.rel.dtors)
 *(.rel.got)
 .rel.got       0x0000000000009014      0x2c0 /usr/lib/gcc/i686-linux-gnu/7/../../../i386-linux-gnu/crti.o
 *(.rel.bss .rel.bss.* .rel.gnu.linkonce.b.*)
 *(.rel.ifunc)
 .rel.ifunc     0x00000000000092d4        0x0 /usr/lib/gcc/i686-linux-gnu/7/../../../i386-linux-gnu/crti.o
 .rel.fini_array
                0x00000000000092d4        0x8 /usr/lib/gcc/i686-linux-gnu/7/../../../i386-linux-gnu/crti.o
 .rel.init_array
                0x00000000000092dc        0x8 /usr/lib/gcc/i686-linux-gnu/7/../../../i386-linux-gnu/crti.o

.rel.plt        0x00000000000092e4      0xb00
 *(.rel.plt)
 .rel.plt       0x00000000000092e4      0xb00 /usr/lib/gcc/i686-linux-gnu/7/../../../i386-linux-gnu/crti.o
 *(.rel.iplt)

.init           0x0000000000009de4       0x23
 *(SORT_NONE(.init))
 .init          0x0000000000009de4       0x1e /usr/lib/gcc/i686-linux-gnu/7/../../../i386-linux-gnu/crti.o
                0x0000000000009de4                _init
 .init          0x0000000000009e02        0x5 /usr/lib/gcc/i686-linux-gnu/7/../../../i386-linux-gnu/crtn.o

.plt            0x0000000000009e10     0x1610
 *(.plt)
 .plt           0x0000000000009e10     0x1610 /usr/lib/gcc/i686-linux-gnu/7/../../../i386-linux-gnu/crti.o
 *(.iplt)

.plt.got        0x000000000000b420       0x18
 *(.plt.got)
 .plt.got       0x000000000000b420       0x18 /usr/lib/gcc/i686-linux-gnu/7/../../../i386-linux-gnu/crti.o

.plt.sec
 *(.plt.sec)

.text           0x000000000000b440    0x1d1a4
 *(.text.unlikely .text.*_unlikely .text.unlikely.*)
 *(.text.exit .text.exit.*)
 *(.text.startup .text.startup.*)
 *(.text.hot .text.hot.*)
 *(.text .stub .text.* .gnu.linkonce.t.*)
 .text          0x000000000000b440        0x0 /usr/lib/gcc/i686-linux-gnu/7/../../../i386-linux-gnu/crti.o
 .gnu.linkonce.t.__x86.get_pc_thunk.bx
                0x000000000000b440        0x4 /usr/lib/gcc/i686-linux-gnu/7/../../../i386-linux-gnu/crti.o
                0x000000000000b440                __x86.get_pc_thunk.bx
 *fill*         0x000000000000b444        0xc 
 .text          0x000000000000b450       0xe9 /usr/lib/gcc/i686-linux-gnu/7/crtbeginS.o
 .text.__x86.get_pc_thunk.dx
                0x000000000000b539        0x4 /usr/lib/gcc/i686-linux-gnu/7/crtbeginS.o
                0x000000000000b539                __x86.get_pc_thunk.dx
 .text          0x000000000000b53d      0x491 glucose-server.o
                0x000000000000b5f0                client_chunk_handler
 .text          0x000000000000b9ce      0x36b build/cooja/mtype769.o
                0x000000000000ba80                platform_init_stage_one
                0x000000000000baa3                platform_init_stage_two
                0x000000000000bac6                platform_init_stage_three
                0x000000000000bae9                platform_main_loop
                0x000000000000bb8f                Java_org_contikios_cooja_corecomm_Lib25_init
                0x000000000000bbdd                Java_org_contikios_cooja_corecomm_Lib25_getMemory
                0x000000000000bc1d                Java_org_contikios_cooja_corecomm_Lib25_setMemory
                0x000000000000bc8e                Java_org_contikios_cooja_corecomm_Lib25_tick
                0x000000000000bd18                Java_org_contikios_cooja_corecomm_Lib25_setReferenceAddress
 .text.__x86.get_pc_thunk.ax
                0x000000000000bd39        0x4 build/cooja/mtype769.o
                0x000000000000bd39                __x86.get_pc_thunk.ax
 .text          0x000000000000bd3d       0x8d build/cooja/mtype769.a(simEnvChange.o)
                0x000000000000bd3d                doActionsBeforeTick
                0x000000000000bd83                doActionsAfterTick
 .text          0x000000000000bdca       0xb6 build/cooja/mtype769.a(cooja_mt.o)
                0x000000000000bdca                cooja_mt_start
                0x000000000000be04                cooja_mt_exec
                0x000000000000be4b                cooja_mt_yield
 .text          0x000000000000be80       0xf2 build/cooja/mtype769.a(cooja_mtarch.o)
                0x000000000000be80                cooja_mtarch_start
                0x000000000000bf04                cooja_sw
                0x000000000000bf32                cooja_mtarch_exec
                0x000000000000bf5d                cooja_mtarch_yield
 .text          0x000000000000bf72      0x127 build/cooja/mtype769.a(rtimer-arch.o)
                0x000000000000bf72                rtimer_arch_init
                0x000000000000bfa1                rtimer_arch_schedule
                0x000000000000bfe3                rtimer_arch_next
                0x000000000000bffd                rtimer_arch_pending
                0x000000000000c014                rtimer_arch_check
                0x000000000000c07f                rtimer_arch_now
 .text.__x86.get_pc_thunk.cx
                0x000000000000c099        0x4 build/cooja/mtype769.a(rtimer-arch.o)
                0x000000000000c099                __x86.get_pc_thunk.cx
 .text          0x000000000000c09d      0x101 build/cooja/mtype769.a(beep.o)
                0x000000000000c09d                beep_alarm
                0x000000000000c0b6                beep_beep
                0x000000000000c0cf                beep
                0x000000000000c0e8                beep_down
                0x000000000000c101                beep_on
                0x000000000000c11a                beep_off
                0x000000000000c133                beep_spinup
                0x000000000000c14c                beep_quick
                0x000000000000c165                beep_long
 .text          0x000000000000c19e       0x9f build/cooja/mtype769.a(leds-arch.o)
                0x000000000000c1c2                leds_arch_init
 .text          0x000000000000c23d       0x56 build/cooja/mtype769.a(moteid.o)
 .text          0x000000000000c293      0x101 build/cooja/mtype769.a(pir-sensor.o)
 .text          0x000000000000c394      0x1cc build/cooja/mtype769.a(rs232.o)
                0x000000000000c394                rs232_init
                0x000000000000c3a4                rs232_set_speed
                0x000000000000c3bd                rs232_set_input
                0x000000000000c3d6                rs232_send
                0x000000000000c40c                rs232_print
                0x000000000000c43a                slip_arch_writeb
 .text          0x000000000000c560      0x101 build/cooja/mtype769.a(vib-sensor.o)
 .text          0x000000000000c661       0x7a build/cooja/mtype769.a(clock.o)
                0x000000000000c661                clock_init
                0x000000000000c671                clock_time
                0x000000000000c688                clock_seconds
                0x000000000000c6ab                clock_delay
 .text          0x000000000000c6db      0x2b5 build/cooja/mtype769.a(cooja-log.o)
                0x000000000000c6db                simlog_char
                0x000000000000c73f                simlog
                0x000000000000c7d9                log_message
                0x000000000000c828                log_set_putchar_with_slip
                0x000000000000c841                log_putchar
                0x000000000000c8cc                log_puts
                0x000000000000c8fe                log_printf
 .text          0x000000000000c990      0x36c build/cooja/mtype769.a(cfs-cooja.o)
                0x000000000000c990                cfs_open
                0x000000000000ca08                cfs_close
                0x000000000000ca1f                cfs_read
                0x000000000000cad3                cfs_write
                0x000000000000cbd1                cfs_seek
                0x000000000000cc6e                cfs_remove
                0x000000000000cca4                cfs_opendir
                0x000000000000ccb8                cfs_readdir
                0x000000000000cccc                cfs_closedir
 .text          0x000000000000ccfc      0x78b build/cooja/mtype769.a(cooja-radio.o)
                0x000000000000cd6a                radio_set_channel
                0x000000000000cd83                radio_set_txpower
                0x000000000000cda6                radio_signal_strength_last
                0x000000000000cdbb                radio_signal_strength_current
                0x000000000000cdd0                radio_LQI
 .text          0x000000000000d487      0x130 build/cooja/mtype769.a(eeprom.o)
                0x000000000000d487                eeprom_init
                0x000000000000d497                eeprom_read
                0x000000000000d517                eeprom_write
 .text          0x000000000000d5b7       0x4e build/cooja/mtype769.a(random.o)
                0x000000000000d5b7                random_init
                0x000000000000d5e7                random_rand
 .text          0x000000000000d605      0x332 build/cooja/mtype769.a(sensors.o)
                0x000000000000d64c                sensors_first
                0x000000000000d663                sensors_next
                0x000000000000d68e                sensors_changed
                0x000000000000d6db                sensors_find
 .text          0x000000000000d937      0x3fc build/cooja/mtype769.a(leds.o)
                0x000000000000d937                leds_init
                0x000000000000d98f                leds_single_on
                0x000000000000da07                leds_single_off
                0x000000000000da7f                leds_single_toggle
                0x000000000000dac3                leds_on
                0x000000000000db5b                leds_off
                0x000000000000dbf3                leds_toggle
                0x000000000000dc59                leds_set
                0x000000000000dc8f                leds_get
 .text          0x000000000000dd33      0x401 build/cooja/mtype769.a(gpio-hal-arch.o)
                0x000000000000dd33                gpio_hal_arch_register_pin_callback
                0x000000000000ddb4                gpio_hal_arch_init
                0x000000000000de0e                gpio_hal_arch_no_port_interrupt_enable
                0x000000000000de48                gpio_hal_arch_no_port_interrupt_disable
                0x000000000000de82                gpio_hal_arch_no_port_pin_cfg_set
                0x000000000000deb1                gpio_hal_arch_no_port_pin_cfg_get
                0x000000000000dee1                gpio_hal_arch_no_port_pin_set_input
                0x000000000000defd                gpio_hal_arch_no_port_pin_set_output
                0x000000000000df19                gpio_hal_arch_no_port_set_pin
                0x000000000000df44                gpio_hal_arch_no_port_clear_pin
                0x000000000000df6f                gpio_hal_arch_no_port_read_pin
                0x000000000000dfa1                gpio_hal_arch_no_port_write_pin
                0x000000000000dfd5                gpio_hal_arch_no_port_set_pins
                0x000000000000e026                gpio_hal_arch_no_port_clear_pins
                0x000000000000e077                gpio_hal_arch_no_port_read_pins
                0x000000000000e0ca                gpio_hal_arch_no_port_write_pins
 .text          0x000000000000e134       0xc6 build/cooja/mtype769.a(buttons.o)
 .text          0x000000000000e1fa      0x1f0 build/cooja/mtype769.a(res-alarm.o)
 .text          0x000000000000e3ea      0x473 build/cooja/mtype769.a(res-glucose.o)
 .text          0x000000000000e85d      0x29c build/cooja/mtype769.a(coap-blocking-a)
                0x000000000000e85d                coap_blocking_request_callback
                0x000000000000e897                coap_blocking_request
 .text          0x000000000000eaf9      0xd4f build/cooja/mtype769.a(coap-engine.o)
                0x000000000000ebca                coap_add_handler
                0x000000000000ebf8                coap_remove_handler
                0x000000000000ec26                coap_call_handlers
                0x000000000000ed4d                coap_receive
                0x000000000000f3c7                coap_engine_init
                0x000000000000f43a                coap_activate_resource
                0x000000000000f4f7                coap_get_first_resource
                0x000000000000f521                coap_get_next_resource
 .text          0x000000000000f848      0x2ed build/cooja/mtype769.a(coap-res-well-k)
 .text          0x000000000000fb35      0xa13 build/cooja/mtype769.a(coap-observe.o)
                0x000000000000fc70                coap_remove_observer
                0x000000000000fcb2                coap_remove_observer_by_client
                0x000000000000fd2a                coap_remove_observer_by_token
                0x000000000000fdcd                coap_remove_observer_by_uri
                0x000000000000fe84                coap_remove_observer_by_mid
                0x000000000000ff10                coap_notify_observers
                0x000000000000ff33                coap_notify_observers_sub
                0x00000000000103a4                coap_observe_handler
                0x00000000000104cf                coap_has_observers
 .text          0x0000000000010548      0x84c build/cooja/mtype769.a(coap-uip.o)
                0x0000000000010548                coap_endpoint_log
                0x00000000000105e5                coap_endpoint_print
                0x0000000000010682                coap_endpoint_snprint
                0x00000000000107cb                coap_endpoint_copy
                0x0000000000010812                coap_endpoint_cmp
                0x0000000000010943                coap_endpoint_parse
                0x0000000000010b54                coap_endpoint_is_secure
                0x0000000000010b6d                coap_endpoint_is_connected
                0x0000000000010bb1                coap_endpoint_connect
                0x0000000000010bd7                coap_endpoint_disconnect
                0x0000000000010be7                coap_databuf
                0x0000000000010bfe                coap_transport_init
                0x0000000000010c74                coap_sendto
 .text          0x0000000000010d94      0x3ad build/cooja/mtype769.a(coap-timer.o)
                0x0000000000010eb9                coap_timer_stop
                0x0000000000010ef4                coap_timer_set
                0x0000000000010f41                coap_timer_reset
                0x0000000000010f8e                coap_timer_time_to_next_expiration
                0x000000000001100b                coap_timer_run
                0x00000000000110ed                coap_timer_init
 .text          0x0000000000011141      0x334 build/cooja/mtype769.a(coap-transactio)
                0x00000000000111cf                coap_new_transaction
                0x0000000000011247                coap_send_transaction
                0x00000000000113b9                coap_clear_transaction
                0x0000000000011413                coap_get_transaction_by_mid
 .text          0x0000000000011475     0x1f9f build/cooja/mtype769.a(coap.o)
                0x0000000000011a70                coap_init_connection
                0x0000000000011a95                coap_get_mid
                0x0000000000011abc                coap_init_message
                0x0000000000011b15                coap_serialize_message
                0x00000000000121ac                coap_parse_message
                0x00000000000128c8                coap_get_query_variable
                0x0000000000012914                coap_get_post_variable
                0x0000000000012962                coap_set_status_code
                0x0000000000012991                coap_set_token
                0x00000000000129e8                coap_get_header_content_format
                0x0000000000012a23                coap_set_header_content_format
                0x0000000000012a50                coap_get_header_accept
                0x0000000000012a8b                coap_set_header_accept
                0x0000000000012ab8                coap_get_header_max_age
                0x0000000000012af3                coap_set_header_max_age
                0x0000000000012b1d                coap_get_header_etag
                0x0000000000012b59                coap_set_header_etag
                0x0000000000012bc0                coap_get_header_if_match
                0x0000000000012bfc                coap_set_header_if_match
                0x0000000000012c63                coap_get_header_if_none_match
                0x0000000000012c87                coap_set_header_if_none_match
                0x0000000000012ca8                coap_get_header_proxy_uri
                0x0000000000012ce0                coap_set_header_proxy_uri
                0x0000000000012d2d                coap_get_header_uri_host
                0x0000000000012d65                coap_set_header_uri_host
                0x0000000000012db2                coap_get_header_uri_path
                0x0000000000012dea                coap_set_header_uri_path
                0x0000000000012e48                coap_get_header_uri_query
                0x0000000000012e86                coap_set_header_uri_query
                0x0000000000012eed                coap_get_header_location_path
                0x0000000000012f25                coap_set_header_location_path
                0x0000000000012fcd                coap_get_header_location_query
                0x0000000000013005                coap_set_header_location_query
                0x0000000000013063                coap_get_header_observe
                0x000000000001309c                coap_set_header_observe
                0x00000000000130c6                coap_get_header_block2
                0x000000000001313c                coap_set_header_block2
                0x00000000000131bd                coap_get_header_block1
                0x000000000001323c                coap_set_header_block1
                0x00000000000132c1                coap_get_header_size2
                0x00000000000132fb                coap_set_header_size2
                0x0000000000013328                coap_get_header_size1
                0x0000000000013362                coap_set_header_size1
                0x000000000001338f                coap_get_payload
                0x00000000000133d3                coap_set_payload
 .text          0x0000000000013414      0x3c6 build/cooja/mtype769.a(contiki-main.o)
                0x0000000000013414                main
 .text          0x00000000000137da       0xb0 build/cooja/mtype769.a(autostart.o)
                0x00000000000137da                autostart_start
                0x0000000000013833                autostart_exit
 .text          0x000000000001388a      0x400 build/cooja/mtype769.a(ctimer.o)
                0x00000000000139cd                ctimer_init
                0x0000000000013a12                ctimer_set
                0x0000000000013a45                ctimer_set_with_process
                0x0000000000013adc                ctimer_reset
                0x0000000000013b4a                ctimer_restart
                0x0000000000013bb8                ctimer_stop
                0x0000000000013c18                ctimer_expired
 .text          0x0000000000013c8a      0x4a3 build/cooja/mtype769.a(log.o)
                0x0000000000013c8a                log_6addr
                0x0000000000013cee                log_6addr_compact_snprint
                0x0000000000013dae                log_6addr_compact
                0x0000000000013e12                log_lladdr
                0x0000000000013e99                log_lladdr_compact
                0x0000000000013f16                log_bytes
                0x0000000000013f6a                log_set_level
                0x0000000000014048                log_get_level
                0x00000000000140d9                log_level_to_str
 .text          0x000000000001412d       0x39 build/cooja/mtype769.a(energest.o)
                0x000000000001412d                energest_init
                0x000000000001413d                energest_flush
                0x000000000001414d                energest_get_total_time
 .text          0x0000000000014166      0x527 build/cooja/mtype769.a(etimer.o)
                0x00000000000143bb                etimer_request_poll
                0x000000000001446c                etimer_set
                0x00000000000144a5                etimer_reset_with_new_interval
                0x00000000000144e4                etimer_reset
                0x000000000001451a                etimer_restart
                0x0000000000014550                etimer_adjust
                0x0000000000014577                etimer_expired
                0x0000000000014594                etimer_expiration_time
                0x00000000000145b0                etimer_start_time
                0x00000000000145c4                etimer_pending
                0x00000000000145e1                etimer_next_expiration_time
                0x0000000000014609                etimer_stop
 .text          0x000000000001468d       0x36 build/cooja/mtype769.a(node-id.o)
                0x000000000001468d                node_id_init
 .text          0x00000000000146c3      0x122 build/cooja/mtype769.a(rtimer.o)
                0x00000000000146c3                rtimer_init
                0x00000000000146e2                rtimer_set
                0x0000000000014770                rtimer_run_next
 .text          0x00000000000147e5      0x5cb build/cooja/mtype769.a(process.o)
                0x00000000000147e5                process_alloc_event
                0x0000000000014806                process_start
                0x0000000000014a0b                process_exit
                0x0000000000014a33                process_init
                0x0000000000014bfb                process_run
                0x0000000000014c3e                process_nevents
                0x0000000000014c63                process_post
                0x0000000000014d10                process_post_synch
                0x0000000000014d56                process_poll
                0x0000000000014d92                process_is_running
 .text.__x86.get_pc_thunk.si
                0x0000000000014db0        0x4 build/cooja/mtype769.a(process.o)
                0x0000000000014db0                __x86.get_pc_thunk.si
 .text          0x0000000000014db4       0xf6 build/cooja/mtype769.a(timer.o)
                0x0000000000014db4                timer_set
                0x0000000000014de3                timer_reset
                0x0000000000014e1a                timer_restart
                0x0000000000014e40                timer_expired
                0x0000000000014e7e                timer_remaining
 .text          0x0000000000014eaa      0x311 build/cooja/mtype769.a(list.o)
                0x0000000000014eaa                list_init
                0x0000000000014ec3                list_head
                0x0000000000014ed7                list_copy
                0x0000000000014ef1                list_tail
                0x0000000000014f31                list_add
                0x0000000000014f87                list_push
                0x0000000000014fbd                list_chop
                0x0000000000015031                list_pop
                0x0000000000015063                list_remove
                0x00000000000150d5                list_length
                0x000000000001510d                list_insert
                0x000000000001515c                list_item_next
                0x000000000001517d                list_contains
 .text          0x00000000000151bb      0x1ec build/cooja/mtype769.a(memb.o)
                0x00000000000151bb                memb_init
                0x000000000001521f                memb_alloc
                0x000000000001528c                memb_free
                0x000000000001530d                memb_inmemb
                0x0000000000015356                memb_numfree
 .text          0x00000000000153a7      0x566 build/cooja/mtype769.a(button-hal.o)
                0x000000000001559b                button_hal_get_by_id
                0x00000000000155e5                button_hal_get_by_index
                0x000000000001561f                button_hal_get_state
                0x0000000000015681                button_hal_init
 .text          0x000000000001590d      0x242 build/cooja/mtype769.a(serial-line.o)
                0x000000000001590d                serial_line_input_byte
                0x0000000000015b05                serial_line_init
 .text          0x0000000000015b4f      0x1d6 build/cooja/mtype769.a(gpio-hal.o)
                0x0000000000015b4f                gpio_hal_register_handler
                0x0000000000015b7d                gpio_hal_event_handler
                0x0000000000015bea                gpio_hal_init
                0x0000000000015c19                gpio_hal_arch_port_toggle_pin
                0x0000000000015c64                gpio_hal_arch_port_toggle_pins
                0x0000000000015ca1                gpio_hal_arch_no_port_toggle_pin
                0x0000000000015cee                gpio_hal_arch_no_port_toggle_pins
 .text          0x0000000000015d25      0x3a9 build/cooja/mtype769.a(queuebuf.o)
                0x0000000000015d39                queuebuf_init
                0x0000000000015d75                queuebuf_numfree
                0x0000000000015d9f                queuebuf_new_from_packetbuf
                0x0000000000015e53                queuebuf_update_attr_from_packetbuf
                0x0000000000015e97                queuebuf_update_from_packetbuf
                0x0000000000015ef6                queuebuf_free
                0x0000000000015f54                queuebuf_to_packetbuf
                0x0000000000015fd1                queuebuf_dataptr
                0x000000000001601d                queuebuf_datalen
                0x000000000001604a                queuebuf_addr
                0x0000000000016089                queuebuf_attr
                0x00000000000160be                queuebuf_debug_print
 .text          0x00000000000160ce      0x4dd build/cooja/mtype769.a(packetbuf.o)
                0x00000000000160ce                packetbuf_clear
                0x0000000000016104                packetbuf_copyfrom
                0x0000000000016164                packetbuf_copyto
                0x0000000000016202                packetbuf_hdralloc
                0x0000000000016292                packetbuf_hdrreduce
                0x00000000000162e4                packetbuf_set_datalen
                0x0000000000016309                packetbuf_dataptr
                0x0000000000016330                packetbuf_hdrptr
                0x0000000000016345                packetbuf_datalen
                0x000000000001635b                packetbuf_hdrlen
                0x000000000001637a                packetbuf_totlen
                0x000000000001639a                packetbuf_remaininglen
                0x00000000000163b7                packetbuf_attr_clear
                0x000000000001641d                packetbuf_attr_copyto
                0x0000000000016463                packetbuf_attr_copyfrom
                0x00000000000164a9                packetbuf_set_attr
                0x00000000000164df                packetbuf_attr
                0x0000000000016505                packetbuf_set_addr
                0x000000000001654d                packetbuf_addr
                0x0000000000016577                packetbuf_holds_broadcast
 .text          0x00000000000165ab      0x13c build/cooja/mtype769.a(netstack.o)
                0x00000000000165ab                netstack_process_ip_callback
                0x000000000001664c                netstack_ip_packet_processor_add
                0x0000000000016680                uip_ds6_ip_packet_processor_rm
                0x00000000000166ae                netstack_init
 .text          0x00000000000166e7       0x75 build/cooja/mtype769.a(linkaddr.o)
                0x00000000000166e7                linkaddr_copy
                0x0000000000016707                linkaddr_cmp
                0x000000000001673a                linkaddr_set_node_addr
 .text          0x000000000001675c      0x2ae build/cooja/mtype769.a(csma.o)
 .text          0x0000000000016a0a      0xa6f build/cooja/mtype769.a(csma-output.o)
                0x000000000001717c                csma_output_packet
                0x000000000001742b                csma_output_init
 .text          0x0000000000017479      0xe47 build/cooja/mtype769.a(uip-ds6.o)
                0x0000000000017479                uip_ds6_default_prefix
                0x000000000001748e                uip_ds6_set_default_prefix
                0x00000000000174c4                uip_ds6_init
                0x000000000001775f                uip_ds6_periodic
                0x0000000000017807                uip_ds6_list_loop
                0x00000000000178d6                uip_ds6_prefix_add
                0x000000000001799d                uip_ds6_prefix_rm
                0x00000000000179ba                uip_ds6_prefix_lookup
                0x0000000000017a0d                uip_ds6_is_addr_onlink
                0x0000000000017a9a                uip_ds6_addr_add
                0x0000000000017bdc                uip_ds6_addr_rm
                0x0000000000017c9b                uip_ds6_addr_lookup
                0x0000000000017ceb                uip_ds6_get_link_local
                0x0000000000017d89                uip_ds6_get_global
                0x0000000000017e27                uip_ds6_maddr_add
                0x0000000000017ea3                uip_ds6_maddr_rm
                0x0000000000017ec0                uip_ds6_maddr_lookup
                0x0000000000017f13                uip_ds6_aaddr_add
                0x0000000000017f8c                uip_ds6_aaddr_rm
                0x0000000000017fa9                uip_ds6_aaddr_lookup
                0x0000000000017ff9                uip_ds6_select_src
                0x0000000000018167                uip_ds6_set_addr_iid
                0x000000000001819c                uip_ds6_set_lladdr_from_iid
                0x00000000000181cf                get_match_length
                0x000000000001826a                uip_ds6_compute_reachable_time
 .text          0x00000000000182c0      0x152 build/cooja/mtype769.a(uip-udp-packet.)
                0x00000000000182c0                uip_udp_packet_send
                0x0000000000018339                uip_udp_packet_sendto
 .text          0x0000000000018412      0x453 build/cooja/mtype769.a(uip-ds6-route.o)
                0x0000000000018474                uip_ds6_route_init
                0x00000000000184b0                uip_ds6_route_count_nexthop_neighbors
                0x00000000000184c4                uip_ds6_route_nexthop
                0x00000000000184d8                uip_ds6_route_head
                0x00000000000184ec                uip_ds6_route_next
                0x0000000000018500                uip_ds6_route_is_nexthop
                0x0000000000018514                uip_ds6_route_num_routes
                0x0000000000018528                uip_ds6_route_lookup
                0x000000000001853c                uip_ds6_route_add
                0x0000000000018559                uip_ds6_route_rm
                0x0000000000018569                uip_ds6_route_rm_by_nexthop
                0x0000000000018579                uip_ds6_defrt_head
                0x00000000000185a3                uip_ds6_defrt_add
                0x0000000000018663                uip_ds6_defrt_rm
                0x00000000000186dc                uip_ds6_defrt_lookup
                0x0000000000018753                uip_ds6_defrt_choose
                0x00000000000187d9                uip_ds6_defrt_periodic
 .text          0x0000000000018865      0x870 build/cooja/mtype769.a(tcpip.o)
                0x000000000001888b                tcpip_output
                0x000000000001893a                udp_attach
                0x000000000001895c                udp_new
                0x00000000000189b6                udp_broadcast_new
                0x0000000000018b56                tcpip_input
                0x0000000000018d4c                tcpip_ipv6_output
                0x0000000000018f88                tcpip_poll_udp
                0x0000000000018fb8                tcpip_uipcall
 .text          0x00000000000190d5     0x1520 build/cooja/mtype769.a(uip6.o)
                0x000000000001918e                uip_chksum
                0x0000000000019286                uip_icmp6chksum
                0x00000000000192a5                uip_udpchksum
                0x00000000000192c4                uip_init
                0x0000000000019323                uip_remove_ext_hdr
                0x000000000001941e                uip_udp_new
                0x0000000000019797                uip_process
                0x000000000001a485                uip_htons
                0x000000000001a4b1                uip_htonl
                0x000000000001a4fb                uip_send
 .text          0x000000000001a5f5      0x43e build/cooja/mtype769.a(uip-ds6-nbr.o)
                0x000000000001a5f5                uip_ds6_neighbors_init
                0x000000000001a62b                uip_ds6_nbr_add
                0x000000000001a6c5                uip_ds6_nbr_rm
                0x000000000001a724                uip_ds6_nbr_update_ll
                0x000000000001a821                uip_ds6_nbr_get_ipaddr
                0x000000000001a840                uip_ds6_nbr_get_ll
                0x000000000001a86d                uip_ds6_nbr_num
                0x000000000001a8c7                uip_ds6_nbr_head
                0x000000000001a8f1                uip_ds6_nbr_next
                0x000000000001a91e                uip_ds6_nbr_lookup
                0x000000000001a985                uip_ds6_nbr_ll_lookup
                0x000000000001a9b2                uip_ds6_nbr_ipaddr_from_lladdr
                0x000000000001a9e5                uip_ds6_nbr_lladdr_from_ipaddr
                0x000000000001aa23                uip_ds6_link_callback
 .text          0x000000000001aa33      0x810 build/cooja/mtype769.a(uip-nd6.o)
                0x000000000001b218                uip_nd6_init
 .text          0x000000000001b243     0x33b0 build/cooja/mtype769.a(sicslowpan.o)
                0x000000000001b941                netstack_sniffer_add
                0x000000000001b95a                netstack_sniffer_remove
                0x000000000001e5b2                sicslowpan_init
                0x000000000001e5de                sicslowpan_get_last_rssi
 .text          0x000000000001e5f3      0x51a build/cooja/mtype769.a(uiplib.o)
                0x000000000001e5f3                uiplib_ip6addrconv
                0x000000000001e7b9                uiplib_ip4addrconv
                0x000000000001e886                uiplib_ipaddr_print
                0x000000000001e8ea                uiplib_ipaddr_snprint
 .text          0x000000000001eb0d      0x610 build/cooja/mtype769.a(rpl.o)
                0x000000000001eb0d                rpl_lollipop_greater_than
                0x000000000001eb70                rpl_get_global_address
                0x000000000001eca6                rpl_link_callback
                0x000000000001ed09                rpl_has_joined
                0x000000000001ed3f                rpl_is_reachable
                0x000000000001ede2                rpl_reset_prefix
                0x000000000001ee5e                rpl_set_prefix_from_addr
                0x000000000001ef70                rpl_set_prefix
                0x000000000001f0e4                rpl_set_leaf_only
                0x000000000001f107                rpl_get_leaf_only
 .text          0x000000000001f11d     0x1491 build/cooja/mtype769.a(rpl-icmp6.o)
                0x000000000001f27a                rpl_icmp6_update_nbr_table
                0x000000000001f32c                rpl_icmp6_dis_output
                0x000000000001f941                rpl_icmp6_dio_output
                0x000000000002019a                rpl_icmp6_dao_output
                0x00000000000204c7                rpl_icmp6_dao_ack_output
                0x000000000002054e                rpl_icmp6_init
 .text          0x00000000000205ae      0x2e4 build/cooja/mtype769.a(rpl-dag-root.o)
                0x00000000000205ae                rpl_dag_root_print_links
                0x0000000000020707                rpl_dag_root_set_prefix
                0x0000000000020742                rpl_dag_root_start
                0x0000000000020850                rpl_dag_root_is_root
 .text          0x0000000000020892       0x6b build/cooja/mtype769.a(watchdog.o)
                0x0000000000020892                watchdog_init
                0x00000000000208a2                watchdog_start
                0x00000000000208b2                watchdog_periodic
                0x00000000000208dd                watchdog_stop
                0x00000000000208ed                watchdog_reboot
 .text          0x00000000000208fd       0x75 build/cooja/mtype769.a(int-master.o)
                0x00000000000208fd                int_master_enable
                0x0000000000020917                int_master_read_and_disable
                0x000000000002093f                int_master_status_set
                0x0000000000020958                int_master_is_enabled
 .text          0x0000000000020972      0x2bc build/cooja/mtype769.a(coap-timer-defa)
 .text          0x0000000000020c2e      0x11d build/cooja/mtype769.a(stimer.o)
                0x0000000000020c2e                stimer_set
                0x0000000000020c5d                stimer_reset
                0x0000000000020c94                stimer_restart
                0x0000000000020cba                stimer_expired
                0x0000000000020cf6                stimer_remaining
                0x0000000000020d22                stimer_elapsed
 .text          0x0000000000020d4b      0x188 build/cooja/mtype769.a(ringbuf.o)
                0x0000000000020d4b                ringbuf_init
                0x0000000000020d87                ringbuf_put
                0x0000000000020e0f                ringbuf_get
                0x0000000000020e86                ringbuf_size
                0x0000000000020ea2                ringbuf_elements
 .text          0x0000000000020ed3       0x31 build/cooja/mtype769.a(assert.o)
                0x0000000000020ed3                _xassert
 .text          0x0000000000020f04      0xb68 build/cooja/mtype769.a(nbr-table.o)
                0x00000000000212a6                nbr_table_count_entries
                0x0000000000021353                nbr_table_gc_get_worst
                0x0000000000021393                nbr_table_can_accept_new
                0x000000000002151c                nbr_table_entry_is_allowed
                0x00000000000215bc                nbr_table_register
                0x000000000002163a                nbr_table_is_registered
                0x000000000002167f                nbr_table_head
                0x00000000000216ec                nbr_table_next
                0x000000000002175e                nbr_table_add_lladdr
                0x00000000000218ad                nbr_table_get_from_lladdr
                0x000000000002190a                nbr_table_remove
                0x0000000000021955                nbr_table_lock
                0x000000000002197b                nbr_table_unlock
                0x00000000000219a1                nbr_table_get_lladdr
                0x00000000000219d7                nbr_table_clear
                0x0000000000021a1c                nbr_table_key_head
                0x0000000000021a46                nbr_table_key_next
 .text          0x0000000000021a6c      0x450 build/cooja/mtype769.a(link-stats.o)
                0x0000000000021a6c                link_stats_from_lladdr
                0x0000000000021a99                link_stats_get_lladdr
                0x0000000000021ac6                link_stats_is_fresh
                0x0000000000021b13                guess_etx_from_rssi
                0x0000000000021b99                link_stats_packet_sent
                0x0000000000021cdd                link_stats_input_callback
                0x0000000000021e11                link_stats_reset
                0x0000000000021e73                link_stats_init
 .text          0x0000000000021ebc      0x1a8 build/cooja/mtype769.a(mac-sequence.o)
                0x0000000000021ebc                mac_sequence_is_duplicate
                0x0000000000021f7c                mac_sequence_register_seqno
 .text          0x0000000000022064       0x2d build/cooja/mtype769.a(mac.o)
                0x0000000000022064                mac_call_sent_callback
 .text          0x0000000000022091      0x477 build/cooja/mtype769.a(framer-802154.o)
                0x0000000000022234                framer_802154_setup_params
 .text          0x0000000000022508      0xc1a build/cooja/mtype769.a(frame802154.o)
                0x0000000000022543                frame802154_get_pan_id
                0x0000000000022559                frame802154_set_pan_id
                0x000000000002257e                frame802154_has_panid
                0x0000000000022737                frame802154_check_dest_panid
                0x00000000000227c9                frame802154_is_broadcast_addr
                0x0000000000022820                frame802154_extract_linkaddr
                0x0000000000022aa9                frame802154_hdrlen
                0x0000000000022b26                frame802154_create_fcf
                0x0000000000022be8                frame802154_create
                0x0000000000022d73                frame802154_parse_fcf
                0x0000000000022e5f                frame802154_parse
 .text          0x0000000000023122       0x4e build/cooja/mtype769.a(csma-security.o)
                0x0000000000023122                csma_security_create_frame
                0x0000000000023153                csma_security_parse_frame
 .text          0x0000000000023170      0x5d3 build/cooja/mtype769.a(uipbuf.o)
                0x0000000000023170                uipbuf_clear
                0x00000000000231a7                uipbuf_add_ext_hdr
                0x0000000000023242                uipbuf_set_len
                0x000000000002327c                uipbuf_set_len_field
                0x00000000000232b2                uipbuf_get_len_field
                0x00000000000232dc                uipbuf_get_next_header
                0x000000000002342d                uipbuf_get_last_header
                0x00000000000234b0                uipbuf_search_header
                0x0000000000023574                uipbuf_get_attr
                0x00000000000235a5                uipbuf_set_attr
                0x00000000000235e6                uipbuf_set_default_attr
                0x0000000000023627                uipbuf_clear_attr
                0x0000000000023667                uipbuf_set_attr_flag
                0x0000000000023693                uipbuf_clr_attr_flag
                0x00000000000236c5                uipbuf_is_attr_flag
                0x00000000000236f3                uipbuf_init
 .text          0x0000000000023743      0x8b7 build/cooja/mtype769.a(uip-icmp6.o)
                0x00000000000237c8                uip_icmp6_input
                0x0000000000023829                uip_icmp6_register_input_handler
                0x00000000000239dd                uip_icmp6_error_output
                0x0000000000023d1f                uip_icmp6_send
                0x0000000000023f4d                uip_icmp6_echo_reply_callback_add
                0x0000000000023f90                uip_icmp6_echo_reply_callback_rm
                0x0000000000023fbe                uip_icmp6_init
 .text          0x0000000000023ffa      0x772 build/cooja/mtype769.a(uip-sr.o)
                0x0000000000023ffa                uip_sr_num_nodes
                0x00000000000240a6                uip_sr_get_node
                0x000000000002410d                uip_sr_is_addr_reachable
                0x00000000000241ca                uip_sr_expire_parent
                0x000000000002421d                uip_sr_update_node
                0x0000000000024361                uip_sr_init
                0x00000000000243a7                uip_sr_node_head
                0x00000000000243d1                uip_sr_node_next
                0x00000000000243f7                uip_sr_periodic
                0x0000000000024513                uip_sr_free_all
                0x0000000000024598                uip_sr_link_snprint
 .text          0x000000000002476c      0x1a5 build/cooja/mtype769.a(uip-packetqueue)
                0x00000000000247ac                uip_packetqueue_new
                0x00000000000247c5                uip_packetqueue_alloc
                0x0000000000024834                uip_packetqueue_free
                0x000000000002488c                uip_packetqueue_buf
                0x00000000000248b3                uip_packetqueue_buflen
                0x00000000000248de                uip_packetqueue_set_buflen
 .text          0x0000000000024911       0x8d build/cooja/mtype769.a(rpl-nbr-policy.)
                0x000000000002495d                rpl_nbr_gc_get_worst
 .text          0x000000000002499e      0xaad build/cooja/mtype769.a(rpl-neighbor.o)
                0x0000000000024a3a                rpl_neighbor_snprint
                0x0000000000024d22                rpl_neighbor_print_list
                0x0000000000024df5                rpl_neighbor_count
                0x0000000000024ed8                rpl_neighbor_get_from_lladdr
                0x0000000000024f05                rpl_neighbor_is_acceptable_parent
                0x0000000000024f4b                rpl_neighbor_get_link_metric
                0x0000000000024f91                rpl_neighbor_rank_via_nbr
                0x0000000000024fd7                rpl_neighbor_get_lladdr
                0x0000000000025004                rpl_neighbor_get_ipaddr
                0x000000000002503a                rpl_neighbor_get_link_stats
                0x0000000000025070                rpl_neighbor_is_fresh
                0x00000000000250a6                rpl_neighbor_is_parent
                0x00000000000250dd                rpl_neighbor_set_preferred_parent
                0x0000000000025197                rpl_neighbor_remove_all
                0x0000000000025204                rpl_neighbor_get_from_ipaddr
                0x000000000002533e                rpl_neighbor_select_best
                0x0000000000025419                rpl_neighbor_init
 .text          0x000000000002544b     0x11f4 build/cooja/mtype769.a(rpl-dag.o)
                0x000000000002544b                rpl_dag_state_to_str
                0x0000000000025499                rpl_dag_get_root_ipaddr
                0x00000000000254e9                rpl_dag_leave
                0x000000000002559f                rpl_dag_poison_and_leave
                0x00000000000255cb                rpl_dag_periodic
                0x0000000000025690                rpl_is_addr_in_our_dag
                0x00000000000256ef                rpl_get_default_instance
                0x0000000000025719                rpl_get_any_dag
                0x000000000002578f                rpl_refresh_routes
                0x00000000000257f2                rpl_global_repair
                0x00000000000258c3                rpl_local_repair
                0x0000000000025928                rpl_dag_ready_to_advertise
                0x0000000000025981                rpl_dag_update_state
                0x00000000000261fd                rpl_process_dio
                0x0000000000026298                rpl_process_dis
                0x00000000000262ee                rpl_process_dao
                0x000000000002638f                rpl_process_dao_ack
                0x000000000002644b                rpl_process_hbh
                0x00000000000264ab                rpl_dag_init_root
                0x000000000002660d                rpl_dag_init
 .text          0x000000000002663f      0xd8d build/cooja/mtype769.a(rpl-timers.o)
                0x000000000002663f                rpl_timers_schedule_periodic_dis
                0x00000000000267e9                rpl_timers_dio_reset
                0x0000000000026961                rpl_timers_schedule_unicast_dio
                0x0000000000026b34                rpl_timers_schedule_dao
                0x0000000000026c3a                rpl_timers_schedule_dao_ack
                0x0000000000026d09                rpl_timers_notify_dao_ack
                0x0000000000026d8f                get_probing_delay
                0x0000000000026dd4                get_probing_target
                0x0000000000027009                rpl_schedule_probing
                0x0000000000027055                rpl_schedule_probing_now
                0x00000000000270ef                rpl_timers_unschedule_leaving
                0x0000000000027149                rpl_timers_schedule_leaving
                0x00000000000271ae                rpl_timers_init
                0x0000000000027270                rpl_timers_stop_dag_timers
                0x000000000002732d                rpl_timers_unschedule_state_update
                0x0000000000027369                rpl_timers_schedule_state_update
 .text          0x00000000000273cc      0xd42 build/cooja/mtype769.a(rpl-ext-header.)
                0x00000000000273cc                rpl_ext_header_srh_get_next_hop
                0x00000000000274d7                rpl_ext_header_srh_update
                0x0000000000027b09                rpl_ext_header_hbh_update
                0x0000000000027e88                rpl_ext_header_update
                0x0000000000027f37                rpl_ext_header_remove
 .text          0x000000000002810e      0x39b build/cooja/mtype769.a(rpl-mrhof.o)
 *fill*         0x00000000000284a9        0x7 
 .text          0x00000000000284b0      0x116 /usr/lib/gcc/i686-linux-gnu/7/libgcc.a(_udivdi3.o)
                0x00000000000284b0                __udivdi3
 *fill*         0x00000000000285c6        0xa 
 .text          0x00000000000285d0       0x14 /usr/lib/i386-linux-gnu/libc_nonshared.a(stack_chk_fail_local.oS)
                0x00000000000285d0                __stack_chk_fail_local
 .text          0x00000000000285e4        0x0 /usr/lib/gcc/i686-linux-gnu/7/crtendS.o
 .text          0x00000000000285e4        0x0 /usr/lib/gcc/i686-linux-gnu/7/../../../i386-linux-gnu/crtn.o
 *(.gnu.warning)

.fini           0x00000000000285e4       0x14
 *(SORT_NONE(.fini))
 .fini          0x00000000000285e4        0xf /usr/lib/gcc/i686-linux-gnu/7/../../../i386-linux-gnu/crti.o
                0x00000000000285e4                _fini
 .fini          0x00000000000285f3        0x5 /usr/lib/gcc/i686-linux-gnu/7/../../../i386-linux-gnu/crtn.o
                [!provide]                        PROVIDE (__etext = .)
                [!provide]                        PROVIDE (_etext = .)
                [!provide]                        PROVIDE (etext = .)

.rodata         0x00000000000285f8      0xa37
 *(.rodata .rodata.* .gnu.linkonce.r.*)
 .rodata        0x00000000000285f8      0x125 glucose-server.o
 *fill*         0x000000000002871d        0x3 
 .rodata        0x0000000000028720        0x6 build/cooja/mtype769.a(leds-arch.o)
                0x0000000000028720                leds_arch_leds
 .rodata        0x0000000000028726        0x4 build/cooja/mtype769.a(pir-sensor.o)
 .rodata        0x000000000002872a        0x6 build/cooja/mtype769.a(rs232.o)
 .rodata        0x0000000000028730        0xa build/cooja/mtype769.a(vib-sensor.o)
 *fill*         0x000000000002873a        0x2 
 .rodata        0x000000000002873c       0x27 build/cooja/mtype769.a(cfs-cooja.o)
 *fill*         0x0000000000028763        0x1 
 .rodata        0x0000000000028764       0x68 build/cooja/mtype769.a(cooja-radio.o)
 .rodata        0x00000000000287cc        0x8 build/cooja/mtype769.a(sensors.o)
 .rodata        0x00000000000287d4       0x14 build/cooja/mtype769.a(buttons.o)
                0x00000000000287e0                button_hal_button_count
 .rodata        0x00000000000287e8       0x56 build/cooja/mtype769.a(res-alarm.o)
 *fill*         0x000000000002883e        0x2 
 .rodata        0x0000000000028840       0xfb build/cooja/mtype769.a(res-glucose.o)
 .rodata        0x000000000002893b       0x41 build/cooja/mtype769.a(coap-engine.o)
 .rodata        0x000000000002897c       0x19 build/cooja/mtype769.a(coap-res-well-k)
 .rodata        0x0000000000028995       0x11 build/cooja/mtype769.a(coap-observe.o)
 .rodata        0x00000000000289a6       0x35 build/cooja/mtype769.a(coap-uip.o)
 *fill*         0x00000000000289db        0x1 
 .rodata        0x00000000000289dc      0x1ac build/cooja/mtype769.a(coap.o)
 .rodata        0x0000000000028b88       0xfc build/cooja/mtype769.a(contiki-main.o)
 .rodata        0x0000000000028c84        0xf build/cooja/mtype769.a(ctimer.o)
 *fill*         0x0000000000028c93        0x1 
 .rodata        0x0000000000028c94       0xc4 build/cooja/mtype769.a(log.o)
 .rodata        0x0000000000028d58        0xc build/cooja/mtype769.a(etimer.o)
 .rodata        0x0000000000028d64       0x13 build/cooja/mtype769.a(button-hal.o)
 .rodata        0x0000000000028d77        0xe build/cooja/mtype769.a(serial-line.o)
 *fill*         0x0000000000028d85        0x3 
 .rodata        0x0000000000028d88        0x8 build/cooja/mtype769.a(linkaddr.o)
                0x0000000000028d88                linkaddr_null
 .rodata        0x0000000000028d90        0x5 build/cooja/mtype769.a(csma.o)
 *fill*         0x0000000000028d95        0x3 
 .rodata        0x0000000000028d98       0x2a build/cooja/mtype769.a(csma-output.o)
 *fill*         0x0000000000028dc2        0x2 
 .rodata        0x0000000000028dc4       0x4d build/cooja/mtype769.a(uip-ds6-route.o)
 .rodata        0x0000000000028e11        0xd build/cooja/mtype769.a(tcpip.o)
 *fill*         0x0000000000028e1e        0x2 
 .rodata        0x0000000000028e20       0x1f build/cooja/mtype769.a(sicslowpan.o)
                0x0000000000028e20                unc_llconf
                0x0000000000028e24                unc_ctxconf
                0x0000000000028e28                unc_mxconf
                0x0000000000028e2c                llprefix
 .rodata        0x0000000000028e3f       0x2d build/cooja/mtype769.a(uiplib.o)
 .rodata        0x0000000000028e6c        0x9 build/cooja/mtype769.a(rpl.o)
 .rodata        0x0000000000028e75       0x13 build/cooja/mtype769.a(coap-timer-defa)
 .rodata        0x0000000000028e88       0x25 build/cooja/mtype769.a(assert.o)
 .rodata        0x0000000000028ead       0x44 build/cooja/mtype769.a(uip-sr.o)
 *fill*         0x0000000000028ef1        0x3 
 .rodata        0x0000000000028ef4       0x58 build/cooja/mtype769.a(rpl-neighbor.o)
 .rodata        0x0000000000028f4c       0xd7 build/cooja/mtype769.a(rpl-dag.o)
 .rodata        0x0000000000029023        0xc build/cooja/mtype769.a(rpl-timers.o)

.rodata1
 *(.rodata1)

.eh_frame_hdr   0x0000000000029030     0x1a6c
 *(.eh_frame_hdr)
 .eh_frame_hdr  0x0000000000029030     0x1a6c glucose-server.o
                0x0000000000029030                __GNU_EH_FRAME_HDR
 *(.eh_frame_entry .eh_frame_entry.*)

.eh_frame       0x000000000002aa9c     0x7250
 *(.eh_frame)
 .eh_frame      0x000000000002aa9c       0x3c /usr/lib/gcc/i686-linux-gnu/7/../../../i386-linux-gnu/crti.o
                                         0x40 (size before relaxing)
 .eh_frame      0x000000000002aad8       0x14 /usr/lib/gcc/i686-linux-gnu/7/../../../i386-linux-gnu/crti.o
                                         0x2c (size before relaxing)
 .eh_frame      0x000000000002aaec       0x6c glucose-server.o
                                         0x98 (size before relaxing)
 .eh_frame      0x000000000002ab58      0x1ac build/cooja/mtype769.o
                                        0x1ec (size before relaxing)
 .eh_frame      0x000000000002ad04       0x48 build/cooja/mtype769.a(simEnvChange.o)
                                         0x74 (size before relaxing)
 .eh_frame      0x000000000002ad4c       0x6c build/cooja/mtype769.a(cooja_mt.o)
                                         0x98 (size before relaxing)
 .eh_frame      0x000000000002adb8       0x88 build/cooja/mtype769.a(cooja_mtarch.o)
                                         0xc8 (size before relaxing)
 .eh_frame      0x000000000002ae40       0xe4 build/cooja/mtype769.a(rtimer-arch.o)
                                        0x110 (size before relaxing)
 .eh_frame      0x000000000002af24      0x160 build/cooja/mtype769.a(beep.o)
                                        0x18c (size before relaxing)
 .eh_frame      0x000000000002b084       0x88 build/cooja/mtype769.a(leds-arch.o)
                                         0xc8 (size before relaxing)
 .eh_frame      0x000000000002b10c       0x44 build/cooja/mtype769.a(moteid.o)
                                         0x70 (size before relaxing)
 .eh_frame      0x000000000002b150       0xa4 build/cooja/mtype769.a(pir-sensor.o)
                                         0xe4 (size before relaxing)
 .eh_frame      0x000000000002b1f4      0x110 build/cooja/mtype769.a(rs232.o)
                                        0x150 (size before relaxing)
 .eh_frame      0x000000000002b304       0xa4 build/cooja/mtype769.a(vib-sensor.o)
                                         0xe4 (size before relaxing)
 .eh_frame      0x000000000002b3a8       0xc0 build/cooja/mtype769.a(clock.o)
                                         0xec (size before relaxing)
 .eh_frame      0x000000000002b468      0x130 build/cooja/mtype769.a(cooja-log.o)
                                        0x170 (size before relaxing)
 .eh_frame      0x000000000002b598      0x16c build/cooja/mtype769.a(cfs-cooja.o)
                                        0x1ac (size before relaxing)
 .eh_frame      0x000000000002b704      0x374 build/cooja/mtype769.a(cooja-radio.o)
                                        0x3b4 (size before relaxing)
 .eh_frame      0x000000000002ba78       0xa8 build/cooja/mtype769.a(eeprom.o)
                                         0xe8 (size before relaxing)
 .eh_frame      0x000000000002bb20       0x48 build/cooja/mtype769.a(random.o)
                                         0x74 (size before relaxing)
 .eh_frame      0x000000000002bb68       0xd0 build/cooja/mtype769.a(sensors.o)
                                        0x110 (size before relaxing)
 .eh_frame      0x000000000002bc38      0x140 build/cooja/mtype769.a(leds.o)
                                        0x180 (size before relaxing)
 .eh_frame      0x000000000002bd78      0x228 build/cooja/mtype769.a(gpio-hal-arch.o)
                                        0x27c (size before relaxing)
 .eh_frame      0x000000000002bfa0       0xa4 build/cooja/mtype769.a(buttons.o)
                                         0xe4 (size before relaxing)
 .eh_frame      0x000000000002c044       0x24 build/cooja/mtype769.a(res-alarm.o)
                                         0x50 (size before relaxing)
 .eh_frame      0x000000000002c068       0x6c build/cooja/mtype769.a(res-glucose.o)
                                         0x98 (size before relaxing)
 .eh_frame      0x000000000002c0d4       0x48 build/cooja/mtype769.a(coap-blocking-a)
                                         0x88 (size before relaxing)
 .eh_frame      0x000000000002c11c      0x24c build/cooja/mtype769.a(coap-engine.o)
                                        0x28c (size before relaxing)
 .eh_frame      0x000000000002c368       0x2c build/cooja/mtype769.a(coap-res-well-k)
                                         0x58 (size before relaxing)
 .eh_frame      0x000000000002c394      0x1b4 build/cooja/mtype769.a(coap-observe.o)
                                        0x1f4 (size before relaxing)
 .eh_frame      0x000000000002c548      0x278 build/cooja/mtype769.a(coap-uip.o)
                                        0x2b8 (size before relaxing)
 .eh_frame      0x000000000002c7c0      0x128 build/cooja/mtype769.a(coap-timer.o)
                                        0x168 (size before relaxing)
 .eh_frame      0x000000000002c8e8      0x110 build/cooja/mtype769.a(coap-transactio)
                                        0x150 (size before relaxing)
 .eh_frame      0x000000000002c9f8      0x72c build/cooja/mtype769.a(coap.o)
                                        0x76c (size before relaxing)
 .eh_frame      0x000000000002d124       0x38 build/cooja/mtype769.a(contiki-main.o)
                                         0x64 (size before relaxing)
 .eh_frame      0x000000000002d15c       0x48 build/cooja/mtype769.a(autostart.o)
                                         0x74 (size before relaxing)
 .eh_frame      0x000000000002d1a4      0x11c build/cooja/mtype769.a(ctimer.o)
                                        0x15c (size before relaxing)
 .eh_frame      0x000000000002d2c0      0x144 build/cooja/mtype769.a(log.o)
                                        0x184 (size before relaxing)
 .eh_frame      0x000000000002d404       0x60 build/cooja/mtype769.a(energest.o)
                                         0x8c (size before relaxing)
 .eh_frame      0x000000000002d464      0x204 build/cooja/mtype769.a(etimer.o)
                                        0x244 (size before relaxing)
 .eh_frame      0x000000000002d668       0x20 build/cooja/mtype769.a(node-id.o)
                                         0x4c (size before relaxing)
 .eh_frame      0x000000000002d688       0x6c build/cooja/mtype769.a(rtimer.o)
                                         0xc0 (size before relaxing)
 .eh_frame      0x000000000002d6f4      0x1ec build/cooja/mtype769.a(process.o)
                                        0x22c (size before relaxing)
 .eh_frame      0x000000000002d8e0       0xb4 build/cooja/mtype769.a(timer.o)
                                         0xe0 (size before relaxing)
 .eh_frame      0x000000000002d994      0x1a0 build/cooja/mtype769.a(list.o)
                                        0x1cc (size before relaxing)
 .eh_frame      0x000000000002db34       0xa4 build/cooja/mtype769.a(memb.o)
                                         0xe4 (size before relaxing)
 .eh_frame      0x000000000002dbd8      0x188 build/cooja/mtype769.a(button-hal.o)
                                        0x1c8 (size before relaxing)
 .eh_frame      0x000000000002dd60       0x6c build/cooja/mtype769.a(serial-line.o)
                                         0x98 (size before relaxing)
 .eh_frame      0x000000000002ddcc       0xfc build/cooja/mtype769.a(gpio-hal.o)
                                        0x13c (size before relaxing)
 .eh_frame      0x000000000002dec8      0x1c0 build/cooja/mtype769.a(queuebuf.o)
                                        0x200 (size before relaxing)
 .eh_frame      0x000000000002e088      0x2b0 build/cooja/mtype769.a(packetbuf.o)
                                        0x2f0 (size before relaxing)
 .eh_frame      0x000000000002e338       0x90 build/cooja/mtype769.a(netstack.o)
                                         0xd0 (size before relaxing)
 .eh_frame      0x000000000002e3c8       0x64 build/cooja/mtype769.a(linkaddr.o)
                                         0x90 (size before relaxing)
 .eh_frame      0x000000000002e42c       0xf0 build/cooja/mtype769.a(csma.o)
                                        0x130 (size before relaxing)
 .eh_frame      0x000000000002e51c      0x1f8 build/cooja/mtype769.a(csma-output.o)
                                        0x238 (size before relaxing)
 .eh_frame      0x000000000002e714      0x364 build/cooja/mtype769.a(uip-ds6.o)
                                        0x3a4 (size before relaxing)
 .eh_frame      0x000000000002ea78       0x44 build/cooja/mtype769.a(uip-udp-packet.)
                                         0x84 (size before relaxing)
 .eh_frame      0x000000000002eabc      0x260 build/cooja/mtype769.a(uip-ds6-route.o)
                                        0x2a0 (size before relaxing)
 .eh_frame      0x000000000002ed1c      0x270 build/cooja/mtype769.a(tcpip.o)
                                        0x2b0 (size before relaxing)
 .eh_frame      0x000000000002ef8c      0x20c build/cooja/mtype769.a(uip6.o)
                                        0x24c (size before relaxing)
 .eh_frame      0x000000000002f198      0x1e8 build/cooja/mtype769.a(uip-ds6-nbr.o)
                                        0x228 (size before relaxing)
 .eh_frame      0x000000000002f380       0x8c build/cooja/mtype769.a(uip-nd6.o)
                                         0xe0 (size before relaxing)
 .eh_frame      0x000000000002f40c      0x354 build/cooja/mtype769.a(sicslowpan.o)
                                        0x3a8 (size before relaxing)
 .eh_frame      0x000000000002f760       0x9c build/cooja/mtype769.a(uiplib.o)
                                         0xdc (size before relaxing)
 .eh_frame      0x000000000002f7fc      0x1fc build/cooja/mtype769.a(rpl.o)
                                        0x23c (size before relaxing)
 .eh_frame      0x000000000002f9f8      0x1f0 build/cooja/mtype769.a(rpl-icmp6.o)
                                        0x230 (size before relaxing)
 .eh_frame      0x000000000002fbe8       0xb0 build/cooja/mtype769.a(rpl-dag-root.o)
                                         0xf0 (size before relaxing)
 .eh_frame      0x000000000002fc98       0xa4 build/cooja/mtype769.a(watchdog.o)
                                         0xd0 (size before relaxing)
 .eh_frame      0x000000000002fd3c       0x80 build/cooja/mtype769.a(int-master.o)
                                         0xac (size before relaxing)
 .eh_frame      0x000000000002fdbc       0xc4 build/cooja/mtype769.a(coap-timer-defa)
                                        0x104 (size before relaxing)
 .eh_frame      0x000000000002fe80       0xd8 build/cooja/mtype769.a(stimer.o)
                                        0x104 (size before relaxing)
 .eh_frame      0x000000000002ff58       0xa0 build/cooja/mtype769.a(ringbuf.o)
                                         0xcc (size before relaxing)
 .eh_frame      0x000000000002fff8       0x24 build/cooja/mtype769.a(assert.o)
                                         0x50 (size before relaxing)
 .eh_frame      0x000000000003001c      0x428 build/cooja/mtype769.a(nbr-table.o)
                                        0x468 (size before relaxing)
 .eh_frame      0x0000000000030444      0x140 build/cooja/mtype769.a(link-stats.o)
                                        0x180 (size before relaxing)
 .eh_frame      0x0000000000030584       0x50 build/cooja/mtype769.a(mac-sequence.o)
                                         0x7c (size before relaxing)
 .eh_frame      0x00000000000305d4       0x20 build/cooja/mtype769.a(mac.o)
                                         0x4c (size before relaxing)
 .eh_frame      0x00000000000305f4       0xb4 build/cooja/mtype769.a(framer-802154.o)
                                         0xf4 (size before relaxing)
 .eh_frame      0x00000000000306a8      0x1b0 build/cooja/mtype769.a(frame802154.o)
                                        0x1f0 (size before relaxing)
 .eh_frame      0x0000000000030858       0x44 build/cooja/mtype769.a(csma-security.o)
                                         0x84 (size before relaxing)
 .eh_frame      0x000000000003089c      0x204 build/cooja/mtype769.a(uipbuf.o)
                                        0x230 (size before relaxing)
 .eh_frame      0x0000000000030aa0      0x170 build/cooja/mtype769.a(uip-icmp6.o)
                                        0x1b0 (size before relaxing)
 .eh_frame      0x0000000000030c10      0x1ac build/cooja/mtype769.a(uip-sr.o)
                                        0x1ec (size before relaxing)
 .eh_frame      0x0000000000030dbc       0xec build/cooja/mtype769.a(uip-packetqueue)
                                        0x12c (size before relaxing)
 .eh_frame      0x0000000000030ea8       0x48 build/cooja/mtype769.a(rpl-nbr-policy.)
                                         0x88 (size before relaxing)
 .eh_frame      0x0000000000030ef0      0x2ec build/cooja/mtype769.a(rpl-neighbor.o)
                                        0x340 (size before relaxing)
 .eh_frame      0x00000000000311dc      0x3c0 build/cooja/mtype769.a(rpl-dag.o)
                                        0x414 (size before relaxing)
 .eh_frame      0x000000000003159c      0x418 build/cooja/mtype769.a(rpl-timers.o)
                                        0x458 (size before relaxing)
 .eh_frame      0x00000000000319b4      0x144 build/cooja/mtype769.a(rpl-ext-header.)
                                        0x184 (size before relaxing)
 .eh_frame      0x0000000000031af8      0x150 build/cooja/mtype769.a(rpl-mrhof.o)
                                        0x190 (size before relaxing)
 .eh_frame      0x0000000000031c48       0x84 /usr/lib/gcc/i686-linux-gnu/7/libgcc.a(_udivdi3.o)
                                         0x9c (size before relaxing)
 .eh_frame      0x0000000000031ccc       0x1c /usr/lib/i386-linux-gnu/libc_nonshared.a(stack_chk_fail_local.oS)
                                         0x48 (size before relaxing)
 .eh_frame      0x0000000000031ce8        0x4 /usr/lib/gcc/i686-linux-gnu/7/crtendS.o
 *(.eh_frame.*)

.gcc_except_table
 *(.gcc_except_table .gcc_except_table.*)

.gnu_extab
 *(.gnu_extab*)

.exception_ranges
 *(.exception_ranges .exception_ranges*)
                0x0000000000033bf8                . = DATA_SEGMENT_ALIGN (CONSTANT (MAXPAGESIZE), CONSTANT (COMMONPAGESIZE))

.eh_frame
 *(.eh_frame)
 *(.eh_frame.*)

.gnu_extab
 *(.gnu_extab)

.gcc_except_table
 *(.gcc_except_table .gcc_except_table.*)

.exception_ranges
 *(.exception_ranges .exception_ranges*)

.tdata
 *(.tdata .tdata.* .gnu.linkonce.td.*)

.tbss
 *(.tbss .tbss.* .gnu.linkonce.tb.*)
 *(.tcommon)

.preinit_array
 *(.preinit_array)

.init_array     0x0000000000033bf8        0x4
 *(SORT_BY_INIT_PRIORITY(.init_array.*) SORT_BY_INIT_PRIORITY(.ctors.*))
 *(.init_array EXCLUDE_FILE(*crtend?.o *crtend.o *crtbegin?.o *crtbegin.o) .ctors)
 .init_array    0x0000000000033bf8        0x4 /usr/lib/gcc/i686-linux-gnu/7/crtbeginS.o

.fini_array     0x0000000000033bfc        0x4
 *(SORT_BY_INIT_PRIORITY(.fini_array.*) SORT_BY_INIT_PRIORITY(.dtors.*))
 *(.fini_array EXCLUDE_FILE(*crtend?.o *crtend.o *crtbegin?.o *crtbegin.o) .dtors)
 .fini_array    0x0000000000033bfc        0x4 /usr/lib/gcc/i686-linux-gnu/7/crtbeginS.o

.ctors
 *crtbegin.o(.ctors)
 *crtbegin?.o(.ctors)
 *(EXCLUDE_FILE(*crtend?.o *crtend.o) .ctors)
 *(SORT_BY_NAME(.ctors.*))
 *(.ctors)

.dtors
 *crtbegin.o(.dtors)
 *crtbegin?.o(.dtors)
 *(EXCLUDE_FILE(*crtend?.o *crtend.o) .dtors)
 *(SORT_BY_NAME(.dtors.*))
 *(.dtors)

.jcr
 *(.jcr)

.data.rel.ro    0x0000000000033c00      0x198
 *(.data.rel.ro.local* .gnu.linkonce.d.rel.ro.local.*)
 .data.rel.ro.local
                0x0000000000033c00        0x8 glucose-server.o
                0x0000000000033c00                autostart_processes
 .data.rel.ro.local
                0x0000000000033c08        0x8 build/cooja/mtype769.a(beep.o)
                0x0000000000033c08                beep_interface
 .data.rel.ro.local
                0x0000000000033c10        0x8 build/cooja/mtype769.a(leds-arch.o)
                0x0000000000033c10                leds_interface
 .data.rel.ro.local
                0x0000000000033c18        0x8 build/cooja/mtype769.a(moteid.o)
                0x0000000000033c18                moteid_interface
 .data.rel.ro.local
                0x0000000000033c20       0x18 build/cooja/mtype769.a(pir-sensor.o)
                0x0000000000033c20                pir_interface
                0x0000000000033c28                pir_sensor
 .data.rel.ro.local
                0x0000000000033c38        0x8 build/cooja/mtype769.a(rs232.o)
                0x0000000000033c38                rs232_interface
 .data.rel.ro.local
                0x0000000000033c40       0x18 build/cooja/mtype769.a(vib-sensor.o)
                0x0000000000033c40                vib_interface
                0x0000000000033c48                vib_sensor
 .data.rel.ro.local
                0x0000000000033c58        0x8 build/cooja/mtype769.a(clock.o)
                0x0000000000033c58                clock_interface
 .data.rel.ro.local
                0x0000000000033c60        0x8 build/cooja/mtype769.a(cooja-log.o)
                0x0000000000033c60                simlog_interface
 .data.rel.ro.local
                0x0000000000033c68        0x8 build/cooja/mtype769.a(cfs-cooja.o)
                0x0000000000033c68                cfs_interface
 *fill*         0x0000000000033c70       0x10 
 .data.rel.ro.local
                0x0000000000033c80       0x58 build/cooja/mtype769.a(cooja-radio.o)
                0x0000000000033c80                radio_interface
                0x0000000000033ca0                cooja_radio_driver
 .data.rel.ro.local
                0x0000000000033cd8        0x8 build/cooja/mtype769.a(eeprom.o)
                0x0000000000033cd8                eeprom_interface
 .data.rel.ro.local
                0x0000000000033ce0       0x18 build/cooja/mtype769.a(buttons.o)
                0x0000000000033ce0                button_interface
                0x0000000000033ce8                button_sensor
 .data.rel.ro.local
                0x0000000000033cf8       0x1c build/cooja/mtype769.a(csma.o)
                0x0000000000033cf8                csma_driver
 .data.rel.ro.local
                0x0000000000033d14       0x10 build/cooja/mtype769.a(sicslowpan.o)
                0x0000000000033d14                sicslowpan_driver
 .data.rel.ro.local
                0x0000000000033d24        0xc build/cooja/mtype769.a(coap-timer-defa)
                0x0000000000033d24                coap_timer_default_driver
 .data.rel.ro.local
                0x0000000000033d30        0xc build/cooja/mtype769.a(framer-802154.o)
                0x0000000000033d30                framer_802154
 *(.data.rel.ro .data.rel.ro.* .gnu.linkonce.d.rel.ro.*)
 .data.rel.ro   0x0000000000033d3c        0x0 /usr/lib/gcc/i686-linux-gnu/7/../../../i386-linux-gnu/crti.o
 *fill*         0x0000000000033d3c        0x4 
 .data.rel.ro   0x0000000000033d40       0x54 build/cooja/mtype769.a(rpl.o)
                0x0000000000033d40                rpl_lite_driver
 .data.rel.ro   0x0000000000033d94        0x4 build/cooja/mtype769.a(rpl-dag.o)

.dynamic        0x0000000000033d98       0xf0
 *(.dynamic)
 .dynamic       0x0000000000033d98       0xf0 /usr/lib/gcc/i686-linux-gnu/7/../../../i386-linux-gnu/crti.o
                0x0000000000033d98                _DYNAMIC

.got            0x0000000000033e88      0x160
 *(.got)
 .got           0x0000000000033e88      0x160 /usr/lib/gcc/i686-linux-gnu/7/../../../i386-linux-gnu/crti.o
 *(.igot)
                0x0000000000033ff4                . = DATA_SEGMENT_RELRO_END (., (SIZEOF (.got.plt) >= 0xc)?0xc:0x0)

.got.plt        0x0000000000034000      0x58c
 *(.got.plt)
 .got.plt       0x0000000000034000      0x58c /usr/lib/gcc/i686-linux-gnu/7/../../../i386-linux-gnu/crti.o
                0x0000000000034000                _GLOBAL_OFFSET_TABLE_
 *(.igot.plt)

.data           0x00000000000345a0      0x464
 *(.data .data.* .gnu.linkonce.d.*)
 .data          0x00000000000345a0        0x0 /usr/lib/gcc/i686-linux-gnu/7/../../../i386-linux-gnu/crti.o
 .data          0x00000000000345a0        0x0 /usr/lib/gcc/i686-linux-gnu/7/crtbeginS.o
 .data.rel.local
                0x00000000000345a0        0x4 /usr/lib/gcc/i686-linux-gnu/7/crtbeginS.o
                0x00000000000345a0                __dso_handle
 .data          0x00000000000345a4        0x0 glucose-server.o
 .data.rel.local
                0x00000000000345a4       0x14 glucose-server.o
                0x00000000000345a4                glucose_server
                0x00000000000345b4                service_url
 .data          0x00000000000345b8        0x0 build/cooja/mtype769.o
 *fill*         0x00000000000345b8        0x8 
 .data.rel      0x00000000000345c0       0x44 build/cooja/mtype769.o
                0x00000000000345c0                simInterfaces
                0x00000000000345f4                sensors
 .data          0x0000000000034604        0x0 build/cooja/mtype769.a(simEnvChange.o)
 .data          0x0000000000034604        0x0 build/cooja/mtype769.a(cooja_mt.o)
 .data          0x0000000000034604        0x0 build/cooja/mtype769.a(cooja_mtarch.o)
 .data          0x0000000000034604        0x0 build/cooja/mtype769.a(rtimer-arch.o)
 .data          0x0000000000034604        0x0 build/cooja/mtype769.a(beep.o)
 .data          0x0000000000034604        0x0 build/cooja/mtype769.a(leds-arch.o)
 .data          0x0000000000034604        0x0 build/cooja/mtype769.a(moteid.o)
 .data          0x0000000000034604        0x0 build/cooja/mtype769.a(pir-sensor.o)
 .data          0x0000000000034604        0x0 build/cooja/mtype769.a(rs232.o)
 .data          0x0000000000034604        0x0 build/cooja/mtype769.a(vib-sensor.o)
 .data          0x0000000000034604        0x0 build/cooja/mtype769.a(clock.o)
 .data          0x0000000000034604        0x0 build/cooja/mtype769.a(cooja-log.o)
 .data          0x0000000000034604        0x0 build/cooja/mtype769.a(cfs-cooja.o)
 .data          0x0000000000034604       0x20 build/cooja/mtype769.a(cooja-radio.o)
                0x0000000000034604                simRadioHWOn
                0x0000000000034608                simSignalStrength
                0x000000000003460c                simLastSignalStrength
                0x0000000000034610                simPower
                0x0000000000034614                simRadioChannel
                0x0000000000034618                simLQI
                0x000000000003461c                simLastLQI
 .data.rel.local
                0x0000000000034624       0x10 build/cooja/mtype769.a(cooja-radio.o)
                0x0000000000034624                cooja_radio_process
 .data          0x0000000000034634        0x0 build/cooja/mtype769.a(eeprom.o)
 .data          0x0000000000034634        0x0 build/cooja/mtype769.a(random.o)
 .data          0x0000000000034634        0x0 build/cooja/mtype769.a(sensors.o)
 .data.rel.local
                0x0000000000034634       0x10 build/cooja/mtype769.a(sensors.o)
                0x0000000000034634                sensors_process
 .data          0x0000000000034644        0x0 build/cooja/mtype769.a(leds.o)
 .data          0x0000000000034644        0x0 build/cooja/mtype769.a(gpio-hal-arch.o)
 .data          0x0000000000034644        0x1 build/cooja/mtype769.a(buttons.o)
                0x0000000000034644                simButtonIsActive
 *fill*         0x0000000000034645       0x1b 
 .data.rel.local
                0x0000000000034660       0x58 build/cooja/mtype769.a(buttons.o)
                0x00000000000346b0                button_hal_buttons
 .data          0x00000000000346b8        0x0 build/cooja/mtype769.a(res-alarm.o)
 *fill*         0x00000000000346b8        0x8 
 .data.rel.local
                0x00000000000346c0       0x24 build/cooja/mtype769.a(res-alarm.o)
                0x00000000000346c0                res_alarm
 .data          0x00000000000346e4        0xc build/cooja/mtype769.a(res-glucose.o)
                0x00000000000346e8                LOWER_BOUND_GLU
                0x00000000000346ec                UPPER_BOUND_GLU
 *fill*         0x00000000000346f0       0x10 
 .data.rel.local
                0x0000000000034700       0x24 build/cooja/mtype769.a(res-glucose.o)
                0x0000000000034700                res_glucose
 .data          0x0000000000034724        0x0 build/cooja/mtype769.a(coap-blocking-a)
 .data          0x0000000000034724        0x0 build/cooja/mtype769.a(coap-engine.o)
 .data.rel.local
                0x0000000000034724        0x8 build/cooja/mtype769.a(coap-engine.o)
 .data          0x000000000003472c        0x0 build/cooja/mtype769.a(coap-res-well-k)
 *fill*         0x000000000003472c       0x14 
 .data.rel.local
                0x0000000000034740       0x24 build/cooja/mtype769.a(coap-res-well-k)
                0x0000000000034740                res_well_known_core
 .data          0x0000000000034764        0x0 build/cooja/mtype769.a(coap-observe.o)
 .data.rel.local
                0x0000000000034764       0x10 build/cooja/mtype769.a(coap-observe.o)
 .data          0x0000000000034774        0x0 build/cooja/mtype769.a(coap-uip.o)
 .data.rel.local
                0x0000000000034774       0x10 build/cooja/mtype769.a(coap-uip.o)
                0x0000000000034774                coap_engine
 .data          0x0000000000034784        0x0 build/cooja/mtype769.a(coap-timer.o)
 .data.rel.local
                0x0000000000034784        0x4 build/cooja/mtype769.a(coap-timer.o)
 .data          0x0000000000034788        0x0 build/cooja/mtype769.a(coap-transactio)
 .data.rel.local
                0x0000000000034788       0x10 build/cooja/mtype769.a(coap-transactio)
 .data          0x0000000000034798        0x0 build/cooja/mtype769.a(coap.o)
 .data.rel.local
                0x0000000000034798        0x4 build/cooja/mtype769.a(coap.o)
                0x0000000000034798                coap_error_message
 .data          0x000000000003479c        0x0 build/cooja/mtype769.a(contiki-main.o)
 .data          0x000000000003479c        0x0 build/cooja/mtype769.a(autostart.o)
 .data          0x000000000003479c        0x0 build/cooja/mtype769.a(ctimer.o)
 .data.rel.local
                0x000000000003479c       0x14 build/cooja/mtype769.a(ctimer.o)
                0x00000000000347a0                ctimer_process
 .data          0x00000000000347b0        0x4 build/cooja/mtype769.a(log.o)
                0x00000000000347b0                curr_log_level_main
 *fill*         0x00000000000347b4        0xc 
 .data.rel.local
                0x00000000000347c0       0x9c build/cooja/mtype769.a(log.o)
                0x00000000000347c0                all_modules
 .data          0x000000000003485c        0x0 build/cooja/mtype769.a(energest.o)
 .data          0x000000000003485c        0x0 build/cooja/mtype769.a(etimer.o)
 .data.rel.local
                0x000000000003485c       0x10 build/cooja/mtype769.a(etimer.o)
                0x000000000003485c                etimer_process
 .data          0x000000000003486c        0x0 build/cooja/mtype769.a(node-id.o)
 .data          0x000000000003486c        0x0 build/cooja/mtype769.a(rtimer.o)
 .data          0x000000000003486c        0x0 build/cooja/mtype769.a(process.o)
 .data          0x000000000003486c        0x0 build/cooja/mtype769.a(timer.o)
 .data          0x000000000003486c        0x0 build/cooja/mtype769.a(list.o)
 .data          0x000000000003486c        0x0 build/cooja/mtype769.a(memb.o)
 .data          0x000000000003486c        0x0 build/cooja/mtype769.a(button-hal.o)
 .data.rel.local
                0x000000000003486c       0x10 build/cooja/mtype769.a(button-hal.o)
                0x000000000003486c                button_hal_process
 .data          0x000000000003487c        0x0 build/cooja/mtype769.a(serial-line.o)
 .data.rel.local
                0x000000000003487c       0x10 build/cooja/mtype769.a(serial-line.o)
                0x000000000003487c                serial_line_process
 .data          0x000000000003488c        0x0 build/cooja/mtype769.a(gpio-hal.o)
 .data.rel.local
                0x000000000003488c        0x4 build/cooja/mtype769.a(gpio-hal.o)
 .data          0x0000000000034890        0x0 build/cooja/mtype769.a(queuebuf.o)
 .data.rel.local
                0x0000000000034890       0x18 build/cooja/mtype769.a(queuebuf.o)
 .data          0x00000000000348a8        0x0 build/cooja/mtype769.a(packetbuf.o)
 .data.rel.local
                0x00000000000348a8        0x4 build/cooja/mtype769.a(packetbuf.o)
 .data          0x00000000000348ac        0x0 build/cooja/mtype769.a(netstack.o)
 .data.rel.local
                0x00000000000348ac        0x4 build/cooja/mtype769.a(netstack.o)
 .data          0x00000000000348b0        0x0 build/cooja/mtype769.a(linkaddr.o)
 .data          0x00000000000348b0        0x0 build/cooja/mtype769.a(csma.o)
 .data          0x00000000000348b0        0x0 build/cooja/mtype769.a(csma-output.o)
 .data.rel.local
                0x00000000000348b0       0x28 build/cooja/mtype769.a(csma-output.o)
 .data          0x00000000000348d8        0x0 build/cooja/mtype769.a(uip-ds6.o)
 .data          0x00000000000348d8        0x0 build/cooja/mtype769.a(uip-udp-packet.)
 .data          0x00000000000348d8        0x0 build/cooja/mtype769.a(uip-ds6-route.o)
 .data.rel.local
                0x00000000000348d8       0x10 build/cooja/mtype769.a(uip-ds6-route.o)
 .data          0x00000000000348e8        0x0 build/cooja/mtype769.a(tcpip.o)
 .data.rel.local
                0x00000000000348e8       0x10 build/cooja/mtype769.a(tcpip.o)
                0x00000000000348e8                tcpip_process
 .data          0x00000000000348f8        0x0 build/cooja/mtype769.a(uip6.o)
 .data          0x00000000000348f8        0x0 build/cooja/mtype769.a(uip-ds6-nbr.o)
 .data.rel.local
                0x00000000000348f8       0x14 build/cooja/mtype769.a(uip-ds6-nbr.o)
 .data          0x000000000003490c        0x0 build/cooja/mtype769.a(uip-nd6.o)
 .data.rel.local
                0x000000000003490c        0xc build/cooja/mtype769.a(uip-nd6.o)
 .data          0x0000000000034918        0x0 build/cooja/mtype769.a(sicslowpan.o)
 .data          0x0000000000034918        0x0 build/cooja/mtype769.a(uiplib.o)
 .data          0x0000000000034918        0x0 build/cooja/mtype769.a(rpl.o)
 .data          0x0000000000034918        0x0 build/cooja/mtype769.a(rpl-icmp6.o)
 .data.rel.local
                0x0000000000034918       0x30 build/cooja/mtype769.a(rpl-icmp6.o)
 .data          0x0000000000034948        0x0 build/cooja/mtype769.a(rpl-dag-root.o)
 .data          0x0000000000034948        0x0 build/cooja/mtype769.a(watchdog.o)
 .data          0x0000000000034948        0x0 build/cooja/mtype769.a(int-master.o)
 .data          0x0000000000034948        0x0 build/cooja/mtype769.a(coap-timer-defa)
 .data.rel.local
                0x0000000000034948       0x10 build/cooja/mtype769.a(coap-timer-defa)
                0x0000000000034948                coap_timer_process
 .data          0x0000000000034958        0x0 build/cooja/mtype769.a(stimer.o)
 .data          0x0000000000034958        0x0 build/cooja/mtype769.a(ringbuf.o)
 .data          0x0000000000034958        0x0 build/cooja/mtype769.a(assert.o)
 .data          0x0000000000034958        0x0 build/cooja/mtype769.a(nbr-table.o)
 .data.rel.local
                0x0000000000034958       0x10 build/cooja/mtype769.a(nbr-table.o)
 .data          0x0000000000034968        0x0 build/cooja/mtype769.a(link-stats.o)
 .data.rel.local
                0x0000000000034968       0x14 build/cooja/mtype769.a(link-stats.o)
 .data          0x000000000003497c        0x0 build/cooja/mtype769.a(mac-sequence.o)
 .data          0x000000000003497c        0x0 build/cooja/mtype769.a(mac.o)
 .data          0x000000000003497c        0x0 build/cooja/mtype769.a(framer-802154.o)
 .data          0x000000000003497c        0x2 build/cooja/mtype769.a(frame802154.o)
 .data          0x000000000003497e        0x0 build/cooja/mtype769.a(csma-security.o)
 .data          0x000000000003497e        0x0 build/cooja/mtype769.a(uipbuf.o)
 .data          0x000000000003497e        0x0 build/cooja/mtype769.a(uip-icmp6.o)
 *fill*         0x000000000003497e        0x2 
 .data.rel.local
                0x0000000000034980       0x20 build/cooja/mtype769.a(uip-icmp6.o)
 .data          0x00000000000349a0        0x0 build/cooja/mtype769.a(uip-sr.o)
 .data.rel.local
                0x00000000000349a0       0x10 build/cooja/mtype769.a(uip-sr.o)
 .data          0x00000000000349b0        0x0 build/cooja/mtype769.a(uip-packetqueue)
 .data.rel.local
                0x00000000000349b0        0xc build/cooja/mtype769.a(uip-packetqueue)
 .data          0x00000000000349bc        0x0 build/cooja/mtype769.a(rpl-nbr-policy.)
 .data          0x00000000000349bc        0x0 build/cooja/mtype769.a(rpl-neighbor.o)
 .data.rel.local
                0x00000000000349bc       0x14 build/cooja/mtype769.a(rpl-neighbor.o)
                0x00000000000349cc                rpl_neighbors
 .data          0x00000000000349d0        0x0 build/cooja/mtype769.a(rpl-dag.o)
 .data          0x00000000000349d0        0x0 build/cooja/mtype769.a(rpl-timers.o)
 .data          0x00000000000349d0        0x0 build/cooja/mtype769.a(rpl-ext-header.)
 .data          0x00000000000349d0        0x0 build/cooja/mtype769.a(rpl-mrhof.o)
 *fill*         0x00000000000349d0       0x10 
 .data.rel.local
                0x00000000000349e0       0x24 build/cooja/mtype769.a(rpl-mrhof.o)
                0x00000000000349e0                rpl_mrhof
 .data          0x0000000000034a04        0x0 /usr/lib/gcc/i686-linux-gnu/7/libgcc.a(_udivdi3.o)
 .data          0x0000000000034a04        0x0 /usr/lib/i386-linux-gnu/libc_nonshared.a(stack_chk_fail_local.oS)
 .data          0x0000000000034a04        0x0 /usr/lib/gcc/i686-linux-gnu/7/crtendS.o
 .data          0x0000000000034a04        0x0 /usr/lib/gcc/i686-linux-gnu/7/../../../i386-linux-gnu/crtn.o

.tm_clone_table
                0x0000000000034a04        0x0
 .tm_clone_table
                0x0000000000034a04        0x0 /usr/lib/gcc/i686-linux-gnu/7/crtbeginS.o
 .tm_clone_table
                0x0000000000034a04        0x0 /usr/lib/gcc/i686-linux-gnu/7/crtendS.o

.data1
 *(.data1)
                0x0000000000034a04                _edata = .
                [!provide]                        PROVIDE (edata = .)
                0x0000000000034a04                . = .
                0x0000000000034a04                __bss_start = .

.bss            0x0000000000034a20    0x13f24
 *(.dynbss)
 .dynbss        0x0000000000034a20        0x0 /usr/lib/gcc/i686-linux-gnu/7/../../../i386-linux-gnu/crti.o
 *(.bss .bss.* .gnu.linkonce.b.*)
 .bss           0x0000000000034a20        0x0 /usr/lib/gcc/i686-linux-gnu/7/../../../i386-linux-gnu/crti.o
 .bss           0x0000000000034a20        0x1 /usr/lib/gcc/i686-linux-gnu/7/crtbeginS.o
 *fill*         0x0000000000034a21       0x1f 
 .bss           0x0000000000034a40      0x14c glucose-server.o
 *fill*         0x0000000000034b8c       0x14 
 .bss           0x0000000000034ba0     0x2040 build/cooja/mtype769.o
 .bss           0x0000000000036be0        0x1 build/cooja/mtype769.a(simEnvChange.o)
                0x0000000000036be0                simDontFallAsleep
 *fill*         0x0000000000036be1        0x3 