Archive member included to satisfy reference by file (symbol)

build/cooja/mtype810.a(simEnvChange.o)
                              build/cooja/mtype810.o (simDontFallAsleep)
build/cooja/mtype810.a(cooja_mt.o)
                              build/cooja/mtype810.o (cooja_mt_start)
build/cooja/mtype810.a(cooja_mtarch.o)
                              build/cooja/mtype810.a(cooja_mt.o) (cooja_mtarch_start)
build/cooja/mtype810.a(rtimer-arch.o)
                              build/cooja/mtype810.o (rtimer_arch_check)
build/cooja/mtype810.a(beep.o)
                              build/cooja/mtype810.o (beep_interface)
build/cooja/mtype810.a(leds-arch.o)
                              build/cooja/mtype810.o (leds_interface)
build/cooja/mtype810.a(moteid.o)
                              build/cooja/mtype810.o (moteid_interface)
build/cooja/mtype810.a(pir-sensor.o)
                              build/cooja/mtype810.o (pir_interface)
build/cooja/mtype810.a(rs232.o)
                              build/cooja/mtype810.o (rs232_interface)
build/cooja/mtype810.a(vib-sensor.o)
                              build/cooja/mtype810.o (vib_interface)
build/cooja/mtype810.a(clock.o)
                              build/cooja/mtype810.o (clock_interface)
build/cooja/mtype810.a(cooja-log.o)
                              build/cooja/mtype810.o (simlog_interface)
build/cooja/mtype810.a(cfs-cooja.o)
                              build/cooja/mtype810.o (cfs_interface)
build/cooja/mtype810.a(cooja-radio.o)
                              build/cooja/mtype810.o (radio_interface)
build/cooja/mtype810.a(eeprom.o)
                              build/cooja/mtype810.o (eeprom_interface)
build/cooja/mtype810.a(random.o)
                              build/cooja/mtype810.a(moteid.o) (random_init)
build/cooja/mtype810.a(sensors.o)
                              build/cooja/mtype810.a(pir-sensor.o) (sensors_changed)
build/cooja/mtype810.a(leds.o)
                              glucose-server.o (leds_set)
build/cooja/mtype810.a(gpio-hal-arch.o)
                              build/cooja/mtype810.a(leds-arch.o) (gpio_hal_arch_register_pin_callback)
build/cooja/mtype810.a(buttons.o)
                              build/cooja/mtype810.o (button_interface)
build/cooja/mtype810.a(res-alarm.o)
                              glucose-server.o (res_alarm)
build/cooja/mtype810.a(res-glucose.o)
                              glucose-server.o (res_glucose)
build/cooja/mtype810.a(coap-blocking-a)
                              glucose-server.o (coap_blocking_request)
build/cooja/mtype810.a(coap-engine.o)
                              glucose-server.o (coap_activate_resource)
build/cooja/mtype810.a(coap-res-well-k)
                              build/cooja/mtype810.a(coap-engine.o) (res_well_known_core)
build/cooja/mtype810.a(coap-observe.o)
                              build/cooja/mtype810.a(coap-engine.o) (coap_remove_observer_by_mid)
build/cooja/mtype810.a(coap-uip.o)
                              build/cooja/mtype810.a(coap-observe.o) (coap_endpoint_copy)
build/cooja/mtype810.a(coap-timer.o)
                              build/cooja/mtype810.a(coap-engine.o) (coap_timer_set)
build/cooja/mtype810.a(coap-transactio)
                              build/cooja/mtype810.a(coap-blocking-a) (coap_send_transaction)
build/cooja/mtype810.a(coap.o)
                              build/cooja/mtype810.a(coap-engine.o) (coap_status_code)
build/cooja/mtype810.a(contiki-main.o)
                              build/cooja/mtype810.o (main)
build/cooja/mtype810.a(autostart.o)
                              build/cooja/mtype810.a(contiki-main.o) (autostart_start)
build/cooja/mtype810.a(ctimer.o)
                              build/cooja/mtype810.a(contiki-main.o) (ctimer_init)
build/cooja/mtype810.a(log.o)
                              build/cooja/mtype810.a(contiki-main.o) (curr_log_level_main)
build/cooja/mtype810.a(energest.o)
                              build/cooja/mtype810.a(contiki-main.o) (energest_init)
build/cooja/mtype810.a(etimer.o)
                              build/cooja/mtype810.a(contiki-main.o) (etimer_process)
build/cooja/mtype810.a(node-id.o)
                              build/cooja/mtype810.a(res-glucose.o) (node_id)
build/cooja/mtype810.a(rtimer.o)
                              build/cooja/mtype810.a(contiki-main.o) (rtimer_init)
build/cooja/mtype810.a(process.o)
                              build/cooja/mtype810.a(coap-blocking-a) (process_current)
build/cooja/mtype810.a(timer.o)
                              build/cooja/mtype810.a(etimer.o) (timer_set)
build/cooja/mtype810.a(list.o)
                              build/cooja/mtype810.a(coap-engine.o) (list_init)
build/cooja/mtype810.a(memb.o)
                              build/cooja/mtype810.a(coap-observe.o) (memb_alloc)
build/cooja/mtype810.a(button-hal.o)
                              build/cooja/mtype810.o (button_hal_init)
build/cooja/mtype810.a(serial-line.o)
[...]
Memory Configuration

Name             Origin             Length             Attributes
*default*        0x0000000000000000 0xffffffffffffffff

Linker script and memory map

LOAD /usr/lib/gcc/i686-linux-gnu/7/../../../i386-linux-gnu/crti.o
LOAD /usr/lib/gcc/i686-linux-gnu/7/crtbeginS.o
LOAD glucose-server.o
LOAD build/cooja/mtype810.o
LOAD build/cooja/mtype810.a
LOAD /usr/lib/gcc/i686-linux-gnu/7/libgcc.a
LOAD /usr/lib/gcc/i686-linux-gnu/7/libgcc_s.so
START GROUP
LOAD /usr/lib/gcc/i686-linux-gnu/7/libgcc_s.so.1
LOAD /usr/lib/gcc/i686-linux-gnu/7/libgcc.a
END GROUP
LOAD /usr/lib/gcc/i686-linux-gnu/7/../../../i386-linux-gnu/libc.so
START GROUP
LOAD /lib/i386-linux-gnu/libc.so.6
LOAD /usr/lib/i386-linux-gnu/libc_nonshared.a
LOAD /lib/i386-linux-gnu/ld-linux.so.2
END GROUP
LOAD /usr/lib/gcc/i686-linux-gnu/7/libgcc.a
LOAD /usr/lib/gcc/i686-linux-gnu/7/libgcc_s.so
START GROUP
LOAD /usr/lib/gcc/i686-linux-gnu/7/libgcc_s.so.1
LOAD /usr/lib/gcc/i686-linux-gnu/7/libgcc.a
END GROUP
LOAD /usr/lib/gcc/i686-linux-gnu/7/crtendS.o
LOAD /usr/lib/gcc/i686-linux-gnu/7/../../../i386-linux-gnu/crtn.o
                0x0000000000000114                . = (SEGMENT_START ("text-segment", 0x0) + SIZEOF_HEADERS)

.note.gnu.build-id
                0x0000000000000114       0x24
 *(.note.gnu.build-id)
 .note.gnu.build-id
                0x0000000000000114       0x24 /usr/lib/gcc/i686-linux-gnu/7/../../../i386-linux-gnu/crti.o

.hash
 *(.hash)

.gnu.hash       0x0000000000000138     0x15b0
 *(.gnu.hash)
 .gnu.hash      0x0000000000000138     0x15b0 /usr/lib/gcc/i686-linux-gnu/7/../../../i386-linux-gnu/crti.o

.dynsym         0x00000000000016e8     0x2f90
 *(.dynsym)
 .dynsym        0x00000000000016e8     0x2f90 /usr/lib/gcc/i686-linux-gnu/7/../../../i386-linux-gnu/crti.o

.dynstr         0x0000000000004678     0x370f
 *(.dynstr)
 .dynstr        0x0000000000004678     0x370f /usr/lib/gcc/i686-linux-gnu/7/../../../i386-linux-gnu/crti.o

.gnu.version    0x0000000000007d88      0x5f2
 *(.gnu.version)
 .gnu.version   0x0000000000007d88      0x5f2 /usr/lib/gcc/i686-linux-gnu/7/../../../i386-linux-gnu/crti.o

.gnu.version_d  0x000000000000837c        0x0
 *(.gnu.version_d)
 .gnu.version_d
                0x000000000000837c        0x0 /usr/lib/gcc/i686-linux-gnu/7/../../../i386-linux-gnu/crti.o

.gnu.version_r  0x000000000000837c       0x40
 *(.gnu.version_r)
 .gnu.version_r
                0x000000000000837c       0x40 /usr/lib/gcc/i686-linux-gnu/7/../../../i386-linux-gnu/crti.o

.rel.dyn        0x00000000000083bc      0xf28
 *(.rel.init)
 .rel.init      0x00000000000083bc        0x0 /usr/lib/gcc/i686-linux-gnu/7/../../../i386-linux-gnu/crti.o
 *(.rel.text .rel.text.* .rel.gnu.linkonce.t.*)
 .rel.text      0x00000000000083bc      0x570 /usr/lib/gcc/i686-linux-gnu/7/../../../i386-linux-gnu/crti.o
 *(.rel.fini)
 .rel.fini      0x000000000000892c        0x0 /usr/lib/gcc/i686-linux-gnu/7/../../../i386-linux-gnu/crti.o
 *(.rel.rodata .rel.rodata.* .rel.gnu.linkonce.r.*)
 *(.rel.data.rel.ro .rel.data.rel.ro.* .rel.gnu.linkonce.d.rel.ro.*)
 .rel.data.rel.ro.local
                0x000000000000892c      0x220 /usr/lib/gcc/i686-linux-gnu/7/../../../i386-linux-gnu/crti.o
 .rel.data.rel.ro
                0x0000000000008b4c       0xb0 /usr/lib/gcc/i686-linux-gnu/7/../../../i386-linux-gnu/crti.o
 *(.rel.data .rel.data.* .rel.gnu.linkonce.d.*)
 .rel.data.rel.local
                0x0000000000008bfc      0x3a0 /usr/lib/gcc/i686-linux-gnu/7/../../../i386-linux-gnu/crti.o
 .rel.data.rel  0x0000000000008f9c       0x78 /usr/lib/gcc/i686-linux-gnu/7/../../../i386-linux-gnu/crti.o
 *(.rel.tdata .rel.tdata.* .rel.gnu.linkonce.td.*)
 *(.rel.tbss .rel.tbss.* .rel.gnu.linkonce.tb.*)
 *(.rel.ctors)
 *(.rel.dtors)
 *(.rel.got)
 .rel.got       0x0000000000009014      0x2c0 /usr/lib/gcc/i686-linux-gnu/7/../../../i386-linux-gnu/crti.o
 *(.rel.bss .rel.bss.* .rel.gnu.linkonce.b.*)
 *(.rel.ifunc)
 .rel.ifunc     0x00000000000092d4        0x0 /usr/lib/gcc/i686-linux-gnu/7/../../../i386-linux-gnu/crti.o
 .rel.fini_array
                0x00000000000092d4        0x8 /usr/lib/gcc/i686-linux-gnu/7/../../../i386-linux-gnu/crti.o
 .rel.init_array
                0x00000000000092dc        0x8 /usr/lib/gcc/i686-linux-gnu/7/../../../i386-linux-gnu/crti.o

.rel.plt        0x00000000000092e4      0xb00
 *(.rel.plt)
 .rel.plt       0x00000000000092e4      0xb00 /usr/lib/gcc/i686-linux-gnu/7/../../../i386-linux-gnu/crti.o
 *(.rel.iplt)

.init           0x0000000000009de4       0x23
 *(SORT_NONE(.init))
 .init          0x0000000000009de4       0x1e /usr/lib/gcc/i686-linux-gnu/7/../../../i386-linux-gnu/crti.o
                0x0000000000009de4                _init
 .init          0x0000000000009e02        0x5 /usr/lib/gcc/i686-linux-gnu/7/../../../i386-linux-gnu/crtn.o

.plt            0x0000000000009e10     0x1610
 *(.plt)
 .plt           0x0000000000009e10     0x1610 /usr/lib/gcc/i686-linux-gnu/7/../../../i386-linux-gnu/crti.o
 *(.iplt)

.plt.got        0x000000000000b420       0x18
 *(.plt.got)
 .plt.got       0x000000000000b420       0x18 /usr/lib/gcc/i686-linux-gnu/7/../../../i386-linux-gnu/crti.o

.plt.sec
 *(.plt.sec)

.text           0x000000000000b440    0x1d194
 *(.text.unlikely .text.*_unlikely .text.unlikely.*)
 *(.text.exit .text.exit.*)
 *(.text.startup .text.startup.*)
 *(.text.hot .text.hot.*)
 *(.text .stub .text.* .gnu.linkonce.t.*)
 .text          0x000000000000b440        0x0 /usr/lib/gcc/i686-linux-gnu/7/../../../i386-linux-gnu/crti.o
 .gnu.linkonce.t.__x86.get_pc_thunk.bx
                0x000000000000b440        0x4 /usr/lib/gcc/i686-linux-gnu/7/../../../i386-linux-gnu/crti.o
                0x000000000000b440                __x86.get_pc_thunk.bx
 *fill*         0x000000000000b444        0xc 
 .text          0x000000000000b450       0xe9 /usr/lib/gcc/i686-linux-gnu/7/crtbeginS.o
 .text.__x86.get_pc_thunk.dx
                0x000000000000b539        0x4 /usr/lib/gcc/i686-linux-gnu/7/crtbeginS.o
                0x000000000000b539                __x86.get_pc_thunk.dx
 .text          0x000000000000b53d      0x488 glucose-server.o
                0x000000000000b5f0                client_chunk_handler
 .text          0x000000000000b9c5      0x36b build/cooja/mtype810.o
                0x000000000000ba77                platform_init_stage_one
                0x000000000000ba9a                platform_init_stage_two
                0x000000000000babd                platform_init_stage_three
                0x000000000000bae0                platform_main_loop
                0x000000000000bb86                Java_org_contikios_cooja_corecomm_Lib12_init
                0x000000000000bbd4                Java_org_contikios_cooja_corecomm_Lib12_getMemory
                0x000000000000bc14                Java_org_contikios_cooja_corecomm_Lib12_setMemory
                0x000000000000bc85                Java_org_contikios_cooja_corecomm_Lib12_tick
                0x000000000000bd0f                Java_org_contikios_cooja_corecomm_Lib12_setReferenceAddress
 .text.__x86.get_pc_thunk.ax
                0x000000000000bd30        0x4 build/cooja/mtype810.o
                0x000000000000bd30                __x86.get_pc_thunk.ax
 .text          0x000000000000bd34       0x8d build/cooja/mtype810.a(simEnvChange.o)
                0x000000000000bd34                doActionsBeforeTick
                0x000000000000bd7a                doActionsAfterTick
 .text          0x000000000000bdc1       0xb6 build/cooja/mtype810.a(cooja_mt.o)
                0x000000000000bdc1                cooja_mt_start
                0x000000000000bdfb                cooja_mt_exec
                0x000000000000be42                cooja_mt_yield
 .text          0x000000000000be77       0xf2 build/cooja/mtype810.a(cooja_mtarch.o)
                0x000000000000be77                cooja_mtarch_start
                0x000000000000befb                cooja_sw
                0x000000000000bf29                cooja_mtarch_exec
                0x000000000000bf54                cooja_mtarch_yield
 .text          0x000000000000bf69      0x127 build/cooja/mtype810.a(rtimer-arch.o)
                0x000000000000bf69                rtimer_arch_init
                0x000000000000bf98                rtimer_arch_schedule
                0x000000000000bfda                rtimer_arch_next
                0x000000000000bff4                rtimer_arch_pending
                0x000000000000c00b                rtimer_arch_check
                0x000000000000c076                rtimer_arch_now
 .text.__x86.get_pc_thunk.cx
                0x000000000000c090        0x4 build/cooja/mtype810.a(rtimer-arch.o)
                0x000000000000c090                __x86.get_pc_thunk.cx
 .text          0x000000000000c094      0x101 build/cooja/mtype810.a(beep.o)
                0x000000000000c094                beep_alarm
                0x000000000000c0ad                beep_beep
                0x000000000000c0c6                beep
                0x000000000000c0df                beep_down
                0x000000000000c0f8                beep_on
                0x000000000000c111                beep_off
                0x000000000000c12a                beep_spinup
                0x000000000000c143                beep_quick
                0x000000000000c15c                beep_long
 .text          0x000000000000c195       0x9f build/cooja/mtype810.a(leds-arch.o)
                0x000000000000c1b9                leds_arch_init
 .text          0x000000000000c234       0x56 build/cooja/mtype810.a(moteid.o)
 .text          0x000000000000c28a      0x101 build/cooja/mtype810.a(pir-sensor.o)
 .text          0x000000000000c38b      0x1cc build/cooja/mtype810.a(rs232.o)
                0x000000000000c38b                rs232_init
                0x000000000000c39b                rs232_set_speed
                0x000000000000c3b4                rs232_set_input
                0x000000000000c3cd                rs232_send
                0x000000000000c403                rs232_print
                0x000000000000c431                slip_arch_writeb
 .text          0x000000000000c557      0x101 build/cooja/mtype810.a(vib-sensor.o)
 .text          0x000000000000c658       0x7a build/cooja/mtype810.a(clock.o)
                0x000000000000c658                clock_init
                0x000000000000c668                clock_time
                0x000000000000c67f                clock_seconds
                0x000000000000c6a2                clock_delay
 .text          0x000000000000c6d2      0x2b5 build/cooja/mtype810.a(cooja-log.o)
                0x000000000000c6d2                simlog_char
                0x000000000000c736                simlog
                0x000000000000c7d0                log_message
                0x000000000000c81f                log_set_putchar_with_slip
                0x000000000000c838                log_putchar
                0x000000000000c8c3                log_puts
                0x000000000000c8f5                log_printf
 .text          0x000000000000c987      0x36c build/cooja/mtype810.a(cfs-cooja.o)
                0x000000000000c987                cfs_open
                0x000000000000c9ff                cfs_close
                0x000000000000ca16                cfs_read
                0x000000000000caca                cfs_write
                0x000000000000cbc8                cfs_seek
                0x000000000000cc65                cfs_remove
                0x000000000000cc9b                cfs_opendir
                0x000000000000ccaf                cfs_readdir
                0x000000000000ccc3                cfs_closedir
 .text          0x000000000000ccf3      0x78b build/cooja/mtype810.a(cooja-radio.o)
                0x000000000000cd61                radio_set_channel
                0x000000000000cd7a                radio_set_txpower
                0x000000000000cd9d                radio_signal_strength_last
                0x000000000000cdb2                radio_signal_strength_current
                0x000000000000cdc7                radio_LQI
 .text          0x000000000000d47e      0x130 build/cooja/mtype810.a(eeprom.o)
                0x000000000000d47e                eeprom_init
                0x000000000000d48e                eeprom_read
                0x000000000000d50e                eeprom_write
 .text          0x000000000000d5ae       0x4e build/cooja/mtype810.a(random.o)
                0x000000000000d5ae                random_init
                0x000000000000d5de                random_rand
 .text          0x000000000000d5fc      0x332 build/cooja/mtype810.a(sensors.o)
                0x000000000000d643                sensors_first
                0x000000000000d65a                sensors_next
                0x000000000000d685                sensors_changed
                0x000000000000d6d2                sensors_find
 .text          0x000000000000d92e      0x3fc build/cooja/mtype810.a(leds.o)
                0x000000000000d92e                leds_init
                0x000000000000d986                leds_single_on
                0x000000000000d9fe                leds_single_off
                0x000000000000da76                leds_single_toggle
                0x000000000000daba                leds_on
                0x000000000000db52                leds_off
                0x000000000000dbea                leds_toggle
                0x000000000000dc50                leds_set
                0x000000000000dc86                leds_get
 .text          0x000000000000dd2a      0x401 build/cooja/mtype810.a(gpio-hal-arch.o)
                0x000000000000dd2a                gpio_hal_arch_register_pin_callback
                0x000000000000ddab                gpio_hal_arch_init
                0x000000000000de05                gpio_hal_arch_no_port_interrupt_enable
                0x000000000000de3f                gpio_hal_arch_no_port_interrupt_disable
                0x000000000000de79                gpio_hal_arch_no_port_pin_cfg_set
                0x000000000000dea8                gpio_hal_arch_no_port_pin_cfg_get
                0x000000000000ded8                gpio_hal_arch_no_port_pin_set_input
                0x000000000000def4                gpio_hal_arch_no_port_pin_set_output
                0x000000000000df10                gpio_hal_arch_no_port_set_pin
                0x000000000000df3b                gpio_hal_arch_no_port_clear_pin
                0x000000000000df66                gpio_hal_arch_no_port_read_pin
                0x000000000000df98                gpio_hal_arch_no_port_write_pin
                0x000000000000dfcc                gpio_hal_arch_no_port_set_pins
                0x000000000000e01d                gpio_hal_arch_no_port_clear_pins
                0x000000000000e06e                gpio_hal_arch_no_port_read_pins
                0x000000000000e0c1                gpio_hal_arch_no_port_write_pins
 .text          0x000000000000e12b       0xc6 build/cooja/mtype810.a(buttons.o)
 .text          0x000000000000e1f1      0x1f0 build/cooja/mtype810.a(res-alarm.o)
 .text          0x000000000000e3e1      0x473 build/cooja/mtype810.a(res-glucose.o)
 .text          0x000000000000e854      0x29c build/cooja/mtype810.a(coap-blocking-a)
                0x000000000000e854                coap_blocking_request_callback
                0x000000000000e88e                coap_blocking_request
 .text          0x000000000000eaf0      0xd4f build/cooja/mtype810.a(coap-engine.o)
                0x000000000000ebc1                coap_add_handler
                0x000000000000ebef                coap_remove_handler
                0x000000000000ec1d                coap_call_handlers
                0x000000000000ed44                coap_receive
                0x000000000000f3be                coap_engine_init
                0x000000000000f431                coap_activate_resource
                0x000000000000f4ee                coap_get_first_resource
                0x000000000000f518                coap_get_next_resource
 .text          0x000000000000f83f      0x2ed build/cooja/mtype810.a(coap-res-well-k)
 .text          0x000000000000fb2c      0xa13 build/cooja/mtype810.a(coap-observe.o)
                0x000000000000fc67                coap_remove_observer
                0x000000000000fca9                coap_remove_observer_by_client
                0x000000000000fd21                coap_remove_observer_by_token
                0x000000000000fdc4                coap_remove_observer_by_uri
                0x000000000000fe7b                coap_remove_observer_by_mid
                0x000000000000ff07                coap_notify_observers
                0x000000000000ff2a                coap_notify_observers_sub
                0x000000000001039b                coap_observe_handler
                0x00000000000104c6                coap_has_observers
 .text          0x000000000001053f      0x84c build/cooja/mtype810.a(coap-uip.o)
                0x000000000001053f                coap_endpoint_log
                0x00000000000105dc                coap_endpoint_print
                0x0000000000010679                coap_endpoint_snprint
                0x00000000000107c2                coap_endpoint_copy
                0x0000000000010809                coap_endpoint_cmp
                0x000000000001093a                coap_endpoint_parse
                0x0000000000010b4b                coap_endpoint_is_secure
                0x0000000000010b64                coap_endpoint_is_connected
                0x0000000000010ba8                coap_endpoint_connect
                0x0000000000010bce                coap_endpoint_disconnect
                0x0000000000010bde                coap_databuf
                0x0000000000010bf5                coap_transport_init
                0x0000000000010c6b                coap_sendto
 .text          0x0000000000010d8b      0x3ad build/cooja/mtype810.a(coap-timer.o)
                0x0000000000010eb0                coap_timer_stop
                0x0000000000010eeb                coap_timer_set
                0x0000000000010f38                coap_timer_reset
                0x0000000000010f85                coap_timer_time_to_next_expiration
                0x0000000000011002                coap_timer_run
                0x00000000000110e4                coap_timer_init
 .text          0x0000000000011138      0x334 build/cooja/mtype810.a(coap-transactio)
                0x00000000000111c6                coap_new_transaction
                0x000000000001123e                coap_send_transaction
                0x00000000000113b0                coap_clear_transaction
                0x000000000001140a                coap_get_transaction_by_mid
 .text          0x000000000001146c     0x1f9f build/cooja/mtype810.a(coap.o)
                0x0000000000011a67                coap_init_connection
                0x0000000000011a8c                coap_get_mid
                0x0000000000011ab3                coap_init_message
                0x0000000000011b0c                coap_serialize_message
                0x00000000000121a3                coap_parse_message
                0x00000000000128bf                coap_get_query_variable
                0x000000000001290b                coap_get_post_variable
                0x0000000000012959                coap_set_status_code
                0x0000000000012988                coap_set_token
                0x00000000000129df                coap_get_header_content_format
                0x0000000000012a1a                coap_set_header_content_format
                0x0000000000012a47                coap_get_header_accept
                0x0000000000012a82                coap_set_header_accept
                0x0000000000012aaf                coap_get_header_max_age
                0x0000000000012aea                coap_set_header_max_age
                0x0000000000012b14                coap_get_header_etag
                0x0000000000012b50                coap_set_header_etag
                0x0000000000012bb7                coap_get_header_if_match
                0x0000000000012bf3                coap_set_header_if_match
                0x0000000000012c5a                coap_get_header_if_none_match
                0x0000000000012c7e                coap_set_header_if_none_match
                0x0000000000012c9f                coap_get_header_proxy_uri
                0x0000000000012cd7                coap_set_header_proxy_uri
                0x0000000000012d24                coap_get_header_uri_host
                0x0000000000012d5c                coap_set_header_uri_host
                0x0000000000012da9                coap_get_header_uri_path
                0x0000000000012de1                coap_set_header_uri_path
                0x0000000000012e3f                coap_get_header_uri_query
                0x0000000000012e7d                coap_set_header_uri_query
                0x0000000000012ee4                coap_get_header_location_path
                0x0000000000012f1c                coap_set_header_location_path
                0x0000000000012fc4                coap_get_header_location_query
                0x0000000000012ffc                coap_set_header_location_query
                0x000000000001305a                coap_get_header_observe
                0x0000000000013093                coap_set_header_observe
                0x00000000000130bd                coap_get_header_block2
                0x0000000000013133                coap_set_header_block2
                0x00000000000131b4                coap_get_header_block1
                0x0000000000013233                coap_set_header_block1
                0x00000000000132b8                coap_get_header_size2
                0x00000000000132f2                coap_set_header_size2
                0x000000000001331f                coap_get_header_size1
                0x0000000000013359                coap_set_header_size1
                0x0000000000013386                coap_get_payload
                0x00000000000133ca                coap_set_payload
 .text          0x000000000001340b      0x3c6 build/cooja/mtype810.a(contiki-main.o)
                0x000000000001340b                main
 .text          0x00000000000137d1       0xb0 build/cooja/mtype810.a(autostart.o)
                0x00000000000137d1                autostart_start
                0x000000000001382a                autostart_exit
 .text          0x0000000000013881      0x400 build/cooja/mtype810.a(ctimer.o)
                0x00000000000139c4                ctimer_init
                0x0000000000013a09                ctimer_set
                0x0000000000013a3c                ctimer_set_with_process
                0x0000000000013ad3                ctimer_reset
                0x0000000000013b41                ctimer_restart
                0x0000000000013baf                ctimer_stop
                0x0000000000013c0f                ctimer_expired
 .text          0x0000000000013c81      0x4a3 build/cooja/mtype810.a(log.o)
                0x0000000000013c81                log_6addr
                0x0000000000013ce5                log_6addr_compact_snprint
                0x0000000000013da5                log_6addr_compact
                0x0000000000013e09                log_lladdr
                0x0000000000013e90                log_lladdr_compact
                0x0000000000013f0d                log_bytes
                0x0000000000013f61                log_set_level
                0x000000000001403f                log_get_level
                0x00000000000140d0                log_level_to_str
 .text          0x0000000000014124       0x39 build/cooja/mtype810.a(energest.o)
                0x0000000000014124                energest_init
                0x0000000000014134                energest_flush
                0x0000000000014144                energest_get_total_time
 .text          0x000000000001415d      0x527 build/cooja/mtype810.a(etimer.o)
                0x00000000000143b2                etimer_request_poll
                0x0000000000014463                etimer_set
                0x000000000001449c                etimer_reset_with_new_interval
                0x00000000000144db                etimer_reset
                0x0000000000014511                etimer_restart
                0x0000000000014547                etimer_adjust
                0x000000000001456e                etimer_expired
                0x000000000001458b                etimer_expiration_time
                0x00000000000145a7                etimer_start_time
                0x00000000000145bb                etimer_pending
                0x00000000000145d8                etimer_next_expiration_time
                0x0000000000014600                etimer_stop
 .text          0x0000000000014684       0x36 build/cooja/mtype810.a(node-id.o)
                0x0000000000014684                node_id_init
 .text          0x00000000000146ba      0x122 build/cooja/mtype810.a(rtimer.o)
                0x00000000000146ba                rtimer_init
                0x00000000000146d9                rtimer_set
                0x0000000000014767                rtimer_run_next
 .text          0x00000000000147dc      0x5cb build/cooja/mtype810.a(process.o)
                0x00000000000147dc                process_alloc_event
                0x00000000000147fd                process_start
                0x0000000000014a02                process_exit
                0x0000000000014a2a                process_init
                0x0000000000014bf2                process_run
                0x0000000000014c35                process_nevents
                0x0000000000014c5a                process_post
                0x0000000000014d07                process_post_synch
                0x0000000000014d4d                process_poll
                0x0000000000014d89                process_is_running
 .text.__x86.get_pc_thunk.si
                0x0000000000014da7        0x4 build/cooja/mtype810.a(process.o)
                0x0000000000014da7                __x86.get_pc_thunk.si
 .text          0x0000000000014dab       0xf6 build/cooja/mtype810.a(timer.o)
                0x0000000000014dab                timer_set
                0x0000000000014dda                timer_reset
                0x0000000000014e11                timer_restart
                0x0000000000014e37                timer_expired
                0x0000000000014e75                timer_remaining
 .text          0x0000000000014ea1      0x311 build/cooja/mtype810.a(list.o)
                0x0000000000014ea1                list_init
                0x0000000000014eba                list_head
                0x0000000000014ece                list_copy
                0x0000000000014ee8                list_tail
                0x0000000000014f28                list_add
                0x0000000000014f7e                list_push
                0x0000000000014fb4                list_chop
                0x0000000000015028                list_pop
                0x000000000001505a                list_remove
                0x00000000000150cc                list_length
                0x0000000000015104                list_insert
                0x0000000000015153                list_item_next
                0x0000000000015174                list_contains
 .text          0x00000000000151b2      0x1ec build/cooja/mtype810.a(memb.o)
                0x00000000000151b2                memb_init
                0x0000000000015216                memb_alloc
                0x0000000000015283                memb_free
                0x0000000000015304                memb_inmemb
                0x000000000001534d                memb_numfree
 .text          0x000000000001539e      0x566 build/cooja/mtype810.a(button-hal.o)
                0x0000000000015592                button_hal_get_by_id
                0x00000000000155dc                button_hal_get_by_index
                0x0000000000015616                button_hal_get_state
                0x0000000000015678                button_hal_init
 .text          0x0000000000015904      0x242 build/cooja/mtype810.a(serial-line.o)
                0x0000000000015904                serial_line_input_byte
                0x0000000000015afc                serial_line_init
 .text          0x0000000000015b46      0x1d6 build/cooja/mtype810.a(gpio-hal.o)
                0x0000000000015b46                gpio_hal_register_handler
                0x0000000000015b74                gpio_hal_event_handler
                0x0000000000015be1                gpio_hal_init
                0x0000000000015c10                gpio_hal_arch_port_toggle_pin
                0x0000000000015c5b                gpio_hal_arch_port_toggle_pins
                0x0000000000015c98                gpio_hal_arch_no_port_toggle_pin
                0x0000000000015ce5                gpio_hal_arch_no_port_toggle_pins
 .text          0x0000000000015d1c      0x3a9 build/cooja/mtype810.a(queuebuf.o)
                0x0000000000015d30                queuebuf_init
                0x0000000000015d6c                queuebuf_numfree
                0x0000000000015d96                queuebuf_new_from_packetbuf
                0x0000000000015e4a                queuebuf_update_attr_from_packetbuf
                0x0000000000015e8e                queuebuf_update_from_packetbuf
                0x0000000000015eed                queuebuf_free
                0x0000000000015f4b                queuebuf_to_packetbuf
                0x0000000000015fc8                queuebuf_dataptr
                0x0000000000016014                queuebuf_datalen
                0x0000000000016041                queuebuf_addr
                0x0000000000016080                queuebuf_attr
                0x00000000000160b5                queuebuf_debug_print
 .text          0x00000000000160c5      0x4dd build/cooja/mtype810.a(packetbuf.o)
                0x00000000000160c5                packetbuf_clear
                0x00000000000160fb                packetbuf_copyfrom
                0x000000000001615b                packetbuf_copyto
                0x00000000000161f9                packetbuf_hdralloc
                0x0000000000016289                packetbuf_hdrreduce
                0x00000000000162db                packetbuf_set_datalen
                0x0000000000016300                packetbuf_dataptr
                0x0000000000016327                packetbuf_hdrptr
                0x000000000001633c                packetbuf_datalen
                0x0000000000016352                packetbuf_hdrlen
                0x0000000000016371                packetbuf_totlen
                0x0000000000016391                packetbuf_remaininglen
                0x00000000000163ae                packetbuf_attr_clear
                0x0000000000016414                packetbuf_attr_copyto
                0x000000000001645a                packetbuf_attr_copyfrom
                0x00000000000164a0                packetbuf_set_attr
                0x00000000000164d6                packetbuf_attr
                0x00000000000164fc                packetbuf_set_addr
                0x0000000000016544                packetbuf_addr
                0x000000000001656e                packetbuf_holds_broadcast
 .text          0x00000000000165a2      0x13c build/cooja/mtype810.a(netstack.o)
                0x00000000000165a2                netstack_process_ip_callback
                0x0000000000016643                netstack_ip_packet_processor_add
                0x0000000000016677                uip_ds6_ip_packet_processor_rm
                0x00000000000166a5                netstack_init
 .text          0x00000000000166de       0x75 build/cooja/mtype810.a(linkaddr.o)
                0x00000000000166de                linkaddr_copy
                0x00000000000166fe                linkaddr_cmp
                0x0000000000016731                linkaddr_set_node_addr
 .text          0x0000000000016753      0x2ae build/cooja/mtype810.a(csma.o)
 .text          0x0000000000016a01      0xa6f build/cooja/mtype810.a(csma-output.o)
                0x0000000000017173                csma_output_packet
                0x0000000000017422                csma_output_init
 .text          0x0000000000017470      0xe47 build/cooja/mtype810.a(uip-ds6.o)
                0x0000000000017470                uip_ds6_default_prefix
                0x0000000000017485                uip_ds6_set_default_prefix
                0x00000000000174bb                uip_ds6_init
                0x0000000000017756                uip_ds6_periodic
                0x00000000000177fe                uip_ds6_list_loop
                0x00000000000178cd                uip_ds6_prefix_add
                0x0000000000017994                uip_ds6_prefix_rm
                0x00000000000179b1                uip_ds6_prefix_lookup
                0x0000000000017a04                uip_ds6_is_addr_onlink
                0x0000000000017a91                uip_ds6_addr_add
                0x0000000000017bd3                uip_ds6_addr_rm
                0x0000000000017c92                uip_ds6_addr_lookup
                0x0000000000017ce2                uip_ds6_get_link_local
                0x0000000000017d80                uip_ds6_get_global
                0x0000000000017e1e                uip_ds6_maddr_add
                0x0000000000017e9a                uip_ds6_maddr_rm
                0x0000000000017eb7                uip_ds6_maddr_lookup
                0x0000000000017f0a                uip_ds6_aaddr_add
                0x0000000000017f83                uip_ds6_aaddr_rm
                0x0000000000017fa0                uip_ds6_aaddr_lookup
                0x0000000000017ff0                uip_ds6_select_src
                0x000000000001815e                uip_ds6_set_addr_iid
                0x0000000000018193                uip_ds6_set_lladdr_from_iid
                0x00000000000181c6                get_match_length
                0x0000000000018261                uip_ds6_compute_reachable_time
 .text          0x00000000000182b7      0x152 build/cooja/mtype810.a(uip-udp-packet.)
                0x00000000000182b7                uip_udp_packet_send
                0x0000000000018330                uip_udp_packet_sendto
 .text          0x0000000000018409      0x453 build/cooja/mtype810.a(uip-ds6-route.o)
                0x000000000001846b                uip_ds6_route_init
                0x00000000000184a7                uip_ds6_route_count_nexthop_neighbors
                0x00000000000184bb                uip_ds6_route_nexthop
                0x00000000000184cf                uip_ds6_route_head
                0x00000000000184e3                uip_ds6_route_next
                0x00000000000184f7                uip_ds6_route_is_nexthop
                0x000000000001850b                uip_ds6_route_num_routes
                0x000000000001851f                uip_ds6_route_lookup
                0x0000000000018533                uip_ds6_route_add
                0x0000000000018550                uip_ds6_route_rm
                0x0000000000018560                uip_ds6_route_rm_by_nexthop
                0x0000000000018570                uip_ds6_defrt_head
                0x000000000001859a                uip_ds6_defrt_add
                0x000000000001865a                uip_ds6_defrt_rm
                0x00000000000186d3                uip_ds6_defrt_lookup
                0x000000000001874a                uip_ds6_defrt_choose
                0x00000000000187d0                uip_ds6_defrt_periodic
 .text          0x000000000001885c      0x870 build/cooja/mtype810.a(tcpip.o)
                0x0000000000018882                tcpip_output
                0x0000000000018931                udp_attach
                0x0000000000018953                udp_new
                0x00000000000189ad                udp_broadcast_new
                0x0000000000018b4d                tcpip_input
                0x0000000000018d43                tcpip_ipv6_output
                0x0000000000018f7f                tcpip_poll_udp
                0x0000000000018faf                tcpip_uipcall
 .text          0x00000000000190cc     0x1520 build/cooja/mtype810.a(uip6.o)
                0x0000000000019185                uip_chksum
                0x000000000001927d                uip_icmp6chksum
                0x000000000001929c                uip_udpchksum
                0x00000000000192bb                uip_init
                0x000000000001931a                uip_remove_ext_hdr
                0x0000000000019415                uip_udp_new
                0x000000000001978e                uip_process
                0x000000000001a47c                uip_htons
                0x000000000001a4a8                uip_htonl
                0x000000000001a4f2                uip_send
 .text          0x000000000001a5ec      0x43e build/cooja/mtype810.a(uip-ds6-nbr.o)
                0x000000000001a5ec                uip_ds6_neighbors_init
                0x000000000001a622                uip_ds6_nbr_add
                0x000000000001a6bc                uip_ds6_nbr_rm
                0x000000000001a71b                uip_ds6_nbr_update_ll
                0x000000000001a818                uip_ds6_nbr_get_ipaddr
                0x000000000001a837                uip_ds6_nbr_get_ll
                0x000000000001a864                uip_ds6_nbr_num
                0x000000000001a8be                uip_ds6_nbr_head
                0x000000000001a8e8                uip_ds6_nbr_next
                0x000000000001a915                uip_ds6_nbr_lookup
                0x000000000001a97c                uip_ds6_nbr_ll_lookup
                0x000000000001a9a9                uip_ds6_nbr_ipaddr_from_lladdr
                0x000000000001a9dc                uip_ds6_nbr_lladdr_from_ipaddr
                0x000000000001aa1a                uip_ds6_link_callback
 .text          0x000000000001aa2a      0x810 build/cooja/mtype810.a(uip-nd6.o)
                0x000000000001b20f                uip_nd6_init
 .text          0x000000000001b23a     0x33b0 build/cooja/mtype810.a(sicslowpan.o)
                0x000000000001b938                netstack_sniffer_add
                0x000000000001b951                netstack_sniffer_remove
                0x000000000001e5a9                sicslowpan_init
                0x000000000001e5d5                sicslowpan_get_last_rssi
 .text          0x000000000001e5ea      0x51a build/cooja/mtype810.a(uiplib.o)
                0x000000000001e5ea                uiplib_ip6addrconv
                0x000000000001e7b0                uiplib_ip4addrconv
                0x000000000001e87d                uiplib_ipaddr_print
                0x000000000001e8e1                uiplib_ipaddr_snprint
 .text          0x000000000001eb04      0x610 build/cooja/mtype810.a(rpl.o)
                0x000000000001eb04                rpl_lollipop_greater_than
                0x000000000001eb67                rpl_get_global_address
                0x000000000001ec9d                rpl_link_callback
                0x000000000001ed00                rpl_has_joined
                0x000000000001ed36                rpl_is_reachable
                0x000000000001edd9                rpl_reset_prefix
                0x000000000001ee55                rpl_set_prefix_from_addr
                0x000000000001ef67                rpl_set_prefix
                0x000000000001f0db                rpl_set_leaf_only
                0x000000000001f0fe                rpl_get_leaf_only
 .text          0x000000000001f114     0x1491 build/cooja/mtype810.a(rpl-icmp6.o)
                0x000000000001f271                rpl_icmp6_update_nbr_table
                0x000000000001f323                rpl_icmp6_dis_output
                0x000000000001f938                rpl_icmp6_dio_output
                0x0000000000020191                rpl_icmp6_dao_output
                0x00000000000204be                rpl_icmp6_dao_ack_output
                0x0000000000020545                rpl_icmp6_init
 .text          0x00000000000205a5      0x2e4 build/cooja/mtype810.a(rpl-dag-root.o)
                0x00000000000205a5                rpl_dag_root_print_links
                0x00000000000206fe                rpl_dag_root_set_prefix
                0x0000000000020739                rpl_dag_root_start
                0x0000000000020847                rpl_dag_root_is_root
 .text          0x0000000000020889       0x6b build/cooja/mtype810.a(watchdog.o)
                0x0000000000020889                watchdog_init
                0x0000000000020899                watchdog_start
                0x00000000000208a9                watchdog_periodic
                0x00000000000208d4                watchdog_stop
                0x00000000000208e4                watchdog_reboot
 .text          0x00000000000208f4       0x75 build/cooja/mtype810.a(int-master.o)
                0x00000000000208f4                int_master_enable
                0x000000000002090e                int_master_read_and_disable
                0x0000000000020936                int_master_status_set
                0x000000000002094f                int_master_is_enabled
 .text          0x0000000000020969      0x2bc build/cooja/mtype810.a(coap-timer-defa)
 .text          0x0000000000020c25      0x11d build/cooja/mtype810.a(stimer.o)
                0x0000000000020c25                stimer_set
                0x0000000000020c54                stimer_reset
                0x0000000000020c8b                stimer_restart
                0x0000000000020cb1                stimer_expired
                0x0000000000020ced                stimer_remaining
                0x0000000000020d19                stimer_elapsed
 .text          0x0000000000020d42      0x188 build/cooja/mtype810.a(ringbuf.o)
                0x0000000000020d42                ringbuf_init
                0x0000000000020d7e                ringbuf_put
                0x0000000000020e06                ringbuf_get
                0x0000000000020e7d                ringbuf_size
                0x0000000000020e99                ringbuf_elements
 .text          0x0000000000020eca       0x31 build/cooja/mtype810.a(assert.o)
                0x0000000000020eca                _xassert
 .text          0x0000000000020efb      0xb68 build/cooja/mtype810.a(nbr-table.o)
                0x000000000002129d                nbr_table_count_entries
                0x000000000002134a                nbr_table_gc_get_worst
                0x000000000002138a                nbr_table_can_accept_new
                0x0000000000021513                nbr_table_entry_is_allowed
                0x00000000000215b3                nbr_table_register
                0x0000000000021631                nbr_table_is_registered
                0x0000000000021676                nbr_table_head
                0x00000000000216e3                nbr_table_next
                0x0000000000021755                nbr_table_add_lladdr
                0x00000000000218a4                nbr_table_get_from_lladdr
                0x0000000000021901                nbr_table_remove
                0x000000000002194c                nbr_table_lock
                0x0000000000021972                nbr_table_unlock
                0x0000000000021998                nbr_table_get_lladdr
                0x00000000000219ce                nbr_table_clear
                0x0000000000021a13                nbr_table_key_head
                0x0000000000021a3d                nbr_table_key_next
 .text          0x0000000000021a63      0x450 build/cooja/mtype810.a(link-stats.o)
                0x0000000000021a63                link_stats_from_lladdr
                0x0000000000021a90                link_stats_get_lladdr
                0x0000000000021abd                link_stats_is_fresh
                0x0000000000021b0a                guess_etx_from_rssi
                0x0000000000021b90                link_stats_packet_sent
                0x0000000000021cd4                link_stats_input_callback
                0x0000000000021e08                link_stats_reset
                0x0000000000021e6a                link_stats_init
 .text          0x0000000000021eb3      0x1a8 build/cooja/mtype810.a(mac-sequence.o)
                0x0000000000021eb3                mac_sequence_is_duplicate
                0x0000000000021f73                mac_sequence_register_seqno
 .text          0x000000000002205b       0x2d build/cooja/mtype810.a(mac.o)
                0x000000000002205b                mac_call_sent_callback
 .text          0x0000000000022088      0x477 build/cooja/mtype810.a(framer-802154.o)
                0x000000000002222b                framer_802154_setup_params
 .text          0x00000000000224ff      0xc1a build/cooja/mtype810.a(frame802154.o)
                0x000000000002253a                frame802154_get_pan_id
                0x0000000000022550                frame802154_set_pan_id
                0x0000000000022575                frame802154_has_panid
                0x000000000002272e                frame802154_check_dest_panid
                0x00000000000227c0                frame802154_is_broadcast_addr
                0x0000000000022817                frame802154_extract_linkaddr
                0x0000000000022aa0                frame802154_hdrlen
                0x0000000000022b1d                frame802154_create_fcf
                0x0000000000022bdf                frame802154_create
                0x0000000000022d6a                frame802154_parse_fcf
                0x0000000000022e56                frame802154_parse
 .text          0x0000000000023119       0x4e build/cooja/mtype810.a(csma-security.o)
                0x0000000000023119                csma_security_create_frame
                0x000000000002314a                csma_security_parse_frame
 .text          0x0000000000023167      0x5d3 build/cooja/mtype810.a(uipbuf.o)
                0x0000000000023167                uipbuf_clear
                0x000000000002319e                uipbuf_add_ext_hdr
                0x0000000000023239                uipbuf_set_len
                0x0000000000023273                uipbuf_set_len_field
                0x00000000000232a9                uipbuf_get_len_field
                0x00000000000232d3                uipbuf_get_next_header
                0x0000000000023424                uipbuf_get_last_header
                0x00000000000234a7                uipbuf_search_header
                0x000000000002356b                uipbuf_get_attr
                0x000000000002359c                uipbuf_set_attr
                0x00000000000235dd                uipbuf_set_default_attr
                0x000000000002361e                uipbuf_clear_attr
                0x000000000002365e                uipbuf_set_attr_flag
                0x000000000002368a                uipbuf_clr_attr_flag
                0x00000000000236bc                uipbuf_is_attr_flag
                0x00000000000236ea                uipbuf_init
 .text          0x000000000002373a      0x8b7 build/cooja/mtype810.a(uip-icmp6.o)
                0x00000000000237bf                uip_icmp6_input
                0x0000000000023820                uip_icmp6_register_input_handler
                0x00000000000239d4                uip_icmp6_error_output
                0x0000000000023d16                uip_icmp6_send
                0x0000000000023f44                uip_icmp6_echo_reply_callback_add
                0x0000000000023f87                uip_icmp6_echo_reply_callback_rm
                0x0000000000023fb5                uip_icmp6_init
 .text          0x0000000000023ff1      0x772 build/cooja/mtype810.a(uip-sr.o)
                0x0000000000023ff1                uip_sr_num_nodes
                0x000000000002409d                uip_sr_get_node
                0x0000000000024104                uip_sr_is_addr_reachable
                0x00000000000241c1                uip_sr_expire_parent
                0x0000000000024214                uip_sr_update_node
                0x0000000000024358                uip_sr_init
                0x000000000002439e                uip_sr_node_head
                0x00000000000243c8                uip_sr_node_next
                0x00000000000243ee                uip_sr_periodic
                0x000000000002450a                uip_sr_free_all
                0x000000000002458f                uip_sr_link_snprint
 .text          0x0000000000024763      0x1a5 build/cooja/mtype810.a(uip-packetqueue)
                0x00000000000247a3                uip_packetqueue_new
                0x00000000000247bc                uip_packetqueue_alloc
                0x000000000002482b                uip_packetqueue_free
                0x0000000000024883                uip_packetqueue_buf
                0x00000000000248aa                uip_packetqueue_buflen
                0x00000000000248d5                uip_packetqueue_set_buflen
 .text          0x0000000000024908       0x8d build/cooja/mtype810.a(rpl-nbr-policy.)
                0x0000000000024954                rpl_nbr_gc_get_worst
 .text          0x0000000000024995      0xaad build/cooja/mtype810.a(rpl-neighbor.o)
                0x0000000000024a31                rpl_neighbor_snprint
                0x0000000000024d19                rpl_neighbor_print_list
                0x0000000000024dec                rpl_neighbor_count
                0x0000000000024ecf                rpl_neighbor_get_from_lladdr
                0x0000000000024efc                rpl_neighbor_is_acceptable_parent
                0x0000000000024f42                rpl_neighbor_get_link_metric
                0x0000000000024f88                rpl_neighbor_rank_via_nbr
                0x0000000000024fce                rpl_neighbor_get_lladdr
                0x0000000000024ffb                rpl_neighbor_get_ipaddr
                0x0000000000025031                rpl_neighbor_get_link_stats
                0x0000000000025067                rpl_neighbor_is_fresh
                0x000000000002509d                rpl_neighbor_is_parent
                0x00000000000250d4                rpl_neighbor_set_preferred_parent
                0x000000000002518e                rpl_neighbor_remove_all
                0x00000000000251fb                rpl_neighbor_get_from_ipaddr
                0x0000000000025335                rpl_neighbor_select_best
                0x0000000000025410                rpl_neighbor_init
 .text          0x0000000000025442     0x11f4 build/cooja/mtype810.a(rpl-dag.o)
                0x0000000000025442                rpl_dag_state_to_str
                0x0000000000025490                rpl_dag_get_root_ipaddr
                0x00000000000254e0                rpl_dag_leave
                0x0000000000025596                rpl_dag_poison_and_leave
                0x00000000000255c2                rpl_dag_periodic
                0x0000000000025687                rpl_is_addr_in_our_dag
                0x00000000000256e6                rpl_get_default_instance
                0x0000000000025710                rpl_get_any_dag
                0x0000000000025786                rpl_refresh_routes
                0x00000000000257e9                rpl_global_repair
                0x00000000000258ba                rpl_local_repair
                0x000000000002591f                rpl_dag_ready_to_advertise
                0x0000000000025978                rpl_dag_update_state
                0x00000000000261f4                rpl_process_dio
                0x000000000002628f                rpl_process_dis
                0x00000000000262e5                rpl_process_dao
                0x0000000000026386                rpl_process_dao_ack
                0x0000000000026442                rpl_process_hbh
                0x00000000000264a2                rpl_dag_init_root
                0x0000000000026604                rpl_dag_init
 .text          0x0000000000026636      0xd8d build/cooja/mtype810.a(rpl-timers.o)
                0x0000000000026636                rpl_timers_schedule_periodic_dis
                0x00000000000267e0                rpl_timers_dio_reset
                0x0000000000026958                rpl_timers_schedule_unicast_dio
                0x0000000000026b2b                rpl_timers_schedule_dao
                0x0000000000026c31                rpl_timers_schedule_dao_ack
                0x0000000000026d00                rpl_timers_notify_dao_ack
                0x0000000000026d86                get_probing_delay
                0x0000000000026dcb                get_probing_target
                0x0000000000027000                rpl_schedule_probing
                0x000000000002704c                rpl_schedule_probing_now
                0x00000000000270e6                rpl_timers_unschedule_leaving
                0x0000000000027140                rpl_timers_schedule_leaving
                0x00000000000271a5                rpl_timers_init
                0x0000000000027267                rpl_timers_stop_dag_timers
                0x0000000000027324                rpl_timers_unschedule_state_update
                0x0000000000027360                rpl_timers_schedule_state_update
 .text          0x00000000000273c3      0xd42 build/cooja/mtype810.a(rpl-ext-header.)
                0x00000000000273c3                rpl_ext_header_srh_get_next_hop
                0x00000000000274ce                rpl_ext_header_srh_update
                0x0000000000027b00                rpl_ext_header_hbh_update
                0x0000000000027e7f                rpl_ext_header_update
                0x0000000000027f2e                rpl_ext_header_remove
 .text          0x0000000000028105      0x39b build/cooja/mtype810.a(rpl-mrhof.o)
 .text          0x00000000000284a0      0x116 /usr/lib/gcc/i686-linux-gnu/7/libgcc.a(_udivdi3.o)
                0x00000000000284a0                __udivdi3
 *fill*         0x00000000000285b6        0xa 
 .text          0x00000000000285c0       0x14 /usr/lib/i386-linux-gnu/libc_nonshared.a(stack_chk_fail_local.oS)
                0x00000000000285c0                __stack_chk_fail_local
 .text          0x00000000000285d4        0x0 /usr/lib/gcc/i686-linux-gnu/7/crtendS.o
 .text          0x00000000000285d4        0x0 /usr/lib/gcc/i686-linux-gnu/7/../../../i386-linux-gnu/crtn.o
 *(.gnu.warning)

.fini           0x00000000000285d4       0x14
 *(SORT_NONE(.fini))
 .fini          0x00000000000285d4        0xf /usr/lib/gcc/i686-linux-gnu/7/../../../i386-linux-gnu/crti.o
                0x00000000000285d4                _fini
 .fini          0x00000000000285e3        0x5 /usr/lib/gcc/i686-linux-gnu/7/../../../i386-linux-gnu/crtn.o
                [!provide]                        PROVIDE (__etext = .)
                [!provide]                        PROVIDE (_etext = .)
                [!provide]                        PROVIDE (etext = .)

.rodata         0x00000000000285e8      0xa37
 *(.rodata .rodata.* .gnu.linkonce.r.*)
 .rodata        0x00000000000285e8      0x125 glucose-server.o
 *fill*         0x000000000002870d        0x3 
 .rodata        0x0000000000028710        0x6 build/cooja/mtype810.a(leds-arch.o)
                0x0000000000028710                leds_arch_leds
 .rodata        0x0000000000028716        0x4 build/cooja/mtype810.a(pir-sensor.o)
 .rodata        0x000000000002871a        0x6 build/cooja/mtype810.a(rs232.o)
 .rodata        0x0000000000028720        0xa build/cooja/mtype810.a(vib-sensor.o)
 *fill*         0x000000000002872a        0x2 
 .rodata        0x000000000002872c       0x27 build/cooja/mtype810.a(cfs-cooja.o)
 *fill*         0x0000000000028753        0x1 
 .rodata        0x0000000000028754       0x68 build/cooja/mtype810.a(cooja-radio.o)
 .rodata        0x00000000000287bc        0x8 build/cooja/mtype810.a(sensors.o)
 .rodata        0x00000000000287c4       0x14 build/cooja/mtype810.a(buttons.o)
                0x00000000000287d0                button_hal_button_count
 .rodata        0x00000000000287d8       0x56 build/cooja/mtype810.a(res-alarm.o)
 *fill*         0x000000000002882e        0x2 
 .rodata        0x0000000000028830       0xfb build/cooja/mtype810.a(res-glucose.o)
 .rodata        0x000000000002892b       0x41 build/cooja/mtype810.a(coap-engine.o)
 .rodata        0x000000000002896c       0x19 build/cooja/mtype810.a(coap-res-well-k)
 .rodata        0x0000000000028985       0x11 build/cooja/mtype810.a(coap-observe.o)
 .rodata        0x0000000000028996       0x35 build/cooja/mtype810.a(coap-uip.o)
 *fill*         0x00000000000289cb        0x1 
 .rodata        0x00000000000289cc      0x1ac build/cooja/mtype810.a(coap.o)
 .rodata        0x0000000000028b78       0xfc build/cooja/mtype810.a(contiki-main.o)
 .rodata        0x0000000000028c74        0xf build/cooja/mtype810.a(ctimer.o)
 *fill*         0x0000000000028c83        0x1 
 .rodata        0x0000000000028c84       0xc4 build/cooja/mtype810.a(log.o)
 .rodata        0x0000000000028d48        0xc build/cooja/mtype810.a(etimer.o)
 .rodata        0x0000000000028d54       0x13 build/cooja/mtype810.a(button-hal.o)
 .rodata        0x0000000000028d67        0xe build/cooja/mtype810.a(serial-line.o)
 *fill*         0x0000000000028d75        0x3 
 .rodata        0x0000000000028d78        0x8 build/cooja/mtype810.a(linkaddr.o)
                0x0000000000028d78                linkaddr_null
 .rodata        0x0000000000028d80        0x5 build/cooja/mtype810.a(csma.o)
 *fill*         0x0000000000028d85        0x3 
 .rodata        0x0000000000028d88       0x2a build/cooja/mtype810.a(csma-output.o)
 *fill*         0x0000000000028db2        0x2 
 .rodata        0x0000000000028db4       0x4d build/cooja/mtype810.a(uip-ds6-route.o)
 .rodata        0x0000000000028e01        0xd build/cooja/mtype810.a(tcpip.o)
 *fill*         0x0000000000028e0e        0x2 
 .rodata        0x0000000000028e10       0x1f build/cooja/mtype810.a(sicslowpan.o)
                0x0000000000028e10                unc_llconf
                0x0000000000028e14                unc_ctxconf
                0x0000000000028e18                unc_mxconf
                0x0000000000028e1c                llprefix
 .rodata        0x0000000000028e2f       0x2d build/cooja/mtype810.a(uiplib.o)
 .rodata        0x0000000000028e5c        0x9 build/cooja/mtype810.a(rpl.o)
 .rodata        0x0000000000028e65       0x13 build/cooja/mtype810.a(coap-timer-defa)
 .rodata        0x0000000000028e78       0x25 build/cooja/mtype810.a(assert.o)
 .rodata        0x0000000000028e9d       0x44 build/cooja/mtype810.a(uip-sr.o)
 *fill*         0x0000000000028ee1        0x3 
 .rodata        0x0000000000028ee4       0x58 build/cooja/mtype810.a(rpl-neighbor.o)
 .rodata        0x0000000000028f3c       0xd7 build/cooja/mtype810.a(rpl-dag.o)
 .rodata        0x0000000000029013        0xc build/cooja/mtype810.a(rpl-timers.o)

.rodata1
 *(.rodata1)

.eh_frame_hdr   0x0000000000029020     0x1a6c
 *(.eh_frame_hdr)
 .eh_frame_hdr  0x0000000000029020     0x1a6c glucose-server.o
                0x0000000000029020                __GNU_EH_FRAME_HDR
 *(.eh_frame_entry .eh_frame_entry.*)

.eh_frame       0x000000000002aa8c     0x7250
 *(.eh_frame)
 .eh_frame      0x000000000002aa8c       0x3c /usr/lib/gcc/i686-linux-gnu/7/../../../i386-linux-gnu/crti.o
                                         0x40 (size before relaxing)
 .eh_frame      0x000000000002aac8       0x14 /usr/lib/gcc/i686-linux-gnu/7/../../../i386-linux-gnu/crti.o
                                         0x2c (size before relaxing)
 .eh_frame      0x000000000002aadc       0x6c glucose-server.o
                                         0x98 (size before relaxing)
 .eh_frame      0x000000000002ab48      0x1ac build/cooja/mtype810.o
                                        0x1ec (size before relaxing)
 .eh_frame      0x000000000002acf4       0x48 build/cooja/mtype810.a(simEnvChange.o)
                                         0x74 (size before relaxing)
 .eh_frame      0x000000000002ad3c       0x6c build/cooja/mtype810.a(cooja_mt.o)
                                         0x98 (size before relaxing)
 .eh_frame      0x000000000002ada8       0x88 build/cooja/mtype810.a(cooja_mtarch.o)
                                         0xc8 (size before relaxing)
 .eh_frame      0x000000000002ae30       0xe4 build/cooja/mtype810.a(rtimer-arch.o)
                                        0x110 (size before relaxing)
 .eh_frame      0x000000000002af14      0x160 build/cooja/mtype810.a(beep.o)
                                        0x18c (size before relaxing)
 .eh_frame      0x000000000002b074       0x88 build/cooja/mtype810.a(leds-arch.o)
                                         0xc8 (size before relaxing)
 .eh_frame      0x000000000002b0fc       0x44 build/cooja/mtype810.a(moteid.o)
                                         0x70 (size before relaxing)
 .eh_frame      0x000000000002b140       0xa4 build/cooja/mtype810.a(pir-sensor.o)
                                         0xe4 (size before relaxing)
 .eh_frame      0x000000000002b1e4      0x110 build/cooja/mtype810.a(rs232.o)
                                        0x150 (size before relaxing)
 .eh_frame      0x000000000002b2f4       0xa4 build/cooja/mtype810.a(vib-sensor.o)
                                         0xe4 (size before relaxing)
 .eh_frame      0x000000000002b398       0xc0 build/cooja/mtype810.a(clock.o)
                                         0xec (size before relaxing)
 .eh_frame      0x000000000002b458      0x130 build/cooja/mtype810.a(cooja-log.o)
                                        0x170 (size before relaxing)
 .eh_frame      0x000000000002b588      0x16c build/cooja/mtype810.a(cfs-cooja.o)
                                        0x1ac (size before relaxing)
 .eh_frame      0x000000000002b6f4      0x374 build/cooja/mtype810.a(cooja-radio.o)
                                        0x3b4 (size before relaxing)
 .eh_frame      0x000000000002ba68       0xa8 build/cooja/mtype810.a(eeprom.o)
                                         0xe8 (size before relaxing)
 .eh_frame      0x000000000002bb10       0x48 build/cooja/mtype810.a(random.o)
                                         0x74 (size before relaxing)
 .eh_frame      0x000000000002bb58       0xd0 build/cooja/mtype810.a(sensors.o)
                                        0x110 (size before relaxing)
 .eh_frame      0x000000000002bc28      0x140 build/cooja/mtype810.a(leds.o)
                                        0x180 (size before relaxing)
 .eh_frame      0x000000000002bd68      0x228 build/cooja/mtype810.a(gpio-hal-arch.o)
                                        0x27c (size before relaxing)
 .eh_frame      0x000000000002bf90       0xa4 build/cooja/mtype810.a(buttons.o)
                                         0xe4 (size before relaxing)
 .eh_frame      0x000000000002c034       0x24 build/cooja/mtype810.a(res-alarm.o)
                                         0x50 (size before relaxing)
 .eh_frame      0x000000000002c058       0x6c build/cooja/mtype810.a(res-glucose.o)
                                         0x98 (size before relaxing)
 .eh_frame      0x000000000002c0c4       0x48 build/cooja/mtype810.a(coap-blocking-a)
                                         0x88 (size before relaxing)
 .eh_frame      0x000000000002c10c      0x24c build/cooja/mtype810.a(coap-engine.o)
                                        0x28c (size before relaxing)
 .eh_frame      0x000000000002c358       0x2c build/cooja/mtype810.a(coap-res-well-k)
                                         0x58 (size before relaxing)
 .eh_frame      0x000000000002c384      0x1b4 build/cooja/mtype810.a(coap-observe.o)
                                        0x1f4 (size before relaxing)
 .eh_frame      0x000000000002c538      0x278 build/cooja/mtype810.a(coap-uip.o)
                                        0x2b8 (size before relaxing)
 .eh_frame      0x000000000002c7b0      0x128 build/cooja/mtype810.a(coap-timer.o)
                                        0x168 (size before relaxing)
 .eh_frame      0x000000000002c8d8      0x110 build/cooja/mtype810.a(coap-transactio)
                                        0x150 (size before relaxing)
 .eh_frame      0x000000000002c9e8      0x72c build/cooja/mtype810.a(coap.o)
                                        0x76c (size before relaxing)
 .eh_frame      0x000000000002d114       0x38 build/cooja/mtype810.a(contiki-main.o)
                                         0x64 (size before relaxing)
 .eh_frame      0x000000000002d14c       0x48 build/cooja/mtype810.a(autostart.o)
                                         0x74 (size before relaxing)
 .eh_frame      0x000000000002d194      0x11c build/cooja/mtype810.a(ctimer.o)
                                        0x15c (size before relaxing)
 .eh_frame      0x000000000002d2b0      0x144 build/cooja/mtype810.a(log.o)
                                        0x184 (size before relaxing)
 .eh_frame      0x000000000002d3f4       0x60 build/cooja/mtype810.a(energest.o)
                                         0x8c (size before relaxing)
 .eh_frame      0x000000000002d454      0x204 build/cooja/mtype810.a(etimer.o)
                                        0x244 (size before relaxing)
 .eh_frame      0x000000000002d658       0x20 build/cooja/mtype810.a(node-id.o)
                                         0x4c (size before relaxing)
 .eh_frame      0x000000000002d678       0x6c build/cooja/mtype810.a(rtimer.o)
                                         0xc0 (size before relaxing)
 .eh_frame      0x000000000002d6e4      0x1ec build/cooja/mtype810.a(process.o)
                                        0x22c (size before relaxing)
 .eh_frame      0x000000000002d8d0       0xb4 build/cooja/mtype810.a(timer.o)
                                         0xe0 (size before relaxing)
 .eh_frame      0x000000000002d984      0x1a0 build/cooja/mtype810.a(list.o)
                                        0x1cc (size before relaxing)
 .eh_frame      0x000000000002db24       0xa4 build/cooja/mtype810.a(memb.o)
                                         0xe4 (size before relaxing)
 .eh_frame      0x000000000002dbc8      0x188 build/cooja/mtype810.a(button-hal.o)
                                        0x1c8 (size before relaxing)
 .eh_frame      0x000000000002dd50       0x6c build/cooja/mtype810.a(serial-line.o)
                                         0x98 (size before relaxing)
 .eh_frame      0x000000000002ddbc       0xfc build/cooja/mtype810.a(gpio-hal.o)
                                        0x13c (size before relaxing)
 .eh_frame      0x000000000002deb8      0x1c0 build/cooja/mtype810.a(queuebuf.o)
                                        0x200 (size before relaxing)
 .eh_frame      0x000000000002e078      0x2b0 build/cooja/mtype810.a(packetbuf.o)
                                        0x2f0 (size before relaxing)
 .eh_frame      0x000000000002e328       0x90 build/cooja/mtype810.a(netstack.o)
                                         0xd0 (size before relaxing)
 .eh_frame      0x000000000002e3b8       0x64 build/cooja/mtype810.a(linkaddr.o)
                                         0x90 (size before relaxing)
 .eh_frame      0x000000000002e41c       0xf0 build/cooja/mtype810.a(csma.o)
                                        0x130 (size before relaxing)
 .eh_frame      0x000000000002e50c      0x1f8 build/cooja/mtype810.a(csma-output.o)
                                        0x238 (size before relaxing)
 .eh_frame      0x000000000002e704      0x364 build/cooja/mtype810.a(uip-ds6.o)
                                        0x3a4 (size before relaxing)
 .eh_frame      0x000000000002ea68       0x44 build/cooja/mtype810.a(uip-udp-packet.)
                                         0x84 (size before relaxing)
 .eh_frame      0x000000000002eaac      0x260 build/cooja/mtype810.a(uip-ds6-route.o)
                                        0x2a0 (size before relaxing)
 .eh_frame      0x000000000002ed0c      0x270 build/cooja/mtype810.a(tcpip.o)
                                        0x2b0 (size before relaxing)
 .eh_frame      0x000000000002ef7c      0x20c build/cooja/mtype810.a(uip6.o)
                                        0x24c (size before relaxing)
 .eh_frame      0x000000000002f188      0x1e8 build/cooja/mtype810.a(uip-ds6-nbr.o)
                                        0x228 (size before relaxing)
 .eh_frame      0x000000000002f370       0x8c build/cooja/mtype810.a(uip-nd6.o)
                                         0xe0 (size before relaxing)
 .eh_frame      0x000000000002f3fc      0x354 build/cooja/mtype810.a(sicslowpan.o)
                                        0x3a8 (size before relaxing)
 .eh_frame      0x000000000002f750       0x9c build/cooja/mtype810.a(uiplib.o)
                                         0xdc (size before relaxing)
 .eh_frame      0x000000000002f7ec      0x1fc build/cooja/mtype810.a(rpl.o)
                                        0x23c (size before relaxing)
 .eh_frame      0x000000000002f9e8      0x1f0 build/cooja/mtype810.a(rpl-icmp6.o)
                                        0x230 (size before relaxing)
 .eh_frame      0x000000000002fbd8       0xb0 build/cooja/mtype810.a(rpl-dag-root.o)
                                         0xf0 (size before relaxing)
 .eh_frame      0x000000000002fc88       0xa4 build/cooja/mtype810.a(watchdog.o)
                                         0xd0 (size before relaxing)
 .eh_frame      0x000000000002fd2c       0x80 build/cooja/mtype810.a(int-master.o)
                                         0xac (size before relaxing)
 .eh_frame      0x000000000002fdac       0xc4 build/cooja/mtype810.a(coap-timer-defa)
                                        0x104 (size before relaxing)
 .eh_frame      0x000000000002fe70       0xd8 build/cooja/mtype810.a(stimer.o)
                                        0x104 (size before relaxing)
 .eh_frame      0x000000000002ff48       0xa0 build/cooja/mtype810.a(ringbuf.o)
                                         0xcc (size before relaxing)
 .eh_frame      0x000000000002ffe8       0x24 build/cooja/mtype810.a(assert.o)
                                         0x50 (size before relaxing)
 .eh_frame      0x000000000003000c      0x428 build/cooja/mtype810.a(nbr-table.o)
                                        0x468 (size before relaxing)
 .eh_frame      0x0000000000030434      0x140 build/cooja/mtype810.a(link-stats.o)
                                        0x180 (size before relaxing)
 .eh_frame      0x0000000000030574       0x50 build/cooja/mtype810.a(mac-sequence.o)
                                         0x7c (size before relaxing)
 .eh_frame      0x00000000000305c4       0x20 build/cooja/mtype810.a(mac.o)
                                         0x4c (size before relaxing)
 .eh_frame      0x00000000000305e4       0xb4 build/cooja/mtype810.a(framer-802154.o)
                                         0xf4 (size before relaxing)
 .eh_frame      0x0000000000030698      0x1b0 build/cooja/mtype810.a(frame802154.o)
                                        0x1f0 (size before relaxing)
 .eh_frame      0x0000000000030848       0x44 build/cooja/mtype810.a(csma-security.o)
                                         0x84 (size before relaxing)
 .eh_frame      0x000000000003088c      0x204 build/cooja/mtype810.a(uipbuf.o)
                                        0x230 (size before relaxing)
 .eh_frame      0x0000000000030a90      0x170 build/cooja/mtype810.a(uip-icmp6.o)
                                        0x1b0 (size before relaxing)
 .eh_frame      0x0000000000030c00      0x1ac build/cooja/mtype810.a(uip-sr.o)
                                        0x1ec (size before relaxing)
 .eh_frame      0x0000000000030dac       0xec build/cooja/mtype810.a(uip-packetqueue)
                                        0x12c (size before relaxing)
 .eh_frame      0x0000000000030e98       0x48 build/cooja/mtype810.a(rpl-nbr-policy.)
                                         0x88 (size before relaxing)
 .eh_frame      0x0000000000030ee0      0x2ec build/cooja/mtype810.a(rpl-neighbor.o)
                                        0x340 (size before relaxing)
 .eh_frame      0x00000000000311cc      0x3c0 build/cooja/mtype810.a(rpl-dag.o)
                                        0x414 (size before relaxing)
 .eh_frame      0x000000000003158c      0x418 build/cooja/mtype810.a(rpl-timers.o)
                                        0x458 (size before relaxing)
 .eh_frame      0x00000000000319a4      0x144 build/cooja/mtype810.a(rpl-ext-header.)
                                        0x184 (size before relaxing)
 .eh_frame      0x0000000000031ae8      0x150 build/cooja/mtype810.a(rpl-mrhof.o)
                                        0x190 (size before relaxing)
 .eh_frame      0x0000000000031c38       0x84 /usr/lib/gcc/i686-linux-gnu/7/libgcc.a(_udivdi3.o)
                                         0x9c (size before relaxing)
 .eh_frame      0x0000000000031cbc       0x1c /usr/lib/i386-linux-gnu/libc_nonshared.a(stack_chk_fail_local.oS)
                                         0x48 (size before relaxing)
 .eh_frame      0x0000000000031cd8        0x4 /usr/lib/gcc/i686-linux-gnu/7/crtendS.o
 *(.eh_frame.*)

.gcc_except_table
 *(.gcc_except_table .gcc_except_table.*)

.gnu_extab
 *(.gnu_extab*)

.exception_ranges
 *(.exception_ranges .exception_ranges*)
                0x0000000000033bf8                . = DATA_SEGMENT_ALIGN (CONSTANT (MAXPAGESIZE), CONSTANT (COMMONPAGESIZE))

.eh_frame
 *(.eh_frame)
 *(.eh_frame.*)

.gnu_extab
 *(.gnu_extab)

.gcc_except_table
 *(.gcc_except_table .gcc_except_table.*)

.exception_ranges
 *(.exception_ranges .exception_ranges*)

.tdata
 *(.tdata .tdata.* .gnu.linkonce.td.*)

.tbss
 *(.tbss .tbss.* .gnu.linkonce.tb.*)
 *(.tcommon)

.preinit_array
 *(.preinit_array)

.init_array     0x0000000000033bf8        0x4
 *(SORT_BY_INIT_PRIORITY(.init_array.*) SORT_BY_INIT_PRIORITY(.ctors.*))
 *(.init_array EXCLUDE_FILE(*crtend?.o *crtend.o *crtbegin?.o *crtbegin.o) .ctors)
 .init_array    0x0000000000033bf8        0x4 /usr/lib/gcc/i686-linux-gnu/7/crtbeginS.o

.fini_array     0x0000000000033bfc        0x4
 *(SORT_BY_INIT_PRIORITY(.fini_array.*) SORT_BY_INIT_PRIORITY(.dtors.*))
 *(.fini_array EXCLUDE_FILE(*crtend?.o *crtend.o *crtbegin?.o *crtbegin.o) .dtors)
 .fini_array    0x0000000000033bfc        0x4 /usr/lib/gcc/i686-linux-gnu/7/crtbeginS.o

.ctors
 *crtbegin.o(.ctors)
 *crtbegin?.o(.ctors)
 *(EXCLUDE_FILE(*crtend?.o *crtend.o) .ctors)
 *(SORT_BY_NAME(.ctors.*))
 *(.ctors)

.dtors
 *crtbegin.o(.dtors)
 *crtbegin?.o(.dtors)
 *(EXCLUDE_FILE(*crtend?.o *crtend.o) .dtors)
 *(SORT_BY_NAME(.dtors.*))
 *(.dtors)

.jcr
 *(.jcr)

.data.rel.ro    0x0000000000033c00      0x198
 *(.data.rel.ro.local* .gnu.linkonce.d.rel.ro.local.*)
 .data.rel.ro.local
                0x0000000000033c00        0x8 glucose-server.o
                0x0000000000033c00                autostart_processes
 .data.rel.ro.local
                0x0000000000033c08        0x8 build/cooja/mtype810.a(beep.o)
                0x0000000000033c08                beep_interface
 .data.rel.ro.local
                0x0000000000033c10        0x8 build/cooja/mtype810.a(leds-arch.o)
                0x0000000000033c10                leds_interface
 .data.rel.ro.local
                0x0000000000033c18        0x8 build/cooja/mtype810.a(moteid.o)
                0x0000000000033c18                moteid_interface
 .data.rel.ro.local
                0x0000000000033c20       0x18 build/cooja/mtype810.a(pir-sensor.o)
                0x0000000000033c20                pir_interface
                0x0000000000033c28                pir_sensor
 .data.rel.ro.local
                0x0000000000033c38        0x8 build/cooja/mtype810.a(rs232.o)
                0x0000000000033c38                rs232_interface
 .data.rel.ro.local
                0x0000000000033c40       0x18 build/cooja/mtype810.a(vib-sensor.o)
                0x0000000000033c40                vib_interface
                0x0000000000033c48                vib_sensor
 .data.rel.ro.local
                0x0000000000033c58        0x8 build/cooja/mtype810.a(clock.o)
                0x0000000000033c58                clock_interface
 .data.rel.ro.local
                0x0000000000033c60        0x8 build/cooja/mtype810.a(cooja-log.o)
                0x0000000000033c60                simlog_interface
 .data.rel.ro.local
                0x0000000000033c68        0x8 build/cooja/mtype810.a(cfs-cooja.o)
                0x0000000000033c68                cfs_interface
 *fill*         0x0000000000033c70       0x10 
 .data.rel.ro.local
                0x0000000000033c80       0x58 build/cooja/mtype810.a(cooja-radio.o)
                0x0000000000033c80                radio_interface
                0x0000000000033ca0                cooja_radio_driver
 .data.rel.ro.local
                0x0000000000033cd8        0x8 build/cooja/mtype810.a(eeprom.o)
                0x0000000000033cd8                eeprom_interface
 .data.rel.ro.local
                0x0000000000033ce0       0x18 build/cooja/mtype810.a(buttons.o)
                0x0000000000033ce0                button_interface
                0x0000000000033ce8                button_sensor
 .data.rel.ro.local
                0x0000000000033cf8       0x1c build/cooja/mtype810.a(csma.o)
                0x0000000000033cf8                csma_driver
 .data.rel.ro.local
                0x0000000000033d14       0x10 build/cooja/mtype810.a(sicslowpan.o)
                0x0000000000033d14                sicslowpan_driver
 .data.rel.ro.local
                0x0000000000033d24        0xc build/cooja/mtype810.a(coap-timer-defa)
                0x0000000000033d24                coap_timer_default_driver
 .data.rel.ro.local
                0x0000000000033d30        0xc build/cooja/mtype810.a(framer-802154.o)
                0x0000000000033d30                framer_802154
 *(.data.rel.ro .data.rel.ro.* .gnu.linkonce.d.rel.ro.*)
 .data.rel.ro   0x0000000000033d3c        0x0 /usr/lib/gcc/i686-linux-gnu/7/../../../i386-linux-gnu/crti.o
 *fill*         0x0000000000033d3c        0x4 
 .data.rel.ro   0x0000000000033d40       0x54 build/cooja/mtype810.a(rpl.o)
                0x0000000000033d40                rpl_lite_driver
 .data.rel.ro   0x0000000000033d94        0x4 build/cooja/mtype810.a(rpl-dag.o)

.dynamic        0x0000000000033d98       0xf0
 *(.dynamic)
 .dynamic       0x0000000000033d98       0xf0 /usr/lib/gcc/i686-linux-gnu/7/../../../i386-linux-gnu/crti.o
                0x0000000000033d98                _DYNAMIC

.got            0x0000000000033e88      0x160
 *(.got)
 .got           0x0000000000033e88      0x160 /usr/lib/gcc/i686-linux-gnu/7/../../../i386-linux-gnu/crti.o
 *(.igot)
                0x0000000000033ff4                . = DATA_SEGMENT_RELRO_END (., (SIZEOF (.got.plt) >= 0xc)?0xc:0x0)

.got.plt        0x0000000000034000      0x58c
 *(.got.plt)
 .got.plt       0x0000000000034000      0x58c /usr/lib/gcc/i686-linux-gnu/7/../../../i386-linux-gnu/crti.o
                0x0000000000034000                _GLOBAL_OFFSET_TABLE_
 *(.igot.plt)

.data           0x00000000000345a0      0x464
 *(.data .data.* .gnu.linkonce.d.*)
 .data          0x00000000000345a0        0x0 /usr/lib/gcc/i686-linux-gnu/7/../../../i386-linux-gnu/crti.o
 .data          0x00000000000345a0        0x0 /usr/lib/gcc/i686-linux-gnu/7/crtbeginS.o
 .data.rel.local
                0x00000000000345a0        0x4 /usr/lib/gcc/i686-linux-gnu/7/crtbeginS.o
                0x00000000000345a0                __dso_handle
 .data          0x00000000000345a4        0x0 glucose-server.o
 .data.rel.local
                0x00000000000345a4       0x14 glucose-server.o
                0x00000000000345a4                glucose_server
                0x00000000000345b4                service_url
 .data          0x00000000000345b8        0x0 build/cooja/mtype810.o
 *fill*         0x00000000000345b8        0x8 
 .data.rel      0x00000000000345c0       0x44 build/cooja/mtype810.o
                0x00000000000345c0                simInterfaces
                0x00000000000345f4                sensors
 .data          0x0000000000034604        0x0 build/cooja/mtype810.a(simEnvChange.o)
 .data          0x0000000000034604        0x0 build/cooja/mtype810.a(cooja_mt.o)
 .data          0x0000000000034604        0x0 build/cooja/mtype810.a(cooja_mtarch.o)
 .data          0x0000000000034604        0x0 build/cooja/mtype810.a(rtimer-arch.o)
 .data          0x0000000000034604        0x0 build/cooja/mtype810.a(beep.o)
 .data          0x0000000000034604        0x0 build/cooja/mtype810.a(leds-arch.o)
 .data          0x0000000000034604        0x0 build/cooja/mtype810.a(moteid.o)
 .data          0x0000000000034604        0x0 build/cooja/mtype810.a(pir-sensor.o)
 .data          0x0000000000034604        0x0 build/cooja/mtype810.a(rs232.o)
 .data          0x0000000000034604        0x0 build/cooja/mtype810.a(vib-sensor.o)
 .data          0x0000000000034604        0x0 build/cooja/mtype810.a(clock.o)
 .data          0x0000000000034604        0x0 build/cooja/mtype810.a(cooja-log.o)
 .data          0x0000000000034604        0x0 build/cooja/mtype810.a(cfs-cooja.o)
 .data          0x0000000000034604       0x20 build/cooja/mtype810.a(cooja-radio.o)
                0x0000000000034604                simRadioHWOn
                0x0000000000034608                simSignalStrength
                0x000000000003460c                simLastSignalStrength
                0x0000000000034610                simPower
                0x0000000000034614                simRadioChannel
                0x0000000000034618                simLQI
                0x000000000003461c                simLastLQI
 .data.rel.local
                0x0000000000034624       0x10 build/cooja/mtype810.a(cooja-radio.o)
                0x0000000000034624                cooja_radio_process
 .data          0x0000000000034634        0x0 build/cooja/mtype810.a(eeprom.o)
 .data          0x0000000000034634        0x0 build/cooja/mtype810.a(random.o)
 .data          0x0000000000034634        0x0 build/cooja/mtype810.a(sensors.o)
 .data.rel.local
                0x0000000000034634       0x10 build/cooja/mtype810.a(sensors.o)
                0x0000000000034634                sensors_process
 .data          0x0000000000034644        0x0 build/cooja/mtype810.a(leds.o)
 .data          0x0000000000034644        0x0 build/cooja/mtype810.a(gpio-hal-arch.o)
 .data          0x0000000000034644        0x1 build/cooja/mtype810.a(buttons.o)
                0x0000000000034644                simButtonIsActive
 *fill*         0x0000000000034645       0x1b 
 .data.rel.local
                0x0000000000034660       0x58 build/cooja/mtype810.a(buttons.o)
                0x00000000000346b0                button_hal_buttons
 .data          0x00000000000346b8        0x0 build/cooja/mtype810.a(res-alarm.o)
 *fill*         0x00000000000346b8        0x8 
 .data.rel.local
                0x00000000000346c0       0x24 build/cooja/mtype810.a(res-alarm.o)
                0x00000000000346c0                res_alarm
 .data          0x00000000000346e4        0xc build/cooja/mtype810.a(res-glucose.o)
                0x00000000000346e8                LOWER_BOUND_GLU
                0x00000000000346ec                UPPER_BOUND_GLU
 *fill*         0x00000000000346f0       0x10 
 .data.rel.local
                0x0000000000034700       0x24 build/cooja/mtype810.a(res-glucose.o)
                0x0000000000034700                res_glucose
 .data          0x0000000000034724        0x0 build/cooja/mtype810.a(coap-blocking-a)
 .data          0x0000000000034724        0x0 build/cooja/mtype810.a(coap-engine.o)
 .data.rel.local
                0x0000000000034724        0x8 build/cooja/mtype810.a(coap-engine.o)
 .data          0x000000000003472c        0x0 build/cooja/mtype810.a(coap-res-well-k)
 *fill*         0x000000000003472c       0x14 
 .data.rel.local
                0x0000000000034740       0x24 build/cooja/mtype810.a(coap-res-well-k)
                0x0000000000034740                res_well_known_core
 .data          0x0000000000034764        0x0 build/cooja/mtype810.a(coap-observe.o)
 .data.rel.local
                0x0000000000034764       0x10 build/cooja/mtype810.a(coap-observe.o)
 .data          0x0000000000034774        0x0 build/cooja/mtype810.a(coap-uip.o)
 .data.rel.local
                0x0000000000034774       0x10 build/cooja/mtype810.a(coap-uip.o)
                0x0000000000034774                coap_engine
 .data          0x0000000000034784        0x0 build/cooja/mtype810.a(coap-timer.o)
 .data.rel.local
                0x0000000000034784        0x4 build/cooja/mtype810.a(coap-timer.o)
 .data          0x0000000000034788        0x0 build/cooja/mtype810.a(coap-transactio)
 .data.rel.local
                0x0000000000034788       0x10 build/cooja/mtype810.a(coap-transactio)
 .data          0x0000000000034798        0x0 build/cooja/mtype810.a(coap.o)
 .data.rel.local
                0x0000000000034798        0x4 build/cooja/mtype810.a(coap.o)
                0x0000000000034798                coap_error_message
 .data          0x000000000003479c        0x0 build/cooja/mtype810.a(contiki-main.o)
 .data          0x000000000003479c        0x0 build/cooja/mtype810.a(autostart.o)
 .data          0x000000000003479c        0x0 build/cooja/mtype810.a(ctimer.o)
 .data.rel.local
                0x000000000003479c       0x14 build/cooja/mtype810.a(ctimer.o)
                0x00000000000347a0                ctimer_process
 .data          0x00000000000347b0        0x4 build/cooja/mtype810.a(log.o)
                0x00000000000347b0                curr_log_level_main
 *fill*         0x00000000000347b4        0xc 
 .data.rel.local
                0x00000000000347c0       0x9c build/cooja/mtype810.a(log.o)
                0x00000000000347c0                all_modules
 .data          0x000000000003485c        0x0 build/cooja/mtype810.a(energest.o)
 .data          0x000000000003485c        0x0 build/cooja/mtype810.a(etimer.o)
 .data.rel.local
                0x000000000003485c       0x10 build/cooja/mtype810.a(etimer.o)
                0x000000000003485c                etimer_process
 .data          0x000000000003486c        0x0 build/cooja/mtype810.a(node-id.o)
 .data          0x000000000003486c        0x0 build/cooja/mtype810.a(rtimer.o)
 .data          0x000000000003486c        0x0 build/cooja/mtype810.a(process.o)
 .data          0x000000000003486c        0x0 build/cooja/mtype810.a(timer.o)
 .data          0x000000000003486c        0x0 build/cooja/mtype810.a(list.o)
 .data          0x000000000003486c        0x0 build/cooja/mtype810.a(memb.o)
 .data          0x000000000003486c        0x0 build/cooja/mtype810.a(button-hal.o)
 .data.rel.local
                0x000000000003486c       0x10 build/cooja/mtype810.a(button-hal.o)
                0x000000000003486c                button_hal_process
 .data          0x000000000003487c        0x0 build/cooja/mtype810.a(serial-line.o)
 .data.rel.local
                0x000000000003487c       0x10 build/cooja/mtype810.a(serial-line.o)
                0x000000000003487c                serial_line_process
 .data          0x000000000003488c        0x0 build/cooja/mtype810.a(gpio-hal.o)
 .data.rel.local
                0x000000000003488c        0x4 build/cooja/mtype810.a(gpio-hal.o)
 .data          0x0000000000034890        0x0 build/cooja/mtype810.a(queuebuf.o)
 .data.rel.local
                0x0000000000034890       0x18 build/cooja/mtype810.a(queuebuf.o)
 .data          0x00000000000348a8        0x0 build/cooja/mtype810.a(packetbuf.o)
 .data.rel.local
                0x00000000000348a8        0x4 build/cooja/mtype810.a(packetbuf.o)
 .data          0x00000000000348ac        0x0 build/cooja/mtype810.a(netstack.o)
 .data.rel.local
                0x00000000000348ac        0x4 build/cooja/mtype810.a(netstack.o)
 .data          0x00000000000348b0        0x0 build/cooja/mtype810.a(linkaddr.o)
 .data          0x00000000000348b0        0x0 build/cooja/mtype810.a(csma.o)
 .data          0x00000000000348b0        0x0 build/cooja/mtype810.a(csma-output.o)
 .data.rel.local
                0x00000000000348b0       0x28 build/cooja/mtype810.a(csma-output.o)
 .data          0x00000000000348d8        0x0 build/cooja/mtype810.a(uip-ds6.o)
 .data          0x00000000000348d8        0x0 build/cooja/mtype810.a(uip-udp-packet.)
 .data          0x00000000000348d8        0x0 build/cooja/mtype810.a(uip-ds6-route.o)
 .data.rel.local
                0x00000000000348d8       0x10 build/cooja/mtype810.a(uip-ds6-route.o)
 .data          0x00000000000348e8        0x0 build/cooja/mtype810.a(tcpip.o)
 .data.rel.local
                0x00000000000348e8       0x10 build/cooja/mtype810.a(tcpip.o)
                0x00000000000348e8                tcpip_process
 .data          0x00000000000348f8        0x0 build/cooja/mtype810.a(uip6.o)
 .data          0x00000000000348f8        0x0 build/cooja/mtype810.a(uip-ds6-nbr.o)
 .data.rel.local
                0x00000000000348f8       0x14 build/cooja/mtype810.a(uip-ds6-nbr.o)
 .data          0x000000000003490c        0x0 build/cooja/mtype810.a(uip-nd6.o)
 .data.rel.local
                0x000000000003490c        0xc build/cooja/mtype810.a(uip-nd6.o)
 .data          0x0000000000034918        0x0 build/cooja/mtype810.a(sicslowpan.o)
 .data          0x0000000000034918        0x0 build/cooja/mtype810.a(uiplib.o)
 .data          0x0000000000034918        0x0 build/cooja/mtype810.a(rpl.o)
 .data          0x0000000000034918        0x0 build/cooja/mtype810.a(rpl-icmp6.o)
 .data.rel.local
                0x0000000000034918       0x30 build/cooja/mtype810.a(rpl-icmp6.o)
 .data          0x0000000000034948        0x0 build/cooja/mtype810.a(rpl-dag-root.o)
 .data          0x0000000000034948        0x0 build/cooja/mtype810.a(watchdog.o)
 .data          0x0000000000034948        0x0 build/cooja/mtype810.a(int-master.o)
 .data          0x0000000000034948        0x0 build/cooja/mtype810.a(coap-timer-defa)
 .data.rel.local
                0x0000000000034948       0x10 build/cooja/mtype810.a(coap-timer-defa)
                0x0000000000034948                coap_timer_process
 .data          0x0000000000034958        0x0 build/cooja/mtype810.a(stimer.o)
 .data          0x0000000000034958        0x0 build/cooja/mtype810.a(ringbuf.o)
 .data          0x0000000000034958        0x0 build/cooja/mtype810.a(assert.o)
 .data          0x0000000000034958        0x0 build/cooja/mtype810.a(nbr-table.o)
 .data.rel.local
                0x0000000000034958       0x10 build/cooja/mtype810.a(nbr-table.o)
 .data          0x0000000000034968        0x0 build/cooja/mtype810.a(link-stats.o)
 .data.rel.local
                0x0000000000034968       0x14 build/cooja/mtype810.a(link-stats.o)
 .data          0x000000000003497c        0x0 build/cooja/mtype810.a(mac-sequence.o)
 .data          0x000000000003497c        0x0 build/cooja/mtype810.a(mac.o)
 .data          0x000000000003497c        0x0 build/cooja/mtype810.a(framer-802154.o)
 .data          0x000000000003497c        0x2 build/cooja/mtype810.a(frame802154.o)
 .data          0x000000000003497e        0x0 build/cooja/mtype810.a(csma-security.o)
 .data          0x000000000003497e        0x0 build/cooja/mtype810.a(uipbuf.o)
 .data          0x000000000003497e        0x0 build/cooja/mtype810.a(uip-icmp6.o)
 *fill*         0x000000000003497e        0x2 
 .data.rel.local
                0x0000000000034980       0x20 build/cooja/mtype810.a(uip-icmp6.o)
 .data          0x00000000000349a0        0x0 build/cooja/mtype810.a(uip-sr.o)
 .data.rel.local
                0x00000000000349a0       0x10 build/cooja/mtype810.a(uip-sr.o)
 .data          0x00000000000349b0        0x0 build/cooja/mtype810.a(uip-packetqueue)
 .data.rel.local
                0x00000000000349b0        0xc build/cooja/mtype810.a(uip-packetqueue)
 .data          0x00000000000349bc        0x0 build/cooja/mtype810.a(rpl-nbr-policy.)
 .data          0x00000000000349bc        0x0 build/cooja/mtype810.a(rpl-neighbor.o)
 .data.rel.local
                0x00000000000349bc       0x14 build/cooja/mtype810.a(rpl-neighbor.o)
                0x00000000000349cc                rpl_neighbors
 .data          0x00000000000349d0        0x0 build/cooja/mtype810.a(rpl-dag.o)
 .data          0x00000000000349d0        0x0 build/cooja/mtype810.a(rpl-timers.o)
 .data          0x00000000000349d0        0x0 build/cooja/mtype810.a(rpl-ext-header.)
 .data          0x00000000000349d0        0x0 build/cooja/mtype810.a(rpl-mrhof.o)
 *fill*         0x00000000000349d0       0x10 
 .data.rel.local
                0x00000000000349e0       0x24 build/cooja/mtype810.a(rpl-mrhof.o)
                0x00000000000349e0                rpl_mrhof
 .data          0x0000000000034a04        0x0 /usr/lib/gcc/i686-linux-gnu/7/libgcc.a(_udivdi3.o)
 .data          0x0000000000034a04        0x0 /usr/lib/i386-linux-gnu/libc_nonshared.a(stack_chk_fail_local.oS)
 .data          0x0000000000034a04        0x0 /usr/lib/gcc/i686-linux-gnu/7/crtendS.o
 .data          0x0000000000034a04        0x0 /usr/lib/gcc/i686-linux-gnu/7/../../../i386-linux-gnu/crtn.o

.tm_clone_table
                0x0000000000034a04        0x0
 .tm_clone_table
                0x0000000000034a04        0x0 /usr/lib/gcc/i686-linux-gnu/7/crtbeginS.o
 .tm_clone_table
                0x0000000000034a04        0x0 /usr/lib/gcc/i686-linux-gnu/7/crtendS.o

.data1
 *(.data1)
                0x0000000000034a04                _edata = .
                [!provide]                        PROVIDE (edata = .)
                0x0000000000034a04                . = .
                0x0000000000034a04                __bss_start = .

.bss            0x0000000000034a20    0x13f24
 *(.dynbss)
 .dynbss        0x0000000000034a20        0x0 /usr/lib/gcc/i686-linux-gnu/7/../../../i386-linux-gnu/crti.o
 *(.bss .bss.* .gnu.linkonce.b.*)
 .bss           0x0000000000034a20        0x0 /usr/lib/gcc/i686-linux-gnu/7/../../../i386-linux-gnu/crti.o
 .bss           0x0000000000034a20        0x1 /usr/lib/gcc/i686-linux-gnu/7/crtbeginS.o
 *fill*         0x0000000000034a21       0x1f 
 .bss           0x0000000000034a40      0x14c glucose-server.o
 *fill*         0x0000000000034b8c       0x14 
 .bss           0x0000000000034ba0     0x2040 build/cooja/mtype810.o
 .bss           0x0000000000036be0        0x1 build/cooja/mtype810.a(simEnvChange.o)
                0x0000000000036be0                simDontFallAsleep
 *fill*         0x0000000000036be1        0x3 