Archive member included to satisfy reference by file (symbol)

build/cooja/mtype150.a(simEnvChange.o)
                              build/cooja/mtype150.o (simDontFallAsleep)
build/cooja/mtype150.a(cooja_mt.o)
                              build/cooja/mtype150.o (cooja_mt_start)
build/cooja/mtype150.a(cooja_mtarch.o)
                              build/cooja/mtype150.a(cooja_mt.o) (cooja_mtarch_start)
build/cooja/mtype150.a(rtimer-arch.o)
                              build/cooja/mtype150.o (rtimer_arch_check)
build/cooja/mtype150.a(beep.o)
                              build/cooja/mtype150.o (beep_interface)
build/cooja/mtype150.a(leds-arch.o)
                              build/cooja/mtype150.o (leds_interface)
build/cooja/mtype150.a(moteid.o)
                              build/cooja/mtype150.o (moteid_interface)
build/cooja/mtype150.a(pir-sensor.o)
                              build/cooja/mtype150.o (pir_interface)
build/cooja/mtype150.a(rs232.o)
                              build/cooja/mtype150.o (rs232_interface)
build/cooja/mtype150.a(vib-sensor.o)
                              build/cooja/mtype150.o (vib_interface)
build/cooja/mtype150.a(clock.o)
                              build/cooja/mtype150.o (clock_interface)
build/cooja/mtype150.a(cooja-log.o)
                              build/cooja/mtype150.o (simlog_interface)
build/cooja/mtype150.a(cfs-cooja.o)
                              build/cooja/mtype150.o (cfs_interface)
build/cooja/mtype150.a(cooja-radio.o)
                              build/cooja/mtype150.o (radio_interface)
build/cooja/mtype150.a(eeprom.o)
                              build/cooja/mtype150.o (eeprom_interface)
build/cooja/mtype150.a(random.o)
                              build/cooja/mtype150.a(moteid.o) (random_init)
build/cooja/mtype150.a(sensors.o)
                              build/cooja/mtype150.a(pir-sensor.o) (sensors_changed)
build/cooja/mtype150.a(leds.o)
                              glucose-server.o (leds_set)
build/cooja/mtype150.a(gpio-hal-arch.o)
                              build/cooja/mtype150.a(leds-arch.o) (gpio_hal_arch_register_pin_callback)
build/cooja/mtype150.a(buttons.o)
                              build/cooja/mtype150.o (button_interface)
build/cooja/mtype150.a(res-alarm.o)
                              glucose-server.o (res_alarm)
build/cooja/mtype150.a(res-glucose.o)
                              glucose-server.o (res_glucose)
build/cooja/mtype150.a(coap-blocking-a)
                              glucose-server.o (coap_blocking_request)
build/cooja/mtype150.a(coap-engine.o)
                              glucose-server.o (coap_activate_resource)
build/cooja/mtype150.a(coap-res-well-k)
                              build/cooja/mtype150.a(coap-engine.o) (res_well_known_core)
build/cooja/mtype150.a(coap-observe.o)
                              build/cooja/mtype150.a(coap-engine.o) (coap_remove_observer_by_mid)
build/cooja/mtype150.a(coap-uip.o)
                              build/cooja/mtype150.a(coap-observe.o) (coap_endpoint_copy)
build/cooja/mtype150.a(coap-timer.o)
                              build/cooja/mtype150.a(coap-engine.o) (coap_timer_set)
build/cooja/mtype150.a(coap-transactio)
                              build/cooja/mtype150.a(coap-blocking-a) (coap_send_transaction)
build/cooja/mtype150.a(coap.o)
                              build/cooja/mtype150.a(coap-engine.o) (coap_status_code)
build/cooja/mtype150.a(contiki-main.o)
                              build/cooja/mtype150.o (main)
build/cooja/mtype150.a(autostart.o)
                              build/cooja/mtype150.a(contiki-main.o) (autostart_start)
build/cooja/mtype150.a(ctimer.o)
                              build/cooja/mtype150.a(contiki-main.o) (ctimer_init)
build/cooja/mtype150.a(log.o)
                              build/cooja/mtype150.a(contiki-main.o) (curr_log_level_main)
build/cooja/mtype150.a(energest.o)
                              build/cooja/mtype150.a(contiki-main.o) (energest_init)
build/cooja/mtype150.a(etimer.o)
                              build/cooja/mtype150.a(contiki-main.o) (etimer_process)
build/cooja/mtype150.a(node-id.o)
                              build/cooja/mtype150.a(res-glucose.o) (node_id)
build/cooja/mtype150.a(rtimer.o)
                              build/cooja/mtype150.a(contiki-main.o) (rtimer_init)
build/cooja/mtype150.a(process.o)
                              build/cooja/mtype150.a(coap-blocking-a) (process_current)
build/cooja/mtype150.a(timer.o)
                              build/cooja/mtype150.a(etimer.o) (timer_set)
build/cooja/mtype150.a(list.o)
                              build/cooja/mtype150.a(coap-engine.o) (list_init)
build/cooja/mtype150.a(memb.o)
                              build/cooja/mtype150.a(coap-observe.o) (memb_alloc)
build/cooja/mtype150.a(button-hal.o)
                              build/cooja/mtype150.o (button_hal_init)
build/cooja/mtype150.a(serial-line.o)
[...]
Memory Configuration

Name             Origin             Length             Attributes
*default*        0x0000000000000000 0xffffffffffffffff

Linker script and memory map

LOAD /usr/lib/gcc/i686-linux-gnu/7/../../../i386-linux-gnu/crti.o
LOAD /usr/lib/gcc/i686-linux-gnu/7/crtbeginS.o
LOAD glucose-server.o
LOAD build/cooja/mtype150.o
LOAD build/cooja/mtype150.a
LOAD /usr/lib/gcc/i686-linux-gnu/7/libgcc.a
LOAD /usr/lib/gcc/i686-linux-gnu/7/libgcc_s.so
START GROUP
LOAD /usr/lib/gcc/i686-linux-gnu/7/libgcc_s.so.1
LOAD /usr/lib/gcc/i686-linux-gnu/7/libgcc.a
END GROUP
LOAD /usr/lib/gcc/i686-linux-gnu/7/../../../i386-linux-gnu/libc.so
START GROUP
LOAD /lib/i386-linux-gnu/libc.so.6
LOAD /usr/lib/i386-linux-gnu/libc_nonshared.a
LOAD /lib/i386-linux-gnu/ld-linux.so.2
END GROUP
LOAD /usr/lib/gcc/i686-linux-gnu/7/libgcc.a
LOAD /usr/lib/gcc/i686-linux-gnu/7/libgcc_s.so
START GROUP
LOAD /usr/lib/gcc/i686-linux-gnu/7/libgcc_s.so.1
LOAD /usr/lib/gcc/i686-linux-gnu/7/libgcc.a
END GROUP
LOAD /usr/lib/gcc/i686-linux-gnu/7/crtendS.o
LOAD /usr/lib/gcc/i686-linux-gnu/7/../../../i386-linux-gnu/crtn.o
                0x0000000000000114                . = (SEGMENT_START ("text-segment", 0x0) + SIZEOF_HEADERS)

.note.gnu.build-id
                0x0000000000000114       0x24
 *(.note.gnu.build-id)
 .note.gnu.build-id
                0x0000000000000114       0x24 /usr/lib/gcc/i686-linux-gnu/7/../../../i386-linux-gnu/crti.o

.hash
 *(.hash)

.gnu.hash       0x0000000000000138     0x15b4
 *(.gnu.hash)
 .gnu.hash      0x0000000000000138     0x15b4 /usr/lib/gcc/i686-linux-gnu/7/../../../i386-linux-gnu/crti.o

.dynsym         0x00000000000016ec     0x2f70
 *(.dynsym)
 .dynsym        0x00000000000016ec     0x2f70 /usr/lib/gcc/i686-linux-gnu/7/../../../i386-linux-gnu/crti.o

.dynstr         0x000000000000465c     0x3708
 *(.dynstr)
 .dynstr        0x000000000000465c     0x3708 /usr/lib/gcc/i686-linux-gnu/7/../../../i386-linux-gnu/crti.o

.gnu.version    0x0000000000007d64      0x5ee
 *(.gnu.version)
 .gnu.version   0x0000000000007d64      0x5ee /usr/lib/gcc/i686-linux-gnu/7/../../../i386-linux-gnu/crti.o

.gnu.version_d  0x0000000000008354        0x0
 *(.gnu.version_d)
 .gnu.version_d
                0x0000000000008354        0x0 /usr/lib/gcc/i686-linux-gnu/7/../../../i386-linux-gnu/crti.o

.gnu.version_r  0x0000000000008354       0x40
 *(.gnu.version_r)
 .gnu.version_r
                0x0000000000008354       0x40 /usr/lib/gcc/i686-linux-gnu/7/../../../i386-linux-gnu/crti.o

.rel.dyn        0x0000000000008394      0xf30
 *(.rel.init)
 .rel.init      0x0000000000008394        0x0 /usr/lib/gcc/i686-linux-gnu/7/../../../i386-linux-gnu/crti.o
 *(.rel.text .rel.text.* .rel.gnu.linkonce.t.*)
 .rel.text      0x0000000000008394      0x570 /usr/lib/gcc/i686-linux-gnu/7/../../../i386-linux-gnu/crti.o
 *(.rel.fini)
 .rel.fini      0x0000000000008904        0x0 /usr/lib/gcc/i686-linux-gnu/7/../../../i386-linux-gnu/crti.o
 *(.rel.rodata .rel.rodata.* .rel.gnu.linkonce.r.*)
 *(.rel.data.rel.ro .rel.data.rel.ro.* .rel.gnu.linkonce.d.rel.ro.*)
 .rel.data.rel.ro.local
                0x0000000000008904      0x220 /usr/lib/gcc/i686-linux-gnu/7/../../../i386-linux-gnu/crti.o
 .rel.data.rel.ro
                0x0000000000008b24       0xb0 /usr/lib/gcc/i686-linux-gnu/7/../../../i386-linux-gnu/crti.o
 *(.rel.data .rel.data.* .rel.gnu.linkonce.d.*)
 .rel.data.rel.local
                0x0000000000008bd4      0x3a8 /usr/lib/gcc/i686-linux-gnu/7/../../../i386-linux-gnu/crti.o
 .rel.data.rel  0x0000000000008f7c       0x78 /usr/lib/gcc/i686-linux-gnu/7/../../../i386-linux-gnu/crti.o
 *(.rel.tdata .rel.tdata.* .rel.gnu.linkonce.td.*)
 *(.rel.tbss .rel.tbss.* .rel.gnu.linkonce.tb.*)
 *(.rel.ctors)
 *(.rel.dtors)
 *(.rel.got)
 .rel.got       0x0000000000008ff4      0x2c0 /usr/lib/gcc/i686-linux-gnu/7/../../../i386-linux-gnu/crti.o
 *(.rel.bss .rel.bss.* .rel.gnu.linkonce.b.*)
 *(.rel.ifunc)
 .rel.ifunc     0x00000000000092b4        0x0 /usr/lib/gcc/i686-linux-gnu/7/../../../i386-linux-gnu/crti.o
 .rel.fini_array
                0x00000000000092b4        0x8 /usr/lib/gcc/i686-linux-gnu/7/../../../i386-linux-gnu/crti.o
 .rel.init_array
                0x00000000000092bc        0x8 /usr/lib/gcc/i686-linux-gnu/7/../../../i386-linux-gnu/crti.o

.rel.plt        0x00000000000092c4      0xae8
 *(.rel.plt)
 .rel.plt       0x00000000000092c4      0xae8 /usr/lib/gcc/i686-linux-gnu/7/../../../i386-linux-gnu/crti.o
 *(.rel.iplt)

.init           0x0000000000009dac       0x23
 *(SORT_NONE(.init))
 .init          0x0000000000009dac       0x1e /usr/lib/gcc/i686-linux-gnu/7/../../../i386-linux-gnu/crti.o
                0x0000000000009dac                _init
 .init          0x0000000000009dca        0x5 /usr/lib/gcc/i686-linux-gnu/7/../../../i386-linux-gnu/crtn.o

.plt            0x0000000000009dd0     0x15e0
 *(.plt)
 .plt           0x0000000000009dd0     0x15e0 /usr/lib/gcc/i686-linux-gnu/7/../../../i386-linux-gnu/crti.o
 *(.iplt)

.plt.got        0x000000000000b3b0       0x18
 *(.plt.got)
 .plt.got       0x000000000000b3b0       0x18 /usr/lib/gcc/i686-linux-gnu/7/../../../i386-linux-gnu/crti.o

.plt.sec
 *(.plt.sec)

.text           0x000000000000b3d0    0x1d1b4
 *(.text.unlikely .text.*_unlikely .text.unlikely.*)
 *(.text.exit .text.exit.*)
 *(.text.startup .text.startup.*)
 *(.text.hot .text.hot.*)
 *(.text .stub .text.* .gnu.linkonce.t.*)
 .text          0x000000000000b3d0        0x0 /usr/lib/gcc/i686-linux-gnu/7/../../../i386-linux-gnu/crti.o
 .gnu.linkonce.t.__x86.get_pc_thunk.bx
                0x000000000000b3d0        0x4 /usr/lib/gcc/i686-linux-gnu/7/../../../i386-linux-gnu/crti.o
                0x000000000000b3d0                __x86.get_pc_thunk.bx
 *fill*         0x000000000000b3d4        0xc 
 .text          0x000000000000b3e0       0xe9 /usr/lib/gcc/i686-linux-gnu/7/crtbeginS.o
 .text.__x86.get_pc_thunk.dx
                0x000000000000b4c9        0x4 /usr/lib/gcc/i686-linux-gnu/7/crtbeginS.o
                0x000000000000b4c9                __x86.get_pc_thunk.dx
 .text          0x000000000000b4cd      0x4b1 glucose-server.o
                0x000000000000b580                client_chunk_handler
 .text          0x000000000000b97e      0x36b build/cooja/mtype150.o
                0x000000000000ba30                platform_init_stage_one
                0x000000000000ba53                platform_init_stage_two
                0x000000000000ba76                platform_init_stage_three
                0x000000000000ba99                platform_main_loop
                0x000000000000bb3f                Java_org_contikios_cooja_corecomm_Lib9_init
                0x000000000000bb8d                Java_org_contikios_cooja_corecomm_Lib9_getMemory
                0x000000000000bbcd                Java_org_contikios_cooja_corecomm_Lib9_setMemory
                0x000000000000bc3e                Java_org_contikios_cooja_corecomm_Lib9_tick
                0x000000000000bcc8                Java_org_contikios_cooja_corecomm_Lib9_setReferenceAddress
 .text.__x86.get_pc_thunk.ax
                0x000000000000bce9        0x4 build/cooja/mtype150.o
                0x000000000000bce9                __x86.get_pc_thunk.ax
 .text          0x000000000000bced       0x8d build/cooja/mtype150.a(simEnvChange.o)
                0x000000000000bced                doActionsBeforeTick
                0x000000000000bd33                doActionsAfterTick
 .text          0x000000000000bd7a       0xb6 build/cooja/mtype150.a(cooja_mt.o)
                0x000000000000bd7a                cooja_mt_start
                0x000000000000bdb4                cooja_mt_exec
                0x000000000000bdfb                cooja_mt_yield
 .text          0x000000000000be30       0xf2 build/cooja/mtype150.a(cooja_mtarch.o)
                0x000000000000be30                cooja_mtarch_start
                0x000000000000beb4                cooja_sw
                0x000000000000bee2                cooja_mtarch_exec
                0x000000000000bf0d                cooja_mtarch_yield
 .text          0x000000000000bf22      0x127 build/cooja/mtype150.a(rtimer-arch.o)
                0x000000000000bf22                rtimer_arch_init
                0x000000000000bf51                rtimer_arch_schedule
                0x000000000000bf93                rtimer_arch_next
                0x000000000000bfad                rtimer_arch_pending
                0x000000000000bfc4                rtimer_arch_check
                0x000000000000c02f                rtimer_arch_now
 .text.__x86.get_pc_thunk.cx
                0x000000000000c049        0x4 build/cooja/mtype150.a(rtimer-arch.o)
                0x000000000000c049                __x86.get_pc_thunk.cx
 .text          0x000000000000c04d      0x101 build/cooja/mtype150.a(beep.o)
                0x000000000000c04d                beep_alarm
                0x000000000000c066                beep_beep
                0x000000000000c07f                beep
                0x000000000000c098                beep_down
                0x000000000000c0b1                beep_on
                0x000000000000c0ca                beep_off
                0x000000000000c0e3                beep_spinup
                0x000000000000c0fc                beep_quick
                0x000000000000c115                beep_long
 .text          0x000000000000c14e       0x9f build/cooja/mtype150.a(leds-arch.o)
                0x000000000000c172                leds_arch_init
 .text          0x000000000000c1ed       0x56 build/cooja/mtype150.a(moteid.o)
 .text          0x000000000000c243      0x101 build/cooja/mtype150.a(pir-sensor.o)
 .text          0x000000000000c344      0x1cc build/cooja/mtype150.a(rs232.o)
                0x000000000000c344                rs232_init
                0x000000000000c354                rs232_set_speed
                0x000000000000c36d                rs232_set_input
                0x000000000000c386                rs232_send
                0x000000000000c3bc                rs232_print
                0x000000000000c3ea                slip_arch_writeb
 .text          0x000000000000c510      0x101 build/cooja/mtype150.a(vib-sensor.o)
 .text          0x000000000000c611       0x7a build/cooja/mtype150.a(clock.o)
                0x000000000000c611                clock_init
                0x000000000000c621                clock_time
                0x000000000000c638                clock_seconds
                0x000000000000c65b                clock_delay
 .text          0x000000000000c68b      0x2b5 build/cooja/mtype150.a(cooja-log.o)
                0x000000000000c68b                simlog_char
                0x000000000000c6ef                simlog
                0x000000000000c789                log_message
                0x000000000000c7d8                log_set_putchar_with_slip
                0x000000000000c7f1                log_putchar
                0x000000000000c87c                log_puts
                0x000000000000c8ae                log_printf
 .text          0x000000000000c940      0x36c build/cooja/mtype150.a(cfs-cooja.o)
                0x000000000000c940                cfs_open
                0x000000000000c9b8                cfs_close
                0x000000000000c9cf                cfs_read
                0x000000000000ca83                cfs_write
                0x000000000000cb81                cfs_seek
                0x000000000000cc1e                cfs_remove
                0x000000000000cc54                cfs_opendir
                0x000000000000cc68                cfs_readdir
                0x000000000000cc7c                cfs_closedir
 .text          0x000000000000ccac      0x78b build/cooja/mtype150.a(cooja-radio.o)
                0x000000000000cd1a                radio_set_channel
                0x000000000000cd33                radio_set_txpower
                0x000000000000cd56                radio_signal_strength_last
                0x000000000000cd6b                radio_signal_strength_current
                0x000000000000cd80                radio_LQI
 .text          0x000000000000d437      0x130 build/cooja/mtype150.a(eeprom.o)
                0x000000000000d437                eeprom_init
                0x000000000000d447                eeprom_read
                0x000000000000d4c7                eeprom_write
 .text          0x000000000000d567       0x4e build/cooja/mtype150.a(random.o)
                0x000000000000d567                random_init
                0x000000000000d597                random_rand
 .text          0x000000000000d5b5      0x332 build/cooja/mtype150.a(sensors.o)
                0x000000000000d5fc                sensors_first
                0x000000000000d613                sensors_next
                0x000000000000d63e                sensors_changed
                0x000000000000d68b                sensors_find
 .text          0x000000000000d8e7      0x3fc build/cooja/mtype150.a(leds.o)
                0x000000000000d8e7                leds_init
                0x000000000000d93f                leds_single_on
                0x000000000000d9b7                leds_single_off
                0x000000000000da2f                leds_single_toggle
                0x000000000000da73                leds_on
                0x000000000000db0b                leds_off
                0x000000000000dba3                leds_toggle
                0x000000000000dc09                leds_set
                0x000000000000dc3f                leds_get
 .text          0x000000000000dce3      0x401 build/cooja/mtype150.a(gpio-hal-arch.o)
                0x000000000000dce3                gpio_hal_arch_register_pin_callback
                0x000000000000dd64                gpio_hal_arch_init
                0x000000000000ddbe                gpio_hal_arch_no_port_interrupt_enable
                0x000000000000ddf8                gpio_hal_arch_no_port_interrupt_disable
                0x000000000000de32                gpio_hal_arch_no_port_pin_cfg_set
                0x000000000000de61                gpio_hal_arch_no_port_pin_cfg_get
                0x000000000000de91                gpio_hal_arch_no_port_pin_set_input
                0x000000000000dead                gpio_hal_arch_no_port_pin_set_output
                0x000000000000dec9                gpio_hal_arch_no_port_set_pin
                0x000000000000def4                gpio_hal_arch_no_port_clear_pin
                0x000000000000df1f                gpio_hal_arch_no_port_read_pin
                0x000000000000df51                gpio_hal_arch_no_port_write_pin
                0x000000000000df85                gpio_hal_arch_no_port_set_pins
                0x000000000000dfd6                gpio_hal_arch_no_port_clear_pins
                0x000000000000e027                gpio_hal_arch_no_port_read_pins
                0x000000000000e07a                gpio_hal_arch_no_port_write_pins
 .text          0x000000000000e0e4       0xc6 build/cooja/mtype150.a(buttons.o)
 .text          0x000000000000e1aa      0x264 build/cooja/mtype150.a(res-alarm.o)
 .text          0x000000000000e40e      0x3f3 build/cooja/mtype150.a(res-glucose.o)
 .text          0x000000000000e801      0x29c build/cooja/mtype150.a(coap-blocking-a)
                0x000000000000e801                coap_blocking_request_callback
                0x000000000000e83b                coap_blocking_request
 .text          0x000000000000ea9d      0xd4f build/cooja/mtype150.a(coap-engine.o)
                0x000000000000eb6e                coap_add_handler
                0x000000000000eb9c                coap_remove_handler
                0x000000000000ebca                coap_call_handlers
                0x000000000000ecf1                coap_receive
                0x000000000000f36b                coap_engine_init
                0x000000000000f3de                coap_activate_resource
                0x000000000000f49b                coap_get_first_resource
                0x000000000000f4c5                coap_get_next_resource
 .text          0x000000000000f7ec      0x2ed build/cooja/mtype150.a(coap-res-well-k)
 .text          0x000000000000fad9      0xa13 build/cooja/mtype150.a(coap-observe.o)
                0x000000000000fc14                coap_remove_observer
                0x000000000000fc56                coap_remove_observer_by_client
                0x000000000000fcce                coap_remove_observer_by_token
                0x000000000000fd71                coap_remove_observer_by_uri
                0x000000000000fe28                coap_remove_observer_by_mid
                0x000000000000feb4                coap_notify_observers
                0x000000000000fed7                coap_notify_observers_sub
                0x0000000000010348                coap_observe_handler
                0x0000000000010473                coap_has_observers
 .text          0x00000000000104ec      0x84c build/cooja/mtype150.a(coap-uip.o)
                0x00000000000104ec                coap_endpoint_log
                0x0000000000010589                coap_endpoint_print
                0x0000000000010626                coap_endpoint_snprint
                0x000000000001076f                coap_endpoint_copy
                0x00000000000107b6                coap_endpoint_cmp
                0x00000000000108e7                coap_endpoint_parse
                0x0000000000010af8                coap_endpoint_is_secure
                0x0000000000010b11                coap_endpoint_is_connected
                0x0000000000010b55                coap_endpoint_connect
                0x0000000000010b7b                coap_endpoint_disconnect
                0x0000000000010b8b                coap_databuf
                0x0000000000010ba2                coap_transport_init
                0x0000000000010c18                coap_sendto
 .text          0x0000000000010d38      0x3ad build/cooja/mtype150.a(coap-timer.o)
                0x0000000000010e5d                coap_timer_stop
                0x0000000000010e98                coap_timer_set
                0x0000000000010ee5                coap_timer_reset
                0x0000000000010f32                coap_timer_time_to_next_expiration
                0x0000000000010faf                coap_timer_run
                0x0000000000011091                coap_timer_init
 .text          0x00000000000110e5      0x334 build/cooja/mtype150.a(coap-transactio)
                0x0000000000011173                coap_new_transaction
                0x00000000000111eb                coap_send_transaction
                0x000000000001135d                coap_clear_transaction
                0x00000000000113b7                coap_get_transaction_by_mid
 .text          0x0000000000011419     0x1f9f build/cooja/mtype150.a(coap.o)
                0x0000000000011a14                coap_init_connection
                0x0000000000011a39                coap_get_mid
                0x0000000000011a60                coap_init_message
                0x0000000000011ab9                coap_serialize_message
                0x0000000000012150                coap_parse_message
                0x000000000001286c                coap_get_query_variable
                0x00000000000128b8                coap_get_post_variable
                0x0000000000012906                coap_set_status_code
                0x0000000000012935                coap_set_token
                0x000000000001298c                coap_get_header_content_format
                0x00000000000129c7                coap_set_header_content_format
                0x00000000000129f4                coap_get_header_accept
                0x0000000000012a2f                coap_set_header_accept
                0x0000000000012a5c                coap_get_header_max_age
                0x0000000000012a97                coap_set_header_max_age
                0x0000000000012ac1                coap_get_header_etag
                0x0000000000012afd                coap_set_header_etag
                0x0000000000012b64                coap_get_header_if_match
                0x0000000000012ba0                coap_set_header_if_match
                0x0000000000012c07                coap_get_header_if_none_match
                0x0000000000012c2b                coap_set_header_if_none_match
                0x0000000000012c4c                coap_get_header_proxy_uri
                0x0000000000012c84                coap_set_header_proxy_uri
                0x0000000000012cd1                coap_get_header_uri_host
                0x0000000000012d09                coap_set_header_uri_host
                0x0000000000012d56                coap_get_header_uri_path
                0x0000000000012d8e                coap_set_header_uri_path
                0x0000000000012dec                coap_get_header_uri_query
                0x0000000000012e2a                coap_set_header_uri_query
                0x0000000000012e91                coap_get_header_location_path
                0x0000000000012ec9                coap_set_header_location_path
                0x0000000000012f71                coap_get_header_location_query
                0x0000000000012fa9                coap_set_header_location_query
                0x0000000000013007                coap_get_header_observe
                0x0000000000013040                coap_set_header_observe
                0x000000000001306a                coap_get_header_block2
                0x00000000000130e0                coap_set_header_block2
                0x0000000000013161                coap_get_header_block1
                0x00000000000131e0                coap_set_header_block1
                0x0000000000013265                coap_get_header_size2
                0x000000000001329f                coap_set_header_size2
                0x00000000000132cc                coap_get_header_size1
                0x0000000000013306                coap_set_header_size1
                0x0000000000013333                coap_get_payload
                0x0000000000013377                coap_set_payload
 .text          0x00000000000133b8      0x3c6 build/cooja/mtype150.a(contiki-main.o)
                0x00000000000133b8                main
 .text          0x000000000001377e       0xb0 build/cooja/mtype150.a(autostart.o)
                0x000000000001377e                autostart_start
                0x00000000000137d7                autostart_exit
 .text          0x000000000001382e      0x400 build/cooja/mtype150.a(ctimer.o)
                0x0000000000013971                ctimer_init
                0x00000000000139b6                ctimer_set
                0x00000000000139e9                ctimer_set_with_process
                0x0000000000013a80                ctimer_reset
                0x0000000000013aee                ctimer_restart
                0x0000000000013b5c                ctimer_stop
                0x0000000000013bbc                ctimer_expired
 .text          0x0000000000013c2e      0x4a3 build/cooja/mtype150.a(log.o)
                0x0000000000013c2e                log_6addr
                0x0000000000013c92                log_6addr_compact_snprint
                0x0000000000013d52                log_6addr_compact
                0x0000000000013db6                log_lladdr
                0x0000000000013e3d                log_lladdr_compact
                0x0000000000013eba                log_bytes
                0x0000000000013f0e                log_set_level
                0x0000000000013fec                log_get_level
                0x000000000001407d                log_level_to_str
 .text          0x00000000000140d1       0x39 build/cooja/mtype150.a(energest.o)
                0x00000000000140d1                energest_init
                0x00000000000140e1                energest_flush
                0x00000000000140f1                energest_get_total_time
 .text          0x000000000001410a      0x527 build/cooja/mtype150.a(etimer.o)
                0x000000000001435f                etimer_request_poll
                0x0000000000014410                etimer_set
                0x0000000000014449                etimer_reset_with_new_interval
                0x0000000000014488                etimer_reset
                0x00000000000144be                etimer_restart
                0x00000000000144f4                etimer_adjust
                0x000000000001451b                etimer_expired
                0x0000000000014538                etimer_expiration_time
                0x0000000000014554                etimer_start_time
                0x0000000000014568                etimer_pending
                0x0000000000014585                etimer_next_expiration_time
                0x00000000000145ad                etimer_stop
 .text          0x0000000000014631       0x36 build/cooja/mtype150.a(node-id.o)
                0x0000000000014631                node_id_init
 .text          0x0000000000014667      0x122 build/cooja/mtype150.a(rtimer.o)
                0x0000000000014667                rtimer_init
                0x0000000000014686                rtimer_set
                0x0000000000014714                rtimer_run_next
 .text          0x0000000000014789      0x5cb build/cooja/mtype150.a(process.o)
                0x0000000000014789                process_alloc_event
                0x00000000000147aa                process_start
                0x00000000000149af                process_exit
                0x00000000000149d7                process_init
                0x0000000000014b9f                process_run
                0x0000000000014be2                process_nevents
                0x0000000000014c07                process_post
                0x0000000000014cb4                process_post_synch
                0x0000000000014cfa                process_poll
                0x0000000000014d36                process_is_running
 .text.__x86.get_pc_thunk.si
                0x0000000000014d54        0x4 build/cooja/mtype150.a(process.o)
                0x0000000000014d54                __x86.get_pc_thunk.si
 .text          0x0000000000014d58       0xf6 build/cooja/mtype150.a(timer.o)
                0x0000000000014d58                timer_set
                0x0000000000014d87                timer_reset
                0x0000000000014dbe                timer_restart
                0x0000000000014de4                timer_expired
                0x0000000000014e22                timer_remaining
 .text          0x0000000000014e4e      0x311 build/cooja/mtype150.a(list.o)
                0x0000000000014e4e                list_init
                0x0000000000014e67                list_head
                0x0000000000014e7b                list_copy
                0x0000000000014e95                list_tail
                0x0000000000014ed5                list_add
                0x0000000000014f2b                list_push
                0x0000000000014f61                list_chop
                0x0000000000014fd5                list_pop
                0x0000000000015007                list_remove
                0x0000000000015079                list_length
                0x00000000000150b1                list_insert
                0x0000000000015100                list_item_next
                0x0000000000015121                list_contains
 .text          0x000000000001515f      0x1ec build/cooja/mtype150.a(memb.o)
                0x000000000001515f                memb_init
                0x00000000000151c3                memb_alloc
                0x0000000000015230                memb_free
                0x00000000000152b1                memb_inmemb
                0x00000000000152fa                memb_numfree
 .text          0x000000000001534b      0x566 build/cooja/mtype150.a(button-hal.o)
                0x000000000001553f                button_hal_get_by_id
                0x0000000000015589                button_hal_get_by_index
                0x00000000000155c3                button_hal_get_state
                0x0000000000015625                button_hal_init
 .text          0x00000000000158b1      0x242 build/cooja/mtype150.a(serial-line.o)
                0x00000000000158b1                serial_line_input_byte
                0x0000000000015aa9                serial_line_init
 .text          0x0000000000015af3      0x1d6 build/cooja/mtype150.a(gpio-hal.o)
                0x0000000000015af3                gpio_hal_register_handler
                0x0000000000015b21                gpio_hal_event_handler
                0x0000000000015b8e                gpio_hal_init
                0x0000000000015bbd                gpio_hal_arch_port_toggle_pin
                0x0000000000015c08                gpio_hal_arch_port_toggle_pins
                0x0000000000015c45                gpio_hal_arch_no_port_toggle_pin
                0x0000000000015c92                gpio_hal_arch_no_port_toggle_pins
 .text          0x0000000000015cc9      0x3a9 build/cooja/mtype150.a(queuebuf.o)
                0x0000000000015cdd                queuebuf_init
                0x0000000000015d19                queuebuf_numfree
                0x0000000000015d43                queuebuf_new_from_packetbuf
                0x0000000000015df7                queuebuf_update_attr_from_packetbuf
                0x0000000000015e3b                queuebuf_update_from_packetbuf
                0x0000000000015e9a                queuebuf_free
                0x0000000000015ef8                queuebuf_to_packetbuf
                0x0000000000015f75                queuebuf_dataptr
                0x0000000000015fc1                queuebuf_datalen
                0x0000000000015fee                queuebuf_addr
                0x000000000001602d                queuebuf_attr
                0x0000000000016062                queuebuf_debug_print
 .text          0x0000000000016072      0x4dd build/cooja/mtype150.a(packetbuf.o)
                0x0000000000016072                packetbuf_clear
                0x00000000000160a8                packetbuf_copyfrom
                0x0000000000016108                packetbuf_copyto
                0x00000000000161a6                packetbuf_hdralloc
                0x0000000000016236                packetbuf_hdrreduce
                0x0000000000016288                packetbuf_set_datalen
                0x00000000000162ad                packetbuf_dataptr
                0x00000000000162d4                packetbuf_hdrptr
                0x00000000000162e9                packetbuf_datalen
                0x00000000000162ff                packetbuf_hdrlen
                0x000000000001631e                packetbuf_totlen
                0x000000000001633e                packetbuf_remaininglen
                0x000000000001635b                packetbuf_attr_clear
                0x00000000000163c1                packetbuf_attr_copyto
                0x0000000000016407                packetbuf_attr_copyfrom
                0x000000000001644d                packetbuf_set_attr
                0x0000000000016483                packetbuf_attr
                0x00000000000164a9                packetbuf_set_addr
                0x00000000000164f1                packetbuf_addr
                0x000000000001651b                packetbuf_holds_broadcast
 .text          0x000000000001654f      0x13c build/cooja/mtype150.a(netstack.o)
                0x000000000001654f                netstack_process_ip_callback
                0x00000000000165f0                netstack_ip_packet_processor_add
                0x0000000000016624                uip_ds6_ip_packet_processor_rm
                0x0000000000016652                netstack_init
 .text          0x000000000001668b       0x75 build/cooja/mtype150.a(linkaddr.o)
                0x000000000001668b                linkaddr_copy
                0x00000000000166ab                linkaddr_cmp
                0x00000000000166de                linkaddr_set_node_addr
 .text          0x0000000000016700      0x2ae build/cooja/mtype150.a(csma.o)
 .text          0x00000000000169ae      0xa6f build/cooja/mtype150.a(csma-output.o)
                0x0000000000017120                csma_output_packet
                0x00000000000173cf                csma_output_init
 .text          0x000000000001741d      0xe47 build/cooja/mtype150.a(uip-ds6.o)
                0x000000000001741d                uip_ds6_default_prefix
                0x0000000000017432                uip_ds6_set_default_prefix
                0x0000000000017468                uip_ds6_init
                0x0000000000017703                uip_ds6_periodic
                0x00000000000177ab                uip_ds6_list_loop
                0x000000000001787a                uip_ds6_prefix_add
                0x0000000000017941                uip_ds6_prefix_rm
                0x000000000001795e                uip_ds6_prefix_lookup
                0x00000000000179b1                uip_ds6_is_addr_onlink
                0x0000000000017a3e                uip_ds6_addr_add
                0x0000000000017b80                uip_ds6_addr_rm
                0x0000000000017c3f                uip_ds6_addr_lookup
                0x0000000000017c8f                uip_ds6_get_link_local
                0x0000000000017d2d                uip_ds6_get_global
                0x0000000000017dcb                uip_ds6_maddr_add
                0x0000000000017e47                uip_ds6_maddr_rm
                0x0000000000017e64                uip_ds6_maddr_lookup
                0x0000000000017eb7                uip_ds6_aaddr_add
                0x0000000000017f30                uip_ds6_aaddr_rm
                0x0000000000017f4d                uip_ds6_aaddr_lookup
                0x0000000000017f9d                uip_ds6_select_src
                0x000000000001810b                uip_ds6_set_addr_iid
                0x0000000000018140                uip_ds6_set_lladdr_from_iid
                0x0000000000018173                get_match_length
                0x000000000001820e                uip_ds6_compute_reachable_time
 .text          0x0000000000018264      0x152 build/cooja/mtype150.a(uip-udp-packet.)
                0x0000000000018264                uip_udp_packet_send
                0x00000000000182dd                uip_udp_packet_sendto
 .text          0x00000000000183b6      0x453 build/cooja/mtype150.a(uip-ds6-route.o)
                0x0000000000018418                uip_ds6_route_init
                0x0000000000018454                uip_ds6_route_count_nexthop_neighbors
                0x0000000000018468                uip_ds6_route_nexthop
                0x000000000001847c                uip_ds6_route_head
                0x0000000000018490                uip_ds6_route_next
                0x00000000000184a4                uip_ds6_route_is_nexthop
                0x00000000000184b8                uip_ds6_route_num_routes
                0x00000000000184cc                uip_ds6_route_lookup
                0x00000000000184e0                uip_ds6_route_add
                0x00000000000184fd                uip_ds6_route_rm
                0x000000000001850d                uip_ds6_route_rm_by_nexthop
                0x000000000001851d                uip_ds6_defrt_head
                0x0000000000018547                uip_ds6_defrt_add
                0x0000000000018607                uip_ds6_defrt_rm
                0x0000000000018680                uip_ds6_defrt_lookup
                0x00000000000186f7                uip_ds6_defrt_choose
                0x000000000001877d                uip_ds6_defrt_periodic
 .text          0x0000000000018809      0x870 build/cooja/mtype150.a(tcpip.o)
                0x000000000001882f                tcpip_output
                0x00000000000188de                udp_attach
                0x0000000000018900                udp_new
                0x000000000001895a                udp_broadcast_new
                0x0000000000018afa                tcpip_input
                0x0000000000018cf0                tcpip_ipv6_output
                0x0000000000018f2c                tcpip_poll_udp
                0x0000000000018f5c                tcpip_uipcall
 .text          0x0000000000019079     0x1520 build/cooja/mtype150.a(uip6.o)
                0x0000000000019132                uip_chksum
                0x000000000001922a                uip_icmp6chksum
                0x0000000000019249                uip_udpchksum
                0x0000000000019268                uip_init
                0x00000000000192c7                uip_remove_ext_hdr
                0x00000000000193c2                uip_udp_new
                0x000000000001973b                uip_process
                0x000000000001a429                uip_htons
                0x000000000001a455                uip_htonl
                0x000000000001a49f                uip_send
 .text          0x000000000001a599      0x43e build/cooja/mtype150.a(uip-ds6-nbr.o)
                0x000000000001a599                uip_ds6_neighbors_init
                0x000000000001a5cf                uip_ds6_nbr_add
                0x000000000001a669                uip_ds6_nbr_rm
                0x000000000001a6c8                uip_ds6_nbr_update_ll
                0x000000000001a7c5                uip_ds6_nbr_get_ipaddr
                0x000000000001a7e4                uip_ds6_nbr_get_ll
                0x000000000001a811                uip_ds6_nbr_num
                0x000000000001a86b                uip_ds6_nbr_head
                0x000000000001a895                uip_ds6_nbr_next
                0x000000000001a8c2                uip_ds6_nbr_lookup
                0x000000000001a929                uip_ds6_nbr_ll_lookup
                0x000000000001a956                uip_ds6_nbr_ipaddr_from_lladdr
                0x000000000001a989                uip_ds6_nbr_lladdr_from_ipaddr
                0x000000000001a9c7                uip_ds6_link_callback
 .text          0x000000000001a9d7      0x810 build/cooja/mtype150.a(uip-nd6.o)
                0x000000000001b1bc                uip_nd6_init
 .text          0x000000000001b1e7     0x33b0 build/cooja/mtype150.a(sicslowpan.o)
                0x000000000001b8e5                netstack_sniffer_add
                0x000000000001b8fe                netstack_sniffer_remove
                0x000000000001e556                sicslowpan_init
                0x000000000001e582                sicslowpan_get_last_rssi
 .text          0x000000000001e597      0x51a build/cooja/mtype150.a(uiplib.o)
                0x000000000001e597                uiplib_ip6addrconv
                0x000000000001e75d                uiplib_ip4addrconv
                0x000000000001e82a                uiplib_ipaddr_print
                0x000000000001e88e                uiplib_ipaddr_snprint
 .text          0x000000000001eab1      0x610 build/cooja/mtype150.a(rpl.o)
                0x000000000001eab1                rpl_lollipop_greater_than
                0x000000000001eb14                rpl_get_global_address
                0x000000000001ec4a                rpl_link_callback
                0x000000000001ecad                rpl_has_joined
                0x000000000001ece3                rpl_is_reachable
                0x000000000001ed86                rpl_reset_prefix
                0x000000000001ee02                rpl_set_prefix_from_addr
                0x000000000001ef14                rpl_set_prefix
                0x000000000001f088                rpl_set_leaf_only
                0x000000000001f0ab                rpl_get_leaf_only
 .text          0x000000000001f0c1     0x1491 build/cooja/mtype150.a(rpl-icmp6.o)
                0x000000000001f21e                rpl_icmp6_update_nbr_table
                0x000000000001f2d0                rpl_icmp6_dis_output
                0x000000000001f8e5                rpl_icmp6_dio_output
                0x000000000002013e                rpl_icmp6_dao_output
                0x000000000002046b                rpl_icmp6_dao_ack_output
                0x00000000000204f2                rpl_icmp6_init
 .text          0x0000000000020552      0x2e4 build/cooja/mtype150.a(rpl-dag-root.o)
                0x0000000000020552                rpl_dag_root_print_links
                0x00000000000206ab                rpl_dag_root_set_prefix
                0x00000000000206e6                rpl_dag_root_start
                0x00000000000207f4                rpl_dag_root_is_root
 .text          0x0000000000020836       0x6b build/cooja/mtype150.a(watchdog.o)
                0x0000000000020836                watchdog_init
                0x0000000000020846                watchdog_start
                0x0000000000020856                watchdog_periodic
                0x0000000000020881                watchdog_stop
                0x0000000000020891                watchdog_reboot
 .text          0x00000000000208a1       0x75 build/cooja/mtype150.a(int-master.o)
                0x00000000000208a1                int_master_enable
                0x00000000000208bb                int_master_read_and_disable
                0x00000000000208e3                int_master_status_set
                0x00000000000208fc                int_master_is_enabled
 .text          0x0000000000020916      0x2bc build/cooja/mtype150.a(coap-timer-defa)
 .text          0x0000000000020bd2      0x11d build/cooja/mtype150.a(stimer.o)
                0x0000000000020bd2                stimer_set
                0x0000000000020c01                stimer_reset
                0x0000000000020c38                stimer_restart
                0x0000000000020c5e                stimer_expired
                0x0000000000020c9a                stimer_remaining
                0x0000000000020cc6                stimer_elapsed
 .text          0x0000000000020cef      0x188 build/cooja/mtype150.a(ringbuf.o)
                0x0000000000020cef                ringbuf_init
                0x0000000000020d2b                ringbuf_put
                0x0000000000020db3                ringbuf_get
                0x0000000000020e2a                ringbuf_size
                0x0000000000020e46                ringbuf_elements
 .text          0x0000000000020e77       0x31 build/cooja/mtype150.a(assert.o)
                0x0000000000020e77                _xassert
 .text          0x0000000000020ea8      0xb68 build/cooja/mtype150.a(nbr-table.o)
                0x000000000002124a                nbr_table_count_entries
                0x00000000000212f7                nbr_table_gc_get_worst
                0x0000000000021337                nbr_table_can_accept_new
                0x00000000000214c0                nbr_table_entry_is_allowed
                0x0000000000021560                nbr_table_register
                0x00000000000215de                nbr_table_is_registered
                0x0000000000021623                nbr_table_head
                0x0000000000021690                nbr_table_next
                0x0000000000021702                nbr_table_add_lladdr
                0x0000000000021851                nbr_table_get_from_lladdr
                0x00000000000218ae                nbr_table_remove
                0x00000000000218f9                nbr_table_lock
                0x000000000002191f                nbr_table_unlock
                0x0000000000021945                nbr_table_get_lladdr
                0x000000000002197b                nbr_table_clear
                0x00000000000219c0                nbr_table_key_head
                0x00000000000219ea                nbr_table_key_next
 .text          0x0000000000021a10      0x450 build/cooja/mtype150.a(link-stats.o)
                0x0000000000021a10                link_stats_from_lladdr
                0x0000000000021a3d                link_stats_get_lladdr
                0x0000000000021a6a                link_stats_is_fresh
                0x0000000000021ab7                guess_etx_from_rssi
                0x0000000000021b3d                link_stats_packet_sent
                0x0000000000021c81                link_stats_input_callback
                0x0000000000021db5                link_stats_reset
                0x0000000000021e17                link_stats_init
 .text          0x0000000000021e60      0x1a8 build/cooja/mtype150.a(mac-sequence.o)
                0x0000000000021e60                mac_sequence_is_duplicate
                0x0000000000021f20                mac_sequence_register_seqno
 .text          0x0000000000022008       0x2d build/cooja/mtype150.a(mac.o)
                0x0000000000022008                mac_call_sent_callback
 .text          0x0000000000022035      0x477 build/cooja/mtype150.a(framer-802154.o)
                0x00000000000221d8                framer_802154_setup_params
 .text          0x00000000000224ac      0xc1a build/cooja/mtype150.a(frame802154.o)
                0x00000000000224e7                frame802154_get_pan_id
                0x00000000000224fd                frame802154_set_pan_id
                0x0000000000022522                frame802154_has_panid
                0x00000000000226db                frame802154_check_dest_panid
                0x000000000002276d                frame802154_is_broadcast_addr
                0x00000000000227c4                frame802154_extract_linkaddr
                0x0000000000022a4d                frame802154_hdrlen
                0x0000000000022aca                frame802154_create_fcf
                0x0000000000022b8c                frame802154_create
                0x0000000000022d17                frame802154_parse_fcf
                0x0000000000022e03                frame802154_parse
 .text          0x00000000000230c6       0x4e build/cooja/mtype150.a(csma-security.o)
                0x00000000000230c6                csma_security_create_frame
                0x00000000000230f7                csma_security_parse_frame
 .text          0x0000000000023114      0x5d3 build/cooja/mtype150.a(uipbuf.o)
                0x0000000000023114                uipbuf_clear
                0x000000000002314b                uipbuf_add_ext_hdr
                0x00000000000231e6                uipbuf_set_len
                0x0000000000023220                uipbuf_set_len_field
                0x0000000000023256                uipbuf_get_len_field
                0x0000000000023280                uipbuf_get_next_header
                0x00000000000233d1                uipbuf_get_last_header
                0x0000000000023454                uipbuf_search_header
                0x0000000000023518                uipbuf_get_attr
                0x0000000000023549                uipbuf_set_attr
                0x000000000002358a                uipbuf_set_default_attr
                0x00000000000235cb                uipbuf_clear_attr
                0x000000000002360b                uipbuf_set_attr_flag
                0x0000000000023637                uipbuf_clr_attr_flag
                0x0000000000023669                uipbuf_is_attr_flag
                0x0000000000023697                uipbuf_init
 .text          0x00000000000236e7      0x8b7 build/cooja/mtype150.a(uip-icmp6.o)
                0x000000000002376c                uip_icmp6_input
                0x00000000000237cd                uip_icmp6_register_input_handler
                0x0000000000023981                uip_icmp6_error_output
                0x0000000000023cc3                uip_icmp6_send
                0x0000000000023ef1                uip_icmp6_echo_reply_callback_add
                0x0000000000023f34                uip_icmp6_echo_reply_callback_rm
                0x0000000000023f62                uip_icmp6_init
 .text          0x0000000000023f9e      0x772 build/cooja/mtype150.a(uip-sr.o)
                0x0000000000023f9e                uip_sr_num_nodes
                0x000000000002404a                uip_sr_get_node
                0x00000000000240b1                uip_sr_is_addr_reachable
                0x000000000002416e                uip_sr_expire_parent
                0x00000000000241c1                uip_sr_update_node
                0x0000000000024305                uip_sr_init
                0x000000000002434b                uip_sr_node_head
                0x0000000000024375                uip_sr_node_next
                0x000000000002439b                uip_sr_periodic
                0x00000000000244b7                uip_sr_free_all
                0x000000000002453c                uip_sr_link_snprint
 .text          0x0000000000024710      0x1a5 build/cooja/mtype150.a(uip-packetqueue)
                0x0000000000024750                uip_packetqueue_new
                0x0000000000024769                uip_packetqueue_alloc
                0x00000000000247d8                uip_packetqueue_free
                0x0000000000024830                uip_packetqueue_buf
                0x0000000000024857                uip_packetqueue_buflen
                0x0000000000024882                uip_packetqueue_set_buflen
 .text          0x00000000000248b5       0x8d build/cooja/mtype150.a(rpl-nbr-policy.)
                0x0000000000024901                rpl_nbr_gc_get_worst
 .text          0x0000000000024942      0xaad build/cooja/mtype150.a(rpl-neighbor.o)
                0x00000000000249de                rpl_neighbor_snprint
                0x0000000000024cc6                rpl_neighbor_print_list
                0x0000000000024d99                rpl_neighbor_count
                0x0000000000024e7c                rpl_neighbor_get_from_lladdr
                0x0000000000024ea9                rpl_neighbor_is_acceptable_parent
                0x0000000000024eef                rpl_neighbor_get_link_metric
                0x0000000000024f35                rpl_neighbor_rank_via_nbr
                0x0000000000024f7b                rpl_neighbor_get_lladdr
                0x0000000000024fa8                rpl_neighbor_get_ipaddr
                0x0000000000024fde                rpl_neighbor_get_link_stats
                0x0000000000025014                rpl_neighbor_is_fresh
                0x000000000002504a                rpl_neighbor_is_parent
                0x0000000000025081                rpl_neighbor_set_preferred_parent
                0x000000000002513b                rpl_neighbor_remove_all
                0x00000000000251a8                rpl_neighbor_get_from_ipaddr
                0x00000000000252e2                rpl_neighbor_select_best
                0x00000000000253bd                rpl_neighbor_init
 .text          0x00000000000253ef     0x11f4 build/cooja/mtype150.a(rpl-dag.o)
                0x00000000000253ef                rpl_dag_state_to_str
                0x000000000002543d                rpl_dag_get_root_ipaddr
                0x000000000002548d                rpl_dag_leave
                0x0000000000025543                rpl_dag_poison_and_leave
                0x000000000002556f                rpl_dag_periodic
                0x0000000000025634                rpl_is_addr_in_our_dag
                0x0000000000025693                rpl_get_default_instance
                0x00000000000256bd                rpl_get_any_dag
                0x0000000000025733                rpl_refresh_routes
                0x0000000000025796                rpl_global_repair
                0x0000000000025867                rpl_local_repair
                0x00000000000258cc                rpl_dag_ready_to_advertise
                0x0000000000025925                rpl_dag_update_state
                0x00000000000261a1                rpl_process_dio
                0x000000000002623c                rpl_process_dis
                0x0000000000026292                rpl_process_dao
                0x0000000000026333                rpl_process_dao_ack
                0x00000000000263ef                rpl_process_hbh
                0x000000000002644f                rpl_dag_init_root
                0x00000000000265b1                rpl_dag_init
 .text          0x00000000000265e3      0xd8d build/cooja/mtype150.a(rpl-timers.o)
                0x00000000000265e3                rpl_timers_schedule_periodic_dis
                0x000000000002678d                rpl_timers_dio_reset
                0x0000000000026905                rpl_timers_schedule_unicast_dio
                0x0000000000026ad8                rpl_timers_schedule_dao
                0x0000000000026bde                rpl_timers_schedule_dao_ack
                0x0000000000026cad                rpl_timers_notify_dao_ack
                0x0000000000026d33                get_probing_delay
                0x0000000000026d78                get_probing_target
                0x0000000000026fad                rpl_schedule_probing
                0x0000000000026ff9                rpl_schedule_probing_now
                0x0000000000027093                rpl_timers_unschedule_leaving
                0x00000000000270ed                rpl_timers_schedule_leaving
                0x0000000000027152                rpl_timers_init
                0x0000000000027214                rpl_timers_stop_dag_timers
                0x00000000000272d1                rpl_timers_unschedule_state_update
                0x000000000002730d                rpl_timers_schedule_state_update
 .text          0x0000000000027370      0xd42 build/cooja/mtype150.a(rpl-ext-header.)
                0x0000000000027370                rpl_ext_header_srh_get_next_hop
                0x000000000002747b                rpl_ext_header_srh_update
                0x0000000000027aad                rpl_ext_header_hbh_update
                0x0000000000027e2c                rpl_ext_header_update
                0x0000000000027edb                rpl_ext_header_remove
 .text          0x00000000000280b2      0x39b build/cooja/mtype150.a(rpl-mrhof.o)
 *fill*         0x000000000002844d        0x3 
 .text          0x0000000000028450      0x116 /usr/lib/gcc/i686-linux-gnu/7/libgcc.a(_udivdi3.o)
                0x0000000000028450                __udivdi3
 *fill*         0x0000000000028566        0xa 
 .text          0x0000000000028570       0x14 /usr/lib/i386-linux-gnu/libc_nonshared.a(stack_chk_fail_local.oS)
                0x0000000000028570                __stack_chk_fail_local
 .text          0x0000000000028584        0x0 /usr/lib/gcc/i686-linux-gnu/7/crtendS.o
 .text          0x0000000000028584        0x0 /usr/lib/gcc/i686-linux-gnu/7/../../../i386-linux-gnu/crtn.o
 *(.gnu.warning)

.fini           0x0000000000028584       0x14
 *(SORT_NONE(.fini))
 .fini          0x0000000000028584        0xf /usr/lib/gcc/i686-linux-gnu/7/../../../i386-linux-gnu/crti.o
                0x0000000000028584                _fini
 .fini          0x0000000000028593        0x5 /usr/lib/gcc/i686-linux-gnu/7/../../../i386-linux-gnu/crtn.o
                [!provide]                        PROVIDE (__etext = .)
                [!provide]                        PROVIDE (_etext = .)
                [!provide]                        PROVIDE (etext = .)

.rodata         0x0000000000028598      0xa63
 *(.rodata .rodata.* .gnu.linkonce.r.*)
 .rodata        0x0000000000028598      0x121 glucose-server.o
 *fill*         0x00000000000286b9        0x3 
 .rodata        0x00000000000286bc        0x6 build/cooja/mtype150.a(leds-arch.o)
                0x00000000000286bc                leds_arch_leds
 .rodata        0x00000000000286c2        0x4 build/cooja/mtype150.a(pir-sensor.o)
 .rodata        0x00000000000286c6        0x6 build/cooja/mtype150.a(rs232.o)
 .rodata        0x00000000000286cc        0xa build/cooja/mtype150.a(vib-sensor.o)
 *fill*         0x00000000000286d6        0x2 
 .rodata        0x00000000000286d8       0x27 build/cooja/mtype150.a(cfs-cooja.o)
 *fill*         0x00000000000286ff        0x1 
 .rodata        0x0000000000028700       0x68 build/cooja/mtype150.a(cooja-radio.o)
 .rodata        0x0000000000028768        0x8 build/cooja/mtype150.a(sensors.o)
 .rodata        0x0000000000028770       0x14 build/cooja/mtype150.a(buttons.o)
                0x000000000002877c                button_hal_button_count
 .rodata        0x0000000000028784       0x87 build/cooja/mtype150.a(res-alarm.o)
 *fill*         0x000000000002880b        0x1 
 .rodata        0x000000000002880c       0xfa build/cooja/mtype150.a(res-glucose.o)
 .rodata        0x0000000000028906       0x41 build/cooja/mtype150.a(coap-engine.o)
 .rodata        0x0000000000028947       0x19 build/cooja/mtype150.a(coap-res-well-k)
 .rodata        0x0000000000028960       0x11 build/cooja/mtype150.a(coap-observe.o)
 .rodata        0x0000000000028971       0x35 build/cooja/mtype150.a(coap-uip.o)
 *fill*         0x00000000000289a6        0x2 
 .rodata        0x00000000000289a8      0x1ac build/cooja/mtype150.a(coap.o)
 .rodata        0x0000000000028b54       0xfc build/cooja/mtype150.a(contiki-main.o)
 .rodata        0x0000000000028c50        0xf build/cooja/mtype150.a(ctimer.o)
 *fill*         0x0000000000028c5f        0x1 
 .rodata        0x0000000000028c60       0xc4 build/cooja/mtype150.a(log.o)
 .rodata        0x0000000000028d24        0xc build/cooja/mtype150.a(etimer.o)
 .rodata        0x0000000000028d30       0x13 build/cooja/mtype150.a(button-hal.o)
 .rodata        0x0000000000028d43        0xe build/cooja/mtype150.a(serial-line.o)
 *fill*         0x0000000000028d51        0x3 
 .rodata        0x0000000000028d54        0x8 build/cooja/mtype150.a(linkaddr.o)
                0x0000000000028d54                linkaddr_null
 .rodata        0x0000000000028d5c        0x5 build/cooja/mtype150.a(csma.o)
 *fill*         0x0000000000028d61        0x3 
 .rodata        0x0000000000028d64       0x2a build/cooja/mtype150.a(csma-output.o)
 *fill*         0x0000000000028d8e        0x2 
 .rodata        0x0000000000028d90       0x4d build/cooja/mtype150.a(uip-ds6-route.o)
 .rodata        0x0000000000028ddd        0xd build/cooja/mtype150.a(tcpip.o)
 *fill*         0x0000000000028dea        0x2 
 .rodata        0x0000000000028dec       0x1f build/cooja/mtype150.a(sicslowpan.o)
                0x0000000000028dec                unc_llconf
                0x0000000000028df0                unc_ctxconf
                0x0000000000028df4                unc_mxconf
                0x0000000000028df8                llprefix
 .rodata        0x0000000000028e0b       0x2d build/cooja/mtype150.a(uiplib.o)
 .rodata        0x0000000000028e38        0x9 build/cooja/mtype150.a(rpl.o)
 .rodata        0x0000000000028e41       0x13 build/cooja/mtype150.a(coap-timer-defa)
 .rodata        0x0000000000028e54       0x25 build/cooja/mtype150.a(assert.o)
 .rodata        0x0000000000028e79       0x44 build/cooja/mtype150.a(uip-sr.o)
 *fill*         0x0000000000028ebd        0x3 
 .rodata        0x0000000000028ec0       0x58 build/cooja/mtype150.a(rpl-neighbor.o)
 .rodata        0x0000000000028f18       0xd7 build/cooja/mtype150.a(rpl-dag.o)
 .rodata        0x0000000000028fef        0xc build/cooja/mtype150.a(rpl-timers.o)

.rodata1
 *(.rodata1)

.eh_frame_hdr   0x0000000000028ffc     0x1a6c
 *(.eh_frame_hdr)
 .eh_frame_hdr  0x0000000000028ffc     0x1a6c glucose-server.o
                0x0000000000028ffc                __GNU_EH_FRAME_HDR
 *(.eh_frame_entry .eh_frame_entry.*)

.eh_frame       0x000000000002aa68     0x7250
 *(.eh_frame)
 .eh_frame      0x000000000002aa68       0x3c /usr/lib/gcc/i686-linux-gnu/7/../../../i386-linux-gnu/crti.o
                                         0x40 (size before relaxing)
 .eh_frame      0x000000000002aaa4       0x14 /usr/lib/gcc/i686-linux-gnu/7/../../../i386-linux-gnu/crti.o
                                         0x2c (size before relaxing)
 .eh_frame      0x000000000002aab8       0x6c glucose-server.o
                                         0x98 (size before relaxing)
 .eh_frame      0x000000000002ab24      0x1ac build/cooja/mtype150.o
                                        0x1ec (size before relaxing)
 .eh_frame      0x000000000002acd0       0x48 build/cooja/mtype150.a(simEnvChange.o)
                                         0x74 (size before relaxing)
 .eh_frame      0x000000000002ad18       0x6c build/cooja/mtype150.a(cooja_mt.o)
                                         0x98 (size before relaxing)
 .eh_frame      0x000000000002ad84       0x88 build/cooja/mtype150.a(cooja_mtarch.o)
                                         0xc8 (size before relaxing)
 .eh_frame      0x000000000002ae0c       0xe4 build/cooja/mtype150.a(rtimer-arch.o)
                                        0x110 (size before relaxing)
 .eh_frame      0x000000000002aef0      0x160 build/cooja/mtype150.a(beep.o)
                                        0x18c (size before relaxing)
 .eh_frame      0x000000000002b050       0x88 build/cooja/mtype150.a(leds-arch.o)
                                         0xc8 (size before relaxing)
 .eh_frame      0x000000000002b0d8       0x44 build/cooja/mtype150.a(moteid.o)
                                         0x70 (size before relaxing)
 .eh_frame      0x000000000002b11c       0xa4 build/cooja/mtype150.a(pir-sensor.o)
                                         0xe4 (size before relaxing)
 .eh_frame      0x000000000002b1c0      0x110 build/cooja/mtype150.a(rs232.o)
                                        0x150 (size before relaxing)
 .eh_frame      0x000000000002b2d0       0xa4 build/cooja/mtype150.a(vib-sensor.o)
                                         0xe4 (size before relaxing)
 .eh_frame      0x000000000002b374       0xc0 build/cooja/mtype150.a(clock.o)
                                         0xec (size before relaxing)
 .eh_frame      0x000000000002b434      0x130 build/cooja/mtype150.a(cooja-log.o)
                                        0x170 (size before relaxing)
 .eh_frame      0x000000000002b564      0x16c build/cooja/mtype150.a(cfs-cooja.o)
                                        0x1ac (size before relaxing)
 .eh_frame      0x000000000002b6d0      0x374 build/cooja/mtype150.a(cooja-radio.o)
                                        0x3b4 (size before relaxing)
 .eh_frame      0x000000000002ba44       0xa8 build/cooja/mtype150.a(eeprom.o)
                                         0xe8 (size before relaxing)
 .eh_frame      0x000000000002baec       0x48 build/cooja/mtype150.a(random.o)
                                         0x74 (size before relaxing)
 .eh_frame      0x000000000002bb34       0xd0 build/cooja/mtype150.a(sensors.o)
                                        0x110 (size before relaxing)
 .eh_frame      0x000000000002bc04      0x140 build/cooja/mtype150.a(leds.o)
                                        0x180 (size before relaxing)
 .eh_frame      0x000000000002bd44      0x228 build/cooja/mtype150.a(gpio-hal-arch.o)
                                        0x27c (size before relaxing)
 .eh_frame      0x000000000002bf6c       0xa4 build/cooja/mtype150.a(buttons.o)
                                         0xe4 (size before relaxing)
 .eh_frame      0x000000000002c010       0x24 build/cooja/mtype150.a(res-alarm.o)
                                         0x50 (size before relaxing)
 .eh_frame      0x000000000002c034       0x6c build/cooja/mtype150.a(res-glucose.o)
                                         0x98 (size before relaxing)
 .eh_frame      0x000000000002c0a0       0x48 build/cooja/mtype150.a(coap-blocking-a)
                                         0x88 (size before relaxing)
 .eh_frame      0x000000000002c0e8      0x24c build/cooja/mtype150.a(coap-engine.o)
                                        0x28c (size before relaxing)
 .eh_frame      0x000000000002c334       0x2c build/cooja/mtype150.a(coap-res-well-k)
                                         0x58 (size before relaxing)
 .eh_frame      0x000000000002c360      0x1b4 build/cooja/mtype150.a(coap-observe.o)
                                        0x1f4 (size before relaxing)
 .eh_frame      0x000000000002c514      0x278 build/cooja/mtype150.a(coap-uip.o)
                                        0x2b8 (size before relaxing)
 .eh_frame      0x000000000002c78c      0x128 build/cooja/mtype150.a(coap-timer.o)
                                        0x168 (size before relaxing)
 .eh_frame      0x000000000002c8b4      0x110 build/cooja/mtype150.a(coap-transactio)
                                        0x150 (size before relaxing)
 .eh_frame      0x000000000002c9c4      0x72c build/cooja/mtype150.a(coap.o)
                                        0x76c (size before relaxing)
 .eh_frame      0x000000000002d0f0       0x38 build/cooja/mtype150.a(contiki-main.o)
                                         0x64 (size before relaxing)
 .eh_frame      0x000000000002d128       0x48 build/cooja/mtype150.a(autostart.o)
                                         0x74 (size before relaxing)
 .eh_frame      0x000000000002d170      0x11c build/cooja/mtype150.a(ctimer.o)
                                        0x15c (size before relaxing)
 .eh_frame      0x000000000002d28c      0x144 build/cooja/mtype150.a(log.o)
                                        0x184 (size before relaxing)
 .eh_frame      0x000000000002d3d0       0x60 build/cooja/mtype150.a(energest.o)
                                         0x8c (size before relaxing)
 .eh_frame      0x000000000002d430      0x204 build/cooja/mtype150.a(etimer.o)
                                        0x244 (size before relaxing)
 .eh_frame      0x000000000002d634       0x20 build/cooja/mtype150.a(node-id.o)
                                         0x4c (size before relaxing)
 .eh_frame      0x000000000002d654       0x6c build/cooja/mtype150.a(rtimer.o)
                                         0xc0 (size before relaxing)
 .eh_frame      0x000000000002d6c0      0x1ec build/cooja/mtype150.a(process.o)
                                        0x22c (size before relaxing)
 .eh_frame      0x000000000002d8ac       0xb4 build/cooja/mtype150.a(timer.o)
                                         0xe0 (size before relaxing)
 .eh_frame      0x000000000002d960      0x1a0 build/cooja/mtype150.a(list.o)
                                        0x1cc (size before relaxing)
 .eh_frame      0x000000000002db00       0xa4 build/cooja/mtype150.a(memb.o)
                                         0xe4 (size before relaxing)
 .eh_frame      0x000000000002dba4      0x188 build/cooja/mtype150.a(button-hal.o)
                                        0x1c8 (size before relaxing)
 .eh_frame      0x000000000002dd2c       0x6c build/cooja/mtype150.a(serial-line.o)
                                         0x98 (size before relaxing)
 .eh_frame      0x000000000002dd98       0xfc build/cooja/mtype150.a(gpio-hal.o)
                                        0x13c (size before relaxing)
 .eh_frame      0x000000000002de94      0x1c0 build/cooja/mtype150.a(queuebuf.o)
                                        0x200 (size before relaxing)
 .eh_frame      0x000000000002e054      0x2b0 build/cooja/mtype150.a(packetbuf.o)
                                        0x2f0 (size before relaxing)
 .eh_frame      0x000000000002e304       0x90 build/cooja/mtype150.a(netstack.o)
                                         0xd0 (size before relaxing)
 .eh_frame      0x000000000002e394       0x64 build/cooja/mtype150.a(linkaddr.o)
                                         0x90 (size before relaxing)
 .eh_frame      0x000000000002e3f8       0xf0 build/cooja/mtype150.a(csma.o)
                                        0x130 (size before relaxing)
 .eh_frame      0x000000000002e4e8      0x1f8 build/cooja/mtype150.a(csma-output.o)
                                        0x238 (size before relaxing)
 .eh_frame      0x000000000002e6e0      0x364 build/cooja/mtype150.a(uip-ds6.o)
                                        0x3a4 (size before relaxing)
 .eh_frame      0x000000000002ea44       0x44 build/cooja/mtype150.a(uip-udp-packet.)
                                         0x84 (size before relaxing)
 .eh_frame      0x000000000002ea88      0x260 build/cooja/mtype150.a(uip-ds6-route.o)
                                        0x2a0 (size before relaxing)
 .eh_frame      0x000000000002ece8      0x270 build/cooja/mtype150.a(tcpip.o)
                                        0x2b0 (size before relaxing)
 .eh_frame      0x000000000002ef58      0x20c build/cooja/mtype150.a(uip6.o)
                                        0x24c (size before relaxing)
 .eh_frame      0x000000000002f164      0x1e8 build/cooja/mtype150.a(uip-ds6-nbr.o)
                                        0x228 (size before relaxing)
 .eh_frame      0x000000000002f34c       0x8c build/cooja/mtype150.a(uip-nd6.o)
                                         0xe0 (size before relaxing)
 .eh_frame      0x000000000002f3d8      0x354 build/cooja/mtype150.a(sicslowpan.o)
                                        0x3a8 (size before relaxing)
 .eh_frame      0x000000000002f72c       0x9c build/cooja/mtype150.a(uiplib.o)
                                         0xdc (size before relaxing)
 .eh_frame      0x000000000002f7c8      0x1fc build/cooja/mtype150.a(rpl.o)
                                        0x23c (size before relaxing)
 .eh_frame      0x000000000002f9c4      0x1f0 build/cooja/mtype150.a(rpl-icmp6.o)
                                        0x230 (size before relaxing)
 .eh_frame      0x000000000002fbb4       0xb0 build/cooja/mtype150.a(rpl-dag-root.o)
                                         0xf0 (size before relaxing)
 .eh_frame      0x000000000002fc64       0xa4 build/cooja/mtype150.a(watchdog.o)
                                         0xd0 (size before relaxing)
 .eh_frame      0x000000000002fd08       0x80 build/cooja/mtype150.a(int-master.o)
                                         0xac (size before relaxing)
 .eh_frame      0x000000000002fd88       0xc4 build/cooja/mtype150.a(coap-timer-defa)
                                        0x104 (size before relaxing)
 .eh_frame      0x000000000002fe4c       0xd8 build/cooja/mtype150.a(stimer.o)
                                        0x104 (size before relaxing)
 .eh_frame      0x000000000002ff24       0xa0 build/cooja/mtype150.a(ringbuf.o)
                                         0xcc (size before relaxing)
 .eh_frame      0x000000000002ffc4       0x24 build/cooja/mtype150.a(assert.o)
                                         0x50 (size before relaxing)
 .eh_frame      0x000000000002ffe8      0x428 build/cooja/mtype150.a(nbr-table.o)
                                        0x468 (size before relaxing)
 .eh_frame      0x0000000000030410      0x140 build/cooja/mtype150.a(link-stats.o)
                                        0x180 (size before relaxing)
 .eh_frame      0x0000000000030550       0x50 build/cooja/mtype150.a(mac-sequence.o)
                                         0x7c (size before relaxing)
 .eh_frame      0x00000000000305a0       0x20 build/cooja/mtype150.a(mac.o)
                                         0x4c (size before relaxing)
 .eh_frame      0x00000000000305c0       0xb4 build/cooja/mtype150.a(framer-802154.o)
                                         0xf4 (size before relaxing)
 .eh_frame      0x0000000000030674      0x1b0 build/cooja/mtype150.a(frame802154.o)
                                        0x1f0 (size before relaxing)
 .eh_frame      0x0000000000030824       0x44 build/cooja/mtype150.a(csma-security.o)
                                         0x84 (size before relaxing)
 .eh_frame      0x0000000000030868      0x204 build/cooja/mtype150.a(uipbuf.o)
                                        0x230 (size before relaxing)
 .eh_frame      0x0000000000030a6c      0x170 build/cooja/mtype150.a(uip-icmp6.o)
                                        0x1b0 (size before relaxing)
 .eh_frame      0x0000000000030bdc      0x1ac build/cooja/mtype150.a(uip-sr.o)
                                        0x1ec (size before relaxing)
 .eh_frame      0x0000000000030d88       0xec build/cooja/mtype150.a(uip-packetqueue)
                                        0x12c (size before relaxing)
 .eh_frame      0x0000000000030e74       0x48 build/cooja/mtype150.a(rpl-nbr-policy.)
                                         0x88 (size before relaxing)
 .eh_frame      0x0000000000030ebc      0x2ec build/cooja/mtype150.a(rpl-neighbor.o)
                                        0x340 (size before relaxing)
 .eh_frame      0x00000000000311a8      0x3c0 build/cooja/mtype150.a(rpl-dag.o)
                                        0x414 (size before relaxing)
 .eh_frame      0x0000000000031568      0x418 build/cooja/mtype150.a(rpl-timers.o)
                                        0x458 (size before relaxing)
 .eh_frame      0x0000000000031980      0x144 build/cooja/mtype150.a(rpl-ext-header.)
                                        0x184 (size before relaxing)
 .eh_frame      0x0000000000031ac4      0x150 build/cooja/mtype150.a(rpl-mrhof.o)
                                        0x190 (size before relaxing)
 .eh_frame      0x0000000000031c14       0x84 /usr/lib/gcc/i686-linux-gnu/7/libgcc.a(_udivdi3.o)
                                         0x9c (size before relaxing)
 .eh_frame      0x0000000000031c98       0x1c /usr/lib/i386-linux-gnu/libc_nonshared.a(stack_chk_fail_local.oS)
                                         0x48 (size before relaxing)
 .eh_frame      0x0000000000031cb4        0x4 /usr/lib/gcc/i686-linux-gnu/7/crtendS.o
 *(.eh_frame.*)

.gcc_except_table
 *(.gcc_except_table .gcc_except_table.*)

.gnu_extab
 *(.gnu_extab*)

.exception_ranges
 *(.exception_ranges .exception_ranges*)
                0x0000000000033bf8                . = DATA_SEGMENT_ALIGN (CONSTANT (MAXPAGESIZE), CONSTANT (COMMONPAGESIZE))

.eh_frame
 *(.eh_frame)
 *(.eh_frame.*)

.gnu_extab
 *(.gnu_extab)

.gcc_except_table
 *(.gcc_except_table .gcc_except_table.*)

.exception_ranges
 *(.exception_ranges .exception_ranges*)

.tdata
 *(.tdata .tdata.* .gnu.linkonce.td.*)

.tbss
 *(.tbss .tbss.* .gnu.linkonce.tb.*)
 *(.tcommon)

.preinit_array
 *(.preinit_array)

.init_array     0x0000000000033bf8        0x4
 *(SORT_BY_INIT_PRIORITY(.init_array.*) SORT_BY_INIT_PRIORITY(.ctors.*))
 *(.init_array EXCLUDE_FILE(*crtend?.o *crtend.o *crtbegin?.o *crtbegin.o) .ctors)
 .init_array    0x0000000000033bf8        0x4 /usr/lib/gcc/i686-linux-gnu/7/crtbeginS.o

.fini_array     0x0000000000033bfc        0x4
 *(SORT_BY_INIT_PRIORITY(.fini_array.*) SORT_BY_INIT_PRIORITY(.dtors.*))
 *(.fini_array EXCLUDE_FILE(*crtend?.o *crtend.o *crtbegin?.o *crtbegin.o) .dtors)
 .fini_array    0x0000000000033bfc        0x4 /usr/lib/gcc/i686-linux-gnu/7/crtbeginS.o

.ctors
 *crtbegin.o(.ctors)
 *crtbegin?.o(.ctors)
 *(EXCLUDE_FILE(*crtend?.o *crtend.o) .ctors)
 *(SORT_BY_NAME(.ctors.*))
 *(.ctors)

.dtors
 *crtbegin.o(.dtors)
 *crtbegin?.o(.dtors)
 *(EXCLUDE_FILE(*crtend?.o *crtend.o) .dtors)
 *(SORT_BY_NAME(.dtors.*))
 *(.dtors)

.jcr
 *(.jcr)

.data.rel.ro    0x0000000000033c00      0x198
 *(.data.rel.ro.local* .gnu.linkonce.d.rel.ro.local.*)
 .data.rel.ro.local
                0x0000000000033c00        0x8 glucose-server.o
                0x0000000000033c00                autostart_processes
 .data.rel.ro.local
                0x0000000000033c08        0x8 build/cooja/mtype150.a(beep.o)
                0x0000000000033c08                beep_interface
 .data.rel.ro.local
                0x0000000000033c10        0x8 build/cooja/mtype150.a(leds-arch.o)
                0x0000000000033c10                leds_interface
 .data.rel.ro.local
                0x0000000000033c18        0x8 build/cooja/mtype150.a(moteid.o)
                0x0000000000033c18                moteid_interface
 .data.rel.ro.local
                0x0000000000033c20       0x18 build/cooja/mtype150.a(pir-sensor.o)
                0x0000000000033c20                pir_interface
                0x0000000000033c28                pir_sensor
 .data.rel.ro.local
                0x0000000000033c38        0x8 build/cooja/mtype150.a(rs232.o)
                0x0000000000033c38                rs232_interface
 .data.rel.ro.local
                0x0000000000033c40       0x18 build/cooja/mtype150.a(vib-sensor.o)
                0x0000000000033c40                vib_interface
                0x0000000000033c48                vib_sensor
 .data.rel.ro.local
                0x0000000000033c58        0x8 build/cooja/mtype150.a(clock.o)
                0x0000000000033c58                clock_interface
 .data.rel.ro.local
                0x0000000000033c60        0x8 build/cooja/mtype150.a(cooja-log.o)
                0x0000000000033c60                simlog_interface
 .data.rel.ro.local
                0x0000000000033c68        0x8 build/cooja/mtype150.a(cfs-cooja.o)
                0x0000000000033c68                cfs_interface
 *fill*         0x0000000000033c70       0x10 
 .data.rel.ro.local
                0x0000000000033c80       0x58 build/cooja/mtype150.a(cooja-radio.o)
                0x0000000000033c80                radio_interface
                0x0000000000033ca0                cooja_radio_driver
 .data.rel.ro.local
                0x0000000000033cd8        0x8 build/cooja/mtype150.a(eeprom.o)
                0x0000000000033cd8                eeprom_interface
 .data.rel.ro.local
                0x0000000000033ce0       0x18 build/cooja/mtype150.a(buttons.o)
                0x0000000000033ce0                button_interface
                0x0000000000033ce8                button_sensor
 .data.rel.ro.local
                0x0000000000033cf8       0x1c build/cooja/mtype150.a(csma.o)
                0x0000000000033cf8                csma_driver
 .data.rel.ro.local
                0x0000000000033d14       0x10 build/cooja/mtype150.a(sicslowpan.o)
                0x0000000000033d14                sicslowpan_driver
 .data.rel.ro.local
                0x0000000000033d24        0xc build/cooja/mtype150.a(coap-timer-defa)
                0x0000000000033d24                coap_timer_default_driver
 .data.rel.ro.local
                0x0000000000033d30        0xc build/cooja/mtype150.a(framer-802154.o)
                0x0000000000033d30                framer_802154
 *(.data.rel.ro .data.rel.ro.* .gnu.linkonce.d.rel.ro.*)
 .data.rel.ro   0x0000000000033d3c        0x0 /usr/lib/gcc/i686-linux-gnu/7/../../../i386-linux-gnu/crti.o
 *fill*         0x0000000000033d3c        0x4 
 .data.rel.ro   0x0000000000033d40       0x54 build/cooja/mtype150.a(rpl.o)
                0x0000000000033d40                rpl_lite_driver
 .data.rel.ro   0x0000000000033d94        0x4 build/cooja/mtype150.a(rpl-dag.o)

.dynamic        0x0000000000033d98       0xf0
 *(.dynamic)
 .dynamic       0x0000000000033d98       0xf0 /usr/lib/gcc/i686-linux-gnu/7/../../../i386-linux-gnu/crti.o
                0x0000000000033d98                _DYNAMIC

.got            0x0000000000033e88      0x160
 *(.got)
 .got           0x0000000000033e88      0x160 /usr/lib/gcc/i686-linux-gnu/7/../../../i386-linux-gnu/crti.o
 *(.igot)
                0x0000000000033ff4                . = DATA_SEGMENT_RELRO_END (., (SIZEOF (.got.plt) >= 0xc)?0xc:0x0)

.got.plt        0x0000000000034000      0x580
 *(.got.plt)
 .got.plt       0x0000000000034000      0x580 /usr/lib/gcc/i686-linux-gnu/7/../../../i386-linux-gnu/crti.o
                0x0000000000034000                _GLOBAL_OFFSET_TABLE_
 *(.igot.plt)

.data           0x0000000000034580      0x464
 *(.data .data.* .gnu.linkonce.d.*)
 .data          0x0000000000034580        0x0 /usr/lib/gcc/i686-linux-gnu/7/../../../i386-linux-gnu/crti.o
 .data          0x0000000000034580        0x0 /usr/lib/gcc/i686-linux-gnu/7/crtbeginS.o
 .data.rel.local
                0x0000000000034580        0x4 /usr/lib/gcc/i686-linux-gnu/7/crtbeginS.o
                0x0000000000034580                __dso_handle
 .data          0x0000000000034584        0x4 glucose-server.o
                0x0000000000034584                sampling_rate
 .data.rel.local
                0x0000000000034588       0x14 glucose-server.o
                0x0000000000034588                glucose_server
                0x0000000000034598                service_url
 .data          0x000000000003459c        0x0 build/cooja/mtype150.o
 *fill*         0x000000000003459c        0x4 
 .data.rel      0x00000000000345a0       0x44 build/cooja/mtype150.o
                0x00000000000345a0                simInterfaces
                0x00000000000345d4                sensors
 .data          0x00000000000345e4        0x0 build/cooja/mtype150.a(simEnvChange.o)
 .data          0x00000000000345e4        0x0 build/cooja/mtype150.a(cooja_mt.o)
 .data          0x00000000000345e4        0x0 build/cooja/mtype150.a(cooja_mtarch.o)
 .data          0x00000000000345e4        0x0 build/cooja/mtype150.a(rtimer-arch.o)
 .data          0x00000000000345e4        0x0 build/cooja/mtype150.a(beep.o)
 .data          0x00000000000345e4        0x0 build/cooja/mtype150.a(leds-arch.o)
 .data          0x00000000000345e4        0x0 build/cooja/mtype150.a(moteid.o)
 .data          0x00000000000345e4        0x0 build/cooja/mtype150.a(pir-sensor.o)
 .data          0x00000000000345e4        0x0 build/cooja/mtype150.a(rs232.o)
 .data          0x00000000000345e4        0x0 build/cooja/mtype150.a(vib-sensor.o)
 .data          0x00000000000345e4        0x0 build/cooja/mtype150.a(clock.o)
 .data          0x00000000000345e4        0x0 build/cooja/mtype150.a(cooja-log.o)
 .data          0x00000000000345e4        0x0 build/cooja/mtype150.a(cfs-cooja.o)
 .data          0x00000000000345e4       0x20 build/cooja/mtype150.a(cooja-radio.o)
                0x00000000000345e4                simRadioHWOn
                0x00000000000345e8                simSignalStrength
                0x00000000000345ec                simLastSignalStrength
                0x00000000000345f0                simPower
                0x00000000000345f4                simRadioChannel
                0x00000000000345f8                simLQI
                0x00000000000345fc                simLastLQI
 .data.rel.local
                0x0000000000034604       0x10 build/cooja/mtype150.a(cooja-radio.o)
                0x0000000000034604                cooja_radio_process
 .data          0x0000000000034614        0x0 build/cooja/mtype150.a(eeprom.o)
 .data          0x0000000000034614        0x0 build/cooja/mtype150.a(random.o)
 .data          0x0000000000034614        0x0 build/cooja/mtype150.a(sensors.o)
 .data.rel.local
                0x0000000000034614       0x10 build/cooja/mtype150.a(sensors.o)
                0x0000000000034614                sensors_process
 .data          0x0000000000034624        0x0 build/cooja/mtype150.a(leds.o)
 .data          0x0000000000034624        0x0 build/cooja/mtype150.a(gpio-hal-arch.o)
 .data          0x0000000000034624        0x1 build/cooja/mtype150.a(buttons.o)
                0x0000000000034624                simButtonIsActive
 *fill*         0x0000000000034625       0x1b 
 .data.rel.local
                0x0000000000034640       0x58 build/cooja/mtype150.a(buttons.o)
                0x0000000000034690                button_hal_buttons
 .data          0x0000000000034698        0x0 build/cooja/mtype150.a(res-alarm.o)
 *fill*         0x0000000000034698        0x8 
 .data.rel.local
                0x00000000000346a0       0x24 build/cooja/mtype150.a(res-alarm.o)
                0x00000000000346a0                res_alarm
 .data          0x00000000000346c4       0x10 build/cooja/mtype150.a(res-glucose.o)
                0x00000000000346c8                LOWER_BOUND_GLU
                0x00000000000346cc                UPPER_BOUND_GLU
 *fill*         0x00000000000346d4        0xc 
 .data.rel.local
                0x00000000000346e0       0x24 build/cooja/mtype150.a(res-glucose.o)
                0x00000000000346e0                res_glucose
 .data          0x0000000000034704        0x0 build/cooja/mtype150.a(coap-blocking-a)
 .data          0x0000000000034704        0x0 build/cooja/mtype150.a(coap-engine.o)
 .data.rel.local
                0x0000000000034704        0x8 build/cooja/mtype150.a(coap-engine.o)
 .data          0x000000000003470c        0x0 build/cooja/mtype150.a(coap-res-well-k)
 *fill*         0x000000000003470c       0x14 
 .data.rel.local
                0x0000000000034720       0x24 build/cooja/mtype150.a(coap-res-well-k)
                0x0000000000034720                res_well_known_core
 .data          0x0000000000034744        0x0 build/cooja/mtype150.a(coap-observe.o)
 .data.rel.local
                0x0000000000034744       0x10 build/cooja/mtype150.a(coap-observe.o)
 .data          0x0000000000034754        0x0 build/cooja/mtype150.a(coap-uip.o)
 .data.rel.local
                0x0000000000034754       0x10 build/cooja/mtype150.a(coap-uip.o)
                0x0000000000034754                coap_engine
 .data          0x0000000000034764        0x0 build/cooja/mtype150.a(coap-timer.o)
 .data.rel.local
                0x0000000000034764        0x4 build/cooja/mtype150.a(coap-timer.o)
 .data          0x0000000000034768        0x0 build/cooja/mtype150.a(coap-transactio)
 .data.rel.local
                0x0000000000034768       0x10 build/cooja/mtype150.a(coap-transactio)
 .data          0x0000000000034778        0x0 build/cooja/mtype150.a(coap.o)
 .data.rel.local
                0x0000000000034778        0x4 build/cooja/mtype150.a(coap.o)
                0x0000000000034778                coap_error_message
 .data          0x000000000003477c        0x0 build/cooja/mtype150.a(contiki-main.o)
 .data          0x000000000003477c        0x0 build/cooja/mtype150.a(autostart.o)
 .data          0x000000000003477c        0x0 build/cooja/mtype150.a(ctimer.o)
 .data.rel.local
                0x000000000003477c       0x14 build/cooja/mtype150.a(ctimer.o)
                0x0000000000034780                ctimer_process
 .data          0x0000000000034790        0x4 build/cooja/mtype150.a(log.o)
                0x0000000000034790                curr_log_level_main
 *fill*         0x0000000000034794        0xc 
 .data.rel.local
                0x00000000000347a0       0x9c build/cooja/mtype150.a(log.o)
                0x00000000000347a0                all_modules
 .data          0x000000000003483c        0x0 build/cooja/mtype150.a(energest.o)
 .data          0x000000000003483c        0x0 build/cooja/mtype150.a(etimer.o)
 .data.rel.local
                0x000000000003483c       0x10 build/cooja/mtype150.a(etimer.o)
                0x000000000003483c                etimer_process
 .data          0x000000000003484c        0x0 build/cooja/mtype150.a(node-id.o)
 .data          0x000000000003484c        0x0 build/cooja/mtype150.a(rtimer.o)
 .data          0x000000000003484c        0x0 build/cooja/mtype150.a(process.o)
 .data          0x000000000003484c        0x0 build/cooja/mtype150.a(timer.o)
 .data          0x000000000003484c        0x0 build/cooja/mtype150.a(list.o)
 .data          0x000000000003484c        0x0 build/cooja/mtype150.a(memb.o)
 .data          0x000000000003484c        0x0 build/cooja/mtype150.a(button-hal.o)
 .data.rel.local
                0x000000000003484c       0x10 build/cooja/mtype150.a(button-hal.o)
                0x000000000003484c                button_hal_process
 .data          0x000000000003485c        0x0 build/cooja/mtype150.a(serial-line.o)
 .data.rel.local
                0x000000000003485c       0x10 build/cooja/mtype150.a(serial-line.o)
                0x000000000003485c                serial_line_process
 .data          0x000000000003486c        0x0 build/cooja/mtype150.a(gpio-hal.o)
 .data.rel.local
                0x000000000003486c        0x4 build/cooja/mtype150.a(gpio-hal.o)
 .data          0x0000000000034870        0x0 build/cooja/mtype150.a(queuebuf.o)
 .data.rel.local
                0x0000000000034870       0x18 build/cooja/mtype150.a(queuebuf.o)
 .data          0x0000000000034888        0x0 build/cooja/mtype150.a(packetbuf.o)
 .data.rel.local
                0x0000000000034888        0x4 build/cooja/mtype150.a(packetbuf.o)
 .data          0x000000000003488c        0x0 build/cooja/mtype150.a(netstack.o)
 .data.rel.local
                0x000000000003488c        0x4 build/cooja/mtype150.a(netstack.o)
 .data          0x0000000000034890        0x0 build/cooja/mtype150.a(linkaddr.o)
 .data          0x0000000000034890        0x0 build/cooja/mtype150.a(csma.o)
 .data          0x0000000000034890        0x0 build/cooja/mtype150.a(csma-output.o)
 .data.rel.local
                0x0000000000034890       0x28 build/cooja/mtype150.a(csma-output.o)
 .data          0x00000000000348b8        0x0 build/cooja/mtype150.a(uip-ds6.o)
 .data          0x00000000000348b8        0x0 build/cooja/mtype150.a(uip-udp-packet.)
 .data          0x00000000000348b8        0x0 build/cooja/mtype150.a(uip-ds6-route.o)
 .data.rel.local
                0x00000000000348b8       0x10 build/cooja/mtype150.a(uip-ds6-route.o)
 .data          0x00000000000348c8        0x0 build/cooja/mtype150.a(tcpip.o)
 .data.rel.local
                0x00000000000348c8       0x10 build/cooja/mtype150.a(tcpip.o)
                0x00000000000348c8                tcpip_process
 .data          0x00000000000348d8        0x0 build/cooja/mtype150.a(uip6.o)
 .data          0x00000000000348d8        0x0 build/cooja/mtype150.a(uip-ds6-nbr.o)
 .data.rel.local
                0x00000000000348d8       0x14 build/cooja/mtype150.a(uip-ds6-nbr.o)
 .data          0x00000000000348ec        0x0 build/cooja/mtype150.a(uip-nd6.o)
 .data.rel.local
                0x00000000000348ec        0xc build/cooja/mtype150.a(uip-nd6.o)
 .data          0x00000000000348f8        0x0 build/cooja/mtype150.a(sicslowpan.o)
 .data          0x00000000000348f8        0x0 build/cooja/mtype150.a(uiplib.o)
 .data          0x00000000000348f8        0x0 build/cooja/mtype150.a(rpl.o)
 .data          0x00000000000348f8        0x0 build/cooja/mtype150.a(rpl-icmp6.o)
 .data.rel.local
                0x00000000000348f8       0x30 build/cooja/mtype150.a(rpl-icmp6.o)
 .data          0x0000000000034928        0x0 build/cooja/mtype150.a(rpl-dag-root.o)
 .data          0x0000000000034928        0x0 build/cooja/mtype150.a(watchdog.o)
 .data          0x0000000000034928        0x0 build/cooja/mtype150.a(int-master.o)
 .data          0x0000000000034928        0x0 build/cooja/mtype150.a(coap-timer-defa)
 .data.rel.local
                0x0000000000034928       0x10 build/cooja/mtype150.a(coap-timer-defa)
                0x0000000000034928                coap_timer_process
 .data          0x0000000000034938        0x0 build/cooja/mtype150.a(stimer.o)
 .data          0x0000000000034938        0x0 build/cooja/mtype150.a(ringbuf.o)
 .data          0x0000000000034938        0x0 build/cooja/mtype150.a(assert.o)
 .data          0x0000000000034938        0x0 build/cooja/mtype150.a(nbr-table.o)
 .data.rel.local
                0x0000000000034938       0x10 build/cooja/mtype150.a(nbr-table.o)
 .data          0x0000000000034948        0x0 build/cooja/mtype150.a(link-stats.o)
 .data.rel.local
                0x0000000000034948       0x14 build/cooja/mtype150.a(link-stats.o)
 .data          0x000000000003495c        0x0 build/cooja/mtype150.a(mac-sequence.o)
 .data          0x000000000003495c        0x0 build/cooja/mtype150.a(mac.o)
 .data          0x000000000003495c        0x0 build/cooja/mtype150.a(framer-802154.o)
 .data          0x000000000003495c        0x2 build/cooja/mtype150.a(frame802154.o)
 .data          0x000000000003495e        0x0 build/cooja/mtype150.a(csma-security.o)
 .data          0x000000000003495e        0x0 build/cooja/mtype150.a(uipbuf.o)
 .data          0x000000000003495e        0x0 build/cooja/mtype150.a(uip-icmp6.o)
 *fill*         0x000000000003495e        0x2 
 .data.rel.local
                0x0000000000034960       0x20 build/cooja/mtype150.a(uip-icmp6.o)
 .data          0x0000000000034980        0x0 build/cooja/mtype150.a(uip-sr.o)
 .data.rel.local
                0x0000000000034980       0x10 build/cooja/mtype150.a(uip-sr.o)
 .data          0x0000000000034990        0x0 build/cooja/mtype150.a(uip-packetqueue)
 .data.rel.local
                0x0000000000034990        0xc build/cooja/mtype150.a(uip-packetqueue)
 .data          0x000000000003499c        0x0 build/cooja/mtype150.a(rpl-nbr-policy.)
 .data          0x000000000003499c        0x0 build/cooja/mtype150.a(rpl-neighbor.o)
 .data.rel.local
                0x000000000003499c       0x14 build/cooja/mtype150.a(rpl-neighbor.o)
                0x00000000000349ac                rpl_neighbors
 .data          0x00000000000349b0        0x0 build/cooja/mtype150.a(rpl-dag.o)
 .data          0x00000000000349b0        0x0 build/cooja/mtype150.a(rpl-timers.o)
 .data          0x00000000000349b0        0x0 build/cooja/mtype150.a(rpl-ext-header.)
 .data          0x00000000000349b0        0x0 build/cooja/mtype150.a(rpl-mrhof.o)
 *fill*         0x00000000000349b0       0x10 
 .data.rel.local
                0x00000000000349c0       0x24 build/cooja/mtype150.a(rpl-mrhof.o)
                0x00000000000349c0                rpl_mrhof
 .data          0x00000000000349e4        0x0 /usr/lib/gcc/i686-linux-gnu/7/libgcc.a(_udivdi3.o)
 .data          0x00000000000349e4        0x0 /usr/lib/i386-linux-gnu/libc_nonshared.a(stack_chk_fail_local.oS)
 .data          0x00000000000349e4        0x0 /usr/lib/gcc/i686-linux-gnu/7/crtendS.o
 .data          0x00000000000349e4        0x0 /usr/lib/gcc/i686-linux-gnu/7/../../../i386-linux-gnu/crtn.o

.tm_clone_table
                0x00000000000349e4        0x0
 .tm_clone_table
                0x00000000000349e4        0x0 /usr/lib/gcc/i686-linux-gnu/7/crtbeginS.o
 .tm_clone_table
                0x00000000000349e4        0x0 /usr/lib/gcc/i686-linux-gnu/7/crtendS.o

.data1
 *(.data1)
                0x00000000000349e4                _edata = .
                [!provide]                        PROVIDE (edata = .)
                0x00000000000349e4                . = .
                0x00000000000349e4                __bss_start = .

.bss            0x0000000000034a00    0x13f24
 *(.dynbss)
 .dynbss        0x0000000000034a00        0x0 /usr/lib/gcc/i686-linux-gnu/7/../../../i386-linux-gnu/crti.o
 *(.bss .bss.* .gnu.linkonce.b.*)
 .bss           0x0000000000034a00        0x0 /usr/lib/gcc/i686-linux-gnu/7/../../../i386-linux-gnu/crti.o
 .bss           0x0000000000034a00        0x1 /usr/lib/gcc/i686-linux-gnu/7/crtbeginS.o
 *fill*         0x0000000000034a01       0x1f 
 .bss           0x0000000000034a20      0x14c glucose-server.o
 *fill*         0x0000000000034b6c       0x14 
 .bss           0x0000000000034b80     0x2040 build/cooja/mtype150.o
 .bss           0x0000000000036bc0        0x1 build/cooja/mtype150.a(simEnvChange.o)