Archive member included to satisfy reference by file (symbol)

build/cooja/mtype512.a(simEnvChange.o)
                              build/cooja/mtype512.o (simDontFallAsleep)
build/cooja/mtype512.a(cooja_mt.o)
                              build/cooja/mtype512.o (cooja_mt_start)
build/cooja/mtype512.a(cooja_mtarch.o)
                              build/cooja/mtype512.a(cooja_mt.o) (cooja_mtarch_start)
build/cooja/mtype512.a(rtimer-arch.o)
                              build/cooja/mtype512.o (rtimer_arch_check)
build/cooja/mtype512.a(beep.o)
                              build/cooja/mtype512.o (beep_interface)
build/cooja/mtype512.a(leds-arch.o)
                              build/cooja/mtype512.o (leds_interface)
build/cooja/mtype512.a(moteid.o)
                              build/cooja/mtype512.o (moteid_interface)
build/cooja/mtype512.a(pir-sensor.o)
                              build/cooja/mtype512.o (pir_interface)
build/cooja/mtype512.a(rs232.o)
                              build/cooja/mtype512.o (rs232_interface)
build/cooja/mtype512.a(vib-sensor.o)
                              build/cooja/mtype512.o (vib_interface)
build/cooja/mtype512.a(clock.o)
                              build/cooja/mtype512.o (clock_interface)
build/cooja/mtype512.a(cooja-log.o)
                              build/cooja/mtype512.o (simlog_interface)
build/cooja/mtype512.a(cfs-cooja.o)
                              build/cooja/mtype512.o (cfs_interface)
build/cooja/mtype512.a(cooja-radio.o)
                              build/cooja/mtype512.o (radio_interface)
build/cooja/mtype512.a(eeprom.o)
                              build/cooja/mtype512.o (eeprom_interface)
build/cooja/mtype512.a(random.o)
                              build/cooja/mtype512.a(moteid.o) (random_init)
build/cooja/mtype512.a(sensors.o)
                              build/cooja/mtype512.a(pir-sensor.o) (sensors_changed)
build/cooja/mtype512.a(leds.o)
                              glucose-server.o (leds_set)
build/cooja/mtype512.a(gpio-hal-arch.o)
                              build/cooja/mtype512.a(leds-arch.o) (gpio_hal_arch_register_pin_callback)
build/cooja/mtype512.a(buttons.o)
                              build/cooja/mtype512.o (button_interface)
build/cooja/mtype512.a(res-alarm.o)
                              glucose-server.o (res_alarm)
build/cooja/mtype512.a(res-glucose.o)
                              glucose-server.o (res_glucose)
build/cooja/mtype512.a(coap-blocking-a)
                              glucose-server.o (coap_blocking_request)
build/cooja/mtype512.a(coap-engine.o)
                              glucose-server.o (coap_activate_resource)
build/cooja/mtype512.a(coap-res-well-k)
                              build/cooja/mtype512.a(coap-engine.o) (res_well_known_core)
build/cooja/mtype512.a(coap-observe.o)
                              build/cooja/mtype512.a(coap-engine.o) (coap_remove_observer_by_mid)
build/cooja/mtype512.a(coap-uip.o)
                              build/cooja/mtype512.a(coap-observe.o) (coap_endpoint_copy)
build/cooja/mtype512.a(coap-timer.o)
                              build/cooja/mtype512.a(coap-engine.o) (coap_timer_set)
build/cooja/mtype512.a(coap-transactio)
                              build/cooja/mtype512.a(coap-blocking-a) (coap_send_transaction)
build/cooja/mtype512.a(coap.o)
                              build/cooja/mtype512.a(coap-engine.o) (coap_status_code)
build/cooja/mtype512.a(contiki-main.o)
                              build/cooja/mtype512.o (main)
build/cooja/mtype512.a(autostart.o)
                              build/cooja/mtype512.a(contiki-main.o) (autostart_start)
build/cooja/mtype512.a(ctimer.o)
                              build/cooja/mtype512.a(contiki-main.o) (ctimer_init)
build/cooja/mtype512.a(log.o)
                              build/cooja/mtype512.a(contiki-main.o) (curr_log_level_main)
build/cooja/mtype512.a(energest.o)
                              build/cooja/mtype512.a(contiki-main.o) (energest_init)
build/cooja/mtype512.a(etimer.o)
                              build/cooja/mtype512.a(contiki-main.o) (etimer_process)
build/cooja/mtype512.a(node-id.o)
                              build/cooja/mtype512.a(res-glucose.o) (node_id)
build/cooja/mtype512.a(rtimer.o)
                              build/cooja/mtype512.a(contiki-main.o) (rtimer_init)
build/cooja/mtype512.a(process.o)
                              build/cooja/mtype512.a(coap-blocking-a) (process_current)
build/cooja/mtype512.a(timer.o)
                              build/cooja/mtype512.a(etimer.o) (timer_set)
build/cooja/mtype512.a(list.o)
                              build/cooja/mtype512.a(coap-engine.o) (list_init)
build/cooja/mtype512.a(memb.o)
                              build/cooja/mtype512.a(coap-observe.o) (memb_alloc)
build/cooja/mtype512.a(button-hal.o)
                              build/cooja/mtype512.o (button_hal_init)
build/cooja/mtype512.a(serial-line.o)
[...]
Memory Configuration

Name             Origin             Length             Attributes
*default*        0x0000000000000000 0xffffffffffffffff

Linker script and memory map

LOAD /usr/lib/gcc/i686-linux-gnu/7/../../../i386-linux-gnu/crti.o
LOAD /usr/lib/gcc/i686-linux-gnu/7/crtbeginS.o
LOAD glucose-server.o
LOAD build/cooja/mtype512.o
LOAD build/cooja/mtype512.a
LOAD /usr/lib/gcc/i686-linux-gnu/7/libgcc.a
LOAD /usr/lib/gcc/i686-linux-gnu/7/libgcc_s.so
START GROUP
LOAD /usr/lib/gcc/i686-linux-gnu/7/libgcc_s.so.1
LOAD /usr/lib/gcc/i686-linux-gnu/7/libgcc.a
END GROUP
LOAD /usr/lib/gcc/i686-linux-gnu/7/../../../i386-linux-gnu/libc.so
START GROUP
LOAD /lib/i386-linux-gnu/libc.so.6
LOAD /usr/lib/i386-linux-gnu/libc_nonshared.a
LOAD /lib/i386-linux-gnu/ld-linux.so.2
END GROUP
LOAD /usr/lib/gcc/i686-linux-gnu/7/libgcc.a
LOAD /usr/lib/gcc/i686-linux-gnu/7/libgcc_s.so
START GROUP
LOAD /usr/lib/gcc/i686-linux-gnu/7/libgcc_s.so.1
LOAD /usr/lib/gcc/i686-linux-gnu/7/libgcc.a
END GROUP
LOAD /usr/lib/gcc/i686-linux-gnu/7/crtendS.o
LOAD /usr/lib/gcc/i686-linux-gnu/7/../../../i386-linux-gnu/crtn.o
                0x0000000000000114                . = (SEGMENT_START ("text-segment", 0x0) + SIZEOF_HEADERS)

.note.gnu.build-id
                0x0000000000000114       0x24
 *(.note.gnu.build-id)
 .note.gnu.build-id
                0x0000000000000114       0x24 /usr/lib/gcc/i686-linux-gnu/7/../../../i386-linux-gnu/crti.o

.hash
 *(.hash)

.gnu.hash       0x0000000000000138     0x15a8
 *(.gnu.hash)
 .gnu.hash      0x0000000000000138     0x15a8 /usr/lib/gcc/i686-linux-gnu/7/../../../i386-linux-gnu/crti.o

.dynsym         0x00000000000016e0     0x2f70
 *(.dynsym)
 .dynsym        0x00000000000016e0     0x2f70 /usr/lib/gcc/i686-linux-gnu/7/../../../i386-linux-gnu/crti.o

.dynstr         0x0000000000004650     0x36ea
 *(.dynstr)
 .dynstr        0x0000000000004650     0x36ea /usr/lib/gcc/i686-linux-gnu/7/../../../i386-linux-gnu/crti.o

.gnu.version    0x0000000000007d3a      0x5ee
 *(.gnu.version)
 .gnu.version   0x0000000000007d3a      0x5ee /usr/lib/gcc/i686-linux-gnu/7/../../../i386-linux-gnu/crti.o

.gnu.version_d  0x0000000000008328        0x0
 *(.gnu.version_d)
 .gnu.version_d
                0x0000000000008328        0x0 /usr/lib/gcc/i686-linux-gnu/7/../../../i386-linux-gnu/crti.o

.gnu.version_r  0x0000000000008328       0x40
 *(.gnu.version_r)
 .gnu.version_r
                0x0000000000008328       0x40 /usr/lib/gcc/i686-linux-gnu/7/../../../i386-linux-gnu/crti.o

.rel.dyn        0x0000000000008368      0xf28
 *(.rel.init)
 .rel.init      0x0000000000008368        0x0 /usr/lib/gcc/i686-linux-gnu/7/../../../i386-linux-gnu/crti.o
 *(.rel.text .rel.text.* .rel.gnu.linkonce.t.*)
 .rel.text      0x0000000000008368      0x570 /usr/lib/gcc/i686-linux-gnu/7/../../../i386-linux-gnu/crti.o
 *(.rel.fini)
 .rel.fini      0x00000000000088d8        0x0 /usr/lib/gcc/i686-linux-gnu/7/../../../i386-linux-gnu/crti.o
 *(.rel.rodata .rel.rodata.* .rel.gnu.linkonce.r.*)
 *(.rel.data.rel.ro .rel.data.rel.ro.* .rel.gnu.linkonce.d.rel.ro.*)
 .rel.data.rel.ro.local
                0x00000000000088d8      0x220 /usr/lib/gcc/i686-linux-gnu/7/../../../i386-linux-gnu/crti.o
 .rel.data.rel.ro
                0x0000000000008af8       0xb0 /usr/lib/gcc/i686-linux-gnu/7/../../../i386-linux-gnu/crti.o
 *(.rel.data .rel.data.* .rel.gnu.linkonce.d.*)
 .rel.data.rel.local
                0x0000000000008ba8      0x3a0 /usr/lib/gcc/i686-linux-gnu/7/../../../i386-linux-gnu/crti.o
 .rel.data.rel  0x0000000000008f48       0x78 /usr/lib/gcc/i686-linux-gnu/7/../../../i386-linux-gnu/crti.o
 *(.rel.tdata .rel.tdata.* .rel.gnu.linkonce.td.*)
 *(.rel.tbss .rel.tbss.* .rel.gnu.linkonce.tb.*)
 *(.rel.ctors)
 *(.rel.dtors)
 *(.rel.got)
 .rel.got       0x0000000000008fc0      0x2c0 /usr/lib/gcc/i686-linux-gnu/7/../../../i386-linux-gnu/crti.o
 *(.rel.bss .rel.bss.* .rel.gnu.linkonce.b.*)
 *(.rel.ifunc)
 .rel.ifunc     0x0000000000009280        0x0 /usr/lib/gcc/i686-linux-gnu/7/../../../i386-linux-gnu/crti.o
 .rel.fini_array
                0x0000000000009280        0x8 /usr/lib/gcc/i686-linux-gnu/7/../../../i386-linux-gnu/crti.o
 .rel.init_array
                0x0000000000009288        0x8 /usr/lib/gcc/i686-linux-gnu/7/../../../i386-linux-gnu/crti.o

.rel.plt        0x0000000000009290      0xb00
 *(.rel.plt)
 .rel.plt       0x0000000000009290      0xb00 /usr/lib/gcc/i686-linux-gnu/7/../../../i386-linux-gnu/crti.o
 *(.rel.iplt)

.init           0x0000000000009d90       0x23
 *(SORT_NONE(.init))
 .init          0x0000000000009d90       0x1e /usr/lib/gcc/i686-linux-gnu/7/../../../i386-linux-gnu/crti.o
                0x0000000000009d90                _init
 .init          0x0000000000009dae        0x5 /usr/lib/gcc/i686-linux-gnu/7/../../../i386-linux-gnu/crtn.o

.plt            0x0000000000009dc0     0x1610
 *(.plt)
 .plt           0x0000000000009dc0     0x1610 /usr/lib/gcc/i686-linux-gnu/7/../../../i386-linux-gnu/crti.o
 *(.iplt)

.plt.got        0x000000000000b3d0       0x18
 *(.plt.got)
 .plt.got       0x000000000000b3d0       0x18 /usr/lib/gcc/i686-linux-gnu/7/../../../i386-linux-gnu/crti.o

.plt.sec
 *(.plt.sec)

.text           0x000000000000b3f0    0x1d1d4
 *(.text.unlikely .text.*_unlikely .text.unlikely.*)
 *(.text.exit .text.exit.*)
 *(.text.startup .text.startup.*)
 *(.text.hot .text.hot.*)
 *(.text .stub .text.* .gnu.linkonce.t.*)
 .text          0x000000000000b3f0        0x0 /usr/lib/gcc/i686-linux-gnu/7/../../../i386-linux-gnu/crti.o
 .gnu.linkonce.t.__x86.get_pc_thunk.bx
                0x000000000000b3f0        0x4 /usr/lib/gcc/i686-linux-gnu/7/../../../i386-linux-gnu/crti.o
                0x000000000000b3f0                __x86.get_pc_thunk.bx
 *fill*         0x000000000000b3f4        0xc 
 .text          0x000000000000b400       0xe9 /usr/lib/gcc/i686-linux-gnu/7/crtbeginS.o
 .text.__x86.get_pc_thunk.dx
                0x000000000000b4e9        0x4 /usr/lib/gcc/i686-linux-gnu/7/crtbeginS.o
                0x000000000000b4e9                __x86.get_pc_thunk.dx
 .text          0x000000000000b4ed      0x4ba glucose-server.o
                0x000000000000b5a0                client_chunk_handler
 .text          0x000000000000b9a7      0x36b build/cooja/mtype512.o
                0x000000000000ba59                platform_init_stage_one
                0x000000000000ba7c                platform_init_stage_two
                0x000000000000ba9f                platform_init_stage_three
                0x000000000000bac2                platform_main_loop
                0x000000000000bb68                Java_org_contikios_cooja_corecomm_Lib7_init
                0x000000000000bbb6                Java_org_contikios_cooja_corecomm_Lib7_getMemory
                0x000000000000bbf6                Java_org_contikios_cooja_corecomm_Lib7_setMemory
                0x000000000000bc67                Java_org_contikios_cooja_corecomm_Lib7_tick
                0x000000000000bcf1                Java_org_contikios_cooja_corecomm_Lib7_setReferenceAddress
 .text.__x86.get_pc_thunk.ax
                0x000000000000bd12        0x4 build/cooja/mtype512.o
                0x000000000000bd12                __x86.get_pc_thunk.ax
 .text          0x000000000000bd16       0x8d build/cooja/mtype512.a(simEnvChange.o)
                0x000000000000bd16                doActionsBeforeTick
                0x000000000000bd5c                doActionsAfterTick
 .text          0x000000000000bda3       0xb6 build/cooja/mtype512.a(cooja_mt.o)
                0x000000000000bda3                cooja_mt_start
                0x000000000000bddd                cooja_mt_exec
                0x000000000000be24                cooja_mt_yield
 .text          0x000000000000be59       0xf2 build/cooja/mtype512.a(cooja_mtarch.o)
                0x000000000000be59                cooja_mtarch_start
                0x000000000000bedd                cooja_sw
                0x000000000000bf0b                cooja_mtarch_exec
                0x000000000000bf36                cooja_mtarch_yield
 .text          0x000000000000bf4b      0x127 build/cooja/mtype512.a(rtimer-arch.o)
                0x000000000000bf4b                rtimer_arch_init
                0x000000000000bf7a                rtimer_arch_schedule
                0x000000000000bfbc                rtimer_arch_next
                0x000000000000bfd6                rtimer_arch_pending
                0x000000000000bfed                rtimer_arch_check
                0x000000000000c058                rtimer_arch_now
 .text.__x86.get_pc_thunk.cx
                0x000000000000c072        0x4 build/cooja/mtype512.a(rtimer-arch.o)
                0x000000000000c072                __x86.get_pc_thunk.cx
 .text          0x000000000000c076      0x101 build/cooja/mtype512.a(beep.o)
                0x000000000000c076                beep_alarm
                0x000000000000c08f                beep_beep
                0x000000000000c0a8                beep
                0x000000000000c0c1                beep_down
                0x000000000000c0da                beep_on
                0x000000000000c0f3                beep_off
                0x000000000000c10c                beep_spinup
                0x000000000000c125                beep_quick
                0x000000000000c13e                beep_long
 .text          0x000000000000c177       0x9f build/cooja/mtype512.a(leds-arch.o)
                0x000000000000c19b                leds_arch_init
 .text          0x000000000000c216       0x56 build/cooja/mtype512.a(moteid.o)
 .text          0x000000000000c26c      0x101 build/cooja/mtype512.a(pir-sensor.o)
 .text          0x000000000000c36d      0x1cc build/cooja/mtype512.a(rs232.o)
                0x000000000000c36d                rs232_init
                0x000000000000c37d                rs232_set_speed
                0x000000000000c396                rs232_set_input
                0x000000000000c3af                rs232_send
                0x000000000000c3e5                rs232_print
                0x000000000000c413                slip_arch_writeb
 .text          0x000000000000c539      0x101 build/cooja/mtype512.a(vib-sensor.o)
 .text          0x000000000000c63a       0x7a build/cooja/mtype512.a(clock.o)
                0x000000000000c63a                clock_init
                0x000000000000c64a                clock_time
                0x000000000000c661                clock_seconds
                0x000000000000c684                clock_delay
 .text          0x000000000000c6b4      0x2b5 build/cooja/mtype512.a(cooja-log.o)
                0x000000000000c6b4                simlog_char
                0x000000000000c718                simlog
                0x000000000000c7b2                log_message
                0x000000000000c801                log_set_putchar_with_slip
                0x000000000000c81a                log_putchar
                0x000000000000c8a5                log_puts
                0x000000000000c8d7                log_printf
 .text          0x000000000000c969      0x36c build/cooja/mtype512.a(cfs-cooja.o)
                0x000000000000c969                cfs_open
                0x000000000000c9e1                cfs_close
                0x000000000000c9f8                cfs_read
                0x000000000000caac                cfs_write
                0x000000000000cbaa                cfs_seek
                0x000000000000cc47                cfs_remove
                0x000000000000cc7d                cfs_opendir
                0x000000000000cc91                cfs_readdir
                0x000000000000cca5                cfs_closedir
 .text          0x000000000000ccd5      0x78b build/cooja/mtype512.a(cooja-radio.o)
                0x000000000000cd43                radio_set_channel
                0x000000000000cd5c                radio_set_txpower
                0x000000000000cd7f                radio_signal_strength_last
                0x000000000000cd94                radio_signal_strength_current
                0x000000000000cda9                radio_LQI
 .text          0x000000000000d460      0x130 build/cooja/mtype512.a(eeprom.o)
                0x000000000000d460                eeprom_init
                0x000000000000d470                eeprom_read
                0x000000000000d4f0                eeprom_write
 .text          0x000000000000d590       0x4e build/cooja/mtype512.a(random.o)
                0x000000000000d590                random_init
                0x000000000000d5c0                random_rand
 .text          0x000000000000d5de      0x332 build/cooja/mtype512.a(sensors.o)
                0x000000000000d625                sensors_first
                0x000000000000d63c                sensors_next
                0x000000000000d667                sensors_changed
                0x000000000000d6b4                sensors_find
 .text          0x000000000000d910      0x3fc build/cooja/mtype512.a(leds.o)
                0x000000000000d910                leds_init
                0x000000000000d968                leds_single_on
                0x000000000000d9e0                leds_single_off
                0x000000000000da58                leds_single_toggle
                0x000000000000da9c                leds_on
                0x000000000000db34                leds_off
                0x000000000000dbcc                leds_toggle
                0x000000000000dc32                leds_set
                0x000000000000dc68                leds_get
 .text          0x000000000000dd0c      0x401 build/cooja/mtype512.a(gpio-hal-arch.o)
                0x000000000000dd0c                gpio_hal_arch_register_pin_callback
                0x000000000000dd8d                gpio_hal_arch_init
                0x000000000000dde7                gpio_hal_arch_no_port_interrupt_enable
                0x000000000000de21                gpio_hal_arch_no_port_interrupt_disable
                0x000000000000de5b                gpio_hal_arch_no_port_pin_cfg_set
                0x000000000000de8a                gpio_hal_arch_no_port_pin_cfg_get
                0x000000000000deba                gpio_hal_arch_no_port_pin_set_input
                0x000000000000ded6                gpio_hal_arch_no_port_pin_set_output
                0x000000000000def2                gpio_hal_arch_no_port_set_pin
                0x000000000000df1d                gpio_hal_arch_no_port_clear_pin
                0x000000000000df48                gpio_hal_arch_no_port_read_pin
                0x000000000000df7a                gpio_hal_arch_no_port_write_pin
                0x000000000000dfae                gpio_hal_arch_no_port_set_pins
                0x000000000000dfff                gpio_hal_arch_no_port_clear_pins
                0x000000000000e050                gpio_hal_arch_no_port_read_pins
                0x000000000000e0a3                gpio_hal_arch_no_port_write_pins
 .text          0x000000000000e10d       0xc6 build/cooja/mtype512.a(buttons.o)
 .text          0x000000000000e1d3      0x1f0 build/cooja/mtype512.a(res-alarm.o)
 .text          0x000000000000e3c3      0x47e build/cooja/mtype512.a(res-glucose.o)
 .text          0x000000000000e841      0x29c build/cooja/mtype512.a(coap-blocking-a)
                0x000000000000e841                coap_blocking_request_callback
                0x000000000000e87b                coap_blocking_request
 .text          0x000000000000eadd      0xd4f build/cooja/mtype512.a(coap-engine.o)
                0x000000000000ebae                coap_add_handler
                0x000000000000ebdc                coap_remove_handler
                0x000000000000ec0a                coap_call_handlers
                0x000000000000ed31                coap_receive
                0x000000000000f3ab                coap_engine_init
                0x000000000000f41e                coap_activate_resource
                0x000000000000f4db                coap_get_first_resource
                0x000000000000f505                coap_get_next_resource
 .text          0x000000000000f82c      0x2ed build/cooja/mtype512.a(coap-res-well-k)
 .text          0x000000000000fb19      0xa13 build/cooja/mtype512.a(coap-observe.o)
                0x000000000000fc54                coap_remove_observer
                0x000000000000fc96                coap_remove_observer_by_client
                0x000000000000fd0e                coap_remove_observer_by_token
                0x000000000000fdb1                coap_remove_observer_by_uri
                0x000000000000fe68                coap_remove_observer_by_mid
                0x000000000000fef4                coap_notify_observers
                0x000000000000ff17                coap_notify_observers_sub
                0x0000000000010388                coap_observe_handler
                0x00000000000104b3                coap_has_observers
 .text          0x000000000001052c      0x84c build/cooja/mtype512.a(coap-uip.o)
                0x000000000001052c                coap_endpoint_log
                0x00000000000105c9                coap_endpoint_print
                0x0000000000010666                coap_endpoint_snprint
                0x00000000000107af                coap_endpoint_copy
                0x00000000000107f6                coap_endpoint_cmp
                0x0000000000010927                coap_endpoint_parse
                0x0000000000010b38                coap_endpoint_is_secure
                0x0000000000010b51                coap_endpoint_is_connected
                0x0000000000010b95                coap_endpoint_connect
                0x0000000000010bbb                coap_endpoint_disconnect
                0x0000000000010bcb                coap_databuf
                0x0000000000010be2                coap_transport_init
                0x0000000000010c58                coap_sendto
 .text          0x0000000000010d78      0x3ad build/cooja/mtype512.a(coap-timer.o)
                0x0000000000010e9d                coap_timer_stop
                0x0000000000010ed8                coap_timer_set
                0x0000000000010f25                coap_timer_reset
                0x0000000000010f72                coap_timer_time_to_next_expiration
                0x0000000000010fef                coap_timer_run
                0x00000000000110d1                coap_timer_init
 .text          0x0000000000011125      0x334 build/cooja/mtype512.a(coap-transactio)
                0x00000000000111b3                coap_new_transaction
                0x000000000001122b                coap_send_transaction
                0x000000000001139d                coap_clear_transaction
                0x00000000000113f7                coap_get_transaction_by_mid
 .text          0x0000000000011459     0x1f9f build/cooja/mtype512.a(coap.o)
                0x0000000000011a54                coap_init_connection
                0x0000000000011a79                coap_get_mid
                0x0000000000011aa0                coap_init_message
                0x0000000000011af9                coap_serialize_message
                0x0000000000012190                coap_parse_message
                0x00000000000128ac                coap_get_query_variable
                0x00000000000128f8                coap_get_post_variable
                0x0000000000012946                coap_set_status_code
                0x0000000000012975                coap_set_token
                0x00000000000129cc                coap_get_header_content_format
                0x0000000000012a07                coap_set_header_content_format
                0x0000000000012a34                coap_get_header_accept
                0x0000000000012a6f                coap_set_header_accept
                0x0000000000012a9c                coap_get_header_max_age
                0x0000000000012ad7                coap_set_header_max_age
                0x0000000000012b01                coap_get_header_etag
                0x0000000000012b3d                coap_set_header_etag
                0x0000000000012ba4                coap_get_header_if_match
                0x0000000000012be0                coap_set_header_if_match
                0x0000000000012c47                coap_get_header_if_none_match
                0x0000000000012c6b                coap_set_header_if_none_match
                0x0000000000012c8c                coap_get_header_proxy_uri
                0x0000000000012cc4                coap_set_header_proxy_uri
                0x0000000000012d11                coap_get_header_uri_host
                0x0000000000012d49                coap_set_header_uri_host
                0x0000000000012d96                coap_get_header_uri_path
                0x0000000000012dce                coap_set_header_uri_path
                0x0000000000012e2c                coap_get_header_uri_query
                0x0000000000012e6a                coap_set_header_uri_query
                0x0000000000012ed1                coap_get_header_location_path
                0x0000000000012f09                coap_set_header_location_path
                0x0000000000012fb1                coap_get_header_location_query
                0x0000000000012fe9                coap_set_header_location_query
                0x0000000000013047                coap_get_header_observe
                0x0000000000013080                coap_set_header_observe
                0x00000000000130aa                coap_get_header_block2
                0x0000000000013120                coap_set_header_block2
                0x00000000000131a1                coap_get_header_block1
                0x0000000000013220                coap_set_header_block1
                0x00000000000132a5                coap_get_header_size2
                0x00000000000132df                coap_set_header_size2
                0x000000000001330c                coap_get_header_size1
                0x0000000000013346                coap_set_header_size1
                0x0000000000013373                coap_get_payload
                0x00000000000133b7                coap_set_payload
 .text          0x00000000000133f8      0x3c6 build/cooja/mtype512.a(contiki-main.o)
                0x00000000000133f8                main
 .text          0x00000000000137be       0xb0 build/cooja/mtype512.a(autostart.o)
                0x00000000000137be                autostart_start
                0x0000000000013817                autostart_exit
 .text          0x000000000001386e      0x400 build/cooja/mtype512.a(ctimer.o)
                0x00000000000139b1                ctimer_init
                0x00000000000139f6                ctimer_set
                0x0000000000013a29                ctimer_set_with_process
                0x0000000000013ac0                ctimer_reset
                0x0000000000013b2e                ctimer_restart
                0x0000000000013b9c                ctimer_stop
                0x0000000000013bfc                ctimer_expired
 .text          0x0000000000013c6e      0x4a3 build/cooja/mtype512.a(log.o)
                0x0000000000013c6e                log_6addr
                0x0000000000013cd2                log_6addr_compact_snprint
                0x0000000000013d92                log_6addr_compact
                0x0000000000013df6                log_lladdr
                0x0000000000013e7d                log_lladdr_compact
                0x0000000000013efa                log_bytes
                0x0000000000013f4e                log_set_level
                0x000000000001402c                log_get_level
                0x00000000000140bd                log_level_to_str
 .text          0x0000000000014111       0x39 build/cooja/mtype512.a(energest.o)
                0x0000000000014111                energest_init
                0x0000000000014121                energest_flush
                0x0000000000014131                energest_get_total_time
 .text          0x000000000001414a      0x527 build/cooja/mtype512.a(etimer.o)
                0x000000000001439f                etimer_request_poll
                0x0000000000014450                etimer_set
                0x0000000000014489                etimer_reset_with_new_interval
                0x00000000000144c8                etimer_reset
                0x00000000000144fe                etimer_restart
                0x0000000000014534                etimer_adjust
                0x000000000001455b                etimer_expired
                0x0000000000014578                etimer_expiration_time
                0x0000000000014594                etimer_start_time
                0x00000000000145a8                etimer_pending
                0x00000000000145c5                etimer_next_expiration_time
                0x00000000000145ed                etimer_stop
 .text          0x0000000000014671       0x36 build/cooja/mtype512.a(node-id.o)
                0x0000000000014671                node_id_init
 .text          0x00000000000146a7      0x122 build/cooja/mtype512.a(rtimer.o)
                0x00000000000146a7                rtimer_init
                0x00000000000146c6                rtimer_set
                0x0000000000014754                rtimer_run_next
 .text          0x00000000000147c9      0x5cb build/cooja/mtype512.a(process.o)
                0x00000000000147c9                process_alloc_event
                0x00000000000147ea                process_start
                0x00000000000149ef                process_exit
                0x0000000000014a17                process_init
                0x0000000000014bdf                process_run
                0x0000000000014c22                process_nevents
                0x0000000000014c47                process_post
                0x0000000000014cf4                process_post_synch
                0x0000000000014d3a                process_poll
                0x0000000000014d76                process_is_running
 .text.__x86.get_pc_thunk.si
                0x0000000000014d94        0x4 build/cooja/mtype512.a(process.o)
                0x0000000000014d94                __x86.get_pc_thunk.si
 .text          0x0000000000014d98       0xf6 build/cooja/mtype512.a(timer.o)
                0x0000000000014d98                timer_set
                0x0000000000014dc7                timer_reset
                0x0000000000014dfe                timer_restart
                0x0000000000014e24                timer_expired
                0x0000000000014e62                timer_remaining
 .text          0x0000000000014e8e      0x311 build/cooja/mtype512.a(list.o)
                0x0000000000014e8e                list_init
                0x0000000000014ea7                list_head
                0x0000000000014ebb                list_copy
                0x0000000000014ed5                list_tail
                0x0000000000014f15                list_add
                0x0000000000014f6b                list_push
                0x0000000000014fa1                list_chop
                0x0000000000015015                list_pop
                0x0000000000015047                list_remove
                0x00000000000150b9                list_length
                0x00000000000150f1                list_insert
                0x0000000000015140                list_item_next
                0x0000000000015161                list_contains
 .text          0x000000000001519f      0x1ec build/cooja/mtype512.a(memb.o)
                0x000000000001519f                memb_init
                0x0000000000015203                memb_alloc
                0x0000000000015270                memb_free
                0x00000000000152f1                memb_inmemb
                0x000000000001533a                memb_numfree
 .text          0x000000000001538b      0x566 build/cooja/mtype512.a(button-hal.o)
                0x000000000001557f                button_hal_get_by_id
                0x00000000000155c9                button_hal_get_by_index
                0x0000000000015603                button_hal_get_state
                0x0000000000015665                button_hal_init
 .text          0x00000000000158f1      0x242 build/cooja/mtype512.a(serial-line.o)
                0x00000000000158f1                serial_line_input_byte
                0x0000000000015ae9                serial_line_init
 .text          0x0000000000015b33      0x1d6 build/cooja/mtype512.a(gpio-hal.o)
                0x0000000000015b33                gpio_hal_register_handler
                0x0000000000015b61                gpio_hal_event_handler
                0x0000000000015bce                gpio_hal_init
                0x0000000000015bfd                gpio_hal_arch_port_toggle_pin
                0x0000000000015c48                gpio_hal_arch_port_toggle_pins
                0x0000000000015c85                gpio_hal_arch_no_port_toggle_pin
                0x0000000000015cd2                gpio_hal_arch_no_port_toggle_pins
 .text          0x0000000000015d09      0x3a9 build/cooja/mtype512.a(queuebuf.o)
                0x0000000000015d1d                queuebuf_init
                0x0000000000015d59                queuebuf_numfree
                0x0000000000015d83                queuebuf_new_from_packetbuf
                0x0000000000015e37                queuebuf_update_attr_from_packetbuf
                0x0000000000015e7b                queuebuf_update_from_packetbuf
                0x0000000000015eda                queuebuf_free
                0x0000000000015f38                queuebuf_to_packetbuf
                0x0000000000015fb5                queuebuf_dataptr
                0x0000000000016001                queuebuf_datalen
                0x000000000001602e                queuebuf_addr
                0x000000000001606d                queuebuf_attr
                0x00000000000160a2                queuebuf_debug_print
 .text          0x00000000000160b2      0x4dd build/cooja/mtype512.a(packetbuf.o)
                0x00000000000160b2                packetbuf_clear
                0x00000000000160e8                packetbuf_copyfrom
                0x0000000000016148                packetbuf_copyto
                0x00000000000161e6                packetbuf_hdralloc
                0x0000000000016276                packetbuf_hdrreduce
                0x00000000000162c8                packetbuf_set_datalen
                0x00000000000162ed                packetbuf_dataptr
                0x0000000000016314                packetbuf_hdrptr
                0x0000000000016329                packetbuf_datalen
                0x000000000001633f                packetbuf_hdrlen
                0x000000000001635e                packetbuf_totlen
                0x000000000001637e                packetbuf_remaininglen
                0x000000000001639b                packetbuf_attr_clear
                0x0000000000016401                packetbuf_attr_copyto
                0x0000000000016447                packetbuf_attr_copyfrom
                0x000000000001648d                packetbuf_set_attr
                0x00000000000164c3                packetbuf_attr
                0x00000000000164e9                packetbuf_set_addr
                0x0000000000016531                packetbuf_addr
                0x000000000001655b                packetbuf_holds_broadcast
 .text          0x000000000001658f      0x13c build/cooja/mtype512.a(netstack.o)
                0x000000000001658f                netstack_process_ip_callback
                0x0000000000016630                netstack_ip_packet_processor_add
                0x0000000000016664                uip_ds6_ip_packet_processor_rm
                0x0000000000016692                netstack_init
 .text          0x00000000000166cb       0x75 build/cooja/mtype512.a(linkaddr.o)
                0x00000000000166cb                linkaddr_copy
                0x00000000000166eb                linkaddr_cmp
                0x000000000001671e                linkaddr_set_node_addr
 .text          0x0000000000016740      0x2ae build/cooja/mtype512.a(csma.o)
 .text          0x00000000000169ee      0xa6f build/cooja/mtype512.a(csma-output.o)
                0x0000000000017160                csma_output_packet
                0x000000000001740f                csma_output_init
 .text          0x000000000001745d      0xe47 build/cooja/mtype512.a(uip-ds6.o)
                0x000000000001745d                uip_ds6_default_prefix
                0x0000000000017472                uip_ds6_set_default_prefix
                0x00000000000174a8                uip_ds6_init
                0x0000000000017743                uip_ds6_periodic
                0x00000000000177eb                uip_ds6_list_loop
                0x00000000000178ba                uip_ds6_prefix_add
                0x0000000000017981                uip_ds6_prefix_rm
                0x000000000001799e                uip_ds6_prefix_lookup
                0x00000000000179f1                uip_ds6_is_addr_onlink
                0x0000000000017a7e                uip_ds6_addr_add
                0x0000000000017bc0                uip_ds6_addr_rm
                0x0000000000017c7f                uip_ds6_addr_lookup
                0x0000000000017ccf                uip_ds6_get_link_local
                0x0000000000017d6d                uip_ds6_get_global
                0x0000000000017e0b                uip_ds6_maddr_add
                0x0000000000017e87                uip_ds6_maddr_rm
                0x0000000000017ea4                uip_ds6_maddr_lookup
                0x0000000000017ef7                uip_ds6_aaddr_add
                0x0000000000017f70                uip_ds6_aaddr_rm
                0x0000000000017f8d                uip_ds6_aaddr_lookup
                0x0000000000017fdd                uip_ds6_select_src
                0x000000000001814b                uip_ds6_set_addr_iid
                0x0000000000018180                uip_ds6_set_lladdr_from_iid
                0x00000000000181b3                get_match_length
                0x000000000001824e                uip_ds6_compute_reachable_time
 .text          0x00000000000182a4      0x152 build/cooja/mtype512.a(uip-udp-packet.)
                0x00000000000182a4                uip_udp_packet_send
                0x000000000001831d                uip_udp_packet_sendto
 .text          0x00000000000183f6      0x453 build/cooja/mtype512.a(uip-ds6-route.o)
                0x0000000000018458                uip_ds6_route_init
                0x0000000000018494                uip_ds6_route_count_nexthop_neighbors
                0x00000000000184a8                uip_ds6_route_nexthop
                0x00000000000184bc                uip_ds6_route_head
                0x00000000000184d0                uip_ds6_route_next
                0x00000000000184e4                uip_ds6_route_is_nexthop
                0x00000000000184f8                uip_ds6_route_num_routes
                0x000000000001850c                uip_ds6_route_lookup
                0x0000000000018520                uip_ds6_route_add
                0x000000000001853d                uip_ds6_route_rm
                0x000000000001854d                uip_ds6_route_rm_by_nexthop
                0x000000000001855d                uip_ds6_defrt_head
                0x0000000000018587                uip_ds6_defrt_add
                0x0000000000018647                uip_ds6_defrt_rm
                0x00000000000186c0                uip_ds6_defrt_lookup
                0x0000000000018737                uip_ds6_defrt_choose
                0x00000000000187bd                uip_ds6_defrt_periodic
 .text          0x0000000000018849      0x870 build/cooja/mtype512.a(tcpip.o)
                0x000000000001886f                tcpip_output
                0x000000000001891e                udp_attach
                0x0000000000018940                udp_new
                0x000000000001899a                udp_broadcast_new
                0x0000000000018b3a                tcpip_input
                0x0000000000018d30                tcpip_ipv6_output
                0x0000000000018f6c                tcpip_poll_udp
                0x0000000000018f9c                tcpip_uipcall
 .text          0x00000000000190b9     0x1520 build/cooja/mtype512.a(uip6.o)
                0x0000000000019172                uip_chksum
                0x000000000001926a                uip_icmp6chksum
                0x0000000000019289                uip_udpchksum
                0x00000000000192a8                uip_init
                0x0000000000019307                uip_remove_ext_hdr
                0x0000000000019402                uip_udp_new
                0x000000000001977b                uip_process
                0x000000000001a469                uip_htons
                0x000000000001a495                uip_htonl
                0x000000000001a4df                uip_send
 .text          0x000000000001a5d9      0x43e build/cooja/mtype512.a(uip-ds6-nbr.o)
                0x000000000001a5d9                uip_ds6_neighbors_init
                0x000000000001a60f                uip_ds6_nbr_add
                0x000000000001a6a9                uip_ds6_nbr_rm
                0x000000000001a708                uip_ds6_nbr_update_ll
                0x000000000001a805                uip_ds6_nbr_get_ipaddr
                0x000000000001a824                uip_ds6_nbr_get_ll
                0x000000000001a851                uip_ds6_nbr_num
                0x000000000001a8ab                uip_ds6_nbr_head
                0x000000000001a8d5                uip_ds6_nbr_next
                0x000000000001a902                uip_ds6_nbr_lookup
                0x000000000001a969                uip_ds6_nbr_ll_lookup
                0x000000000001a996                uip_ds6_nbr_ipaddr_from_lladdr
                0x000000000001a9c9                uip_ds6_nbr_lladdr_from_ipaddr
                0x000000000001aa07                uip_ds6_link_callback
 .text          0x000000000001aa17      0x810 build/cooja/mtype512.a(uip-nd6.o)
                0x000000000001b1fc                uip_nd6_init
 .text          0x000000000001b227     0x33b0 build/cooja/mtype512.a(sicslowpan.o)
                0x000000000001b925                netstack_sniffer_add
                0x000000000001b93e                netstack_sniffer_remove
                0x000000000001e596                sicslowpan_init
                0x000000000001e5c2                sicslowpan_get_last_rssi
 .text          0x000000000001e5d7      0x51a build/cooja/mtype512.a(uiplib.o)
                0x000000000001e5d7                uiplib_ip6addrconv
                0x000000000001e79d                uiplib_ip4addrconv
                0x000000000001e86a                uiplib_ipaddr_print
                0x000000000001e8ce                uiplib_ipaddr_snprint
 .text          0x000000000001eaf1      0x610 build/cooja/mtype512.a(rpl.o)
                0x000000000001eaf1                rpl_lollipop_greater_than
                0x000000000001eb54                rpl_get_global_address
                0x000000000001ec8a                rpl_link_callback
                0x000000000001eced                rpl_has_joined
                0x000000000001ed23                rpl_is_reachable
                0x000000000001edc6                rpl_reset_prefix
                0x000000000001ee42                rpl_set_prefix_from_addr
                0x000000000001ef54                rpl_set_prefix
                0x000000000001f0c8                rpl_set_leaf_only
                0x000000000001f0eb                rpl_get_leaf_only
 .text          0x000000000001f101     0x1491 build/cooja/mtype512.a(rpl-icmp6.o)
                0x000000000001f25e                rpl_icmp6_update_nbr_table
                0x000000000001f310                rpl_icmp6_dis_output
                0x000000000001f925                rpl_icmp6_dio_output
                0x000000000002017e                rpl_icmp6_dao_output
                0x00000000000204ab                rpl_icmp6_dao_ack_output
                0x0000000000020532                rpl_icmp6_init
 .text          0x0000000000020592      0x2e4 build/cooja/mtype512.a(rpl-dag-root.o)
                0x0000000000020592                rpl_dag_root_print_links
                0x00000000000206eb                rpl_dag_root_set_prefix
                0x0000000000020726                rpl_dag_root_start
                0x0000000000020834                rpl_dag_root_is_root
 .text          0x0000000000020876       0x6b build/cooja/mtype512.a(watchdog.o)
                0x0000000000020876                watchdog_init
                0x0000000000020886                watchdog_start
                0x0000000000020896                watchdog_periodic
                0x00000000000208c1                watchdog_stop
                0x00000000000208d1                watchdog_reboot
 .text          0x00000000000208e1       0x75 build/cooja/mtype512.a(int-master.o)
                0x00000000000208e1                int_master_enable
                0x00000000000208fb                int_master_read_and_disable
                0x0000000000020923                int_master_status_set
                0x000000000002093c                int_master_is_enabled
 .text          0x0000000000020956      0x2bc build/cooja/mtype512.a(coap-timer-defa)
 .text          0x0000000000020c12      0x11d build/cooja/mtype512.a(stimer.o)
                0x0000000000020c12                stimer_set
                0x0000000000020c41                stimer_reset
                0x0000000000020c78                stimer_restart
                0x0000000000020c9e                stimer_expired
                0x0000000000020cda                stimer_remaining
                0x0000000000020d06                stimer_elapsed
 .text          0x0000000000020d2f      0x188 build/cooja/mtype512.a(ringbuf.o)
                0x0000000000020d2f                ringbuf_init
                0x0000000000020d6b                ringbuf_put
                0x0000000000020df3                ringbuf_get
                0x0000000000020e6a                ringbuf_size
                0x0000000000020e86                ringbuf_elements
 .text          0x0000000000020eb7       0x31 build/cooja/mtype512.a(assert.o)
                0x0000000000020eb7                _xassert
 .text          0x0000000000020ee8      0xb68 build/cooja/mtype512.a(nbr-table.o)
                0x000000000002128a                nbr_table_count_entries
                0x0000000000021337                nbr_table_gc_get_worst
                0x0000000000021377                nbr_table_can_accept_new
                0x0000000000021500                nbr_table_entry_is_allowed
                0x00000000000215a0                nbr_table_register
                0x000000000002161e                nbr_table_is_registered
                0x0000000000021663                nbr_table_head
                0x00000000000216d0                nbr_table_next
                0x0000000000021742                nbr_table_add_lladdr
                0x0000000000021891                nbr_table_get_from_lladdr
                0x00000000000218ee                nbr_table_remove
                0x0000000000021939                nbr_table_lock
                0x000000000002195f                nbr_table_unlock
                0x0000000000021985                nbr_table_get_lladdr
                0x00000000000219bb                nbr_table_clear
                0x0000000000021a00                nbr_table_key_head
                0x0000000000021a2a                nbr_table_key_next
 .text          0x0000000000021a50      0x450 build/cooja/mtype512.a(link-stats.o)
                0x0000000000021a50                link_stats_from_lladdr
                0x0000000000021a7d                link_stats_get_lladdr
                0x0000000000021aaa                link_stats_is_fresh
                0x0000000000021af7                guess_etx_from_rssi
                0x0000000000021b7d                link_stats_packet_sent
                0x0000000000021cc1                link_stats_input_callback
                0x0000000000021df5                link_stats_reset
                0x0000000000021e57                link_stats_init
 .text          0x0000000000021ea0      0x1a8 build/cooja/mtype512.a(mac-sequence.o)
                0x0000000000021ea0                mac_sequence_is_duplicate
                0x0000000000021f60                mac_sequence_register_seqno
 .text          0x0000000000022048       0x2d build/cooja/mtype512.a(mac.o)
                0x0000000000022048                mac_call_sent_callback
 .text          0x0000000000022075      0x477 build/cooja/mtype512.a(framer-802154.o)
                0x0000000000022218                framer_802154_setup_params
 .text          0x00000000000224ec      0xc1a build/cooja/mtype512.a(frame802154.o)
                0x0000000000022527                frame802154_get_pan_id
                0x000000000002253d                frame802154_set_pan_id
                0x0000000000022562                frame802154_has_panid
                0x000000000002271b                frame802154_check_dest_panid
                0x00000000000227ad                frame802154_is_broadcast_addr
                0x0000000000022804                frame802154_extract_linkaddr
                0x0000000000022a8d                frame802154_hdrlen
                0x0000000000022b0a                frame802154_create_fcf
                0x0000000000022bcc                frame802154_create
                0x0000000000022d57                frame802154_parse_fcf
                0x0000000000022e43                frame802154_parse
 .text          0x0000000000023106       0x4e build/cooja/mtype512.a(csma-security.o)
                0x0000000000023106                csma_security_create_frame
                0x0000000000023137                csma_security_parse_frame
 .text          0x0000000000023154      0x5d3 build/cooja/mtype512.a(uipbuf.o)
                0x0000000000023154                uipbuf_clear
                0x000000000002318b                uipbuf_add_ext_hdr
                0x0000000000023226                uipbuf_set_len
                0x0000000000023260                uipbuf_set_len_field
                0x0000000000023296                uipbuf_get_len_field
                0x00000000000232c0                uipbuf_get_next_header
                0x0000000000023411                uipbuf_get_last_header
                0x0000000000023494                uipbuf_search_header
                0x0000000000023558                uipbuf_get_attr
                0x0000000000023589                uipbuf_set_attr
                0x00000000000235ca                uipbuf_set_default_attr
                0x000000000002360b                uipbuf_clear_attr
                0x000000000002364b                uipbuf_set_attr_flag
                0x0000000000023677                uipbuf_clr_attr_flag
                0x00000000000236a9                uipbuf_is_attr_flag
                0x00000000000236d7                uipbuf_init
 .text          0x0000000000023727      0x8b7 build/cooja/mtype512.a(uip-icmp6.o)
                0x00000000000237ac                uip_icmp6_input
                0x000000000002380d                uip_icmp6_register_input_handler
                0x00000000000239c1                uip_icmp6_error_output
                0x0000000000023d03                uip_icmp6_send
                0x0000000000023f31                uip_icmp6_echo_reply_callback_add
                0x0000000000023f74                uip_icmp6_echo_reply_callback_rm
                0x0000000000023fa2                uip_icmp6_init
 .text          0x0000000000023fde      0x772 build/cooja/mtype512.a(uip-sr.o)
                0x0000000000023fde                uip_sr_num_nodes
                0x000000000002408a                uip_sr_get_node
                0x00000000000240f1                uip_sr_is_addr_reachable
                0x00000000000241ae                uip_sr_expire_parent
                0x0000000000024201                uip_sr_update_node
                0x0000000000024345                uip_sr_init
                0x000000000002438b                uip_sr_node_head
                0x00000000000243b5                uip_sr_node_next
                0x00000000000243db                uip_sr_periodic
                0x00000000000244f7                uip_sr_free_all
                0x000000000002457c                uip_sr_link_snprint
 .text          0x0000000000024750      0x1a5 build/cooja/mtype512.a(uip-packetqueue)
                0x0000000000024790                uip_packetqueue_new
                0x00000000000247a9                uip_packetqueue_alloc
                0x0000000000024818                uip_packetqueue_free
                0x0000000000024870                uip_packetqueue_buf
                0x0000000000024897                uip_packetqueue_buflen
                0x00000000000248c2                uip_packetqueue_set_buflen
 .text          0x00000000000248f5       0x8d build/cooja/mtype512.a(rpl-nbr-policy.)
                0x0000000000024941                rpl_nbr_gc_get_worst
 .text          0x0000000000024982      0xaad build/cooja/mtype512.a(rpl-neighbor.o)
                0x0000000000024a1e                rpl_neighbor_snprint
                0x0000000000024d06                rpl_neighbor_print_list
                0x0000000000024dd9                rpl_neighbor_count
                0x0000000000024ebc                rpl_neighbor_get_from_lladdr
                0x0000000000024ee9                rpl_neighbor_is_acceptable_parent
                0x0000000000024f2f                rpl_neighbor_get_link_metric
                0x0000000000024f75                rpl_neighbor_rank_via_nbr
                0x0000000000024fbb                rpl_neighbor_get_lladdr
                0x0000000000024fe8                rpl_neighbor_get_ipaddr
                0x000000000002501e                rpl_neighbor_get_link_stats
                0x0000000000025054                rpl_neighbor_is_fresh
                0x000000000002508a                rpl_neighbor_is_parent
                0x00000000000250c1                rpl_neighbor_set_preferred_parent
                0x000000000002517b                rpl_neighbor_remove_all
                0x00000000000251e8                rpl_neighbor_get_from_ipaddr
                0x0000000000025322                rpl_neighbor_select_best
                0x00000000000253fd                rpl_neighbor_init
 .text          0x000000000002542f     0x11f4 build/cooja/mtype512.a(rpl-dag.o)
                0x000000000002542f                rpl_dag_state_to_str
                0x000000000002547d                rpl_dag_get_root_ipaddr
                0x00000000000254cd                rpl_dag_leave
                0x0000000000025583                rpl_dag_poison_and_leave
                0x00000000000255af                rpl_dag_periodic
                0x0000000000025674                rpl_is_addr_in_our_dag
                0x00000000000256d3                rpl_get_default_instance
                0x00000000000256fd                rpl_get_any_dag
                0x0000000000025773                rpl_refresh_routes
                0x00000000000257d6                rpl_global_repair
                0x00000000000258a7                rpl_local_repair
                0x000000000002590c                rpl_dag_ready_to_advertise
                0x0000000000025965                rpl_dag_update_state
                0x00000000000261e1                rpl_process_dio
                0x000000000002627c                rpl_process_dis
                0x00000000000262d2                rpl_process_dao
                0x0000000000026373                rpl_process_dao_ack
                0x000000000002642f                rpl_process_hbh
                0x000000000002648f                rpl_dag_init_root
                0x00000000000265f1                rpl_dag_init
 .text          0x0000000000026623      0xd8d build/cooja/mtype512.a(rpl-timers.o)
                0x0000000000026623                rpl_timers_schedule_periodic_dis
                0x00000000000267cd                rpl_timers_dio_reset
                0x0000000000026945                rpl_timers_schedule_unicast_dio
                0x0000000000026b18                rpl_timers_schedule_dao
                0x0000000000026c1e                rpl_timers_schedule_dao_ack
                0x0000000000026ced                rpl_timers_notify_dao_ack
                0x0000000000026d73                get_probing_delay
                0x0000000000026db8                get_probing_target
                0x0000000000026fed                rpl_schedule_probing
                0x0000000000027039                rpl_schedule_probing_now
                0x00000000000270d3                rpl_timers_unschedule_leaving
                0x000000000002712d                rpl_timers_schedule_leaving
                0x0000000000027192                rpl_timers_init
                0x0000000000027254                rpl_timers_stop_dag_timers
                0x0000000000027311                rpl_timers_unschedule_state_update
                0x000000000002734d                rpl_timers_schedule_state_update
 .text          0x00000000000273b0      0xd42 build/cooja/mtype512.a(rpl-ext-header.)
                0x00000000000273b0                rpl_ext_header_srh_get_next_hop
                0x00000000000274bb                rpl_ext_header_srh_update
                0x0000000000027aed                rpl_ext_header_hbh_update
                0x0000000000027e6c                rpl_ext_header_update
                0x0000000000027f1b                rpl_ext_header_remove
 .text          0x00000000000280f2      0x39b build/cooja/mtype512.a(rpl-mrhof.o)
 *fill*         0x000000000002848d        0x3 
 .text          0x0000000000028490      0x116 /usr/lib/gcc/i686-linux-gnu/7/libgcc.a(_udivdi3.o)
                0x0000000000028490                __udivdi3
 *fill*         0x00000000000285a6        0xa 
 .text          0x00000000000285b0       0x14 /usr/lib/i386-linux-gnu/libc_nonshared.a(stack_chk_fail_local.oS)
                0x00000000000285b0                __stack_chk_fail_local
 .text          0x00000000000285c4        0x0 /usr/lib/gcc/i686-linux-gnu/7/crtendS.o
 .text          0x00000000000285c4        0x0 /usr/lib/gcc/i686-linux-gnu/7/../../../i386-linux-gnu/crtn.o
 *(.gnu.warning)

.fini           0x00000000000285c4       0x14
 *(SORT_NONE(.fini))
 .fini          0x00000000000285c4        0xf /usr/lib/gcc/i686-linux-gnu/7/../../../i386-linux-gnu/crti.o
                0x00000000000285c4                _fini
 .fini          0x00000000000285d3        0x5 /usr/lib/gcc/i686-linux-gnu/7/../../../i386-linux-gnu/crtn.o
                [!provide]                        PROVIDE (__etext = .)
                [!provide]                        PROVIDE (_etext = .)
                [!provide]                        PROVIDE (etext = .)

.rodata         0x00000000000285d8      0xaa3
 *(.rodata .rodata.* .gnu.linkonce.r.*)
 .rodata        0x00000000000285d8      0x194 glucose-server.o
 .rodata        0x000000000002876c        0x6 build/cooja/mtype512.a(leds-arch.o)
                0x000000000002876c                leds_arch_leds
 .rodata        0x0000000000028772        0x4 build/cooja/mtype512.a(pir-sensor.o)
 .rodata        0x0000000000028776        0x6 build/cooja/mtype512.a(rs232.o)
 .rodata        0x000000000002877c        0xa build/cooja/mtype512.a(vib-sensor.o)
 *fill*         0x0000000000028786        0x2 
 .rodata        0x0000000000028788       0x27 build/cooja/mtype512.a(cfs-cooja.o)
 *fill*         0x00000000000287af        0x1 
 .rodata        0x00000000000287b0       0x68 build/cooja/mtype512.a(cooja-radio.o)
 .rodata        0x0000000000028818        0x8 build/cooja/mtype512.a(sensors.o)
 .rodata        0x0000000000028820       0x14 build/cooja/mtype512.a(buttons.o)
                0x000000000002882c                button_hal_button_count
 .rodata        0x0000000000028834       0x56 build/cooja/mtype512.a(res-alarm.o)
 *fill*         0x000000000002888a        0x2 
 .rodata        0x000000000002888c       0xfb build/cooja/mtype512.a(res-glucose.o)
 .rodata        0x0000000000028987       0x41 build/cooja/mtype512.a(coap-engine.o)
 .rodata        0x00000000000289c8       0x19 build/cooja/mtype512.a(coap-res-well-k)
 .rodata        0x00000000000289e1       0x11 build/cooja/mtype512.a(coap-observe.o)
 .rodata        0x00000000000289f2       0x35 build/cooja/mtype512.a(coap-uip.o)
 *fill*         0x0000000000028a27        0x1 
 .rodata        0x0000000000028a28      0x1ac build/cooja/mtype512.a(coap.o)
 .rodata        0x0000000000028bd4       0xfc build/cooja/mtype512.a(contiki-main.o)
 .rodata        0x0000000000028cd0        0xf build/cooja/mtype512.a(ctimer.o)
 *fill*         0x0000000000028cdf        0x1 
 .rodata        0x0000000000028ce0       0xc4 build/cooja/mtype512.a(log.o)
 .rodata        0x0000000000028da4        0xc build/cooja/mtype512.a(etimer.o)
 .rodata        0x0000000000028db0       0x13 build/cooja/mtype512.a(button-hal.o)
 .rodata        0x0000000000028dc3        0xe build/cooja/mtype512.a(serial-line.o)
 *fill*         0x0000000000028dd1        0x3 
 .rodata        0x0000000000028dd4        0x8 build/cooja/mtype512.a(linkaddr.o)
                0x0000000000028dd4                linkaddr_null
 .rodata        0x0000000000028ddc        0x5 build/cooja/mtype512.a(csma.o)
 *fill*         0x0000000000028de1        0x3 
 .rodata        0x0000000000028de4       0x2a build/cooja/mtype512.a(csma-output.o)
 *fill*         0x0000000000028e0e        0x2 
 .rodata        0x0000000000028e10       0x4d build/cooja/mtype512.a(uip-ds6-route.o)
 .rodata        0x0000000000028e5d        0xd build/cooja/mtype512.a(tcpip.o)
 *fill*         0x0000000000028e6a        0x2 
 .rodata        0x0000000000028e6c       0x1f build/cooja/mtype512.a(sicslowpan.o)
                0x0000000000028e6c                unc_llconf
                0x0000000000028e70                unc_ctxconf
                0x0000000000028e74                unc_mxconf
                0x0000000000028e78                llprefix
 .rodata        0x0000000000028e8b       0x2d build/cooja/mtype512.a(uiplib.o)
 .rodata        0x0000000000028eb8        0x9 build/cooja/mtype512.a(rpl.o)
 .rodata        0x0000000000028ec1       0x13 build/cooja/mtype512.a(coap-timer-defa)
 .rodata        0x0000000000028ed4       0x25 build/cooja/mtype512.a(assert.o)
 .rodata        0x0000000000028ef9       0x44 build/cooja/mtype512.a(uip-sr.o)
 *fill*         0x0000000000028f3d        0x3 
 .rodata        0x0000000000028f40       0x58 build/cooja/mtype512.a(rpl-neighbor.o)
 .rodata        0x0000000000028f98       0xd7 build/cooja/mtype512.a(rpl-dag.o)
 .rodata        0x000000000002906f        0xc build/cooja/mtype512.a(rpl-timers.o)

.rodata1
 *(.rodata1)

.eh_frame_hdr   0x000000000002907c     0x1a6c
 *(.eh_frame_hdr)
 .eh_frame_hdr  0x000000000002907c     0x1a6c glucose-server.o
                0x000000000002907c                __GNU_EH_FRAME_HDR
 *(.eh_frame_entry .eh_frame_entry.*)

.eh_frame       0x000000000002aae8     0x7250
 *(.eh_frame)
 .eh_frame      0x000000000002aae8       0x3c /usr/lib/gcc/i686-linux-gnu/7/../../../i386-linux-gnu/crti.o
                                         0x40 (size before relaxing)
 .eh_frame      0x000000000002ab24       0x14 /usr/lib/gcc/i686-linux-gnu/7/../../../i386-linux-gnu/crti.o
                                         0x2c (size before relaxing)
 .eh_frame      0x000000000002ab38       0x6c glucose-server.o
                                         0x98 (size before relaxing)
 .eh_frame      0x000000000002aba4      0x1ac build/cooja/mtype512.o
                                        0x1ec (size before relaxing)
 .eh_frame      0x000000000002ad50       0x48 build/cooja/mtype512.a(simEnvChange.o)
                                         0x74 (size before relaxing)
 .eh_frame      0x000000000002ad98       0x6c build/cooja/mtype512.a(cooja_mt.o)
                                         0x98 (size before relaxing)
 .eh_frame      0x000000000002ae04       0x88 build/cooja/mtype512.a(cooja_mtarch.o)
                                         0xc8 (size before relaxing)
 .eh_frame      0x000000000002ae8c       0xe4 build/cooja/mtype512.a(rtimer-arch.o)
                                        0x110 (size before relaxing)
 .eh_frame      0x000000000002af70      0x160 build/cooja/mtype512.a(beep.o)
                                        0x18c (size before relaxing)
 .eh_frame      0x000000000002b0d0       0x88 build/cooja/mtype512.a(leds-arch.o)
                                         0xc8 (size before relaxing)
 .eh_frame      0x000000000002b158       0x44 build/cooja/mtype512.a(moteid.o)
                                         0x70 (size before relaxing)
 .eh_frame      0x000000000002b19c       0xa4 build/cooja/mtype512.a(pir-sensor.o)
                                         0xe4 (size before relaxing)
 .eh_frame      0x000000000002b240      0x110 build/cooja/mtype512.a(rs232.o)
                                        0x150 (size before relaxing)
 .eh_frame      0x000000000002b350       0xa4 build/cooja/mtype512.a(vib-sensor.o)
                                         0xe4 (size before relaxing)
 .eh_frame      0x000000000002b3f4       0xc0 build/cooja/mtype512.a(clock.o)
                                         0xec (size before relaxing)
 .eh_frame      0x000000000002b4b4      0x130 build/cooja/mtype512.a(cooja-log.o)
                                        0x170 (size before relaxing)
 .eh_frame      0x000000000002b5e4      0x16c build/cooja/mtype512.a(cfs-cooja.o)
                                        0x1ac (size before relaxing)
 .eh_frame      0x000000000002b750      0x374 build/cooja/mtype512.a(cooja-radio.o)
                                        0x3b4 (size before relaxing)
 .eh_frame      0x000000000002bac4       0xa8 build/cooja/mtype512.a(eeprom.o)
                                         0xe8 (size before relaxing)
 .eh_frame      0x000000000002bb6c       0x48 build/cooja/mtype512.a(random.o)
                                         0x74 (size before relaxing)
 .eh_frame      0x000000000002bbb4       0xd0 build/cooja/mtype512.a(sensors.o)
                                        0x110 (size before relaxing)
 .eh_frame      0x000000000002bc84      0x140 build/cooja/mtype512.a(leds.o)
                                        0x180 (size before relaxing)
 .eh_frame      0x000000000002bdc4      0x228 build/cooja/mtype512.a(gpio-hal-arch.o)
                                        0x27c (size before relaxing)
 .eh_frame      0x000000000002bfec       0xa4 build/cooja/mtype512.a(buttons.o)
                                         0xe4 (size before relaxing)
 .eh_frame      0x000000000002c090       0x24 build/cooja/mtype512.a(res-alarm.o)
                                         0x50 (size before relaxing)
 .eh_frame      0x000000000002c0b4       0x6c build/cooja/mtype512.a(res-glucose.o)
                                         0x98 (size before relaxing)
 .eh_frame      0x000000000002c120       0x48 build/cooja/mtype512.a(coap-blocking-a)
                                         0x88 (size before relaxing)
 .eh_frame      0x000000000002c168      0x24c build/cooja/mtype512.a(coap-engine.o)
                                        0x28c (size before relaxing)
 .eh_frame      0x000000000002c3b4       0x2c build/cooja/mtype512.a(coap-res-well-k)
                                         0x58 (size before relaxing)
 .eh_frame      0x000000000002c3e0      0x1b4 build/cooja/mtype512.a(coap-observe.o)
                                        0x1f4 (size before relaxing)
 .eh_frame      0x000000000002c594      0x278 build/cooja/mtype512.a(coap-uip.o)
                                        0x2b8 (size before relaxing)
 .eh_frame      0x000000000002c80c      0x128 build/cooja/mtype512.a(coap-timer.o)
                                        0x168 (size before relaxing)
 .eh_frame      0x000000000002c934      0x110 build/cooja/mtype512.a(coap-transactio)
                                        0x150 (size before relaxing)
 .eh_frame      0x000000000002ca44      0x72c build/cooja/mtype512.a(coap.o)
                                        0x76c (size before relaxing)
 .eh_frame      0x000000000002d170       0x38 build/cooja/mtype512.a(contiki-main.o)
                                         0x64 (size before relaxing)
 .eh_frame      0x000000000002d1a8       0x48 build/cooja/mtype512.a(autostart.o)
                                         0x74 (size before relaxing)
 .eh_frame      0x000000000002d1f0      0x11c build/cooja/mtype512.a(ctimer.o)
                                        0x15c (size before relaxing)
 .eh_frame      0x000000000002d30c      0x144 build/cooja/mtype512.a(log.o)
                                        0x184 (size before relaxing)
 .eh_frame      0x000000000002d450       0x60 build/cooja/mtype512.a(energest.o)
                                         0x8c (size before relaxing)
 .eh_frame      0x000000000002d4b0      0x204 build/cooja/mtype512.a(etimer.o)
                                        0x244 (size before relaxing)
 .eh_frame      0x000000000002d6b4       0x20 build/cooja/mtype512.a(node-id.o)
                                         0x4c (size before relaxing)
 .eh_frame      0x000000000002d6d4       0x6c build/cooja/mtype512.a(rtimer.o)
                                         0xc0 (size before relaxing)
 .eh_frame      0x000000000002d740      0x1ec build/cooja/mtype512.a(process.o)
                                        0x22c (size before relaxing)
 .eh_frame      0x000000000002d92c       0xb4 build/cooja/mtype512.a(timer.o)
                                         0xe0 (size before relaxing)
 .eh_frame      0x000000000002d9e0      0x1a0 build/cooja/mtype512.a(list.o)
                                        0x1cc (size before relaxing)
 .eh_frame      0x000000000002db80       0xa4 build/cooja/mtype512.a(memb.o)
                                         0xe4 (size before relaxing)
 .eh_frame      0x000000000002dc24      0x188 build/cooja/mtype512.a(button-hal.o)
                                        0x1c8 (size before relaxing)
 .eh_frame      0x000000000002ddac       0x6c build/cooja/mtype512.a(serial-line.o)
                                         0x98 (size before relaxing)
 .eh_frame      0x000000000002de18       0xfc build/cooja/mtype512.a(gpio-hal.o)
                                        0x13c (size before relaxing)
 .eh_frame      0x000000000002df14      0x1c0 build/cooja/mtype512.a(queuebuf.o)
                                        0x200 (size before relaxing)
 .eh_frame      0x000000000002e0d4      0x2b0 build/cooja/mtype512.a(packetbuf.o)
                                        0x2f0 (size before relaxing)
 .eh_frame      0x000000000002e384       0x90 build/cooja/mtype512.a(netstack.o)
                                         0xd0 (size before relaxing)
 .eh_frame      0x000000000002e414       0x64 build/cooja/mtype512.a(linkaddr.o)
                                         0x90 (size before relaxing)
 .eh_frame      0x000000000002e478       0xf0 build/cooja/mtype512.a(csma.o)
                                        0x130 (size before relaxing)
 .eh_frame      0x000000000002e568      0x1f8 build/cooja/mtype512.a(csma-output.o)
                                        0x238 (size before relaxing)
 .eh_frame      0x000000000002e760      0x364 build/cooja/mtype512.a(uip-ds6.o)
                                        0x3a4 (size before relaxing)
 .eh_frame      0x000000000002eac4       0x44 build/cooja/mtype512.a(uip-udp-packet.)
                                         0x84 (size before relaxing)
 .eh_frame      0x000000000002eb08      0x260 build/cooja/mtype512.a(uip-ds6-route.o)
                                        0x2a0 (size before relaxing)
 .eh_frame      0x000000000002ed68      0x270 build/cooja/mtype512.a(tcpip.o)
                                        0x2b0 (size before relaxing)
 .eh_frame      0x000000000002efd8      0x20c build/cooja/mtype512.a(uip6.o)
                                        0x24c (size before relaxing)
 .eh_frame      0x000000000002f1e4      0x1e8 build/cooja/mtype512.a(uip-ds6-nbr.o)
                                        0x228 (size before relaxing)
 .eh_frame      0x000000000002f3cc       0x8c build/cooja/mtype512.a(uip-nd6.o)
                                         0xe0 (size before relaxing)
 .eh_frame      0x000000000002f458      0x354 build/cooja/mtype512.a(sicslowpan.o)
                                        0x3a8 (size before relaxing)
 .eh_frame      0x000000000002f7ac       0x9c build/cooja/mtype512.a(uiplib.o)
                                         0xdc (size before relaxing)
 .eh_frame      0x000000000002f848      0x1fc build/cooja/mtype512.a(rpl.o)
                                        0x23c (size before relaxing)
 .eh_frame      0x000000000002fa44      0x1f0 build/cooja/mtype512.a(rpl-icmp6.o)
                                        0x230 (size before relaxing)
 .eh_frame      0x000000000002fc34       0xb0 build/cooja/mtype512.a(rpl-dag-root.o)
                                         0xf0 (size before relaxing)
 .eh_frame      0x000000000002fce4       0xa4 build/cooja/mtype512.a(watchdog.o)
                                         0xd0 (size before relaxing)
 .eh_frame      0x000000000002fd88       0x80 build/cooja/mtype512.a(int-master.o)
                                         0xac (size before relaxing)
 .eh_frame      0x000000000002fe08       0xc4 build/cooja/mtype512.a(coap-timer-defa)
                                        0x104 (size before relaxing)
 .eh_frame      0x000000000002fecc       0xd8 build/cooja/mtype512.a(stimer.o)
                                        0x104 (size before relaxing)
 .eh_frame      0x000000000002ffa4       0xa0 build/cooja/mtype512.a(ringbuf.o)
                                         0xcc (size before relaxing)
 .eh_frame      0x0000000000030044       0x24 build/cooja/mtype512.a(assert.o)
                                         0x50 (size before relaxing)
 .eh_frame      0x0000000000030068      0x428 build/cooja/mtype512.a(nbr-table.o)
                                        0x468 (size before relaxing)
 .eh_frame      0x0000000000030490      0x140 build/cooja/mtype512.a(link-stats.o)
                                        0x180 (size before relaxing)
 .eh_frame      0x00000000000305d0       0x50 build/cooja/mtype512.a(mac-sequence.o)
                                         0x7c (size before relaxing)
 .eh_frame      0x0000000000030620       0x20 build/cooja/mtype512.a(mac.o)
                                         0x4c (size before relaxing)
 .eh_frame      0x0000000000030640       0xb4 build/cooja/mtype512.a(framer-802154.o)
                                         0xf4 (size before relaxing)
 .eh_frame      0x00000000000306f4      0x1b0 build/cooja/mtype512.a(frame802154.o)
                                        0x1f0 (size before relaxing)
 .eh_frame      0x00000000000308a4       0x44 build/cooja/mtype512.a(csma-security.o)
                                         0x84 (size before relaxing)
 .eh_frame      0x00000000000308e8      0x204 build/cooja/mtype512.a(uipbuf.o)
                                        0x230 (size before relaxing)
 .eh_frame      0x0000000000030aec      0x170 build/cooja/mtype512.a(uip-icmp6.o)
                                        0x1b0 (size before relaxing)
 .eh_frame      0x0000000000030c5c      0x1ac build/cooja/mtype512.a(uip-sr.o)
                                        0x1ec (size before relaxing)
 .eh_frame      0x0000000000030e08       0xec build/cooja/mtype512.a(uip-packetqueue)
                                        0x12c (size before relaxing)
 .eh_frame      0x0000000000030ef4       0x48 build/cooja/mtype512.a(rpl-nbr-policy.)
                                         0x88 (size before relaxing)
 .eh_frame      0x0000000000030f3c      0x2ec build/cooja/mtype512.a(rpl-neighbor.o)
                                        0x340 (size before relaxing)
 .eh_frame      0x0000000000031228      0x3c0 build/cooja/mtype512.a(rpl-dag.o)
                                        0x414 (size before relaxing)
 .eh_frame      0x00000000000315e8      0x418 build/cooja/mtype512.a(rpl-timers.o)
                                        0x458 (size before relaxing)
 .eh_frame      0x0000000000031a00      0x144 build/cooja/mtype512.a(rpl-ext-header.)
                                        0x184 (size before relaxing)
 .eh_frame      0x0000000000031b44      0x150 build/cooja/mtype512.a(rpl-mrhof.o)
                                        0x190 (size before relaxing)
 .eh_frame      0x0000000000031c94       0x84 /usr/lib/gcc/i686-linux-gnu/7/libgcc.a(_udivdi3.o)
                                         0x9c (size before relaxing)
 .eh_frame      0x0000000000031d18       0x1c /usr/lib/i386-linux-gnu/libc_nonshared.a(stack_chk_fail_local.oS)
                                         0x48 (size before relaxing)
 .eh_frame      0x0000000000031d34        0x4 /usr/lib/gcc/i686-linux-gnu/7/crtendS.o
 *(.eh_frame.*)

.gcc_except_table
 *(.gcc_except_table .gcc_except_table.*)

.gnu_extab
 *(.gnu_extab*)

.exception_ranges
 *(.exception_ranges .exception_ranges*)
                0x0000000000033bf8                . = DATA_SEGMENT_ALIGN (CONSTANT (MAXPAGESIZE), CONSTANT (COMMONPAGESIZE))

.eh_frame
 *(.eh_frame)
 *(.eh_frame.*)

.gnu_extab
 *(.gnu_extab)

.gcc_except_table
 *(.gcc_except_table .gcc_except_table.*)

.exception_ranges
 *(.exception_ranges .exception_ranges*)

.tdata
 *(.tdata .tdata.* .gnu.linkonce.td.*)

.tbss
 *(.tbss .tbss.* .gnu.linkonce.tb.*)
 *(.tcommon)

.preinit_array
 *(.preinit_array)

.init_array     0x0000000000033bf8        0x4
 *(SORT_BY_INIT_PRIORITY(.init_array.*) SORT_BY_INIT_PRIORITY(.ctors.*))
 *(.init_array EXCLUDE_FILE(*crtend?.o *crtend.o *crtbegin?.o *crtbegin.o) .ctors)
 .init_array    0x0000000000033bf8        0x4 /usr/lib/gcc/i686-linux-gnu/7/crtbeginS.o

.fini_array     0x0000000000033bfc        0x4
 *(SORT_BY_INIT_PRIORITY(.fini_array.*) SORT_BY_INIT_PRIORITY(.dtors.*))
 *(.fini_array EXCLUDE_FILE(*crtend?.o *crtend.o *crtbegin?.o *crtbegin.o) .dtors)
 .fini_array    0x0000000000033bfc        0x4 /usr/lib/gcc/i686-linux-gnu/7/crtbeginS.o

.ctors
 *crtbegin.o(.ctors)
 *crtbegin?.o(.ctors)
 *(EXCLUDE_FILE(*crtend?.o *crtend.o) .ctors)
 *(SORT_BY_NAME(.ctors.*))
 *(.ctors)

.dtors
 *crtbegin.o(.dtors)
 *crtbegin?.o(.dtors)
 *(EXCLUDE_FILE(*crtend?.o *crtend.o) .dtors)
 *(SORT_BY_NAME(.dtors.*))
 *(.dtors)

.jcr
 *(.jcr)

.data.rel.ro    0x0000000000033c00      0x198
 *(.data.rel.ro.local* .gnu.linkonce.d.rel.ro.local.*)
 .data.rel.ro.local
                0x0000000000033c00        0x8 glucose-server.o
                0x0000000000033c00                autostart_processes
 .data.rel.ro.local
                0x0000000000033c08        0x8 build/cooja/mtype512.a(beep.o)
                0x0000000000033c08                beep_interface
 .data.rel.ro.local
                0x0000000000033c10        0x8 build/cooja/mtype512.a(leds-arch.o)
                0x0000000000033c10                leds_interface
 .data.rel.ro.local
                0x0000000000033c18        0x8 build/cooja/mtype512.a(moteid.o)
                0x0000000000033c18                moteid_interface
 .data.rel.ro.local
                0x0000000000033c20       0x18 build/cooja/mtype512.a(pir-sensor.o)
                0x0000000000033c20                pir_interface
                0x0000000000033c28                pir_sensor
 .data.rel.ro.local
                0x0000000000033c38        0x8 build/cooja/mtype512.a(rs232.o)
                0x0000000000033c38                rs232_interface
 .data.rel.ro.local
                0x0000000000033c40       0x18 build/cooja/mtype512.a(vib-sensor.o)
                0x0000000000033c40                vib_interface
                0x0000000000033c48                vib_sensor
 .data.rel.ro.local
                0x0000000000033c58        0x8 build/cooja/mtype512.a(clock.o)
                0x0000000000033c58                clock_interface
 .data.rel.ro.local
                0x0000000000033c60        0x8 build/cooja/mtype512.a(cooja-log.o)
                0x0000000000033c60                simlog_interface
 .data.rel.ro.local
                0x0000000000033c68        0x8 build/cooja/mtype512.a(cfs-cooja.o)
                0x0000000000033c68                cfs_interface
 *fill*         0x0000000000033c70       0x10 
 .data.rel.ro.local
                0x0000000000033c80       0x58 build/cooja/mtype512.a(cooja-radio.o)
                0x0000000000033c80                radio_interface
                0x0000000000033ca0                cooja_radio_driver
 .data.rel.ro.local
                0x0000000000033cd8        0x8 build/cooja/mtype512.a(eeprom.o)
                0x0000000000033cd8                eeprom_interface
 .data.rel.ro.local
                0x0000000000033ce0       0x18 build/cooja/mtype512.a(buttons.o)
                0x0000000000033ce0                button_interface
                0x0000000000033ce8                button_sensor
 .data.rel.ro.local
                0x0000000000033cf8       0x1c build/cooja/mtype512.a(csma.o)
                0x0000000000033cf8                csma_driver
 .data.rel.ro.local
                0x0000000000033d14       0x10 build/cooja/mtype512.a(sicslowpan.o)
                0x0000000000033d14                sicslowpan_driver
 .data.rel.ro.local
                0x0000000000033d24        0xc build/cooja/mtype512.a(coap-timer-defa)
                0x0000000000033d24                coap_timer_default_driver
 .data.rel.ro.local
                0x0000000000033d30        0xc build/cooja/mtype512.a(framer-802154.o)
                0x0000000000033d30                framer_802154
 *(.data.rel.ro .data.rel.ro.* .gnu.linkonce.d.rel.ro.*)
 .data.rel.ro   0x0000000000033d3c        0x0 /usr/lib/gcc/i686-linux-gnu/7/../../../i386-linux-gnu/crti.o
 *fill*         0x0000000000033d3c        0x4 
 .data.rel.ro   0x0000000000033d40       0x54 build/cooja/mtype512.a(rpl.o)
                0x0000000000033d40                rpl_lite_driver
 .data.rel.ro   0x0000000000033d94        0x4 build/cooja/mtype512.a(rpl-dag.o)

.dynamic        0x0000000000033d98       0xf0
 *(.dynamic)
 .dynamic       0x0000000000033d98       0xf0 /usr/lib/gcc/i686-linux-gnu/7/../../../i386-linux-gnu/crti.o
                0x0000000000033d98                _DYNAMIC

.got            0x0000000000033e88      0x160
 *(.got)
 .got           0x0000000000033e88      0x160 /usr/lib/gcc/i686-linux-gnu/7/../../../i386-linux-gnu/crti.o
 *(.igot)
                0x0000000000033ff4                . = DATA_SEGMENT_RELRO_END (., (SIZEOF (.got.plt) >= 0xc)?0xc:0x0)

.got.plt        0x0000000000034000      0x58c
 *(.got.plt)
 .got.plt       0x0000000000034000      0x58c /usr/lib/gcc/i686-linux-gnu/7/../../../i386-linux-gnu/crti.o
                0x0000000000034000                _GLOBAL_OFFSET_TABLE_
 *(.igot.plt)

.data           0x00000000000345a0      0x464
 *(.data .data.* .gnu.linkonce.d.*)
 .data          0x00000000000345a0        0x0 /usr/lib/gcc/i686-linux-gnu/7/../../../i386-linux-gnu/crti.o
 .data          0x00000000000345a0        0x0 /usr/lib/gcc/i686-linux-gnu/7/crtbeginS.o
 .data.rel.local
                0x00000000000345a0        0x4 /usr/lib/gcc/i686-linux-gnu/7/crtbeginS.o
                0x00000000000345a0                __dso_handle
 .data          0x00000000000345a4        0x0 glucose-server.o
 .data.rel.local
                0x00000000000345a4       0x14 glucose-server.o
                0x00000000000345a4                glucose_server
                0x00000000000345b4                service_url
 .data          0x00000000000345b8        0x0 build/cooja/mtype512.o
 *fill*         0x00000000000345b8        0x8 
 .data.rel      0x00000000000345c0       0x44 build/cooja/mtype512.o
                0x00000000000345c0                simInterfaces
                0x00000000000345f4                sensors
 .data          0x0000000000034604        0x0 build/cooja/mtype512.a(simEnvChange.o)
 .data          0x0000000000034604        0x0 build/cooja/mtype512.a(cooja_mt.o)
 .data          0x0000000000034604        0x0 build/cooja/mtype512.a(cooja_mtarch.o)
 .data          0x0000000000034604        0x0 build/cooja/mtype512.a(rtimer-arch.o)
 .data          0x0000000000034604        0x0 build/cooja/mtype512.a(beep.o)
 .data          0x0000000000034604        0x0 build/cooja/mtype512.a(leds-arch.o)
 .data          0x0000000000034604        0x0 build/cooja/mtype512.a(moteid.o)
 .data          0x0000000000034604        0x0 build/cooja/mtype512.a(pir-sensor.o)
 .data          0x0000000000034604        0x0 build/cooja/mtype512.a(rs232.o)
 .data          0x0000000000034604        0x0 build/cooja/mtype512.a(vib-sensor.o)
 .data          0x0000000000034604        0x0 build/cooja/mtype512.a(clock.o)
 .data          0x0000000000034604        0x0 build/cooja/mtype512.a(cooja-log.o)
 .data          0x0000000000034604        0x0 build/cooja/mtype512.a(cfs-cooja.o)
 .data          0x0000000000034604       0x20 build/cooja/mtype512.a(cooja-radio.o)
                0x0000000000034604                simRadioHWOn
                0x0000000000034608                simSignalStrength
                0x000000000003460c                simLastSignalStrength
                0x0000000000034610                simPower
                0x0000000000034614                simRadioChannel
                0x0000000000034618                simLQI
                0x000000000003461c                simLastLQI
 .data.rel.local
                0x0000000000034624       0x10 build/cooja/mtype512.a(cooja-radio.o)
                0x0000000000034624                cooja_radio_process
 .data          0x0000000000034634        0x0 build/cooja/mtype512.a(eeprom.o)
 .data          0x0000000000034634        0x0 build/cooja/mtype512.a(random.o)
 .data          0x0000000000034634        0x0 build/cooja/mtype512.a(sensors.o)
 .data.rel.local
                0x0000000000034634       0x10 build/cooja/mtype512.a(sensors.o)
                0x0000000000034634                sensors_process
 .data          0x0000000000034644        0x0 build/cooja/mtype512.a(leds.o)
 .data          0x0000000000034644        0x0 build/cooja/mtype512.a(gpio-hal-arch.o)
 .data          0x0000000000034644        0x1 build/cooja/mtype512.a(buttons.o)
                0x0000000000034644                simButtonIsActive
 *fill*         0x0000000000034645       0x1b 
 .data.rel.local
                0x0000000000034660       0x58 build/cooja/mtype512.a(buttons.o)
                0x00000000000346b0                button_hal_buttons
 .data          0x00000000000346b8        0x0 build/cooja/mtype512.a(res-alarm.o)
 *fill*         0x00000000000346b8        0x8 
 .data.rel.local
                0x00000000000346c0       0x24 build/cooja/mtype512.a(res-alarm.o)
                0x00000000000346c0                res_alarm
 .data          0x00000000000346e4        0xc build/cooja/mtype512.a(res-glucose.o)
 *fill*         0x00000000000346f0       0x10 
 .data.rel.local
                0x0000000000034700       0x24 build/cooja/mtype512.a(res-glucose.o)
                0x0000000000034700                res_glucose
 .data          0x0000000000034724        0x0 build/cooja/mtype512.a(coap-blocking-a)
 .data          0x0000000000034724        0x0 build/cooja/mtype512.a(coap-engine.o)
 .data.rel.local
                0x0000000000034724        0x8 build/cooja/mtype512.a(coap-engine.o)
 .data          0x000000000003472c        0x0 build/cooja/mtype512.a(coap-res-well-k)
 *fill*         0x000000000003472c       0x14 
 .data.rel.local
                0x0000000000034740       0x24 build/cooja/mtype512.a(coap-res-well-k)
                0x0000000000034740                res_well_known_core
 .data          0x0000000000034764        0x0 build/cooja/mtype512.a(coap-observe.o)
 .data.rel.local
                0x0000000000034764       0x10 build/cooja/mtype512.a(coap-observe.o)
 .data          0x0000000000034774        0x0 build/cooja/mtype512.a(coap-uip.o)
 .data.rel.local
                0x0000000000034774       0x10 build/cooja/mtype512.a(coap-uip.o)
                0x0000000000034774                coap_engine
 .data          0x0000000000034784        0x0 build/cooja/mtype512.a(coap-timer.o)
 .data.rel.local
                0x0000000000034784        0x4 build/cooja/mtype512.a(coap-timer.o)
 .data          0x0000000000034788        0x0 build/cooja/mtype512.a(coap-transactio)
 .data.rel.local
                0x0000000000034788       0x10 build/cooja/mtype512.a(coap-transactio)
 .data          0x0000000000034798        0x0 build/cooja/mtype512.a(coap.o)
 .data.rel.local
                0x0000000000034798        0x4 build/cooja/mtype512.a(coap.o)
                0x0000000000034798                coap_error_message
 .data          0x000000000003479c        0x0 build/cooja/mtype512.a(contiki-main.o)
 .data          0x000000000003479c        0x0 build/cooja/mtype512.a(autostart.o)
 .data          0x000000000003479c        0x0 build/cooja/mtype512.a(ctimer.o)
 .data.rel.local
                0x000000000003479c       0x14 build/cooja/mtype512.a(ctimer.o)
                0x00000000000347a0                ctimer_process
 .data          0x00000000000347b0        0x4 build/cooja/mtype512.a(log.o)
                0x00000000000347b0                curr_log_level_main
 *fill*         0x00000000000347b4        0xc 
 .data.rel.local
                0x00000000000347c0       0x9c build/cooja/mtype512.a(log.o)
                0x00000000000347c0                all_modules
 .data          0x000000000003485c        0x0 build/cooja/mtype512.a(energest.o)
 .data          0x000000000003485c        0x0 build/cooja/mtype512.a(etimer.o)
 .data.rel.local
                0x000000000003485c       0x10 build/cooja/mtype512.a(etimer.o)
                0x000000000003485c                etimer_process
 .data          0x000000000003486c        0x0 build/cooja/mtype512.a(node-id.o)
 .data          0x000000000003486c        0x0 build/cooja/mtype512.a(rtimer.o)
 .data          0x000000000003486c        0x0 build/cooja/mtype512.a(process.o)
 .data          0x000000000003486c        0x0 build/cooja/mtype512.a(timer.o)
 .data          0x000000000003486c        0x0 build/cooja/mtype512.a(list.o)
 .data          0x000000000003486c        0x0 build/cooja/mtype512.a(memb.o)
 .data          0x000000000003486c        0x0 build/cooja/mtype512.a(button-hal.o)
 .data.rel.local
                0x000000000003486c       0x10 build/cooja/mtype512.a(button-hal.o)
                0x000000000003486c                button_hal_process
 .data          0x000000000003487c        0x0 build/cooja/mtype512.a(serial-line.o)
 .data.rel.local
                0x000000000003487c       0x10 build/cooja/mtype512.a(serial-line.o)
                0x000000000003487c                serial_line_process
 .data          0x000000000003488c        0x0 build/cooja/mtype512.a(gpio-hal.o)
 .data.rel.local
                0x000000000003488c        0x4 build/cooja/mtype512.a(gpio-hal.o)
 .data          0x0000000000034890        0x0 build/cooja/mtype512.a(queuebuf.o)
 .data.rel.local
                0x0000000000034890       0x18 build/cooja/mtype512.a(queuebuf.o)
 .data          0x00000000000348a8        0x0 build/cooja/mtype512.a(packetbuf.o)
 .data.rel.local
                0x00000000000348a8        0x4 build/cooja/mtype512.a(packetbuf.o)
 .data          0x00000000000348ac        0x0 build/cooja/mtype512.a(netstack.o)
 .data.rel.local
                0x00000000000348ac        0x4 build/cooja/mtype512.a(netstack.o)
 .data          0x00000000000348b0        0x0 build/cooja/mtype512.a(linkaddr.o)
 .data          0x00000000000348b0        0x0 build/cooja/mtype512.a(csma.o)
 .data          0x00000000000348b0        0x0 build/cooja/mtype512.a(csma-output.o)
 .data.rel.local
                0x00000000000348b0       0x28 build/cooja/mtype512.a(csma-output.o)
 .data          0x00000000000348d8        0x0 build/cooja/mtype512.a(uip-ds6.o)
 .data          0x00000000000348d8        0x0 build/cooja/mtype512.a(uip-udp-packet.)
 .data          0x00000000000348d8        0x0 build/cooja/mtype512.a(uip-ds6-route.o)
 .data.rel.local
                0x00000000000348d8       0x10 build/cooja/mtype512.a(uip-ds6-route.o)
 .data          0x00000000000348e8        0x0 build/cooja/mtype512.a(tcpip.o)
 .data.rel.local
                0x00000000000348e8       0x10 build/cooja/mtype512.a(tcpip.o)
                0x00000000000348e8                tcpip_process
 .data          0x00000000000348f8        0x0 build/cooja/mtype512.a(uip6.o)
 .data          0x00000000000348f8        0x0 build/cooja/mtype512.a(uip-ds6-nbr.o)
 .data.rel.local
                0x00000000000348f8       0x14 build/cooja/mtype512.a(uip-ds6-nbr.o)
 .data          0x000000000003490c        0x0 build/cooja/mtype512.a(uip-nd6.o)
 .data.rel.local
                0x000000000003490c        0xc build/cooja/mtype512.a(uip-nd6.o)
 .data          0x0000000000034918        0x0 build/cooja/mtype512.a(sicslowpan.o)
 .data          0x0000000000034918        0x0 build/cooja/mtype512.a(uiplib.o)
 .data          0x0000000000034918        0x0 build/cooja/mtype512.a(rpl.o)
 .data          0x0000000000034918        0x0 build/cooja/mtype512.a(rpl-icmp6.o)
 .data.rel.local
                0x0000000000034918       0x30 build/cooja/mtype512.a(rpl-icmp6.o)
 .data          0x0000000000034948        0x0 build/cooja/mtype512.a(rpl-dag-root.o)
 .data          0x0000000000034948        0x0 build/cooja/mtype512.a(watchdog.o)
 .data          0x0000000000034948        0x0 build/cooja/mtype512.a(int-master.o)
 .data          0x0000000000034948        0x0 build/cooja/mtype512.a(coap-timer-defa)
 .data.rel.local
                0x0000000000034948       0x10 build/cooja/mtype512.a(coap-timer-defa)
                0x0000000000034948                coap_timer_process
 .data          0x0000000000034958        0x0 build/cooja/mtype512.a(stimer.o)
 .data          0x0000000000034958        0x0 build/cooja/mtype512.a(ringbuf.o)
 .data          0x0000000000034958        0x0 build/cooja/mtype512.a(assert.o)
 .data          0x0000000000034958        0x0 build/cooja/mtype512.a(nbr-table.o)
 .data.rel.local
                0x0000000000034958       0x10 build/cooja/mtype512.a(nbr-table.o)
 .data          0x0000000000034968        0x0 build/cooja/mtype512.a(link-stats.o)
 .data.rel.local
                0x0000000000034968       0x14 build/cooja/mtype512.a(link-stats.o)
 .data          0x000000000003497c        0x0 build/cooja/mtype512.a(mac-sequence.o)
 .data          0x000000000003497c        0x0 build/cooja/mtype512.a(mac.o)
 .data          0x000000000003497c        0x0 build/cooja/mtype512.a(framer-802154.o)
 .data          0x000000000003497c        0x2 build/cooja/mtype512.a(frame802154.o)
 .data          0x000000000003497e        0x0 build/cooja/mtype512.a(csma-security.o)
 .data          0x000000000003497e        0x0 build/cooja/mtype512.a(uipbuf.o)
 .data          0x000000000003497e        0x0 build/cooja/mtype512.a(uip-icmp6.o)
 *fill*         0x000000000003497e        0x2 
 .data.rel.local
                0x0000000000034980       0x20 build/cooja/mtype512.a(uip-icmp6.o)
 .data          0x00000000000349a0        0x0 build/cooja/mtype512.a(uip-sr.o)
 .data.rel.local
                0x00000000000349a0       0x10 build/cooja/mtype512.a(uip-sr.o)
 .data          0x00000000000349b0        0x0 build/cooja/mtype512.a(uip-packetqueue)
 .data.rel.local
                0x00000000000349b0        0xc build/cooja/mtype512.a(uip-packetqueue)
 .data          0x00000000000349bc        0x0 build/cooja/mtype512.a(rpl-nbr-policy.)
 .data          0x00000000000349bc        0x0 build/cooja/mtype512.a(rpl-neighbor.o)
 .data.rel.local
                0x00000000000349bc       0x14 build/cooja/mtype512.a(rpl-neighbor.o)
                0x00000000000349cc                rpl_neighbors
 .data          0x00000000000349d0        0x0 build/cooja/mtype512.a(rpl-dag.o)
 .data          0x00000000000349d0        0x0 build/cooja/mtype512.a(rpl-timers.o)
 .data          0x00000000000349d0        0x0 build/cooja/mtype512.a(rpl-ext-header.)
 .data          0x00000000000349d0        0x0 build/cooja/mtype512.a(rpl-mrhof.o)
 *fill*         0x00000000000349d0       0x10 
 .data.rel.local
                0x00000000000349e0       0x24 build/cooja/mtype512.a(rpl-mrhof.o)
                0x00000000000349e0                rpl_mrhof
 .data          0x0000000000034a04        0x0 /usr/lib/gcc/i686-linux-gnu/7/libgcc.a(_udivdi3.o)
 .data          0x0000000000034a04        0x0 /usr/lib/i386-linux-gnu/libc_nonshared.a(stack_chk_fail_local.oS)
 .data          0x0000000000034a04        0x0 /usr/lib/gcc/i686-linux-gnu/7/crtendS.o
 .data          0x0000000000034a04        0x0 /usr/lib/gcc/i686-linux-gnu/7/../../../i386-linux-gnu/crtn.o

.tm_clone_table
                0x0000000000034a04        0x0
 .tm_clone_table
                0x0000000000034a04        0x0 /usr/lib/gcc/i686-linux-gnu/7/crtbeginS.o
 .tm_clone_table
                0x0000000000034a04        0x0 /usr/lib/gcc/i686-linux-gnu/7/crtendS.o

.data1
 *(.data1)
                0x0000000000034a04                _edata = .
                [!provide]                        PROVIDE (edata = .)
                0x0000000000034a04                . = .
                0x0000000000034a04                __bss_start = .

.bss            0x0000000000034a20    0x13f24
 *(.dynbss)
 .dynbss        0x0000000000034a20        0x0 /usr/lib/gcc/i686-linux-gnu/7/../../../i386-linux-gnu/crti.o
 *(.bss .bss.* .gnu.linkonce.b.*)
 .bss           0x0000000000034a20        0x0 /usr/lib/gcc/i686-linux-gnu/7/../../../i386-linux-gnu/crti.o
 .bss           0x0000000000034a20        0x1 /usr/lib/gcc/i686-linux-gnu/7/crtbeginS.o
 *fill*         0x0000000000034a21       0x1f 
 .bss           0x0000000000034a40      0x14c glucose-server.o
 *fill*         0x0000000000034b8c       0x14 
 .bss           0x0000000000034ba0     0x2040 build/cooja/mtype512.o
 .bss           0x0000000000036be0        0x1 build/cooja/mtype512.a(simEnvChange.o)
                0x0000000000036be0                simDontFallAsleep
 *fill*         0x0000000000036be1        0x3 
 .bss           0x0000000000036be4        0x4 build/cooja/mtype512.a(cooja_mt.o)
 .bss           0x0000000000036be8        0x4 build/cooja/mtype512.a(cooja_mtarch.o)