Archive member included to satisfy reference by file (symbol)

build/cooja/mtype436.a(simEnvChange.o)
                              build/cooja/mtype436.o (simDontFallAsleep)
build/cooja/mtype436.a(cooja_mt.o)
                              build/cooja/mtype436.o (cooja_mt_start)
build/cooja/mtype436.a(cooja_mtarch.o)
                              build/cooja/mtype436.a(cooja_mt.o) (cooja_mtarch_start)
build/cooja/mtype436.a(rtimer-arch.o)
                              build/cooja/mtype436.o (rtimer_arch_check)
build/cooja/mtype436.a(beep.o)
                              build/cooja/mtype436.o (beep_interface)
build/cooja/mtype436.a(leds-arch.o)
                              build/cooja/mtype436.o (leds_interface)
build/cooja/mtype436.a(moteid.o)
                              build/cooja/mtype436.o (moteid_interface)
build/cooja/mtype436.a(pir-sensor.o)
                              build/cooja/mtype436.o (pir_interface)
build/cooja/mtype436.a(rs232.o)
                              build/cooja/mtype436.o (rs232_interface)
build/cooja/mtype436.a(vib-sensor.o)
                              build/cooja/mtype436.o (vib_interface)
build/cooja/mtype436.a(clock.o)
                              build/cooja/mtype436.o (clock_interface)
build/cooja/mtype436.a(cooja-log.o)
                              build/cooja/mtype436.o (simlog_interface)
build/cooja/mtype436.a(cfs-cooja.o)
                              build/cooja/mtype436.o (cfs_interface)
build/cooja/mtype436.a(cooja-radio.o)
                              build/cooja/mtype436.o (radio_interface)
build/cooja/mtype436.a(eeprom.o)
                              build/cooja/mtype436.o (eeprom_interface)
build/cooja/mtype436.a(random.o)
                              build/cooja/mtype436.a(moteid.o) (random_init)
build/cooja/mtype436.a(sensors.o)
                              build/cooja/mtype436.a(pir-sensor.o) (sensors_changed)
build/cooja/mtype436.a(leds.o)
                              glucose-server.o (leds_set)
build/cooja/mtype436.a(gpio-hal-arch.o)
                              build/cooja/mtype436.a(leds-arch.o) (gpio_hal_arch_register_pin_callback)
build/cooja/mtype436.a(buttons.o)
                              build/cooja/mtype436.o (button_interface)
build/cooja/mtype436.a(res-glucose.o)
                              glucose-server.o (res_glucose)
build/cooja/mtype436.a(coap-blocking-a)
                              glucose-server.o (coap_blocking_request)
build/cooja/mtype436.a(coap-engine.o)
                              glucose-server.o (coap_activate_resource)
build/cooja/mtype436.a(coap-res-well-k)
                              build/cooja/mtype436.a(coap-engine.o) (res_well_known_core)
build/cooja/mtype436.a(coap-observe.o)
                              build/cooja/mtype436.a(coap-engine.o) (coap_remove_observer_by_mid)
build/cooja/mtype436.a(coap-uip.o)
                              build/cooja/mtype436.a(coap-observe.o) (coap_endpoint_copy)
build/cooja/mtype436.a(coap-timer.o)
                              build/cooja/mtype436.a(coap-engine.o) (coap_timer_set)
build/cooja/mtype436.a(coap-transactio)
                              build/cooja/mtype436.a(coap-blocking-a) (coap_send_transaction)
build/cooja/mtype436.a(coap.o)
                              build/cooja/mtype436.a(coap-engine.o) (coap_status_code)
build/cooja/mtype436.a(contiki-main.o)
                              build/cooja/mtype436.o (main)
build/cooja/mtype436.a(autostart.o)
                              build/cooja/mtype436.a(contiki-main.o) (autostart_start)
build/cooja/mtype436.a(ctimer.o)
                              build/cooja/mtype436.a(contiki-main.o) (ctimer_init)
build/cooja/mtype436.a(log.o)
                              build/cooja/mtype436.a(contiki-main.o) (curr_log_level_main)
build/cooja/mtype436.a(energest.o)
                              build/cooja/mtype436.a(contiki-main.o) (energest_init)
build/cooja/mtype436.a(etimer.o)
                              build/cooja/mtype436.a(contiki-main.o) (etimer_process)
build/cooja/mtype436.a(node-id.o)
                              build/cooja/mtype436.a(res-glucose.o) (node_id)
build/cooja/mtype436.a(rtimer.o)
                              build/cooja/mtype436.a(contiki-main.o) (rtimer_init)
build/cooja/mtype436.a(process.o)
                              build/cooja/mtype436.a(coap-blocking-a) (process_current)
build/cooja/mtype436.a(timer.o)
                              build/cooja/mtype436.a(etimer.o) (timer_set)
build/cooja/mtype436.a(list.o)
                              build/cooja/mtype436.a(coap-engine.o) (list_init)
build/cooja/mtype436.a(memb.o)
                              build/cooja/mtype436.a(coap-observe.o) (memb_alloc)
build/cooja/mtype436.a(button-hal.o)
                              build/cooja/mtype436.o (button_hal_init)
build/cooja/mtype436.a(serial-line.o)
                              build/cooja/mtype436.a(rs232.o) (serial_line_input_byte)
build/cooja/mtype436.a(gpio-hal.o)
[...]
Memory Configuration

Name             Origin             Length             Attributes
*default*        0x0000000000000000 0xffffffffffffffff

Linker script and memory map

LOAD /usr/lib/gcc/i686-linux-gnu/7/../../../i386-linux-gnu/crti.o
LOAD /usr/lib/gcc/i686-linux-gnu/7/crtbeginS.o
LOAD glucose-server.o
LOAD build/cooja/mtype436.o
LOAD build/cooja/mtype436.a
LOAD /usr/lib/gcc/i686-linux-gnu/7/libgcc.a
LOAD /usr/lib/gcc/i686-linux-gnu/7/libgcc_s.so
START GROUP
LOAD /usr/lib/gcc/i686-linux-gnu/7/libgcc_s.so.1
LOAD /usr/lib/gcc/i686-linux-gnu/7/libgcc.a
END GROUP
LOAD /usr/lib/gcc/i686-linux-gnu/7/../../../i386-linux-gnu/libc.so
START GROUP
LOAD /lib/i386-linux-gnu/libc.so.6
LOAD /usr/lib/i386-linux-gnu/libc_nonshared.a
LOAD /lib/i386-linux-gnu/ld-linux.so.2
END GROUP
LOAD /usr/lib/gcc/i686-linux-gnu/7/libgcc.a
LOAD /usr/lib/gcc/i686-linux-gnu/7/libgcc_s.so
START GROUP
LOAD /usr/lib/gcc/i686-linux-gnu/7/libgcc_s.so.1
LOAD /usr/lib/gcc/i686-linux-gnu/7/libgcc.a
END GROUP
LOAD /usr/lib/gcc/i686-linux-gnu/7/crtendS.o
LOAD /usr/lib/gcc/i686-linux-gnu/7/../../../i386-linux-gnu/crtn.o
                0x0000000000000114                . = (SEGMENT_START ("text-segment", 0x0) + SIZEOF_HEADERS)

.note.gnu.build-id
                0x0000000000000114       0x24
 *(.note.gnu.build-id)
 .note.gnu.build-id
                0x0000000000000114       0x24 /usr/lib/gcc/i686-linux-gnu/7/../../../i386-linux-gnu/crti.o

.hash
 *(.hash)

.gnu.hash       0x0000000000000138     0x15a4
 *(.gnu.hash)
 .gnu.hash      0x0000000000000138     0x15a4 /usr/lib/gcc/i686-linux-gnu/7/../../../i386-linux-gnu/crti.o

.dynsym         0x00000000000016dc     0x2f60
 *(.dynsym)
 .dynsym        0x00000000000016dc     0x2f60 /usr/lib/gcc/i686-linux-gnu/7/../../../i386-linux-gnu/crti.o

.dynstr         0x000000000000463c     0x36e0
 *(.dynstr)
 .dynstr        0x000000000000463c     0x36e0 /usr/lib/gcc/i686-linux-gnu/7/../../../i386-linux-gnu/crti.o

.gnu.version    0x0000000000007d1c      0x5ec
 *(.gnu.version)
 .gnu.version   0x0000000000007d1c      0x5ec /usr/lib/gcc/i686-linux-gnu/7/../../../i386-linux-gnu/crti.o

.gnu.version_d  0x0000000000008308        0x0
 *(.gnu.version_d)
 .gnu.version_d
                0x0000000000008308        0x0 /usr/lib/gcc/i686-linux-gnu/7/../../../i386-linux-gnu/crti.o

.gnu.version_r  0x0000000000008308       0x40
 *(.gnu.version_r)
 .gnu.version_r
                0x0000000000008308       0x40 /usr/lib/gcc/i686-linux-gnu/7/../../../i386-linux-gnu/crti.o

.rel.dyn        0x0000000000008348      0xf08
 *(.rel.init)
 .rel.init      0x0000000000008348        0x0 /usr/lib/gcc/i686-linux-gnu/7/../../../i386-linux-gnu/crti.o
 *(.rel.text .rel.text.* .rel.gnu.linkonce.t.*)
 .rel.text      0x0000000000008348      0x570 /usr/lib/gcc/i686-linux-gnu/7/../../../i386-linux-gnu/crti.o
 *(.rel.fini)
 .rel.fini      0x00000000000088b8        0x0 /usr/lib/gcc/i686-linux-gnu/7/../../../i386-linux-gnu/crti.o
 *(.rel.rodata .rel.rodata.* .rel.gnu.linkonce.r.*)
 *(.rel.data.rel.ro .rel.data.rel.ro.* .rel.gnu.linkonce.d.rel.ro.*)
 .rel.data.rel.ro.local
                0x00000000000088b8      0x220 /usr/lib/gcc/i686-linux-gnu/7/../../../i386-linux-gnu/crti.o
 .rel.data.rel.ro
                0x0000000000008ad8       0xb0 /usr/lib/gcc/i686-linux-gnu/7/../../../i386-linux-gnu/crti.o
 *(.rel.data .rel.data.* .rel.gnu.linkonce.d.*)
 .rel.data.rel.local
                0x0000000000008b88      0x388 /usr/lib/gcc/i686-linux-gnu/7/../../../i386-linux-gnu/crti.o
 .rel.data.rel  0x0000000000008f10       0x78 /usr/lib/gcc/i686-linux-gnu/7/../../../i386-linux-gnu/crti.o
 *(.rel.tdata .rel.tdata.* .rel.gnu.linkonce.td.*)
 *(.rel.tbss .rel.tbss.* .rel.gnu.linkonce.tb.*)
 *(.rel.ctors)
 *(.rel.dtors)
 *(.rel.got)
 .rel.got       0x0000000000008f88      0x2b8 /usr/lib/gcc/i686-linux-gnu/7/../../../i386-linux-gnu/crti.o
 *(.rel.bss .rel.bss.* .rel.gnu.linkonce.b.*)
 *(.rel.ifunc)
 .rel.ifunc     0x0000000000009240        0x0 /usr/lib/gcc/i686-linux-gnu/7/../../../i386-linux-gnu/crti.o
 .rel.fini_array
                0x0000000000009240        0x8 /usr/lib/gcc/i686-linux-gnu/7/../../../i386-linux-gnu/crti.o
 .rel.init_array
                0x0000000000009248        0x8 /usr/lib/gcc/i686-linux-gnu/7/../../../i386-linux-gnu/crti.o

.rel.plt        0x0000000000009250      0xae8
 *(.rel.plt)
 .rel.plt       0x0000000000009250      0xae8 /usr/lib/gcc/i686-linux-gnu/7/../../../i386-linux-gnu/crti.o
 *(.rel.iplt)

.init           0x0000000000009d38       0x23
 *(SORT_NONE(.init))
 .init          0x0000000000009d38       0x1e /usr/lib/gcc/i686-linux-gnu/7/../../../i386-linux-gnu/crti.o
                0x0000000000009d38                _init
 .init          0x0000000000009d56        0x5 /usr/lib/gcc/i686-linux-gnu/7/../../../i386-linux-gnu/crtn.o

.plt            0x0000000000009d60     0x15e0
 *(.plt)
 .plt           0x0000000000009d60     0x15e0 /usr/lib/gcc/i686-linux-gnu/7/../../../i386-linux-gnu/crti.o
 *(.iplt)

.plt.got        0x000000000000b340       0x18
 *(.plt.got)
 .plt.got       0x000000000000b340       0x18 /usr/lib/gcc/i686-linux-gnu/7/../../../i386-linux-gnu/crti.o

.plt.sec
 *(.plt.sec)

.text           0x000000000000b360    0x1d014
 *(.text.unlikely .text.*_unlikely .text.unlikely.*)
 *(.text.exit .text.exit.*)
 *(.text.startup .text.startup.*)
 *(.text.hot .text.hot.*)
 *(.text .stub .text.* .gnu.linkonce.t.*)
 .text          0x000000000000b360        0x0 /usr/lib/gcc/i686-linux-gnu/7/../../../i386-linux-gnu/crti.o
 .gnu.linkonce.t.__x86.get_pc_thunk.bx
                0x000000000000b360        0x4 /usr/lib/gcc/i686-linux-gnu/7/../../../i386-linux-gnu/crti.o
                0x000000000000b360                __x86.get_pc_thunk.bx
 *fill*         0x000000000000b364        0xc 
 .text          0x000000000000b370       0xe9 /usr/lib/gcc/i686-linux-gnu/7/crtbeginS.o
 .text.__x86.get_pc_thunk.dx
                0x000000000000b459        0x4 /usr/lib/gcc/i686-linux-gnu/7/crtbeginS.o
                0x000000000000b459                __x86.get_pc_thunk.dx
 .text          0x000000000000b45d      0x49d glucose-server.o
                0x000000000000b510                client_chunk_handler
 .text          0x000000000000b8fa      0x36b build/cooja/mtype436.o
                0x000000000000b9ac                platform_init_stage_one
                0x000000000000b9cf                platform_init_stage_two
                0x000000000000b9f2                platform_init_stage_three
                0x000000000000ba15                platform_main_loop
                0x000000000000babb                Java_org_contikios_cooja_corecomm_Lib2_init
                0x000000000000bb09                Java_org_contikios_cooja_corecomm_Lib2_getMemory
                0x000000000000bb49                Java_org_contikios_cooja_corecomm_Lib2_setMemory
                0x000000000000bbba                Java_org_contikios_cooja_corecomm_Lib2_tick
                0x000000000000bc44                Java_org_contikios_cooja_corecomm_Lib2_setReferenceAddress
 .text.__x86.get_pc_thunk.ax
                0x000000000000bc65        0x4 build/cooja/mtype436.o
                0x000000000000bc65                __x86.get_pc_thunk.ax
 .text          0x000000000000bc69       0x8d build/cooja/mtype436.a(simEnvChange.o)
                0x000000000000bc69                doActionsBeforeTick
                0x000000000000bcaf                doActionsAfterTick
 .text          0x000000000000bcf6       0xb6 build/cooja/mtype436.a(cooja_mt.o)
                0x000000000000bcf6                cooja_mt_start
                0x000000000000bd30                cooja_mt_exec
                0x000000000000bd77                cooja_mt_yield
 .text          0x000000000000bdac       0xf2 build/cooja/mtype436.a(cooja_mtarch.o)
                0x000000000000bdac                cooja_mtarch_start
                0x000000000000be30                cooja_sw
                0x000000000000be5e                cooja_mtarch_exec
                0x000000000000be89                cooja_mtarch_yield
 .text          0x000000000000be9e      0x127 build/cooja/mtype436.a(rtimer-arch.o)
                0x000000000000be9e                rtimer_arch_init
                0x000000000000becd                rtimer_arch_schedule
                0x000000000000bf0f                rtimer_arch_next
                0x000000000000bf29                rtimer_arch_pending
                0x000000000000bf40                rtimer_arch_check
                0x000000000000bfab                rtimer_arch_now
 .text.__x86.get_pc_thunk.cx
                0x000000000000bfc5        0x4 build/cooja/mtype436.a(rtimer-arch.o)
                0x000000000000bfc5                __x86.get_pc_thunk.cx
 .text          0x000000000000bfc9      0x101 build/cooja/mtype436.a(beep.o)
                0x000000000000bfc9                beep_alarm
                0x000000000000bfe2                beep_beep
                0x000000000000bffb                beep
                0x000000000000c014                beep_down
                0x000000000000c02d                beep_on
                0x000000000000c046                beep_off
                0x000000000000c05f                beep_spinup
                0x000000000000c078                beep_quick
                0x000000000000c091                beep_long
 .text          0x000000000000c0ca       0x9f build/cooja/mtype436.a(leds-arch.o)
                0x000000000000c0ee                leds_arch_init
 .text          0x000000000000c169       0x56 build/cooja/mtype436.a(moteid.o)
 .text          0x000000000000c1bf      0x101 build/cooja/mtype436.a(pir-sensor.o)
 .text          0x000000000000c2c0      0x1cc build/cooja/mtype436.a(rs232.o)
                0x000000000000c2c0                rs232_init
                0x000000000000c2d0                rs232_set_speed
                0x000000000000c2e9                rs232_set_input
                0x000000000000c302                rs232_send
                0x000000000000c338                rs232_print
                0x000000000000c366                slip_arch_writeb
 .text          0x000000000000c48c      0x101 build/cooja/mtype436.a(vib-sensor.o)
 .text          0x000000000000c58d       0x7a build/cooja/mtype436.a(clock.o)
                0x000000000000c58d                clock_init
                0x000000000000c59d                clock_time
                0x000000000000c5b4                clock_seconds
                0x000000000000c5d7                clock_delay
 .text          0x000000000000c607      0x2b5 build/cooja/mtype436.a(cooja-log.o)
                0x000000000000c607                simlog_char
                0x000000000000c66b                simlog
                0x000000000000c705                log_message
                0x000000000000c754                log_set_putchar_with_slip
                0x000000000000c76d                log_putchar
                0x000000000000c7f8                log_puts
                0x000000000000c82a                log_printf
 .text          0x000000000000c8bc      0x36c build/cooja/mtype436.a(cfs-cooja.o)
                0x000000000000c8bc                cfs_open
                0x000000000000c934                cfs_close
                0x000000000000c94b                cfs_read
                0x000000000000c9ff                cfs_write
                0x000000000000cafd                cfs_seek
                0x000000000000cb9a                cfs_remove
                0x000000000000cbd0                cfs_opendir
                0x000000000000cbe4                cfs_readdir
                0x000000000000cbf8                cfs_closedir
 .text          0x000000000000cc28      0x78b build/cooja/mtype436.a(cooja-radio.o)
                0x000000000000cc96                radio_set_channel
                0x000000000000ccaf                radio_set_txpower
                0x000000000000ccd2                radio_signal_strength_last
                0x000000000000cce7                radio_signal_strength_current
                0x000000000000ccfc                radio_LQI
 .text          0x000000000000d3b3      0x130 build/cooja/mtype436.a(eeprom.o)
                0x000000000000d3b3                eeprom_init
                0x000000000000d3c3                eeprom_read
                0x000000000000d443                eeprom_write
 .text          0x000000000000d4e3       0x4e build/cooja/mtype436.a(random.o)
                0x000000000000d4e3                random_init
                0x000000000000d513                random_rand
 .text          0x000000000000d531      0x332 build/cooja/mtype436.a(sensors.o)
                0x000000000000d578                sensors_first
                0x000000000000d58f                sensors_next
                0x000000000000d5ba                sensors_changed
                0x000000000000d607                sensors_find
 .text          0x000000000000d863      0x3fc build/cooja/mtype436.a(leds.o)
                0x000000000000d863                leds_init
                0x000000000000d8bb                leds_single_on
                0x000000000000d933                leds_single_off
                0x000000000000d9ab                leds_single_toggle
                0x000000000000d9ef                leds_on
                0x000000000000da87                leds_off
                0x000000000000db1f                leds_toggle
                0x000000000000db85                leds_set
                0x000000000000dbbb                leds_get
 .text          0x000000000000dc5f      0x401 build/cooja/mtype436.a(gpio-hal-arch.o)
                0x000000000000dc5f                gpio_hal_arch_register_pin_callback
                0x000000000000dce0                gpio_hal_arch_init
                0x000000000000dd3a                gpio_hal_arch_no_port_interrupt_enable
                0x000000000000dd74                gpio_hal_arch_no_port_interrupt_disable
                0x000000000000ddae                gpio_hal_arch_no_port_pin_cfg_set
                0x000000000000dddd                gpio_hal_arch_no_port_pin_cfg_get
                0x000000000000de0d                gpio_hal_arch_no_port_pin_set_input
                0x000000000000de29                gpio_hal_arch_no_port_pin_set_output
                0x000000000000de45                gpio_hal_arch_no_port_set_pin
                0x000000000000de70                gpio_hal_arch_no_port_clear_pin
                0x000000000000de9b                gpio_hal_arch_no_port_read_pin
                0x000000000000decd                gpio_hal_arch_no_port_write_pin
                0x000000000000df01                gpio_hal_arch_no_port_set_pins
                0x000000000000df52                gpio_hal_arch_no_port_clear_pins
                0x000000000000dfa3                gpio_hal_arch_no_port_read_pins
                0x000000000000dff6                gpio_hal_arch_no_port_write_pins
 .text          0x000000000000e060       0xc6 build/cooja/mtype436.a(buttons.o)
 .text          0x000000000000e126      0x4c7 build/cooja/mtype436.a(res-glucose.o)
 .text          0x000000000000e5ed      0x29c build/cooja/mtype436.a(coap-blocking-a)
                0x000000000000e5ed                coap_blocking_request_callback
                0x000000000000e627                coap_blocking_request
 .text          0x000000000000e889      0xd4f build/cooja/mtype436.a(coap-engine.o)
                0x000000000000e95a                coap_add_handler
                0x000000000000e988                coap_remove_handler
                0x000000000000e9b6                coap_call_handlers
                0x000000000000eadd                coap_receive
                0x000000000000f157                coap_engine_init
                0x000000000000f1ca                coap_activate_resource
                0x000000000000f287                coap_get_first_resource
                0x000000000000f2b1                coap_get_next_resource
 .text          0x000000000000f5d8      0x2ed build/cooja/mtype436.a(coap-res-well-k)
 .text          0x000000000000f8c5      0xa13 build/cooja/mtype436.a(coap-observe.o)
                0x000000000000fa00                coap_remove_observer
                0x000000000000fa42                coap_remove_observer_by_client
                0x000000000000faba                coap_remove_observer_by_token
                0x000000000000fb5d                coap_remove_observer_by_uri
                0x000000000000fc14                coap_remove_observer_by_mid
                0x000000000000fca0                coap_notify_observers
                0x000000000000fcc3                coap_notify_observers_sub
                0x0000000000010134                coap_observe_handler
                0x000000000001025f                coap_has_observers
 .text          0x00000000000102d8      0x84c build/cooja/mtype436.a(coap-uip.o)
                0x00000000000102d8                coap_endpoint_log
                0x0000000000010375                coap_endpoint_print
                0x0000000000010412                coap_endpoint_snprint
                0x000000000001055b                coap_endpoint_copy
                0x00000000000105a2                coap_endpoint_cmp
                0x00000000000106d3                coap_endpoint_parse
                0x00000000000108e4                coap_endpoint_is_secure
                0x00000000000108fd                coap_endpoint_is_connected
                0x0000000000010941                coap_endpoint_connect
                0x0000000000010967                coap_endpoint_disconnect
                0x0000000000010977                coap_databuf
                0x000000000001098e                coap_transport_init
                0x0000000000010a04                coap_sendto
 .text          0x0000000000010b24      0x3ad build/cooja/mtype436.a(coap-timer.o)
                0x0000000000010c49                coap_timer_stop
                0x0000000000010c84                coap_timer_set
                0x0000000000010cd1                coap_timer_reset
                0x0000000000010d1e                coap_timer_time_to_next_expiration
                0x0000000000010d9b                coap_timer_run
                0x0000000000010e7d                coap_timer_init
 .text          0x0000000000010ed1      0x334 build/cooja/mtype436.a(coap-transactio)
                0x0000000000010f5f                coap_new_transaction
                0x0000000000010fd7                coap_send_transaction
                0x0000000000011149                coap_clear_transaction
                0x00000000000111a3                coap_get_transaction_by_mid
 .text          0x0000000000011205     0x1f9f build/cooja/mtype436.a(coap.o)
                0x0000000000011800                coap_init_connection
                0x0000000000011825                coap_get_mid
                0x000000000001184c                coap_init_message
                0x00000000000118a5                coap_serialize_message
                0x0000000000011f3c                coap_parse_message
                0x0000000000012658                coap_get_query_variable
                0x00000000000126a4                coap_get_post_variable
                0x00000000000126f2                coap_set_status_code
                0x0000000000012721                coap_set_token
                0x0000000000012778                coap_get_header_content_format
                0x00000000000127b3                coap_set_header_content_format
                0x00000000000127e0                coap_get_header_accept
                0x000000000001281b                coap_set_header_accept
                0x0000000000012848                coap_get_header_max_age
                0x0000000000012883                coap_set_header_max_age
                0x00000000000128ad                coap_get_header_etag
                0x00000000000128e9                coap_set_header_etag
                0x0000000000012950                coap_get_header_if_match
                0x000000000001298c                coap_set_header_if_match
                0x00000000000129f3                coap_get_header_if_none_match
                0x0000000000012a17                coap_set_header_if_none_match
                0x0000000000012a38                coap_get_header_proxy_uri
                0x0000000000012a70                coap_set_header_proxy_uri
                0x0000000000012abd                coap_get_header_uri_host
                0x0000000000012af5                coap_set_header_uri_host
                0x0000000000012b42                coap_get_header_uri_path
                0x0000000000012b7a                coap_set_header_uri_path
                0x0000000000012bd8                coap_get_header_uri_query
                0x0000000000012c16                coap_set_header_uri_query
                0x0000000000012c7d                coap_get_header_location_path
                0x0000000000012cb5                coap_set_header_location_path
                0x0000000000012d5d                coap_get_header_location_query
                0x0000000000012d95                coap_set_header_location_query
                0x0000000000012df3                coap_get_header_observe
                0x0000000000012e2c                coap_set_header_observe
                0x0000000000012e56                coap_get_header_block2
                0x0000000000012ecc                coap_set_header_block2
                0x0000000000012f4d                coap_get_header_block1
                0x0000000000012fcc                coap_set_header_block1
                0x0000000000013051                coap_get_header_size2
                0x000000000001308b                coap_set_header_size2
                0x00000000000130b8                coap_get_header_size1
                0x00000000000130f2                coap_set_header_size1
                0x000000000001311f                coap_get_payload
                0x0000000000013163                coap_set_payload
 .text          0x00000000000131a4      0x3c6 build/cooja/mtype436.a(contiki-main.o)
                0x00000000000131a4                main
 .text          0x000000000001356a       0xb0 build/cooja/mtype436.a(autostart.o)
                0x000000000001356a                autostart_start
                0x00000000000135c3                autostart_exit
 .text          0x000000000001361a      0x400 build/cooja/mtype436.a(ctimer.o)
                0x000000000001375d                ctimer_init
                0x00000000000137a2                ctimer_set
                0x00000000000137d5                ctimer_set_with_process
                0x000000000001386c                ctimer_reset
                0x00000000000138da                ctimer_restart
                0x0000000000013948                ctimer_stop
                0x00000000000139a8                ctimer_expired
 .text          0x0000000000013a1a      0x4a3 build/cooja/mtype436.a(log.o)
                0x0000000000013a1a                log_6addr
                0x0000000000013a7e                log_6addr_compact_snprint
                0x0000000000013b3e                log_6addr_compact
                0x0000000000013ba2                log_lladdr
                0x0000000000013c29                log_lladdr_compact
                0x0000000000013ca6                log_bytes
                0x0000000000013cfa                log_set_level
                0x0000000000013dd8                log_get_level
                0x0000000000013e69                log_level_to_str
 .text          0x0000000000013ebd       0x39 build/cooja/mtype436.a(energest.o)
                0x0000000000013ebd                energest_init
                0x0000000000013ecd                energest_flush
                0x0000000000013edd                energest_get_total_time
 .text          0x0000000000013ef6      0x527 build/cooja/mtype436.a(etimer.o)
                0x000000000001414b                etimer_request_poll
                0x00000000000141fc                etimer_set
                0x0000000000014235                etimer_reset_with_new_interval
                0x0000000000014274                etimer_reset
                0x00000000000142aa                etimer_restart
                0x00000000000142e0                etimer_adjust
                0x0000000000014307                etimer_expired
                0x0000000000014324                etimer_expiration_time
                0x0000000000014340                etimer_start_time
                0x0000000000014354                etimer_pending
                0x0000000000014371                etimer_next_expiration_time
                0x0000000000014399                etimer_stop
 .text          0x000000000001441d       0x36 build/cooja/mtype436.a(node-id.o)
                0x000000000001441d                node_id_init
 .text          0x0000000000014453      0x122 build/cooja/mtype436.a(rtimer.o)
                0x0000000000014453                rtimer_init
                0x0000000000014472                rtimer_set
                0x0000000000014500                rtimer_run_next
 .text          0x0000000000014575      0x5cb build/cooja/mtype436.a(process.o)
                0x0000000000014575                process_alloc_event
                0x0000000000014596                process_start
                0x000000000001479b                process_exit
                0x00000000000147c3                process_init
                0x000000000001498b                process_run
                0x00000000000149ce                process_nevents
                0x00000000000149f3                process_post
                0x0000000000014aa0                process_post_synch
                0x0000000000014ae6                process_poll
                0x0000000000014b22                process_is_running
 .text.__x86.get_pc_thunk.si
                0x0000000000014b40        0x4 build/cooja/mtype436.a(process.o)
                0x0000000000014b40                __x86.get_pc_thunk.si
 .text          0x0000000000014b44       0xf6 build/cooja/mtype436.a(timer.o)
                0x0000000000014b44                timer_set
                0x0000000000014b73                timer_reset
                0x0000000000014baa                timer_restart
                0x0000000000014bd0                timer_expired
                0x0000000000014c0e                timer_remaining
 .text          0x0000000000014c3a      0x311 build/cooja/mtype436.a(list.o)
                0x0000000000014c3a                list_init
                0x0000000000014c53                list_head
                0x0000000000014c67                list_copy
                0x0000000000014c81                list_tail
                0x0000000000014cc1                list_add
                0x0000000000014d17                list_push
                0x0000000000014d4d                list_chop
                0x0000000000014dc1                list_pop
                0x0000000000014df3                list_remove
                0x0000000000014e65                list_length
                0x0000000000014e9d                list_insert
                0x0000000000014eec                list_item_next
                0x0000000000014f0d                list_contains
 .text          0x0000000000014f4b      0x1ec build/cooja/mtype436.a(memb.o)
                0x0000000000014f4b                memb_init
                0x0000000000014faf                memb_alloc
                0x000000000001501c                memb_free
                0x000000000001509d                memb_inmemb
                0x00000000000150e6                memb_numfree
 .text          0x0000000000015137      0x566 build/cooja/mtype436.a(button-hal.o)
                0x000000000001532b                button_hal_get_by_id
                0x0000000000015375                button_hal_get_by_index
                0x00000000000153af                button_hal_get_state
                0x0000000000015411                button_hal_init
 .text          0x000000000001569d      0x242 build/cooja/mtype436.a(serial-line.o)
                0x000000000001569d                serial_line_input_byte
                0x0000000000015895                serial_line_init
 .text          0x00000000000158df      0x1d6 build/cooja/mtype436.a(gpio-hal.o)
                0x00000000000158df                gpio_hal_register_handler
                0x000000000001590d                gpio_hal_event_handler
                0x000000000001597a                gpio_hal_init
                0x00000000000159a9                gpio_hal_arch_port_toggle_pin
                0x00000000000159f4                gpio_hal_arch_port_toggle_pins
                0x0000000000015a31                gpio_hal_arch_no_port_toggle_pin
                0x0000000000015a7e                gpio_hal_arch_no_port_toggle_pins
 .text          0x0000000000015ab5      0x3a9 build/cooja/mtype436.a(queuebuf.o)
                0x0000000000015ac9                queuebuf_init
                0x0000000000015b05                queuebuf_numfree
                0x0000000000015b2f                queuebuf_new_from_packetbuf
                0x0000000000015be3                queuebuf_update_attr_from_packetbuf
                0x0000000000015c27                queuebuf_update_from_packetbuf
                0x0000000000015c86                queuebuf_free
                0x0000000000015ce4                queuebuf_to_packetbuf
                0x0000000000015d61                queuebuf_dataptr
                0x0000000000015dad                queuebuf_datalen
                0x0000000000015dda                queuebuf_addr
                0x0000000000015e19                queuebuf_attr
                0x0000000000015e4e                queuebuf_debug_print
 .text          0x0000000000015e5e      0x4dd build/cooja/mtype436.a(packetbuf.o)
                0x0000000000015e5e                packetbuf_clear
                0x0000000000015e94                packetbuf_copyfrom
                0x0000000000015ef4                packetbuf_copyto
                0x0000000000015f92                packetbuf_hdralloc
                0x0000000000016022                packetbuf_hdrreduce
                0x0000000000016074                packetbuf_set_datalen
                0x0000000000016099                packetbuf_dataptr
                0x00000000000160c0                packetbuf_hdrptr
                0x00000000000160d5                packetbuf_datalen
                0x00000000000160eb                packetbuf_hdrlen
                0x000000000001610a                packetbuf_totlen
                0x000000000001612a                packetbuf_remaininglen
                0x0000000000016147                packetbuf_attr_clear
                0x00000000000161ad                packetbuf_attr_copyto
                0x00000000000161f3                packetbuf_attr_copyfrom
                0x0000000000016239                packetbuf_set_attr
                0x000000000001626f                packetbuf_attr
                0x0000000000016295                packetbuf_set_addr
                0x00000000000162dd                packetbuf_addr
                0x0000000000016307                packetbuf_holds_broadcast
 .text          0x000000000001633b      0x13c build/cooja/mtype436.a(netstack.o)
                0x000000000001633b                netstack_process_ip_callback
                0x00000000000163dc                netstack_ip_packet_processor_add
                0x0000000000016410                uip_ds6_ip_packet_processor_rm
                0x000000000001643e                netstack_init
 .text          0x0000000000016477       0x75 build/cooja/mtype436.a(linkaddr.o)
                0x0000000000016477                linkaddr_copy
                0x0000000000016497                linkaddr_cmp
                0x00000000000164ca                linkaddr_set_node_addr
 .text          0x00000000000164ec      0x2ae build/cooja/mtype436.a(csma.o)
 .text          0x000000000001679a      0xa6f build/cooja/mtype436.a(csma-output.o)
                0x0000000000016f0c                csma_output_packet
                0x00000000000171bb                csma_output_init
 .text          0x0000000000017209      0xe47 build/cooja/mtype436.a(uip-ds6.o)
                0x0000000000017209                uip_ds6_default_prefix
                0x000000000001721e                uip_ds6_set_default_prefix
                0x0000000000017254                uip_ds6_init
                0x00000000000174ef                uip_ds6_periodic
                0x0000000000017597                uip_ds6_list_loop
                0x0000000000017666                uip_ds6_prefix_add
                0x000000000001772d                uip_ds6_prefix_rm
                0x000000000001774a                uip_ds6_prefix_lookup
                0x000000000001779d                uip_ds6_is_addr_onlink
                0x000000000001782a                uip_ds6_addr_add
                0x000000000001796c                uip_ds6_addr_rm
                0x0000000000017a2b                uip_ds6_addr_lookup
                0x0000000000017a7b                uip_ds6_get_link_local
                0x0000000000017b19                uip_ds6_get_global
                0x0000000000017bb7                uip_ds6_maddr_add
                0x0000000000017c33                uip_ds6_maddr_rm
                0x0000000000017c50                uip_ds6_maddr_lookup
                0x0000000000017ca3                uip_ds6_aaddr_add
                0x0000000000017d1c                uip_ds6_aaddr_rm
                0x0000000000017d39                uip_ds6_aaddr_lookup
                0x0000000000017d89                uip_ds6_select_src
                0x0000000000017ef7                uip_ds6_set_addr_iid
                0x0000000000017f2c                uip_ds6_set_lladdr_from_iid
                0x0000000000017f5f                get_match_length
                0x0000000000017ffa                uip_ds6_compute_reachable_time
 .text          0x0000000000018050      0x152 build/cooja/mtype436.a(uip-udp-packet.)
                0x0000000000018050                uip_udp_packet_send
                0x00000000000180c9                uip_udp_packet_sendto
 .text          0x00000000000181a2      0x453 build/cooja/mtype436.a(uip-ds6-route.o)
                0x0000000000018204                uip_ds6_route_init
                0x0000000000018240                uip_ds6_route_count_nexthop_neighbors
                0x0000000000018254                uip_ds6_route_nexthop
                0x0000000000018268                uip_ds6_route_head
                0x000000000001827c                uip_ds6_route_next
                0x0000000000018290                uip_ds6_route_is_nexthop
                0x00000000000182a4                uip_ds6_route_num_routes
                0x00000000000182b8                uip_ds6_route_lookup
                0x00000000000182cc                uip_ds6_route_add
                0x00000000000182e9                uip_ds6_route_rm
                0x00000000000182f9                uip_ds6_route_rm_by_nexthop
                0x0000000000018309                uip_ds6_defrt_head
                0x0000000000018333                uip_ds6_defrt_add
                0x00000000000183f3                uip_ds6_defrt_rm
                0x000000000001846c                uip_ds6_defrt_lookup
                0x00000000000184e3                uip_ds6_defrt_choose
                0x0000000000018569                uip_ds6_defrt_periodic
 .text          0x00000000000185f5      0x870 build/cooja/mtype436.a(tcpip.o)
                0x000000000001861b                tcpip_output
                0x00000000000186ca                udp_attach
                0x00000000000186ec                udp_new
                0x0000000000018746                udp_broadcast_new
                0x00000000000188e6                tcpip_input
                0x0000000000018adc                tcpip_ipv6_output
                0x0000000000018d18                tcpip_poll_udp
                0x0000000000018d48                tcpip_uipcall
 .text          0x0000000000018e65     0x1520 build/cooja/mtype436.a(uip6.o)
                0x0000000000018f1e                uip_chksum
                0x0000000000019016                uip_icmp6chksum
                0x0000000000019035                uip_udpchksum
                0x0000000000019054                uip_init
                0x00000000000190b3                uip_remove_ext_hdr
                0x00000000000191ae                uip_udp_new
                0x0000000000019527                uip_process
                0x000000000001a215                uip_htons
                0x000000000001a241                uip_htonl
                0x000000000001a28b                uip_send
 .text          0x000000000001a385      0x43e build/cooja/mtype436.a(uip-ds6-nbr.o)
                0x000000000001a385                uip_ds6_neighbors_init
                0x000000000001a3bb                uip_ds6_nbr_add
                0x000000000001a455                uip_ds6_nbr_rm
                0x000000000001a4b4                uip_ds6_nbr_update_ll
                0x000000000001a5b1                uip_ds6_nbr_get_ipaddr
                0x000000000001a5d0                uip_ds6_nbr_get_ll
                0x000000000001a5fd                uip_ds6_nbr_num
                0x000000000001a657                uip_ds6_nbr_head
                0x000000000001a681                uip_ds6_nbr_next
                0x000000000001a6ae                uip_ds6_nbr_lookup
                0x000000000001a715                uip_ds6_nbr_ll_lookup
                0x000000000001a742                uip_ds6_nbr_ipaddr_from_lladdr
                0x000000000001a775                uip_ds6_nbr_lladdr_from_ipaddr
                0x000000000001a7b3                uip_ds6_link_callback
 .text          0x000000000001a7c3      0x810 build/cooja/mtype436.a(uip-nd6.o)
                0x000000000001afa8                uip_nd6_init
 .text          0x000000000001afd3     0x33b0 build/cooja/mtype436.a(sicslowpan.o)
                0x000000000001b6d1                netstack_sniffer_add
                0x000000000001b6ea                netstack_sniffer_remove
                0x000000000001e342                sicslowpan_init
                0x000000000001e36e                sicslowpan_get_last_rssi
 .text          0x000000000001e383      0x51a build/cooja/mtype436.a(uiplib.o)
                0x000000000001e383                uiplib_ip6addrconv
                0x000000000001e549                uiplib_ip4addrconv
                0x000000000001e616                uiplib_ipaddr_print
                0x000000000001e67a                uiplib_ipaddr_snprint
 .text          0x000000000001e89d      0x610 build/cooja/mtype436.a(rpl.o)
                0x000000000001e89d                rpl_lollipop_greater_than
                0x000000000001e900                rpl_get_global_address
                0x000000000001ea36                rpl_link_callback
                0x000000000001ea99                rpl_has_joined
                0x000000000001eacf                rpl_is_reachable
                0x000000000001eb72                rpl_reset_prefix
                0x000000000001ebee                rpl_set_prefix_from_addr
                0x000000000001ed00                rpl_set_prefix
                0x000000000001ee74                rpl_set_leaf_only
                0x000000000001ee97                rpl_get_leaf_only
 .text          0x000000000001eead     0x1491 build/cooja/mtype436.a(rpl-icmp6.o)
                0x000000000001f00a                rpl_icmp6_update_nbr_table
                0x000000000001f0bc                rpl_icmp6_dis_output
                0x000000000001f6d1                rpl_icmp6_dio_output
                0x000000000001ff2a                rpl_icmp6_dao_output
                0x0000000000020257                rpl_icmp6_dao_ack_output
                0x00000000000202de                rpl_icmp6_init
 .text          0x000000000002033e      0x2e4 build/cooja/mtype436.a(rpl-dag-root.o)
                0x000000000002033e                rpl_dag_root_print_links
                0x0000000000020497                rpl_dag_root_set_prefix
                0x00000000000204d2                rpl_dag_root_start
                0x00000000000205e0                rpl_dag_root_is_root
 .text          0x0000000000020622       0x6b build/cooja/mtype436.a(watchdog.o)
                0x0000000000020622                watchdog_init
                0x0000000000020632                watchdog_start
                0x0000000000020642                watchdog_periodic
                0x000000000002066d                watchdog_stop
                0x000000000002067d                watchdog_reboot
 .text          0x000000000002068d       0x75 build/cooja/mtype436.a(int-master.o)
                0x000000000002068d                int_master_enable
                0x00000000000206a7                int_master_read_and_disable
                0x00000000000206cf                int_master_status_set
                0x00000000000206e8                int_master_is_enabled
 .text          0x0000000000020702      0x2bc build/cooja/mtype436.a(coap-timer-defa)
 .text          0x00000000000209be      0x11d build/cooja/mtype436.a(stimer.o)
                0x00000000000209be                stimer_set
                0x00000000000209ed                stimer_reset
                0x0000000000020a24                stimer_restart
                0x0000000000020a4a                stimer_expired
                0x0000000000020a86                stimer_remaining
                0x0000000000020ab2                stimer_elapsed
 .text          0x0000000000020adb      0x188 build/cooja/mtype436.a(ringbuf.o)
                0x0000000000020adb                ringbuf_init
                0x0000000000020b17                ringbuf_put
                0x0000000000020b9f                ringbuf_get
                0x0000000000020c16                ringbuf_size
                0x0000000000020c32                ringbuf_elements
 .text          0x0000000000020c63       0x31 build/cooja/mtype436.a(assert.o)
                0x0000000000020c63                _xassert
 .text          0x0000000000020c94      0xb68 build/cooja/mtype436.a(nbr-table.o)
                0x0000000000021036                nbr_table_count_entries
                0x00000000000210e3                nbr_table_gc_get_worst
                0x0000000000021123                nbr_table_can_accept_new
                0x00000000000212ac                nbr_table_entry_is_allowed
                0x000000000002134c                nbr_table_register
                0x00000000000213ca                nbr_table_is_registered
                0x000000000002140f                nbr_table_head
                0x000000000002147c                nbr_table_next
                0x00000000000214ee                nbr_table_add_lladdr
                0x000000000002163d                nbr_table_get_from_lladdr
                0x000000000002169a                nbr_table_remove
                0x00000000000216e5                nbr_table_lock
                0x000000000002170b                nbr_table_unlock
                0x0000000000021731                nbr_table_get_lladdr
                0x0000000000021767                nbr_table_clear
                0x00000000000217ac                nbr_table_key_head
                0x00000000000217d6                nbr_table_key_next
 .text          0x00000000000217fc      0x450 build/cooja/mtype436.a(link-stats.o)
                0x00000000000217fc                link_stats_from_lladdr
                0x0000000000021829                link_stats_get_lladdr
                0x0000000000021856                link_stats_is_fresh
                0x00000000000218a3                guess_etx_from_rssi
                0x0000000000021929                link_stats_packet_sent
                0x0000000000021a6d                link_stats_input_callback
                0x0000000000021ba1                link_stats_reset
                0x0000000000021c03                link_stats_init
 .text          0x0000000000021c4c      0x1a8 build/cooja/mtype436.a(mac-sequence.o)
                0x0000000000021c4c                mac_sequence_is_duplicate
                0x0000000000021d0c                mac_sequence_register_seqno
 .text          0x0000000000021df4       0x2d build/cooja/mtype436.a(mac.o)
                0x0000000000021df4                mac_call_sent_callback
 .text          0x0000000000021e21      0x477 build/cooja/mtype436.a(framer-802154.o)
                0x0000000000021fc4                framer_802154_setup_params
 .text          0x0000000000022298      0xc1a build/cooja/mtype436.a(frame802154.o)
                0x00000000000222d3                frame802154_get_pan_id
                0x00000000000222e9                frame802154_set_pan_id
                0x000000000002230e                frame802154_has_panid
                0x00000000000224c7                frame802154_check_dest_panid
                0x0000000000022559                frame802154_is_broadcast_addr
                0x00000000000225b0                frame802154_extract_linkaddr
                0x0000000000022839                frame802154_hdrlen
                0x00000000000228b6                frame802154_create_fcf
                0x0000000000022978                frame802154_create
                0x0000000000022b03                frame802154_parse_fcf
                0x0000000000022bef                frame802154_parse
 .text          0x0000000000022eb2       0x4e build/cooja/mtype436.a(csma-security.o)
                0x0000000000022eb2                csma_security_create_frame
                0x0000000000022ee3                csma_security_parse_frame
 .text          0x0000000000022f00      0x5d3 build/cooja/mtype436.a(uipbuf.o)
                0x0000000000022f00                uipbuf_clear
                0x0000000000022f37                uipbuf_add_ext_hdr
                0x0000000000022fd2                uipbuf_set_len
                0x000000000002300c                uipbuf_set_len_field
                0x0000000000023042                uipbuf_get_len_field
                0x000000000002306c                uipbuf_get_next_header
                0x00000000000231bd                uipbuf_get_last_header
                0x0000000000023240                uipbuf_search_header
                0x0000000000023304                uipbuf_get_attr
                0x0000000000023335                uipbuf_set_attr
                0x0000000000023376                uipbuf_set_default_attr
                0x00000000000233b7                uipbuf_clear_attr
                0x00000000000233f7                uipbuf_set_attr_flag
                0x0000000000023423                uipbuf_clr_attr_flag
                0x0000000000023455                uipbuf_is_attr_flag
                0x0000000000023483                uipbuf_init
 .text          0x00000000000234d3      0x8b7 build/cooja/mtype436.a(uip-icmp6.o)
                0x0000000000023558                uip_icmp6_input
                0x00000000000235b9                uip_icmp6_register_input_handler
                0x000000000002376d                uip_icmp6_error_output
                0x0000000000023aaf                uip_icmp6_send
                0x0000000000023cdd                uip_icmp6_echo_reply_callback_add
                0x0000000000023d20                uip_icmp6_echo_reply_callback_rm
                0x0000000000023d4e                uip_icmp6_init
 .text          0x0000000000023d8a      0x772 build/cooja/mtype436.a(uip-sr.o)
                0x0000000000023d8a                uip_sr_num_nodes
                0x0000000000023e36                uip_sr_get_node
                0x0000000000023e9d                uip_sr_is_addr_reachable
                0x0000000000023f5a                uip_sr_expire_parent
                0x0000000000023fad                uip_sr_update_node
                0x00000000000240f1                uip_sr_init
                0x0000000000024137                uip_sr_node_head
                0x0000000000024161                uip_sr_node_next
                0x0000000000024187                uip_sr_periodic
                0x00000000000242a3                uip_sr_free_all
                0x0000000000024328                uip_sr_link_snprint
 .text          0x00000000000244fc      0x1a5 build/cooja/mtype436.a(uip-packetqueue)
                0x000000000002453c                uip_packetqueue_new
                0x0000000000024555                uip_packetqueue_alloc
                0x00000000000245c4                uip_packetqueue_free
                0x000000000002461c                uip_packetqueue_buf
                0x0000000000024643                uip_packetqueue_buflen
                0x000000000002466e                uip_packetqueue_set_buflen
 .text          0x00000000000246a1       0x8d build/cooja/mtype436.a(rpl-nbr-policy.)
                0x00000000000246ed                rpl_nbr_gc_get_worst
 .text          0x000000000002472e      0xaad build/cooja/mtype436.a(rpl-neighbor.o)
                0x00000000000247ca                rpl_neighbor_snprint
                0x0000000000024ab2                rpl_neighbor_print_list
                0x0000000000024b85                rpl_neighbor_count
                0x0000000000024c68                rpl_neighbor_get_from_lladdr
                0x0000000000024c95                rpl_neighbor_is_acceptable_parent
                0x0000000000024cdb                rpl_neighbor_get_link_metric
                0x0000000000024d21                rpl_neighbor_rank_via_nbr
                0x0000000000024d67                rpl_neighbor_get_lladdr
                0x0000000000024d94                rpl_neighbor_get_ipaddr
                0x0000000000024dca                rpl_neighbor_get_link_stats
                0x0000000000024e00                rpl_neighbor_is_fresh
                0x0000000000024e36                rpl_neighbor_is_parent
                0x0000000000024e6d                rpl_neighbor_set_preferred_parent
                0x0000000000024f27                rpl_neighbor_remove_all
                0x0000000000024f94                rpl_neighbor_get_from_ipaddr
                0x00000000000250ce                rpl_neighbor_select_best
                0x00000000000251a9                rpl_neighbor_init
 .text          0x00000000000251db     0x11f4 build/cooja/mtype436.a(rpl-dag.o)
                0x00000000000251db                rpl_dag_state_to_str
                0x0000000000025229                rpl_dag_get_root_ipaddr
                0x0000000000025279                rpl_dag_leave
                0x000000000002532f                rpl_dag_poison_and_leave
                0x000000000002535b                rpl_dag_periodic
                0x0000000000025420                rpl_is_addr_in_our_dag
                0x000000000002547f                rpl_get_default_instance
                0x00000000000254a9                rpl_get_any_dag
                0x000000000002551f                rpl_refresh_routes
                0x0000000000025582                rpl_global_repair
                0x0000000000025653                rpl_local_repair
                0x00000000000256b8                rpl_dag_ready_to_advertise
                0x0000000000025711                rpl_dag_update_state
                0x0000000000025f8d                rpl_process_dio
                0x0000000000026028                rpl_process_dis
                0x000000000002607e                rpl_process_dao
                0x000000000002611f                rpl_process_dao_ack
                0x00000000000261db                rpl_process_hbh
                0x000000000002623b                rpl_dag_init_root
                0x000000000002639d                rpl_dag_init
 .text          0x00000000000263cf      0xd8d build/cooja/mtype436.a(rpl-timers.o)
                0x00000000000263cf                rpl_timers_schedule_periodic_dis
                0x0000000000026579                rpl_timers_dio_reset
                0x00000000000266f1                rpl_timers_schedule_unicast_dio
                0x00000000000268c4                rpl_timers_schedule_dao
                0x00000000000269ca                rpl_timers_schedule_dao_ack
                0x0000000000026a99                rpl_timers_notify_dao_ack
                0x0000000000026b1f                get_probing_delay
                0x0000000000026b64                get_probing_target
                0x0000000000026d99                rpl_schedule_probing
                0x0000000000026de5                rpl_schedule_probing_now
                0x0000000000026e7f                rpl_timers_unschedule_leaving
                0x0000000000026ed9                rpl_timers_schedule_leaving
                0x0000000000026f3e                rpl_timers_init
                0x0000000000027000                rpl_timers_stop_dag_timers
                0x00000000000270bd                rpl_timers_unschedule_state_update
                0x00000000000270f9                rpl_timers_schedule_state_update
 .text          0x000000000002715c      0xd42 build/cooja/mtype436.a(rpl-ext-header.)
                0x000000000002715c                rpl_ext_header_srh_get_next_hop
                0x0000000000027267                rpl_ext_header_srh_update
                0x0000000000027899                rpl_ext_header_hbh_update
                0x0000000000027c18                rpl_ext_header_update
                0x0000000000027cc7                rpl_ext_header_remove
 .text          0x0000000000027e9e      0x39b build/cooja/mtype436.a(rpl-mrhof.o)
 *fill*         0x0000000000028239        0x7 
 .text          0x0000000000028240      0x116 /usr/lib/gcc/i686-linux-gnu/7/libgcc.a(_udivdi3.o)
                0x0000000000028240                __udivdi3
 *fill*         0x0000000000028356        0xa 
 .text          0x0000000000028360       0x14 /usr/lib/i386-linux-gnu/libc_nonshared.a(stack_chk_fail_local.oS)
                0x0000000000028360                __stack_chk_fail_local
 .text          0x0000000000028374        0x0 /usr/lib/gcc/i686-linux-gnu/7/crtendS.o
 .text          0x0000000000028374        0x0 /usr/lib/gcc/i686-linux-gnu/7/../../../i386-linux-gnu/crtn.o
 *(.gnu.warning)

.fini           0x0000000000028374       0x14
 *(SORT_NONE(.fini))
 .fini          0x0000000000028374        0xf /usr/lib/gcc/i686-linux-gnu/7/../../../i386-linux-gnu/crti.o
                0x0000000000028374                _fini
 .fini          0x0000000000028383        0x5 /usr/lib/gcc/i686-linux-gnu/7/../../../i386-linux-gnu/crtn.o
                [!provide]                        PROVIDE (__etext = .)
                [!provide]                        PROVIDE (_etext = .)
                [!provide]                        PROVIDE (etext = .)

.rodata         0x0000000000028388      0x9bf
 *(.rodata .rodata.* .gnu.linkonce.r.*)
 .rodata        0x0000000000028388      0x104 glucose-server.o
 .rodata        0x000000000002848c        0x6 build/cooja/mtype436.a(leds-arch.o)
                0x000000000002848c                leds_arch_leds
 .rodata        0x0000000000028492        0x4 build/cooja/mtype436.a(pir-sensor.o)
 .rodata        0x0000000000028496        0x6 build/cooja/mtype436.a(rs232.o)
 .rodata        0x000000000002849c        0xa build/cooja/mtype436.a(vib-sensor.o)
 *fill*         0x00000000000284a6        0x2 
 .rodata        0x00000000000284a8       0x27 build/cooja/mtype436.a(cfs-cooja.o)
 *fill*         0x00000000000284cf        0x1 
 .rodata        0x00000000000284d0       0x68 build/cooja/mtype436.a(cooja-radio.o)
 .rodata        0x0000000000028538        0x8 build/cooja/mtype436.a(sensors.o)
 .rodata        0x0000000000028540       0x14 build/cooja/mtype436.a(buttons.o)
                0x000000000002854c                button_hal_button_count
 .rodata        0x0000000000028554       0xff build/cooja/mtype436.a(res-glucose.o)
 .rodata        0x0000000000028653       0x41 build/cooja/mtype436.a(coap-engine.o)
 .rodata        0x0000000000028694       0x19 build/cooja/mtype436.a(coap-res-well-k)
 .rodata        0x00000000000286ad       0x11 build/cooja/mtype436.a(coap-observe.o)
 .rodata        0x00000000000286be       0x35 build/cooja/mtype436.a(coap-uip.o)
 *fill*         0x00000000000286f3        0x1 
 .rodata        0x00000000000286f4      0x1ac build/cooja/mtype436.a(coap.o)
 .rodata        0x00000000000288a0       0xfc build/cooja/mtype436.a(contiki-main.o)
 .rodata        0x000000000002899c        0xf build/cooja/mtype436.a(ctimer.o)
 *fill*         0x00000000000289ab        0x1 
 .rodata        0x00000000000289ac       0xc4 build/cooja/mtype436.a(log.o)
 .rodata        0x0000000000028a70        0xc build/cooja/mtype436.a(etimer.o)
 .rodata        0x0000000000028a7c       0x13 build/cooja/mtype436.a(button-hal.o)
 .rodata        0x0000000000028a8f        0xe build/cooja/mtype436.a(serial-line.o)
 *fill*         0x0000000000028a9d        0x3 
 .rodata        0x0000000000028aa0        0x8 build/cooja/mtype436.a(linkaddr.o)
                0x0000000000028aa0                linkaddr_null
 .rodata        0x0000000000028aa8        0x5 build/cooja/mtype436.a(csma.o)
 *fill*         0x0000000000028aad        0x3 
 .rodata        0x0000000000028ab0       0x2a build/cooja/mtype436.a(csma-output.o)
 *fill*         0x0000000000028ada        0x2 
 .rodata        0x0000000000028adc       0x4d build/cooja/mtype436.a(uip-ds6-route.o)
 .rodata        0x0000000000028b29        0xd build/cooja/mtype436.a(tcpip.o)
 *fill*         0x0000000000028b36        0x2 
 .rodata        0x0000000000028b38       0x1f build/cooja/mtype436.a(sicslowpan.o)
                0x0000000000028b38                unc_llconf
                0x0000000000028b3c                unc_ctxconf
                0x0000000000028b40                unc_mxconf
                0x0000000000028b44                llprefix
 .rodata        0x0000000000028b57       0x2d build/cooja/mtype436.a(uiplib.o)
 .rodata        0x0000000000028b84        0x9 build/cooja/mtype436.a(rpl.o)
 .rodata        0x0000000000028b8d       0x13 build/cooja/mtype436.a(coap-timer-defa)
 .rodata        0x0000000000028ba0       0x25 build/cooja/mtype436.a(assert.o)
 .rodata        0x0000000000028bc5       0x44 build/cooja/mtype436.a(uip-sr.o)
 *fill*         0x0000000000028c09        0x3 
 .rodata        0x0000000000028c0c       0x58 build/cooja/mtype436.a(rpl-neighbor.o)
 .rodata        0x0000000000028c64       0xd7 build/cooja/mtype436.a(rpl-dag.o)
 .rodata        0x0000000000028d3b        0xc build/cooja/mtype436.a(rpl-timers.o)

.rodata1
 *(.rodata1)

.eh_frame_hdr   0x0000000000028d48     0x1a64
 *(.eh_frame_hdr)
 .eh_frame_hdr  0x0000000000028d48     0x1a64 glucose-server.o
                0x0000000000028d48                __GNU_EH_FRAME_HDR
 *(.eh_frame_entry .eh_frame_entry.*)

.eh_frame       0x000000000002a7ac     0x7234
 *(.eh_frame)
 .eh_frame      0x000000000002a7ac       0x3c /usr/lib/gcc/i686-linux-gnu/7/../../../i386-linux-gnu/crti.o
                                         0x40 (size before relaxing)
 .eh_frame      0x000000000002a7e8       0x14 /usr/lib/gcc/i686-linux-gnu/7/../../../i386-linux-gnu/crti.o
                                         0x2c (size before relaxing)
 .eh_frame      0x000000000002a7fc       0x6c glucose-server.o
                                         0x98 (size before relaxing)
 .eh_frame      0x000000000002a868      0x1ac build/cooja/mtype436.o
                                        0x1ec (size before relaxing)
 .eh_frame      0x000000000002aa14       0x48 build/cooja/mtype436.a(simEnvChange.o)
                                         0x74 (size before relaxing)
 .eh_frame      0x000000000002aa5c       0x6c build/cooja/mtype436.a(cooja_mt.o)
                                         0x98 (size before relaxing)
 .eh_frame      0x000000000002aac8       0x88 build/cooja/mtype436.a(cooja_mtarch.o)
                                         0xc8 (size before relaxing)
 .eh_frame      0x000000000002ab50       0xe4 build/cooja/mtype436.a(rtimer-arch.o)
                                        0x110 (size before relaxing)
 .eh_frame      0x000000000002ac34      0x160 build/cooja/mtype436.a(beep.o)
                                        0x18c (size before relaxing)
 .eh_frame      0x000000000002ad94       0x88 build/cooja/mtype436.a(leds-arch.o)
                                         0xc8 (size before relaxing)
 .eh_frame      0x000000000002ae1c       0x44 build/cooja/mtype436.a(moteid.o)
                                         0x70 (size before relaxing)
 .eh_frame      0x000000000002ae60       0xa4 build/cooja/mtype436.a(pir-sensor.o)
                                         0xe4 (size before relaxing)
 .eh_frame      0x000000000002af04      0x110 build/cooja/mtype436.a(rs232.o)
                                        0x150 (size before relaxing)
 .eh_frame      0x000000000002b014       0xa4 build/cooja/mtype436.a(vib-sensor.o)
                                         0xe4 (size before relaxing)
 .eh_frame      0x000000000002b0b8       0xc0 build/cooja/mtype436.a(clock.o)
                                         0xec (size before relaxing)
 .eh_frame      0x000000000002b178      0x130 build/cooja/mtype436.a(cooja-log.o)
                                        0x170 (size before relaxing)
 .eh_frame      0x000000000002b2a8      0x16c build/cooja/mtype436.a(cfs-cooja.o)
                                        0x1ac (size before relaxing)
 .eh_frame      0x000000000002b414      0x374 build/cooja/mtype436.a(cooja-radio.o)
                                        0x3b4 (size before relaxing)
 .eh_frame      0x000000000002b788       0xa8 build/cooja/mtype436.a(eeprom.o)
                                         0xe8 (size before relaxing)
 .eh_frame      0x000000000002b830       0x48 build/cooja/mtype436.a(random.o)
                                         0x74 (size before relaxing)
 .eh_frame      0x000000000002b878       0xd0 build/cooja/mtype436.a(sensors.o)
                                        0x110 (size before relaxing)
 .eh_frame      0x000000000002b948      0x140 build/cooja/mtype436.a(leds.o)
                                        0x180 (size before relaxing)
 .eh_frame      0x000000000002ba88      0x228 build/cooja/mtype436.a(gpio-hal-arch.o)
                                        0x27c (size before relaxing)
 .eh_frame      0x000000000002bcb0       0xa4 build/cooja/mtype436.a(buttons.o)
                                         0xe4 (size before relaxing)
 .eh_frame      0x000000000002bd54       0x74 build/cooja/mtype436.a(res-glucose.o)
                                         0xa0 (size before relaxing)
 .eh_frame      0x000000000002bdc8       0x48 build/cooja/mtype436.a(coap-blocking-a)
                                         0x88 (size before relaxing)
 .eh_frame      0x000000000002be10      0x24c build/cooja/mtype436.a(coap-engine.o)
                                        0x28c (size before relaxing)
 .eh_frame      0x000000000002c05c       0x2c build/cooja/mtype436.a(coap-res-well-k)
                                         0x58 (size before relaxing)
 .eh_frame      0x000000000002c088      0x1b4 build/cooja/mtype436.a(coap-observe.o)
                                        0x1f4 (size before relaxing)
 .eh_frame      0x000000000002c23c      0x278 build/cooja/mtype436.a(coap-uip.o)
                                        0x2b8 (size before relaxing)
 .eh_frame      0x000000000002c4b4      0x128 build/cooja/mtype436.a(coap-timer.o)
                                        0x168 (size before relaxing)
 .eh_frame      0x000000000002c5dc      0x110 build/cooja/mtype436.a(coap-transactio)
                                        0x150 (size before relaxing)
 .eh_frame      0x000000000002c6ec      0x72c build/cooja/mtype436.a(coap.o)
                                        0x76c (size before relaxing)
 .eh_frame      0x000000000002ce18       0x38 build/cooja/mtype436.a(contiki-main.o)
                                         0x64 (size before relaxing)
 .eh_frame      0x000000000002ce50       0x48 build/cooja/mtype436.a(autostart.o)
                                         0x74 (size before relaxing)
 .eh_frame      0x000000000002ce98      0x11c build/cooja/mtype436.a(ctimer.o)
                                        0x15c (size before relaxing)
 .eh_frame      0x000000000002cfb4      0x144 build/cooja/mtype436.a(log.o)
                                        0x184 (size before relaxing)
 .eh_frame      0x000000000002d0f8       0x60 build/cooja/mtype436.a(energest.o)
                                         0x8c (size before relaxing)
 .eh_frame      0x000000000002d158      0x204 build/cooja/mtype436.a(etimer.o)
                                        0x244 (size before relaxing)
 .eh_frame      0x000000000002d35c       0x20 build/cooja/mtype436.a(node-id.o)
                                         0x4c (size before relaxing)
 .eh_frame      0x000000000002d37c       0x6c build/cooja/mtype436.a(rtimer.o)
                                         0xc0 (size before relaxing)
 .eh_frame      0x000000000002d3e8      0x1ec build/cooja/mtype436.a(process.o)
                                        0x22c (size before relaxing)
 .eh_frame      0x000000000002d5d4       0xb4 build/cooja/mtype436.a(timer.o)
                                         0xe0 (size before relaxing)
 .eh_frame      0x000000000002d688      0x1a0 build/cooja/mtype436.a(list.o)
                                        0x1cc (size before relaxing)
 .eh_frame      0x000000000002d828       0xa4 build/cooja/mtype436.a(memb.o)
                                         0xe4 (size before relaxing)
 .eh_frame      0x000000000002d8cc      0x188 build/cooja/mtype436.a(button-hal.o)
                                        0x1c8 (size before relaxing)
 .eh_frame      0x000000000002da54       0x6c build/cooja/mtype436.a(serial-line.o)
                                         0x98 (size before relaxing)
 .eh_frame      0x000000000002dac0       0xfc build/cooja/mtype436.a(gpio-hal.o)
                                        0x13c (size before relaxing)
 .eh_frame      0x000000000002dbbc      0x1c0 build/cooja/mtype436.a(queuebuf.o)
                                        0x200 (size before relaxing)
 .eh_frame      0x000000000002dd7c      0x2b0 build/cooja/mtype436.a(packetbuf.o)
                                        0x2f0 (size before relaxing)
 .eh_frame      0x000000000002e02c       0x90 build/cooja/mtype436.a(netstack.o)
                                         0xd0 (size before relaxing)
 .eh_frame      0x000000000002e0bc       0x64 build/cooja/mtype436.a(linkaddr.o)
                                         0x90 (size before relaxing)
 .eh_frame      0x000000000002e120       0xf0 build/cooja/mtype436.a(csma.o)
                                        0x130 (size before relaxing)
 .eh_frame      0x000000000002e210      0x1f8 build/cooja/mtype436.a(csma-output.o)
                                        0x238 (size before relaxing)
 .eh_frame      0x000000000002e408      0x364 build/cooja/mtype436.a(uip-ds6.o)
                                        0x3a4 (size before relaxing)
 .eh_frame      0x000000000002e76c       0x44 build/cooja/mtype436.a(uip-udp-packet.)
                                         0x84 (size before relaxing)
 .eh_frame      0x000000000002e7b0      0x260 build/cooja/mtype436.a(uip-ds6-route.o)
                                        0x2a0 (size before relaxing)
 .eh_frame      0x000000000002ea10      0x270 build/cooja/mtype436.a(tcpip.o)
                                        0x2b0 (size before relaxing)
 .eh_frame      0x000000000002ec80      0x20c build/cooja/mtype436.a(uip6.o)
                                        0x24c (size before relaxing)
 .eh_frame      0x000000000002ee8c      0x1e8 build/cooja/mtype436.a(uip-ds6-nbr.o)
                                        0x228 (size before relaxing)
 .eh_frame      0x000000000002f074       0x8c build/cooja/mtype436.a(uip-nd6.o)
                                         0xe0 (size before relaxing)
 .eh_frame      0x000000000002f100      0x354 build/cooja/mtype436.a(sicslowpan.o)
                                        0x3a8 (size before relaxing)
 .eh_frame      0x000000000002f454       0x9c build/cooja/mtype436.a(uiplib.o)
                                         0xdc (size before relaxing)
 .eh_frame      0x000000000002f4f0      0x1fc build/cooja/mtype436.a(rpl.o)
                                        0x23c (size before relaxing)
 .eh_frame      0x000000000002f6ec      0x1f0 build/cooja/mtype436.a(rpl-icmp6.o)
                                        0x230 (size before relaxing)
 .eh_frame      0x000000000002f8dc       0xb0 build/cooja/mtype436.a(rpl-dag-root.o)
                                         0xf0 (size before relaxing)
 .eh_frame      0x000000000002f98c       0xa4 build/cooja/mtype436.a(watchdog.o)
                                         0xd0 (size before relaxing)
 .eh_frame      0x000000000002fa30       0x80 build/cooja/mtype436.a(int-master.o)
                                         0xac (size before relaxing)
 .eh_frame      0x000000000002fab0       0xc4 build/cooja/mtype436.a(coap-timer-defa)
                                        0x104 (size before relaxing)
 .eh_frame      0x000000000002fb74       0xd8 build/cooja/mtype436.a(stimer.o)
                                        0x104 (size before relaxing)
 .eh_frame      0x000000000002fc4c       0xa0 build/cooja/mtype436.a(ringbuf.o)
                                         0xcc (size before relaxing)
 .eh_frame      0x000000000002fcec       0x24 build/cooja/mtype436.a(assert.o)
                                         0x50 (size before relaxing)
 .eh_frame      0x000000000002fd10      0x428 build/cooja/mtype436.a(nbr-table.o)
                                        0x468 (size before relaxing)
 .eh_frame      0x0000000000030138      0x140 build/cooja/mtype436.a(link-stats.o)
                                        0x180 (size before relaxing)
 .eh_frame      0x0000000000030278       0x50 build/cooja/mtype436.a(mac-sequence.o)
                                         0x7c (size before relaxing)
 .eh_frame      0x00000000000302c8       0x20 build/cooja/mtype436.a(mac.o)
                                         0x4c (size before relaxing)
 .eh_frame      0x00000000000302e8       0xb4 build/cooja/mtype436.a(framer-802154.o)
                                         0xf4 (size before relaxing)
 .eh_frame      0x000000000003039c      0x1b0 build/cooja/mtype436.a(frame802154.o)
                                        0x1f0 (size before relaxing)
 .eh_frame      0x000000000003054c       0x44 build/cooja/mtype436.a(csma-security.o)
                                         0x84 (size before relaxing)
 .eh_frame      0x0000000000030590      0x204 build/cooja/mtype436.a(uipbuf.o)
                                        0x230 (size before relaxing)
 .eh_frame      0x0000000000030794      0x170 build/cooja/mtype436.a(uip-icmp6.o)
                                        0x1b0 (size before relaxing)
 .eh_frame      0x0000000000030904      0x1ac build/cooja/mtype436.a(uip-sr.o)
                                        0x1ec (size before relaxing)
 .eh_frame      0x0000000000030ab0       0xec build/cooja/mtype436.a(uip-packetqueue)
                                        0x12c (size before relaxing)
 .eh_frame      0x0000000000030b9c       0x48 build/cooja/mtype436.a(rpl-nbr-policy.)
                                         0x88 (size before relaxing)
 .eh_frame      0x0000000000030be4      0x2ec build/cooja/mtype436.a(rpl-neighbor.o)
                                        0x340 (size before relaxing)
 .eh_frame      0x0000000000030ed0      0x3c0 build/cooja/mtype436.a(rpl-dag.o)
                                        0x414 (size before relaxing)
 .eh_frame      0x0000000000031290      0x418 build/cooja/mtype436.a(rpl-timers.o)
                                        0x458 (size before relaxing)
 .eh_frame      0x00000000000316a8      0x144 build/cooja/mtype436.a(rpl-ext-header.)
                                        0x184 (size before relaxing)
 .eh_frame      0x00000000000317ec      0x150 build/cooja/mtype436.a(rpl-mrhof.o)
                                        0x190 (size before relaxing)
 .eh_frame      0x000000000003193c       0x84 /usr/lib/gcc/i686-linux-gnu/7/libgcc.a(_udivdi3.o)
                                         0x9c (size before relaxing)
 .eh_frame      0x00000000000319c0       0x1c /usr/lib/i386-linux-gnu/libc_nonshared.a(stack_chk_fail_local.oS)
                                         0x48 (size before relaxing)
 .eh_frame      0x00000000000319dc        0x4 /usr/lib/gcc/i686-linux-gnu/7/crtendS.o
 *(.eh_frame.*)

.gcc_except_table
 *(.gcc_except_table .gcc_except_table.*)

.gnu_extab
 *(.gnu_extab*)

.exception_ranges
 *(.exception_ranges .exception_ranges*)
                0x0000000000032bf8                . = DATA_SEGMENT_ALIGN (CONSTANT (MAXPAGESIZE), CONSTANT (COMMONPAGESIZE))

.eh_frame
 *(.eh_frame)
 *(.eh_frame.*)

.gnu_extab
 *(.gnu_extab)

.gcc_except_table
 *(.gcc_except_table .gcc_except_table.*)

.exception_ranges
 *(.exception_ranges .exception_ranges*)

.tdata
 *(.tdata .tdata.* .gnu.linkonce.td.*)

.tbss
 *(.tbss .tbss.* .gnu.linkonce.tb.*)
 *(.tcommon)

.preinit_array
 *(.preinit_array)

.init_array     0x0000000000032bf8        0x4
 *(SORT_BY_INIT_PRIORITY(.init_array.*) SORT_BY_INIT_PRIORITY(.ctors.*))
 *(.init_array EXCLUDE_FILE(*crtend?.o *crtend.o *crtbegin?.o *crtbegin.o) .ctors)
 .init_array    0x0000000000032bf8        0x4 /usr/lib/gcc/i686-linux-gnu/7/crtbeginS.o

.fini_array     0x0000000000032bfc        0x4
 *(SORT_BY_INIT_PRIORITY(.fini_array.*) SORT_BY_INIT_PRIORITY(.dtors.*))
 *(.fini_array EXCLUDE_FILE(*crtend?.o *crtend.o *crtbegin?.o *crtbegin.o) .dtors)
 .fini_array    0x0000000000032bfc        0x4 /usr/lib/gcc/i686-linux-gnu/7/crtbeginS.o

.ctors
 *crtbegin.o(.ctors)
 *crtbegin?.o(.ctors)
 *(EXCLUDE_FILE(*crtend?.o *crtend.o) .ctors)
 *(SORT_BY_NAME(.ctors.*))
 *(.ctors)

.dtors
 *crtbegin.o(.dtors)
 *crtbegin?.o(.dtors)
 *(EXCLUDE_FILE(*crtend?.o *crtend.o) .dtors)
 *(SORT_BY_NAME(.dtors.*))
 *(.dtors)

.jcr
 *(.jcr)

.data.rel.ro    0x0000000000032c00      0x198
 *(.data.rel.ro.local* .gnu.linkonce.d.rel.ro.local.*)
 .data.rel.ro.local
                0x0000000000032c00        0x8 glucose-server.o
                0x0000000000032c00                autostart_processes
 .data.rel.ro.local
                0x0000000000032c08        0x8 build/cooja/mtype436.a(beep.o)
                0x0000000000032c08                beep_interface
 .data.rel.ro.local
                0x0000000000032c10        0x8 build/cooja/mtype436.a(leds-arch.o)
                0x0000000000032c10                leds_interface
 .data.rel.ro.local
                0x0000000000032c18        0x8 build/cooja/mtype436.a(moteid.o)
                0x0000000000032c18                moteid_interface
 .data.rel.ro.local
                0x0000000000032c20       0x18 build/cooja/mtype436.a(pir-sensor.o)
                0x0000000000032c20                pir_interface
                0x0000000000032c28                pir_sensor
 .data.rel.ro.local
                0x0000000000032c38        0x8 build/cooja/mtype436.a(rs232.o)
                0x0000000000032c38                rs232_interface
 .data.rel.ro.local
                0x0000000000032c40       0x18 build/cooja/mtype436.a(vib-sensor.o)
                0x0000000000032c40                vib_interface
                0x0000000000032c48                vib_sensor
 .data.rel.ro.local
                0x0000000000032c58        0x8 build/cooja/mtype436.a(clock.o)
                0x0000000000032c58                clock_interface
 .data.rel.ro.local
                0x0000000000032c60        0x8 build/cooja/mtype436.a(cooja-log.o)
                0x0000000000032c60                simlog_interface
 .data.rel.ro.local
                0x0000000000032c68        0x8 build/cooja/mtype436.a(cfs-cooja.o)
                0x0000000000032c68                cfs_interface
 *fill*         0x0000000000032c70       0x10 
 .data.rel.ro.local
                0x0000000000032c80       0x58 build/cooja/mtype436.a(cooja-radio.o)
                0x0000000000032c80                radio_interface
                0x0000000000032ca0                cooja_radio_driver
 .data.rel.ro.local
                0x0000000000032cd8        0x8 build/cooja/mtype436.a(eeprom.o)
                0x0000000000032cd8                eeprom_interface
 .data.rel.ro.local
                0x0000000000032ce0       0x18 build/cooja/mtype436.a(buttons.o)
                0x0000000000032ce0                button_interface
                0x0000000000032ce8                button_sensor
 .data.rel.ro.local
                0x0000000000032cf8       0x1c build/cooja/mtype436.a(csma.o)
                0x0000000000032cf8                csma_driver
 .data.rel.ro.local
                0x0000000000032d14       0x10 build/cooja/mtype436.a(sicslowpan.o)
                0x0000000000032d14                sicslowpan_driver
 .data.rel.ro.local
                0x0000000000032d24        0xc build/cooja/mtype436.a(coap-timer-defa)
                0x0000000000032d24                coap_timer_default_driver
 .data.rel.ro.local
                0x0000000000032d30        0xc build/cooja/mtype436.a(framer-802154.o)
                0x0000000000032d30                framer_802154
 *(.data.rel.ro .data.rel.ro.* .gnu.linkonce.d.rel.ro.*)
 .data.rel.ro   0x0000000000032d3c        0x0 /usr/lib/gcc/i686-linux-gnu/7/../../../i386-linux-gnu/crti.o
 *fill*         0x0000000000032d3c        0x4 
 .data.rel.ro   0x0000000000032d40       0x54 build/cooja/mtype436.a(rpl.o)
                0x0000000000032d40                rpl_lite_driver
 .data.rel.ro   0x0000000000032d94        0x4 build/cooja/mtype436.a(rpl-dag.o)

.dynamic        0x0000000000032d98       0xf0
 *(.dynamic)
 .dynamic       0x0000000000032d98       0xf0 /usr/lib/gcc/i686-linux-gnu/7/../../../i386-linux-gnu/crti.o
                0x0000000000032d98                _DYNAMIC

.got            0x0000000000032e88      0x15c
 *(.got)
 .got           0x0000000000032e88      0x15c /usr/lib/gcc/i686-linux-gnu/7/../../../i386-linux-gnu/crti.o
 *(.igot)
                0x0000000000032ff4                . = DATA_SEGMENT_RELRO_END (., (SIZEOF (.got.plt) >= 0xc)?0xc:0x0)

.got.plt        0x0000000000033000      0x580
 *(.got.plt)
 .got.plt       0x0000000000033000      0x580 /usr/lib/gcc/i686-linux-gnu/7/../../../i386-linux-gnu/crti.o
                0x0000000000033000                _GLOBAL_OFFSET_TABLE_
 *(.igot.plt)

.data           0x0000000000033580      0x444
 *(.data .data.* .gnu.linkonce.d.*)
 .data          0x0000000000033580        0x0 /usr/lib/gcc/i686-linux-gnu/7/../../../i386-linux-gnu/crti.o
 .data          0x0000000000033580        0x0 /usr/lib/gcc/i686-linux-gnu/7/crtbeginS.o
 .data.rel.local
                0x0000000000033580        0x4 /usr/lib/gcc/i686-linux-gnu/7/crtbeginS.o
                0x0000000000033580                __dso_handle
 .data          0x0000000000033584        0x0 glucose-server.o
 .data.rel.local
                0x0000000000033584       0x14 glucose-server.o
                0x0000000000033584                glucose_server
                0x0000000000033594                service_url
 .data          0x0000000000033598        0x0 build/cooja/mtype436.o
 *fill*         0x0000000000033598        0x8 
 .data.rel      0x00000000000335a0       0x44 build/cooja/mtype436.o
                0x00000000000335a0                simInterfaces
                0x00000000000335d4                sensors
 .data          0x00000000000335e4        0x0 build/cooja/mtype436.a(simEnvChange.o)
 .data          0x00000000000335e4        0x0 build/cooja/mtype436.a(cooja_mt.o)
 .data          0x00000000000335e4        0x0 build/cooja/mtype436.a(cooja_mtarch.o)
 .data          0x00000000000335e4        0x0 build/cooja/mtype436.a(rtimer-arch.o)
 .data          0x00000000000335e4        0x0 build/cooja/mtype436.a(beep.o)
 .data          0x00000000000335e4        0x0 build/cooja/mtype436.a(leds-arch.o)
 .data          0x00000000000335e4        0x0 build/cooja/mtype436.a(moteid.o)
 .data          0x00000000000335e4        0x0 build/cooja/mtype436.a(pir-sensor.o)
 .data          0x00000000000335e4        0x0 build/cooja/mtype436.a(rs232.o)
 .data          0x00000000000335e4        0x0 build/cooja/mtype436.a(vib-sensor.o)
 .data          0x00000000000335e4        0x0 build/cooja/mtype436.a(clock.o)
 .data          0x00000000000335e4        0x0 build/cooja/mtype436.a(cooja-log.o)
 .data          0x00000000000335e4        0x0 build/cooja/mtype436.a(cfs-cooja.o)
 .data          0x00000000000335e4       0x20 build/cooja/mtype436.a(cooja-radio.o)
                0x00000000000335e4                simRadioHWOn
                0x00000000000335e8                simSignalStrength
                0x00000000000335ec                simLastSignalStrength
                0x00000000000335f0                simPower
                0x00000000000335f4                simRadioChannel
                0x00000000000335f8                simLQI
                0x00000000000335fc                simLastLQI
 .data.rel.local
                0x0000000000033604       0x10 build/cooja/mtype436.a(cooja-radio.o)
                0x0000000000033604                cooja_radio_process
 .data          0x0000000000033614        0x0 build/cooja/mtype436.a(eeprom.o)
 .data          0x0000000000033614        0x0 build/cooja/mtype436.a(random.o)
 .data          0x0000000000033614        0x0 build/cooja/mtype436.a(sensors.o)
 .data.rel.local
                0x0000000000033614       0x10 build/cooja/mtype436.a(sensors.o)
                0x0000000000033614                sensors_process
 .data          0x0000000000033624        0x0 build/cooja/mtype436.a(leds.o)
 .data          0x0000000000033624        0x0 build/cooja/mtype436.a(gpio-hal-arch.o)
 .data          0x0000000000033624        0x1 build/cooja/mtype436.a(buttons.o)
                0x0000000000033624                simButtonIsActive
 *fill*         0x0000000000033625       0x1b 
 .data.rel.local
                0x0000000000033640       0x58 build/cooja/mtype436.a(buttons.o)
                0x0000000000033690                button_hal_buttons
 .data          0x0000000000033698        0xc build/cooja/mtype436.a(res-glucose.o)
 *fill*         0x00000000000336a4       0x1c 
 .data.rel.local
                0x00000000000336c0       0x24 build/cooja/mtype436.a(res-glucose.o)
                0x00000000000336c0                res_glucose
 .data          0x00000000000336e4        0x0 build/cooja/mtype436.a(coap-blocking-a)
 .data          0x00000000000336e4        0x0 build/cooja/mtype436.a(coap-engine.o)
 .data.rel.local
                0x00000000000336e4        0x8 build/cooja/mtype436.a(coap-engine.o)
 .data          0x00000000000336ec        0x0 build/cooja/mtype436.a(coap-res-well-k)
 *fill*         0x00000000000336ec       0x14 
 .data.rel.local
                0x0000000000033700       0x24 build/cooja/mtype436.a(coap-res-well-k)
                0x0000000000033700                res_well_known_core
 .data          0x0000000000033724        0x0 build/cooja/mtype436.a(coap-observe.o)
 .data.rel.local
                0x0000000000033724       0x10 build/cooja/mtype436.a(coap-observe.o)
 .data          0x0000000000033734        0x0 build/cooja/mtype436.a(coap-uip.o)
 .data.rel.local
                0x0000000000033734       0x10 build/cooja/mtype436.a(coap-uip.o)
                0x0000000000033734                coap_engine
 .data          0x0000000000033744        0x0 build/cooja/mtype436.a(coap-timer.o)
 .data.rel.local
                0x0000000000033744        0x4 build/cooja/mtype436.a(coap-timer.o)
 .data          0x0000000000033748        0x0 build/cooja/mtype436.a(coap-transactio)
 .data.rel.local
                0x0000000000033748       0x10 build/cooja/mtype436.a(coap-transactio)
 .data          0x0000000000033758        0x0 build/cooja/mtype436.a(coap.o)
 .data.rel.local
                0x0000000000033758        0x4 build/cooja/mtype436.a(coap.o)
                0x0000000000033758                coap_error_message
 .data          0x000000000003375c        0x0 build/cooja/mtype436.a(contiki-main.o)
 .data          0x000000000003375c        0x0 build/cooja/mtype436.a(autostart.o)
 .data          0x000000000003375c        0x0 build/cooja/mtype436.a(ctimer.o)
 .data.rel.local
                0x000000000003375c       0x14 build/cooja/mtype436.a(ctimer.o)
                0x0000000000033760                ctimer_process
 .data          0x0000000000033770        0x4 build/cooja/mtype436.a(log.o)
                0x0000000000033770                curr_log_level_main
 *fill*         0x0000000000033774        0xc 
 .data.rel.local
                0x0000000000033780       0x9c build/cooja/mtype436.a(log.o)
                0x0000000000033780                all_modules
 .data          0x000000000003381c        0x0 build/cooja/mtype436.a(energest.o)
 .data          0x000000000003381c        0x0 build/cooja/mtype436.a(etimer.o)
 .data.rel.local
                0x000000000003381c       0x10 build/cooja/mtype436.a(etimer.o)
                0x000000000003381c                etimer_process
 .data          0x000000000003382c        0x0 build/cooja/mtype436.a(node-id.o)
 .data          0x000000000003382c        0x0 build/cooja/mtype436.a(rtimer.o)
 .data          0x000000000003382c        0x0 build/cooja/mtype436.a(process.o)
 .data          0x000000000003382c        0x0 build/cooja/mtype436.a(timer.o)
 .data          0x000000000003382c        0x0 build/cooja/mtype436.a(list.o)
 .data          0x000000000003382c        0x0 build/cooja/mtype436.a(memb.o)
 .data          0x000000000003382c        0x0 build/cooja/mtype436.a(button-hal.o)
 .data.rel.local
                0x000000000003382c       0x10 build/cooja/mtype436.a(button-hal.o)
                0x000000000003382c                button_hal_process
 .data          0x000000000003383c        0x0 build/cooja/mtype436.a(serial-line.o)
 .data.rel.local
                0x000000000003383c       0x10 build/cooja/mtype436.a(serial-line.o)
                0x000000000003383c                serial_line_process
 .data          0x000000000003384c        0x0 build/cooja/mtype436.a(gpio-hal.o)
 .data.rel.local
                0x000000000003384c        0x4 build/cooja/mtype436.a(gpio-hal.o)
 .data          0x0000000000033850        0x0 build/cooja/mtype436.a(queuebuf.o)
 .data.rel.local
                0x0000000000033850       0x18 build/cooja/mtype436.a(queuebuf.o)
 .data          0x0000000000033868        0x0 build/cooja/mtype436.a(packetbuf.o)
 .data.rel.local
                0x0000000000033868        0x4 build/cooja/mtype436.a(packetbuf.o)
 .data          0x000000000003386c        0x0 build/cooja/mtype436.a(netstack.o)
 .data.rel.local
                0x000000000003386c        0x4 build/cooja/mtype436.a(netstack.o)
 .data          0x0000000000033870        0x0 build/cooja/mtype436.a(linkaddr.o)
 .data          0x0000000000033870        0x0 build/cooja/mtype436.a(csma.o)
 .data          0x0000000000033870        0x0 build/cooja/mtype436.a(csma-output.o)
 .data.rel.local
                0x0000000000033870       0x28 build/cooja/mtype436.a(csma-output.o)
 .data          0x0000000000033898        0x0 build/cooja/mtype436.a(uip-ds6.o)
 .data          0x0000000000033898        0x0 build/cooja/mtype436.a(uip-udp-packet.)
 .data          0x0000000000033898        0x0 build/cooja/mtype436.a(uip-ds6-route.o)
 .data.rel.local
                0x0000000000033898       0x10 build/cooja/mtype436.a(uip-ds6-route.o)
 .data          0x00000000000338a8        0x0 build/cooja/mtype436.a(tcpip.o)
 .data.rel.local
                0x00000000000338a8       0x10 build/cooja/mtype436.a(tcpip.o)
                0x00000000000338a8                tcpip_process
 .data          0x00000000000338b8        0x0 build/cooja/mtype436.a(uip6.o)
 .data          0x00000000000338b8        0x0 build/cooja/mtype436.a(uip-ds6-nbr.o)
 .data.rel.local
                0x00000000000338b8       0x14 build/cooja/mtype436.a(uip-ds6-nbr.o)
 .data          0x00000000000338cc        0x0 build/cooja/mtype436.a(uip-nd6.o)
 .data.rel.local
                0x00000000000338cc        0xc build/cooja/mtype436.a(uip-nd6.o)
 .data          0x00000000000338d8        0x0 build/cooja/mtype436.a(sicslowpan.o)
 .data          0x00000000000338d8        0x0 build/cooja/mtype436.a(uiplib.o)
 .data          0x00000000000338d8        0x0 build/cooja/mtype436.a(rpl.o)
 .data          0x00000000000338d8        0x0 build/cooja/mtype436.a(rpl-icmp6.o)
 .data.rel.local
                0x00000000000338d8       0x30 build/cooja/mtype436.a(rpl-icmp6.o)
 .data          0x0000000000033908        0x0 build/cooja/mtype436.a(rpl-dag-root.o)
 .data          0x0000000000033908        0x0 build/cooja/mtype436.a(watchdog.o)
 .data          0x0000000000033908        0x0 build/cooja/mtype436.a(int-master.o)
 .data          0x0000000000033908        0x0 build/cooja/mtype436.a(coap-timer-defa)
 .data.rel.local
                0x0000000000033908       0x10 build/cooja/mtype436.a(coap-timer-defa)
                0x0000000000033908                coap_timer_process
 .data          0x0000000000033918        0x0 build/cooja/mtype436.a(stimer.o)
 .data          0x0000000000033918        0x0 build/cooja/mtype436.a(ringbuf.o)
 .data          0x0000000000033918        0x0 build/cooja/mtype436.a(assert.o)
 .data          0x0000000000033918        0x0 build/cooja/mtype436.a(nbr-table.o)
 .data.rel.local
                0x0000000000033918       0x10 build/cooja/mtype436.a(nbr-table.o)
 .data          0x0000000000033928        0x0 build/cooja/mtype436.a(link-stats.o)
 .data.rel.local
                0x0000000000033928       0x14 build/cooja/mtype436.a(link-stats.o)
 .data          0x000000000003393c        0x0 build/cooja/mtype436.a(mac-sequence.o)
 .data          0x000000000003393c        0x0 build/cooja/mtype436.a(mac.o)
 .data          0x000000000003393c        0x0 build/cooja/mtype436.a(framer-802154.o)
 .data          0x000000000003393c        0x2 build/cooja/mtype436.a(frame802154.o)
 .data          0x000000000003393e        0x0 build/cooja/mtype436.a(csma-security.o)
 .data          0x000000000003393e        0x0 build/cooja/mtype436.a(uipbuf.o)
 .data          0x000000000003393e        0x0 build/cooja/mtype436.a(uip-icmp6.o)
 *fill*         0x000000000003393e        0x2 
 .data.rel.local
                0x0000000000033940       0x20 build/cooja/mtype436.a(uip-icmp6.o)
 .data          0x0000000000033960        0x0 build/cooja/mtype436.a(uip-sr.o)
 .data.rel.local
                0x0000000000033960       0x10 build/cooja/mtype436.a(uip-sr.o)
 .data          0x0000000000033970        0x0 build/cooja/mtype436.a(uip-packetqueue)
 .data.rel.local
                0x0000000000033970        0xc build/cooja/mtype436.a(uip-packetqueue)
 .data          0x000000000003397c        0x0 build/cooja/mtype436.a(rpl-nbr-policy.)
 .data          0x000000000003397c        0x0 build/cooja/mtype436.a(rpl-neighbor.o)
 .data.rel.local
                0x000000000003397c       0x14 build/cooja/mtype436.a(rpl-neighbor.o)
                0x000000000003398c                rpl_neighbors
 .data          0x0000000000033990        0x0 build/cooja/mtype436.a(rpl-dag.o)
 .data          0x0000000000033990        0x0 build/cooja/mtype436.a(rpl-timers.o)
 .data          0x0000000000033990        0x0 build/cooja/mtype436.a(rpl-ext-header.)
 .data          0x0000000000033990        0x0 build/cooja/mtype436.a(rpl-mrhof.o)
 *fill*         0x0000000000033990       0x10 
 .data.rel.local
                0x00000000000339a0       0x24 build/cooja/mtype436.a(rpl-mrhof.o)
                0x00000000000339a0                rpl_mrhof
 .data          0x00000000000339c4        0x0 /usr/lib/gcc/i686-linux-gnu/7/libgcc.a(_udivdi3.o)
 .data          0x00000000000339c4        0x0 /usr/lib/i386-linux-gnu/libc_nonshared.a(stack_chk_fail_local.oS)
 .data          0x00000000000339c4        0x0 /usr/lib/gcc/i686-linux-gnu/7/crtendS.o
 .data          0x00000000000339c4        0x0 /usr/lib/gcc/i686-linux-gnu/7/../../../i386-linux-gnu/crtn.o

.tm_clone_table
                0x00000000000339c4        0x0
 .tm_clone_table
                0x00000000000339c4        0x0 /usr/lib/gcc/i686-linux-gnu/7/crtbeginS.o
 .tm_clone_table
                0x00000000000339c4        0x0 /usr/lib/gcc/i686-linux-gnu/7/crtendS.o

.data1
 *(.data1)
                0x00000000000339c4                _edata = .
                [!provide]                        PROVIDE (edata = .)
                0x00000000000339c4                . = .
                0x00000000000339c4                __bss_start = .

.bss            0x00000000000339e0    0x13f24
 *(.dynbss)
 .dynbss        0x00000000000339e0        0x0 /usr/lib/gcc/i686-linux-gnu/7/../../../i386-linux-gnu/crti.o
 *(.bss .bss.* .gnu.linkonce.b.*)
 .bss           0x00000000000339e0        0x0 /usr/lib/gcc/i686-linux-gnu/7/../../../i386-linux-gnu/crti.o
 .bss           0x00000000000339e0        0x1 /usr/lib/gcc/i686-linux-gnu/7/crtbeginS.o
 *fill*         0x00000000000339e1       0x1f 
 .bss           0x0000000000033a00      0x14c glucose-server.o
 *fill*         0x0000000000033b4c       0x14 
 .bss           0x0000000000033b60     0x2040 build/cooja/mtype436.o
 .bss           0x0000000000035ba0        0x1 build/cooja/mtype436.a(simEnvChange.o)
                0x0000000000035ba0                simDontFallAsleep
 *fill*         0x0000000000035ba1        0x3 
 .bss           0x0000000000035ba4        0x4 build/cooja/mtype436.a(cooja_mt.o)
 .bss           0x0000000000035ba8        0x4 build/cooja/mtype436.a(cooja_mtarch.o)
 .bss           0x0000000000035bac        0x0 build/cooja/mtype436.a(rtimer-arch.o)
 .bss           0x0000000000035bac        0x0 build/cooja/mtype436.a(beep.o)
 .bss           0x0000000000035bac        0x1 build/cooja/mtype436.a(leds-arch.o)
                0x0000000000035bac                simLedsValue
 .bss           0x0000000000035bad        0x0 build/cooja/mtype436.a(moteid.o)
 .bss           0x0000000000035bad        0x1 build/cooja/mtype436.a(pir-sensor.o)
                0x0000000000035bad                simPirValue
 *fill*         0x0000000000035bae        0x2 
 .bss           0x0000000000035bb0        0x4 build/cooja/mtype436.a(rs232.o)